[Licensing::Module] Trying to connect to existing licensing client channel...
Built from '6000.2/respin/6000.2.8f1-e4064264ae96' branch; Version is '6000.2.8f1 (c9992ac36c34) revision 13211946'; Using compiler version '194234433'; Build Type 'Release'
[Licensing::IpcConnector] Successfully connected to: "LicenseClient-HOME" at "2025-12-14T11:10:42.5327326Z"
OS: 'Windows 11  (10.0.26100) 64bit Professional' Language: 'ru' Physical Memory: 16116 MB
BatchMode: 1, IsHumanControllingUs: 0, StartBugReporterOnCrash: 0, Is64bit: 1
Date: 2025-12-14T11:10:42Z

COMMAND LINE ARGUMENTS:
C:\Program Files\Unity\Hub\Editor\6000.2.8f1\Editor\Unity.exe
-adb2
-batchMode
-noUpm
-name
AssetImportWorker13
-projectPath
C:/Users/HOME/Documents/GitHub/Project1/Valdhés su Villa
-logFile
Logs/AssetImportWorker13.log
-srvPort
55375
-licensingIpc
LicenseClient-HOME
-job-worker-count
5
-background-job-worker-count
8
-gc-helper-count
1
-name
AssetImport
Successfully changed project path to: C:/Users/HOME/Documents/GitHub/Project1/Valdhés su Villa
C:/Users/HOME/Documents/GitHub/Project1/Valdhés su Villa
[UnityMemory] Configuration Parameters - Can be set up in boot.config
    "memorysetup-allocator-temp-initial-block-size-main=262144"
    "memorysetup-allocator-temp-initial-block-size-worker=262144"
    "memorysetup-bucket-allocator-granularity=16"
    "memorysetup-bucket-allocator-bucket-count=8"
    "memorysetup-bucket-allocator-block-size=33554432"
    "memorysetup-bucket-allocator-block-count=8"
    "memorysetup-main-allocator-block-size=16777216"
    "memorysetup-thread-allocator-block-size=16777216"
    "memorysetup-gfx-main-allocator-block-size=16777216"
    "memorysetup-gfx-thread-allocator-block-size=16777216"
    "memorysetup-cache-allocator-block-size=4194304"
    "memorysetup-typetree-allocator-block-size=2097152"
    "memorysetup-profiler-bucket-allocator-granularity=16"
    "memorysetup-profiler-bucket-allocator-bucket-count=8"
    "memorysetup-profiler-bucket-allocator-block-size=33554432"
    "memorysetup-profiler-bucket-allocator-block-count=8"
    "memorysetup-profiler-allocator-block-size=16777216"
    "memorysetup-profiler-editor-allocator-block-size=1048576"
    "memorysetup-temp-allocator-size-main=16777216"
    "memorysetup-job-temp-allocator-block-size=2097152"
    "memorysetup-job-temp-allocator-block-size-background=1048576"
    "memorysetup-job-temp-allocator-reduction-small-platforms=262144"
    "memorysetup-temp-allocator-size-background-worker=32768"
    "memorysetup-temp-allocator-size-job-worker=262144"
    "memorysetup-temp-allocator-size-preload-manager=33554432"
    "memorysetup-temp-allocator-size-nav-mesh-worker=65536"
    "memorysetup-temp-allocator-size-audio-worker=65536"
    "memorysetup-temp-allocator-size-cloud-worker=32768"
    "memorysetup-temp-allocator-size-gi-baking-worker=262144"
    "memorysetup-temp-allocator-size-gi-baking-worker=262144"
    "memorysetup-temp-allocator-size-gi-baking-worker=262144"
    "memorysetup-temp-allocator-size-gi-baking-worker=262144"
    "memorysetup-temp-allocator-size-gi-baking-worker=262144"
    "memorysetup-temp-allocator-size-gfx=262144"
Player connection [24812]  Target information:

Player connection [24812]  * "[IP] 192.168.0.65 [Port] 0 [Flags] 2 [Guid] 891918589 [EditorId] 891918589 [Version] 1048832 [Id] WindowsEditor(7,DESKTOP-MOMKQ24) [Debug] 1 [PackageName] WindowsEditor [ProjectName] Editor" 

Player connection [24812] Host joined multi-casting on [225.0.0.222:54997]...
Player connection [24812] Host joined alternative multi-casting on [225.0.0.222:34997]...
JobSystem: Creating JobQueue using job-worker-count value 5
Input System module state changed to: Initialized.
[Physics::Module] Initialized fallback backend.
[Physics::Module] Id: 0xdecafbad
[Licensing::Client] Code 10 while verifying Licensing Client signature (process Id: 2024, path: "C:/юнити/Unity Hub/UnityLicensingClient_V1/Unity.Licensing.Client.exe")
[Licensing::Module] LicensingClient has failed validation; ignoring
[Licensing::Client] Handshaking with LicensingClient:
  Version:                 1.17.3+a4e98f1
  Session Id:              b6b8acb4f0ec43dfab326edb43634cea
  Correlation Id:          0a1fab51d25f0c83ef44513c723fc9eb
  External correlation Id: 3598137332782592216
  Machine Id:              p2zqx2RjvcmlaFMCS3B3Azs/qVA=
[Licensing::Module] Successfully connected to LicensingClient on channel: "LicenseClient-HOME" (connect: 0.00s, validation: 0.00s, handshake: 0.33s)
[Licensing::IpcConnector] Successfully connected to: "LicenseClient-HOME-notifications" at "2025-12-14T11:10:42.8703852Z"
[Licensing::Module] Licensing Background thread has ended after 0.34s
Library Redirect Path: Library/
[Physics::Module] Selected backend.
[Physics::Module] Name: PhysX
[Physics::Module] Id: 0xf2b8ea05
[Physics::Module] SDK Version: 4.1.2
[Physics::Module] Integration Version: 1.0.0
[Physics::Module] Threading Mode: Multi-Threaded
Refreshing native plugins compatible for Editor in 0.35 ms, found 0 plugins.
Preloading 0 native plugins for Editor in 0.00 ms.
Initialize engine version: 6000.2.8f1 (c9992ac36c34)
[Subsystems] Discovering subsystems at path C:/Program Files/Unity/Hub/Editor/6000.2.8f1/Editor/Data/Resources/UnitySubsystems
[Subsystems] Discovering subsystems at path C:/Users/HOME/Documents/GitHub/Project1/Valdhés su Villa/Assets
GfxDevice: creating device client; kGfxThreadingModeNonThreaded
Direct3D:
    Version:  Direct3D 11.0 [level 11.1]
    Renderer: NVIDIA GeForce RTX 4050 Laptop GPU (ID=0x28a1)
    Vendor:   NVIDIA
    VRAM:     5921 MB
    Driver:   32.0.15.7283
Initialize mono
Mono path[0] = 'C:/Program Files/Unity/Hub/Editor/6000.2.8f1/Editor/Data/Managed'
Mono path[1] = 'C:/Program Files/Unity/Hub/Editor/6000.2.8f1/Editor/Data/MonoBleedingEdge/lib/mono/unityjit-win32'
Mono config path = 'C:/Program Files/Unity/Hub/Editor/6000.2.8f1/Editor/Data/MonoBleedingEdge/etc'
Using monoOptions --debugger-agent=transport=dt_socket,embedding=1,server=y,suspend=n,address=127.0.0.1:56956
Begin MonoManager ReloadAssembly
Registering precompiled unity dll's ...
Register platform support module: C:/Program Files/Unity/Hub/Editor/6000.2.8f1/Editor/Data/PlaybackEngines/WindowsStandaloneSupport/UnityEditor.WindowsStandalone.Extensions.dll
Registered in 0.451324 seconds.
- Loaded All Assemblies, in 33.460 seconds
Native extension for WindowsStandalone target not found
Mono: successfully reloaded assembly
- Finished resetting the current domain, in  0.355 seconds
Domain Reload Profiling: 33814ms
	BeginReloadAssembly (28001ms)
		ExecutionOrderSort (0ms)
		DisableScriptedObjects (0ms)
		BackupInstance (0ms)
		ReleaseScriptingObjects (0ms)
		CreateAndSetChildDomain (1ms)
	RebuildCommonClasses (1639ms)
	RebuildNativeTypeToScriptingClass (8ms)
	initialDomainReloadingComplete (504ms)
	LoadAllAssembliesAndSetupDomain (3306ms)
		LoadAssemblies (27999ms)
		RebuildTransferFunctionScriptingTraits (0ms)
		AnalyzeDomain (3304ms)
			TypeCache.Refresh (3301ms)
				TypeCache.ScanAssembly (2264ms)
			BuildScriptInfoCaches (0ms)
			ResolveRequiredComponents (1ms)
	FinalizeReload (355ms)
		ReleaseScriptCaches (0ms)
		RebuildScriptCaches (0ms)
		SetupLoadedEditorAssemblies (309ms)
			LogAssemblyErrors (0ms)
			InitializePlatformSupportModulesInManaged (45ms)
			SetLoadedEditorAssemblies (3ms)
			BeforeProcessingInitializeOnLoad (55ms)
			ProcessInitializeOnLoadAttributes (127ms)
			ProcessInitializeOnLoadMethodAttributes (78ms)
			AfterProcessingInitializeOnLoad (0ms)
			EditorAssembliesLoaded (0ms)
		ExecutionOrderSort2 (0ms)
		AwakeInstancesAfterBackupRestoration (0ms)
========================================================================
Worker process is ready to serve import requests
Import Worker Mode flag is 0x00
Begin MonoManager ReloadAssembly
[Licensing::Client] Successfully resolved entitlement details
[Licensing::Module] License group:
  Id: 10171542316351-UnityPersXXXX
  Product: Unity Personal
  Type: Assigned
  Expiration: Unlimited
- Loaded All Assemblies, in  0.202 seconds
Refreshing native plugins compatible for Editor in 0.43 ms, found 0 plugins.
Native extension for WindowsStandalone target not found
Mono: successfully reloaded assembly
- Finished resetting the current domain, in  0.328 seconds
Domain Reload Profiling: 529ms
	BeginReloadAssembly (141ms)
		ExecutionOrderSort (0ms)
		DisableScriptedObjects (5ms)
		BackupInstance (0ms)
		ReleaseScriptingObjects (0ms)
		CreateAndSetChildDomain (24ms)
	RebuildCommonClasses (27ms)
	RebuildNativeTypeToScriptingClass (10ms)
	initialDomainReloadingComplete (15ms)
	LoadAllAssembliesAndSetupDomain (7ms)
		LoadAssemblies (80ms)
		RebuildTransferFunctionScriptingTraits (0ms)
		AnalyzeDomain (5ms)
			TypeCache.Refresh (3ms)
				TypeCache.ScanAssembly (0ms)
			BuildScriptInfoCaches (0ms)
			ResolveRequiredComponents (0ms)
	FinalizeReload (328ms)
		ReleaseScriptCaches (0ms)
		RebuildScriptCaches (0ms)
		SetupLoadedEditorAssemblies (231ms)
			LogAssemblyErrors (0ms)
			InitializePlatformSupportModulesInManaged (2ms)
			SetLoadedEditorAssemblies (3ms)
			BeforeProcessingInitializeOnLoad (103ms)
			ProcessInitializeOnLoadAttributes (100ms)
			ProcessInitializeOnLoadMethodAttributes (19ms)
			AfterProcessingInitializeOnLoad (4ms)
			EditorAssembliesLoaded (0ms)
		ExecutionOrderSort2 (0ms)
		AwakeInstancesAfterBackupRestoration (6ms)
WARNING: Shader Unsupported: 'Hidden/Universal Render Pipeline/Terrain/Lit (Base Pass)' - All subshaders removed
WARNING: Shader Did you use #pragma only_renderers and omit this platform?
WARNING: Shader If subshaders removal was intentional, you may have forgotten turning Fallback off?
WARNING: Shader Unsupported: 'Hidden/Universal Render Pipeline/Terrain/Lit (Base Pass)' - All subshaders removed
WARNING: Shader Did you use #pragma only_renderers and omit this platform?
WARNING: Shader If subshaders removal was intentional, you may have forgotten turning Fallback off?
WARNING: Shader Unsupported: 'Universal Render Pipeline/Terrain/Lit' - All subshaders removed
WARNING: Shader Did you use #pragma only_renderers and omit this platform?
WARNING: Shader If subshaders removal was intentional, you may have forgotten turning Fallback off?
WARNING: Shader Unsupported: 'Universal Render Pipeline/Terrain/Lit' - All subshaders removed
WARNING: Shader Did you use #pragma only_renderers and omit this platform?
WARNING: Shader If subshaders removal was intentional, you may have forgotten turning Fallback off?
Launched and connected shader compiler UnityShaderCompiler.exe after 0.11 seconds
Refreshing native plugins compatible for Editor in 0.27 ms, found 0 plugins.
Preloading 0 native plugins for Editor in 0.00 ms.
Unloading 34 Unused Serialized files (Serialized files now loaded: 0)
Unloading 6116 unused Assets / (6.3 MB). Loaded Objects now: 6722.
Memory consumption went from 121.3 MB to 115.0 MB.
Total: 7.323300 ms (FindLiveObjects: 0.492900 ms CreateObjectMapping: 0.415000 ms MarkObjects: 3.981700 ms  DeleteObjects: 2.431700 ms)

========================================================================
Received Import Request.
  Time since last request: 11976.724935 seconds.
  path: Assets/Materials/Material_SandWavey.mat
  artifactKey: Guid(c6becab13816f0f43859fdcd21c5ba66) Importer(815301076,1909f56bfc062723c751e8b465ee728b)
Start importing Assets/Materials/Material_SandWavey.mat using Guid(c6becab13816f0f43859fdcd21c5ba66) Importer(815301076,1909f56bfc062723c751e8b465ee728b) (PreviewImporter) -> (artifact id: '938571c00a199140cc7599e6c8e02ec9') in 0.2093466 seconds
Number of updated asset objects reloaded before import = 0Number of asset objects unloaded after import = 3

========================================================================
Received Import Request.
  Time since last request: 5.852942 seconds.
  path: Assets/Часы/2/Materials/N_b4417931670847a5acc9a2dab5b7a770_jewelrystands_leather_Mat_Normal.mat
  artifactKey: Guid(29ab7b7329d5b8645b99557d84baab12) Importer(815301076,1909f56bfc062723c751e8b465ee728b)
Start importing Assets/Часы/2/Materials/N_b4417931670847a5acc9a2dab5b7a770_jewelrystands_leather_Mat_Normal.mat using Guid(29ab7b7329d5b8645b99557d84baab12) Importer(815301076,1909f56bfc062723c751e8b465ee728b) (PreviewImporter) -> (artifact id: '140b7fed90d22c84e167b004fd4756bf') in 0.0559194 seconds
Number of updated asset objects reloaded before import = 0Number of asset objects unloaded after import = 2

========================================================================
Received Import Request.
  Time since last request: 0.000024 seconds.
  path: Assets/Scenes/Materials/New Material 4.mat
  artifactKey: Guid(611c760a074928f40a9f7623d9e52fb8) Importer(815301076,1909f56bfc062723c751e8b465ee728b)
Start importing Assets/Scenes/Materials/New Material 4.mat using Guid(611c760a074928f40a9f7623d9e52fb8) Importer(815301076,1909f56bfc062723c751e8b465ee728b) (PreviewImporter) -> (artifact id: '1d8060fcc60d75f236e45a0aef6e772e') in 0.0223311 seconds
Number of updated asset objects reloaded before import = 0Number of asset objects unloaded after import = 1

========================================================================
Received Import Request.
  Time since last request: 0.000056 seconds.
  path: Assets/Scenes/Materials/New Material 2.mat
  artifactKey: Guid(5153901d5d3a4c94eac9feb5877c0c7c) Importer(815301076,1909f56bfc062723c751e8b465ee728b)
Start importing Assets/Scenes/Materials/New Material 2.mat using Guid(5153901d5d3a4c94eac9feb5877c0c7c) Importer(815301076,1909f56bfc062723c751e8b465ee728b) (PreviewImporter) -> (artifact id: 'a2195c248335d26f46b8773fe22ab7c0') in 0.0252951 seconds
Number of updated asset objects reloaded before import = 0Number of asset objects unloaded after import = 1

========================================================================
Received Import Request.
  Time since last request: 0.000145 seconds.
  path: Assets/Scenes/Materials/New Material 8.mat
  artifactKey: Guid(b6dbe12a9c714954b88ed59e43565afe) Importer(815301076,1909f56bfc062723c751e8b465ee728b)
Start importing Assets/Scenes/Materials/New Material 8.mat using Guid(b6dbe12a9c714954b88ed59e43565afe) Importer(815301076,1909f56bfc062723c751e8b465ee728b) (PreviewImporter) -> (artifact id: '4d8b5f4d7a5cc0c21df5110c64c4fd85') in 0.0254539 seconds
Number of updated asset objects reloaded before import = 0Number of asset objects unloaded after import = 1

========================================================================
Received Import Request.
  Time since last request: 0.000021 seconds.
  path: Assets/Scenes/Materials/New Material 12.mat
  artifactKey: Guid(b8928e34e6a63094fa361d0777c393bd) Importer(815301076,1909f56bfc062723c751e8b465ee728b)
Start importing Assets/Scenes/Materials/New Material 12.mat using Guid(b8928e34e6a63094fa361d0777c393bd) Importer(815301076,1909f56bfc062723c751e8b465ee728b) (PreviewImporter) -> (artifact id: 'e97ba96771649fb5f59eb27a2b7417d5') in 0.0261136 seconds
Number of updated asset objects reloaded before import = 0Number of asset objects unloaded after import = 1

========================================================================
Received Import Request.
  Time since last request: 0.000186 seconds.
  path: Assets/Scenes/Materials/New Material 11.mat
  artifactKey: Guid(f6dce69d663ebcf4eb72060b7d58a4c0) Importer(815301076,1909f56bfc062723c751e8b465ee728b)
Start importing Assets/Scenes/Materials/New Material 11.mat using Guid(f6dce69d663ebcf4eb72060b7d58a4c0) Importer(815301076,1909f56bfc062723c751e8b465ee728b) (PreviewImporter) -> (artifact id: 'da7c2999fdf4fa2563468480aadc8803') in 0.022947 seconds
Number of updated asset objects reloaded before import = 0Number of asset objects unloaded after import = 1

========================================================================
Received Import Request.
  Time since last request: 0.000020 seconds.
  path: Assets/Scenes/Materials/New Material 5.mat
  artifactKey: Guid(4c659cd53d8dd28499a2fc1af75c6cb5) Importer(815301076,1909f56bfc062723c751e8b465ee728b)
Start importing Assets/Scenes/Materials/New Material 5.mat using Guid(4c659cd53d8dd28499a2fc1af75c6cb5) Importer(815301076,1909f56bfc062723c751e8b465ee728b) (PreviewImporter) -> (artifact id: '967a47d3a787ba2acb64332d19834c5a') in 0.0233799 seconds
Number of updated asset objects reloaded before import = 0Number of asset objects unloaded after import = 1

========================================================================
Received Import Request.
  Time since last request: 0.000020 seconds.
  path: Assets/Scenes/Materials/New Material 3.mat
  artifactKey: Guid(ebf2d985c473cc040b361ba132e7f111) Importer(815301076,1909f56bfc062723c751e8b465ee728b)
Start importing Assets/Scenes/Materials/New Material 3.mat using Guid(ebf2d985c473cc040b361ba132e7f111) Importer(815301076,1909f56bfc062723c751e8b465ee728b) (PreviewImporter) -> (artifact id: '600afcf6d57be90be9dbb576351dfc71') in 0.0251359 seconds
Number of updated asset objects reloaded before import = 0Number of asset objects unloaded after import = 1

========================================================================
Received Import Request.
  Time since last request: 4.103761 seconds.
  path: Assets/Pegasus Studios/Elegant Interior Decor 3D Models Pack/Resources/Materials/Ornate Door frame.mat
  artifactKey: Guid(d116f31c5c1ed2e4485e067ae8d37d90) Importer(815301076,1909f56bfc062723c751e8b465ee728b)
Start importing Assets/Pegasus Studios/Elegant Interior Decor 3D Models Pack/Resources/Materials/Ornate Door frame.mat using Guid(d116f31c5c1ed2e4485e067ae8d37d90) Importer(815301076,1909f56bfc062723c751e8b465ee728b) (PreviewImporter) -> (artifact id: 'a7f5deeadc652a24ba5990b4a9d444b6') in 0.0718625 seconds
Number of updated asset objects reloaded before import = 0Number of asset objects unloaded after import = 2

========================================================================
Received Import Request.
  Time since last request: 0.004438 seconds.
  path: Assets/3Dfrk/Frames with pictures/Materials/Paint_5.mat
  artifactKey: Guid(f86970353cb96a843b0d0a20bb53adbd) Importer(815301076,1909f56bfc062723c751e8b465ee728b)
Start importing Assets/3Dfrk/Frames with pictures/Materials/Paint_5.mat using Guid(f86970353cb96a843b0d0a20bb53adbd) Importer(815301076,1909f56bfc062723c751e8b465ee728b) (PreviewImporter) -> (artifact id: 'e1009c9e7c6131a81d94a473dd93b423') in 0.0429691 seconds
Number of updated asset objects reloaded before import = 0Number of asset objects unloaded after import = 2

========================================================================
Received Import Request.
  Time since last request: 0.002163 seconds.
  path: Assets/3Dfrk/Frames with pictures/Materials/Paint_9.mat
  artifactKey: Guid(9e02967829037794c87ae173efc25338) Importer(815301076,1909f56bfc062723c751e8b465ee728b)
Start importing Assets/3Dfrk/Frames with pictures/Materials/Paint_9.mat using Guid(9e02967829037794c87ae173efc25338) Importer(815301076,1909f56bfc062723c751e8b465ee728b) (PreviewImporter) -> (artifact id: 'de0fdcd8ee824e14b1fdd0b7dd43d76e') in 0.0417032 seconds
Number of updated asset objects reloaded before import = 0Number of asset objects unloaded after import = 2

========================================================================
Received Import Request.
  Time since last request: 0.000029 seconds.
  path: Assets/UnityTechnologies/Basic Asset Pack Interior/Materials/PatternSpotGreenBig.mat
  artifactKey: Guid(11ec10ab08ff11a40a2ed07f256a01a5) Importer(815301076,1909f56bfc062723c751e8b465ee728b)
Start importing Assets/UnityTechnologies/Basic Asset Pack Interior/Materials/PatternSpotGreenBig.mat using Guid(11ec10ab08ff11a40a2ed07f256a01a5) Importer(815301076,1909f56bfc062723c751e8b465ee728b) (PreviewImporter) -> (artifact id: '09d10be09dfd2677a7feb83728795468') in 0.0532799 seconds
Number of updated asset objects reloaded before import = 0Number of asset objects unloaded after import = 2

========================================================================
Received Import Request.
  Time since last request: 0.880027 seconds.
  path: Assets/UnityTechnologies/Basic Asset Pack Interior/Materials/PatternSpotGreenSmall.mat
  artifactKey: Guid(a4ce96baccb03d24e8484ae0d02b6c3f) Importer(815301076,1909f56bfc062723c751e8b465ee728b)
Start importing Assets/UnityTechnologies/Basic Asset Pack Interior/Materials/PatternSpotGreenSmall.mat using Guid(a4ce96baccb03d24e8484ae0d02b6c3f) Importer(815301076,1909f56bfc062723c751e8b465ee728b) (PreviewImporter) -> (artifact id: 'd979e8d13968d4f265e203ec8991d873') in 0.0470624 seconds
Number of updated asset objects reloaded before import = 0Number of asset objects unloaded after import = 2

========================================================================
Received Import Request.
  Time since last request: 0.000017 seconds.
  path: Assets/UnityTechnologies/Basic Asset Pack Interior/Materials/PatternStripeGreen.mat
  artifactKey: Guid(f22528325483e2746a2c633d7a2ae22c) Importer(815301076,1909f56bfc062723c751e8b465ee728b)
Start importing Assets/UnityTechnologies/Basic Asset Pack Interior/Materials/PatternStripeGreen.mat using Guid(f22528325483e2746a2c633d7a2ae22c) Importer(815301076,1909f56bfc062723c751e8b465ee728b) (PreviewImporter) -> (artifact id: '64b1781e217fc5c6692799958781d9f8') in 0.0486898 seconds
Number of updated asset objects reloaded before import = 0Number of asset objects unloaded after import = 2

========================================================================
Received Import Request.
  Time since last request: 0.000107 seconds.
  path: Assets/Часы/4/Materials/R_463bab5917004cc086bdf5dff28f8ffa_ShowcaseRoughness-channels-G.mat
  artifactKey: Guid(bc1de93b4e5a9fa468eb3faf03c0c78e) Importer(815301076,1909f56bfc062723c751e8b465ee728b)
Start importing Assets/Часы/4/Materials/R_463bab5917004cc086bdf5dff28f8ffa_ShowcaseRoughness-channels-G.mat using Guid(bc1de93b4e5a9fa468eb3faf03c0c78e) Importer(815301076,1909f56bfc062723c751e8b465ee728b) (PreviewImporter) -> (artifact id: '028adb17dc670d179fca9e96489cdfb4') in 0.0285903 seconds
Number of updated asset objects reloaded before import = 0Number of asset objects unloaded after import = 2

========================================================================
Received Import Request.
  Time since last request: 0.000041 seconds.
  path: Assets/Часы/5/Materials/R_f234f6947aac4d4e9fe124ff75c06c25_grandfather_clock_Mat_Roughness.mat
  artifactKey: Guid(dd0ed959db815884da51991719bfdaf8) Importer(815301076,1909f56bfc062723c751e8b465ee728b)
Start importing Assets/Часы/5/Materials/R_f234f6947aac4d4e9fe124ff75c06c25_grandfather_clock_Mat_Roughness.mat using Guid(dd0ed959db815884da51991719bfdaf8) Importer(815301076,1909f56bfc062723c751e8b465ee728b) (PreviewImporter) -> (artifact id: '65be1ece76b3c6e32e627767240391d9') in 0.0317463 seconds
Number of updated asset objects reloaded before import = 0Number of asset objects unloaded after import = 2

========================================================================
Received Import Request.
  Time since last request: 0.000054 seconds.
  path: Assets/UnityTechnologies/Basic Asset Pack Interior/Materials/PatternStripeGreenLime.mat
  artifactKey: Guid(f1dac06e1bdc8fb498863f3e14bc35bb) Importer(815301076,1909f56bfc062723c751e8b465ee728b)
Start importing Assets/UnityTechnologies/Basic Asset Pack Interior/Materials/PatternStripeGreenLime.mat using Guid(f1dac06e1bdc8fb498863f3e14bc35bb) Importer(815301076,1909f56bfc062723c751e8b465ee728b) (PreviewImporter) -> (artifact id: 'ba1ab6942e80cd162d84baacb7f48963') in 0.0546216 seconds
Number of updated asset objects reloaded before import = 0Number of asset objects unloaded after import = 2

========================================================================
Received Import Request.
  Time since last request: 0.000026 seconds.
  path: Assets/UnityTechnologies/Basic Asset Pack Interior/Materials/PatternStripePurple.mat
  artifactKey: Guid(7785b59e0c564f34e8f6c6373c14b3c5) Importer(815301076,1909f56bfc062723c751e8b465ee728b)
Start importing Assets/UnityTechnologies/Basic Asset Pack Interior/Materials/PatternStripePurple.mat using Guid(7785b59e0c564f34e8f6c6373c14b3c5) Importer(815301076,1909f56bfc062723c751e8b465ee728b) (PreviewImporter) -> (artifact id: '73665de00cd9c7579c7104f9aba0193f') in 0.0518949 seconds
Number of updated asset objects reloaded before import = 0Number of asset objects unloaded after import = 2

========================================================================
Received Import Request.
  Time since last request: 0.000022 seconds.
  path: Assets/Часы/5/Materials/R_2a3981b6aa5545c590988289312fc987_grandfather_clock_Mat_SpecularLvl.mat
  artifactKey: Guid(2a6786232fb2f6247a567d8a0515fa1c) Importer(815301076,1909f56bfc062723c751e8b465ee728b)
Start importing Assets/Часы/5/Materials/R_2a3981b6aa5545c590988289312fc987_grandfather_clock_Mat_SpecularLvl.mat using Guid(2a6786232fb2f6247a567d8a0515fa1c) Importer(815301076,1909f56bfc062723c751e8b465ee728b) (PreviewImporter) -> (artifact id: 'c2478a2427462c61e190db93d573abd0') in 0.029089 seconds
Number of updated asset objects reloaded before import = 0Number of asset objects unloaded after import = 2

========================================================================
Received Import Request.
  Time since last request: 0.000020 seconds.
  path: Assets/Часы/5/Materials/R_2c7cfc99963c46adae9896fef0033545_grandfather_clock_Mat_AO.mat
  artifactKey: Guid(f1c91bc212349d24bb2db8fbcba5bcdf) Importer(815301076,1909f56bfc062723c751e8b465ee728b)
Start importing Assets/Часы/5/Materials/R_2c7cfc99963c46adae9896fef0033545_grandfather_clock_Mat_AO.mat using Guid(f1c91bc212349d24bb2db8fbcba5bcdf) Importer(815301076,1909f56bfc062723c751e8b465ee728b) (PreviewImporter) -> (artifact id: '4e89bd8315f19bb10ac665cb51c66809') in 0.0293431 seconds
Number of updated asset objects reloaded before import = 0Number of asset objects unloaded after import = 2

========================================================================
Received Import Request.
  Time since last request: 8.882250 seconds.
  path: Assets/Объекты/6/Materials/RGB_7849cbd80cc242b49f4a29f629607cfc_lambert3SG_Base_color.mat
  artifactKey: Guid(8292da236d980184597f48ff7440e430) Importer(815301076,1909f56bfc062723c751e8b465ee728b)
Start importing Assets/Объекты/6/Materials/RGB_7849cbd80cc242b49f4a29f629607cfc_lambert3SG_Base_color.mat using Guid(8292da236d980184597f48ff7440e430) Importer(815301076,1909f56bfc062723c751e8b465ee728b) (PreviewImporter) -> (artifact id: '5fa07f69b62428453112b822e206221b') in 0.0418601 seconds
Number of updated asset objects reloaded before import = 0Number of asset objects unloaded after import = 2

========================================================================
Received Import Request.
  Time since last request: 0.000027 seconds.
  path: Assets/Часы/2/Materials/RGB_dd5f8c87978d47f4827bb6b022c0f6d1_jewelrystands_gold_Mat_Specular.mat
  artifactKey: Guid(46bee901b9094f2419ca67d629addc31) Importer(815301076,1909f56bfc062723c751e8b465ee728b)
Start importing Assets/Часы/2/Materials/RGB_dd5f8c87978d47f4827bb6b022c0f6d1_jewelrystands_gold_Mat_Specular.mat using Guid(46bee901b9094f2419ca67d629addc31) Importer(815301076,1909f56bfc062723c751e8b465ee728b) (PreviewImporter) -> (artifact id: '9e7337c11abeb7df4d1148dc30df6246') in 0.0711654 seconds
Number of updated asset objects reloaded before import = 0Number of asset objects unloaded after import = 2

========================================================================
Received Import Request.
  Time since last request: 0.522452 seconds.
  path: Assets/UnityTechnologies/Basic Asset Pack Interior/Materials/SmallProps.mat
  artifactKey: Guid(ec3aef968e8b7cd4dbde72f86144a923) Importer(815301076,1909f56bfc062723c751e8b465ee728b)
Start importing Assets/UnityTechnologies/Basic Asset Pack Interior/Materials/SmallProps.mat using Guid(ec3aef968e8b7cd4dbde72f86144a923) Importer(815301076,1909f56bfc062723c751e8b465ee728b) (PreviewImporter) -> (artifact id: '52e6e1a134626e219db975f17b046acb') in 0.0616943 seconds
Number of updated asset objects reloaded before import = 0Number of asset objects unloaded after import = 2

========================================================================
Received Import Request.
  Time since last request: 0.000020 seconds.
  path: Assets/UnityTechnologies/Basic Asset Pack Interior/Materials/StripesBeige.mat
  artifactKey: Guid(c13cdbe0c9bba8f40952f29c03590864) Importer(815301076,1909f56bfc062723c751e8b465ee728b)
Start importing Assets/UnityTechnologies/Basic Asset Pack Interior/Materials/StripesBeige.mat using Guid(c13cdbe0c9bba8f40952f29c03590864) Importer(815301076,1909f56bfc062723c751e8b465ee728b) (PreviewImporter) -> (artifact id: '35eb73ec59f3c607a7457cd4ccc06b32') in 0.0457146 seconds
Number of updated asset objects reloaded before import = 0Number of asset objects unloaded after import = 2

========================================================================
Received Import Request.
  Time since last request: 22.035716 seconds.
  path: Assets/GVOZDY/Cardboard Boxes with Tape/Materials/T_box1_grey_AlbedoTransparency.mat
  artifactKey: Guid(6129179eefda5ad4b9c955552b4939b4) Importer(815301076,1909f56bfc062723c751e8b465ee728b)
Start importing Assets/GVOZDY/Cardboard Boxes with Tape/Materials/T_box1_grey_AlbedoTransparency.mat using Guid(6129179eefda5ad4b9c955552b4939b4) Importer(815301076,1909f56bfc062723c751e8b465ee728b) (PreviewImporter) -> (artifact id: 'ab88e6acd3f102a963f5b9eb10716eed') in 0.0654908 seconds
Number of updated asset objects reloaded before import = 0Number of asset objects unloaded after import = 2

========================================================================
Received Import Request.
  Time since last request: 0.000032 seconds.
  path: Assets/HDRP_Oak_Tree/Textures/Bark/Materials/TexturesCom_Wood_BarkOak1_1x1_1K_albedo.mat
  artifactKey: Guid(73d2c4fa77c1ae04f96341f45624aa99) Importer(815301076,1909f56bfc062723c751e8b465ee728b)
Start importing Assets/HDRP_Oak_Tree/Textures/Bark/Materials/TexturesCom_Wood_BarkOak1_1x1_1K_albedo.mat using Guid(73d2c4fa77c1ae04f96341f45624aa99) Importer(815301076,1909f56bfc062723c751e8b465ee728b) (PreviewImporter) -> (artifact id: 'c01ae0443917bde6c6af3ca6d2926b47') in 0.0505794 seconds
Number of updated asset objects reloaded before import = 0Number of asset objects unloaded after import = 2

========================================================================
Received Import Request.
  Time since last request: 0.000022 seconds.
  path: Assets/Tree_Packs/URP_Tree_Pack/Models/URP_Tree_1/Materials/Trunk.mat
  artifactKey: Guid(5075ca828a84d014a8a20f00c0b63146) Importer(815301076,1909f56bfc062723c751e8b465ee728b)
Start importing Assets/Tree_Packs/URP_Tree_Pack/Models/URP_Tree_1/Materials/Trunk.mat using Guid(5075ca828a84d014a8a20f00c0b63146) Importer(815301076,1909f56bfc062723c751e8b465ee728b) (PreviewImporter) -> (artifact id: '965606b43069abbe85f9348fda58d8a2') in 0.064486 seconds
Number of updated asset objects reloaded before import = 0Number of asset objects unloaded after import = 2

========================================================================
Received Import Request.
  Time since last request: 0.000023 seconds.
  path: Assets/Tree_Packs/URP_Tree_Pack/Textures/Leaf/Materials/URP_1_Leaf 5.mat
  artifactKey: Guid(a10247fbfd9a97c448d70a2ea5f03e40) Importer(815301076,1909f56bfc062723c751e8b465ee728b)
Start importing Assets/Tree_Packs/URP_Tree_Pack/Textures/Leaf/Materials/URP_1_Leaf 5.mat using Guid(a10247fbfd9a97c448d70a2ea5f03e40) Importer(815301076,1909f56bfc062723c751e8b465ee728b) (PreviewImporter) -> (artifact id: '46fd5fb1576c5b9f767d1cacc1029142') in 0.0074263 seconds
Number of updated asset objects reloaded before import = 0Number of asset objects unloaded after import = 2

========================================================================
Received Import Request.
  Time since last request: 0.000027 seconds.
  path: Assets/Tree_Packs/URP_Tree_Pack/Textures/Leaf/Materials/URP_2_Leaf 1.mat
  artifactKey: Guid(471ebf4d1bd3cc04882149873375d3f7) Importer(815301076,1909f56bfc062723c751e8b465ee728b)
Start importing Assets/Tree_Packs/URP_Tree_Pack/Textures/Leaf/Materials/URP_2_Leaf 1.mat using Guid(471ebf4d1bd3cc04882149873375d3f7) Importer(815301076,1909f56bfc062723c751e8b465ee728b) (PreviewImporter) -> (artifact id: '541d4ca4daf9d234f1fed549f9cff325') in 0.0393131 seconds
Number of updated asset objects reloaded before import = 0Number of asset objects unloaded after import = 2

========================================================================
Received Import Request.
  Time since last request: 0.000021 seconds.
  path: Assets/Tree_Packs/URP_Tree_Pack/Textures/Leaf/Materials/URP_3_Leaf 4.mat
  artifactKey: Guid(7ff484f6cabcbff41ac27fd51d4d6247) Importer(815301076,1909f56bfc062723c751e8b465ee728b)
Start importing Assets/Tree_Packs/URP_Tree_Pack/Textures/Leaf/Materials/URP_3_Leaf 4.mat using Guid(7ff484f6cabcbff41ac27fd51d4d6247) Importer(815301076,1909f56bfc062723c751e8b465ee728b) (PreviewImporter)Error assigning 3D texture to 2D texture property '_MainTex': Dimensions must match
UnityEngine.Debug:ExtractStackTraceNoAlloc (byte*,int,string)
UnityEngine.StackTraceUtility:ExtractStackTrace ()
UnityEngine.Camera:Render ()
UnityEditor.PreviewRenderUtility:Render (bool,bool)
UnityEditor.MaterialEditor:DoRenderPreview (UnityEditor.PreviewRenderUtility,bool)
UnityEditor.MaterialEditor:RenderStaticPreview (string,UnityEngine.Object[],int,int)
UnityEditor.AssetPreviewUpdater:CreatePreview (UnityEngine.Object,UnityEngine.Object[],string,int,int)
UnityEditor.AssetPreviewUpdater:CreatePreviewForAsset (UnityEngine.Object,UnityEngine.Object[],string)

[C:\build\output\unity\unity\Runtime\Shaders\ShaderImpl\ShaderTextureProperty.h line 41]

 -> (artifact id: '3b926c464fb2ece740ca3033d79ef0c0') in 0.066156 seconds
Number of updated asset objects reloaded before import = 0Number of asset objects unloaded after import = 2

========================================================================
Received Import Request.
  Time since last request: 0.000017 seconds.
  path: Assets/UnityTechnologies/Basic Asset Pack Interior/Materials/TrimSheetPurple.mat
  artifactKey: Guid(1129d8d1a7b3fa340bd265a35536bafe) Importer(815301076,1909f56bfc062723c751e8b465ee728b)
Start importing Assets/UnityTechnologies/Basic Asset Pack Interior/Materials/TrimSheetPurple.mat using Guid(1129d8d1a7b3fa340bd265a35536bafe) Importer(815301076,1909f56bfc062723c751e8b465ee728b) (PreviewImporter) -> (artifact id: '3302f6564f50b14634f45636b692ea7a') in 0.0511421 seconds
Number of updated asset objects reloaded before import = 0Number of asset objects unloaded after import = 2

========================================================================
Received Import Request.
  Time since last request: 0.000019 seconds.
  path: Assets/Tree_Packs/URP_Tree_Pack/Textures/Leaf/Materials/URP_2_Leaf.mat
  artifactKey: Guid(d64682c4f0aa8bb4fa3f1fb3fd6f70f0) Importer(815301076,1909f56bfc062723c751e8b465ee728b)
Start importing Assets/Tree_Packs/URP_Tree_Pack/Textures/Leaf/Materials/URP_2_Leaf.mat using Guid(d64682c4f0aa8bb4fa3f1fb3fd6f70f0) Importer(815301076,1909f56bfc062723c751e8b465ee728b) (PreviewImporter) -> (artifact id: 'c799269c0331bf4b1ebe7f143bb48899') in 0.0330743 seconds
Number of updated asset objects reloaded before import = 0Number of asset objects unloaded after import = 2

========================================================================
Received Import Request.
  Time since last request: 0.354799 seconds.
  path: Assets/Tree_Packs/URP_Tree_Pack/Textures/Leaf/Materials/URP_3_Leaf 6.mat
  artifactKey: Guid(db7af66ca10ac3c4bb9a1c5c12a69ff1) Importer(815301076,1909f56bfc062723c751e8b465ee728b)
Start importing Assets/Tree_Packs/URP_Tree_Pack/Textures/Leaf/Materials/URP_3_Leaf 6.mat using Guid(db7af66ca10ac3c4bb9a1c5c12a69ff1) Importer(815301076,1909f56bfc062723c751e8b465ee728b) (PreviewImporter)Error assigning 3D texture to 2D texture property '_BaseMap': Dimensions must match
UnityEngine.Debug:ExtractStackTraceNoAlloc (byte*,int,string)
UnityEngine.StackTraceUtility:ExtractStackTrace ()
UnityEngine.Material:HasProperty (int)
UnityEngine.Material:HasProperty (string)
UnityEditor.Utils.PerformanceChecks:CheckMaterial (UnityEngine.Material,UnityEditor.BuildTarget)
UnityEditor.MaterialEditor:PropertiesChanged ()
UnityEditor.MaterialEditor:OnEnable ()
UnityEditor.Editor:CreateEditorWithContextInternal (UnityEngine.Object[],UnityEngine.Object,System.Type)
UnityEditor.Editor:CreateEditorWithContext (UnityEngine.Object[],UnityEngine.Object,System.Type)
UnityEditor.Editor:CreateEditor (UnityEngine.Object,System.Type)
UnityEditor.Editor:CreateEditor (UnityEngine.Object)
UnityEditor.AssetPreviewUpdater:CreatePreview (UnityEngine.Object,UnityEngine.Object[],string,int,int)
UnityEditor.AssetPreviewUpdater:CreatePreviewForAsset (UnityEngine.Object,UnityEngine.Object[],string)

[C:\build\output\unity\unity\Runtime\Shaders\ShaderImpl\ShaderTextureProperty.h line 41]

 -> (artifact id: '9890eebab944e29950e4aa1d081d0b11') in 0.0117166 seconds
Number of updated asset objects reloaded before import = 0Number of asset objects unloaded after import = 2

========================================================================
Received Import Request.
  Time since last request: 0.000033 seconds.
  path: Assets/Tree_Packs/URP_Tree_Pack/Textures/Trunk/Materials/URP_3_Trunk 2.mat
  artifactKey: Guid(492adaf332c0ae641abd588a31912a0d) Importer(815301076,1909f56bfc062723c751e8b465ee728b)
Start importing Assets/Tree_Packs/URP_Tree_Pack/Textures/Trunk/Materials/URP_3_Trunk 2.mat using Guid(492adaf332c0ae641abd588a31912a0d) Importer(815301076,1909f56bfc062723c751e8b465ee728b) (PreviewImporter) -> (artifact id: '6fef7922c526d51ab1616f4c541f22d2') in 0.0260245 seconds
Number of updated asset objects reloaded before import = 0Number of asset objects unloaded after import = 2

========================================================================
Received Import Request.
  Time since last request: 0.000020 seconds.
  path: Assets/UnityTechnologies/Basic Asset Pack Interior/Materials/WallGreenDarker.mat
  artifactKey: Guid(fda5f98a2190baf4eba512ae9655e2ff) Importer(815301076,1909f56bfc062723c751e8b465ee728b)
Start importing Assets/UnityTechnologies/Basic Asset Pack Interior/Materials/WallGreenDarker.mat using Guid(fda5f98a2190baf4eba512ae9655e2ff) Importer(815301076,1909f56bfc062723c751e8b465ee728b) (PreviewImporter) -> (artifact id: 'd7b0429cf54d18b2983ea365b4e5f5a1') in 0.0411245 seconds
Number of updated asset objects reloaded before import = 0Number of asset objects unloaded after import = 2

========================================================================
Received Import Request.
  Time since last request: 0.000030 seconds.
  path: Assets/UnityTechnologies/Basic Asset Pack Interior/Materials/WallGrey.mat
  artifactKey: Guid(9e8597a68e94e804d9874df594ebb10c) Importer(815301076,1909f56bfc062723c751e8b465ee728b)
Start importing Assets/UnityTechnologies/Basic Asset Pack Interior/Materials/WallGrey.mat using Guid(9e8597a68e94e804d9874df594ebb10c) Importer(815301076,1909f56bfc062723c751e8b465ee728b) (PreviewImporter) -> (artifact id: '6122e867865abf60d3fb8eb0b5214411') in 0.0425009 seconds
Number of updated asset objects reloaded before import = 0Number of asset objects unloaded after import = 2

========================================================================
Received Import Request.
  Time since last request: 0.000022 seconds.
  path: Assets/Scenes/Materials/Materials/wood-floor-pictures-1600-x-924-8g2yht1nyfcz0j0g.mat
  artifactKey: Guid(f3974a4d1e671c34d93f1e4648b16ba9) Importer(815301076,1909f56bfc062723c751e8b465ee728b)
Start importing Assets/Scenes/Materials/Materials/wood-floor-pictures-1600-x-924-8g2yht1nyfcz0j0g.mat using Guid(f3974a4d1e671c34d93f1e4648b16ba9) Importer(815301076,1909f56bfc062723c751e8b465ee728b) (PreviewImporter) -> (artifact id: '1f2044199f6ae66adca6e15d71d8b40b') in 0.0250075 seconds
Number of updated asset objects reloaded before import = 0Number of asset objects unloaded after import = 1

========================================================================
Received Import Request.
  Time since last request: 0.000018 seconds.
  path: Assets/UnityTechnologies/Basic Asset Pack Interior/Materials/WallPurple.mat
  artifactKey: Guid(991a2f3f1e99b1649b5c043cf6efe0d0) Importer(815301076,1909f56bfc062723c751e8b465ee728b)
Start importing Assets/UnityTechnologies/Basic Asset Pack Interior/Materials/WallPurple.mat using Guid(991a2f3f1e99b1649b5c043cf6efe0d0) Importer(815301076,1909f56bfc062723c751e8b465ee728b) (PreviewImporter) -> (artifact id: '32b1833a6d92f7a20be5fbcef50d1438') in 0.0519087 seconds
Number of updated asset objects reloaded before import = 0Number of asset objects unloaded after import = 2

========================================================================
Received Import Request.
  Time since last request: 0.000022 seconds.
  path: Assets/MC old wood free sample/texture/Materials/wood 0911-01A_DISP.mat
  artifactKey: Guid(9b7c4e7d410fd264a89e42c6a6c592ad) Importer(815301076,1909f56bfc062723c751e8b465ee728b)
Start importing Assets/MC old wood free sample/texture/Materials/wood 0911-01A_DISP.mat using Guid(9b7c4e7d410fd264a89e42c6a6c592ad) Importer(815301076,1909f56bfc062723c751e8b465ee728b) (PreviewImporter) -> (artifact id: '5b5ff67b3099ee0509e5958256051a26') in 0.0511924 seconds
Number of updated asset objects reloaded before import = 0Number of asset objects unloaded after import = 2

========================================================================
Received Import Request.
  Time since last request: 3.698167 seconds.
  path: Assets/UnityTechnologies/Basic Asset Pack Interior/Materials/WoodPlanksBrown.mat
  artifactKey: Guid(d5099de0a4714c64ca1a0e843c638fc1) Importer(815301076,1909f56bfc062723c751e8b465ee728b)
Start importing Assets/UnityTechnologies/Basic Asset Pack Interior/Materials/WoodPlanksBrown.mat using Guid(d5099de0a4714c64ca1a0e843c638fc1) Importer(815301076,1909f56bfc062723c751e8b465ee728b) (PreviewImporter) -> (artifact id: 'c7b7a22f978e4a57c79286b9592f9b61') in 0.0524601 seconds
Number of updated asset objects reloaded before import = 0Number of asset objects unloaded after import = 2

========================================================================
Received Import Request.
  Time since last request: 72.154380 seconds.
  path: Assets/Часы/6/N_36c73189b1d749c0b13879fe5d484c58_T_gothic_longcase_clock_glass_N.png
  artifactKey: Guid(aabe7dbf311a8a74ca59f4d3d7e23c84) Importer(815301076,1909f56bfc062723c751e8b465ee728b)
Start importing Assets/Часы/6/N_36c73189b1d749c0b13879fe5d484c58_T_gothic_longcase_clock_glass_N.png using Guid(aabe7dbf311a8a74ca59f4d3d7e23c84) Importer(815301076,1909f56bfc062723c751e8b465ee728b) (PreviewImporter) -> (artifact id: '6f7b8e05b8c12c7b99bbaa9a58024fd1') in 0.0454845 seconds
Number of updated asset objects reloaded before import = 0Number of asset objects unloaded after import = 2

========================================================================
Received Import Request.
  Time since last request: 0.000022 seconds.
  path: Assets/Часы/6/N_443df1434f3c4cc4a54e8aa2d4df1a78_T_gothic_longcase_clock_N.png
  artifactKey: Guid(59a0e3d7e0c7e0f4e8650038100bb6e3) Importer(815301076,1909f56bfc062723c751e8b465ee728b)
Start importing Assets/Часы/6/N_443df1434f3c4cc4a54e8aa2d4df1a78_T_gothic_longcase_clock_N.png using Guid(59a0e3d7e0c7e0f4e8650038100bb6e3) Importer(815301076,1909f56bfc062723c751e8b465ee728b) (PreviewImporter) -> (artifact id: '6897548db8b7937d6df8c61fd913ea41') in 0.0319869 seconds
Number of updated asset objects reloaded before import = 0Number of asset objects unloaded after import = 2

========================================================================
Received Import Request.
  Time since last request: 0.000016 seconds.
  path: Assets/Часы/6/R_378ae9101e9f45d581e24553d0ffa1ca_T_gothic_longcase_clock_tools_R.png
  artifactKey: Guid(76c36de70939cf8418f980579f8f7887) Importer(815301076,1909f56bfc062723c751e8b465ee728b)
Start importing Assets/Часы/6/R_378ae9101e9f45d581e24553d0ffa1ca_T_gothic_longcase_clock_tools_R.png using Guid(76c36de70939cf8418f980579f8f7887) Importer(815301076,1909f56bfc062723c751e8b465ee728b) (PreviewImporter) -> (artifact id: 'b1de3363f0dab285ea83ebe095fcb987') in 0.0259713 seconds
Number of updated asset objects reloaded before import = 0Number of asset objects unloaded after import = 2

========================================================================
Received Import Request.
  Time since last request: 0.000018 seconds.
  path: Assets/Часы/6/RGB_63abfa4150d74586861ea181f88cee83_T_gothic_longcase_clock_BC.png
  artifactKey: Guid(2ab49ea87e7b52146b9246054bc8c9cb) Importer(815301076,1909f56bfc062723c751e8b465ee728b)
Start importing Assets/Часы/6/RGB_63abfa4150d74586861ea181f88cee83_T_gothic_longcase_clock_BC.png using Guid(2ab49ea87e7b52146b9246054bc8c9cb) Importer(815301076,1909f56bfc062723c751e8b465ee728b) (PreviewImporter) -> (artifact id: '395de4a4b5c42dcc02652e778d509a7a') in 0.0240671 seconds
Number of updated asset objects reloaded before import = 0Number of asset objects unloaded after import = 2

========================================================================
Received Import Request.
  Time since last request: 0.000025 seconds.
  path: Assets/Часы/6/RGB_108a252cd70148878f4943807bca6722_T_gothic_longcase_clock_tools_BC.png
  artifactKey: Guid(bd7210dc287801a49b9be8c86bffee4e) Importer(815301076,1909f56bfc062723c751e8b465ee728b)
Start importing Assets/Часы/6/RGB_108a252cd70148878f4943807bca6722_T_gothic_longcase_clock_tools_BC.png using Guid(bd7210dc287801a49b9be8c86bffee4e) Importer(815301076,1909f56bfc062723c751e8b465ee728b) (PreviewImporter) -> (artifact id: 'd84b94afc4dee81092200d2cb2451b0a') in 0.0237039 seconds
Number of updated asset objects reloaded before import = 0Number of asset objects unloaded after import = 2

========================================================================
Received Import Request.
  Time since last request: 0.000022 seconds.
  path: Assets/Часы/6/R_73402db9515c42738e8aa9bb93928065_T_gothic_longcase_clock_tools_MT.png
  artifactKey: Guid(d9e04fc64b483c442862fe9a501f6347) Importer(815301076,1909f56bfc062723c751e8b465ee728b)
Start importing Assets/Часы/6/R_73402db9515c42738e8aa9bb93928065_T_gothic_longcase_clock_tools_MT.png using Guid(d9e04fc64b483c442862fe9a501f6347) Importer(815301076,1909f56bfc062723c751e8b465ee728b) (PreviewImporter) -> (artifact id: '52d63e918378476a42abc9d73a9964c6') in 0.0290983 seconds
Number of updated asset objects reloaded before import = 0Number of asset objects unloaded after import = 2

========================================================================
Received Import Request.
  Time since last request: 0.000021 seconds.
  path: Assets/Часы/6/R_e43da57e0d0e487da9a91b9671c64033_T_glass_dirt.png
  artifactKey: Guid(13ebd4844d47d034d9184107e7e1c41c) Importer(815301076,1909f56bfc062723c751e8b465ee728b)
Start importing Assets/Часы/6/R_e43da57e0d0e487da9a91b9671c64033_T_glass_dirt.png using Guid(13ebd4844d47d034d9184107e7e1c41c) Importer(815301076,1909f56bfc062723c751e8b465ee728b) (PreviewImporter) -> (artifact id: '41e34451757c48ec329f5593e7614549') in 0.0288516 seconds
Number of updated asset objects reloaded before import = 0Number of asset objects unloaded after import = 2

========================================================================
Received Import Request.
  Time since last request: 0.000024 seconds.
  path: Assets/Часы/6/R_4ca111c753344d45a80f31d0db0df9d5_T_gothic_longcase_clock_AO.png
  artifactKey: Guid(d96fef1919cc16d4cbd612970620f463) Importer(815301076,1909f56bfc062723c751e8b465ee728b)
Start importing Assets/Часы/6/R_4ca111c753344d45a80f31d0db0df9d5_T_gothic_longcase_clock_AO.png using Guid(d96fef1919cc16d4cbd612970620f463) Importer(815301076,1909f56bfc062723c751e8b465ee728b) (PreviewImporter) -> (artifact id: 'ad36349dbdfa57af834cf12054c114a6') in 0.0248328 seconds
Number of updated asset objects reloaded before import = 0Number of asset objects unloaded after import = 2

Editor requested this worker to shutdown with reason: Scaling down because of idle timeout
AssetImportWorker is now disconnected from the server
Process exiting
Exiting without the bug reporter. Application will terminate with return code 0