[Licensing::Module] Trying to connect to existing licensing client channel...
Built from '6000.2/respin/6000.2.8f1-e4064264ae96' branch; Version is '6000.2.8f1 (c9992ac36c34) revision 13211946'; Using compiler version '194234433'; Build Type 'Release'
OS: 'Windows 10  (10.0.19045) 64bit Professional' Language: 'ru' Physical Memory: 32716 MB
[Licensing::IpcConnector] Successfully connected to: "LicenseClient-sawag" at "2025-12-21T15:23:28.4074392Z"
BatchMode: 1, IsHumanControllingUs: 0, StartBugReporterOnCrash: 0, Is64bit: 1
Date: 2025-12-21T15:23:28Z

COMMAND LINE ARGUMENTS:
C:\Program Files\Unity\Hub\Editor\6000.2.8f1\Editor\Unity.exe
-adb2
-batchMode
-noUpm
-name
AssetImportWorker4
-projectPath
D:/unity project/Project1/Valdhés su Villa
-logFile
Logs/AssetImportWorker4.log
-srvPort
52415
-licensingIpc
LicenseClient-sawag
-job-worker-count
5
-background-job-worker-count
8
-gc-helper-count
1
-name
AssetImport
Successfully changed project path to: D:/unity project/Project1/Valdhés su Villa
D:/unity project/Project1/Valdhés su Villa
[UnityMemory] Configuration Parameters - Can be set up in boot.config
    "memorysetup-allocator-temp-initial-block-size-main=262144"
    "memorysetup-allocator-temp-initial-block-size-worker=262144"
    "memorysetup-bucket-allocator-granularity=16"
    "memorysetup-bucket-allocator-bucket-count=8"
    "memorysetup-bucket-allocator-block-size=33554432"
    "memorysetup-bucket-allocator-block-count=8"
    "memorysetup-main-allocator-block-size=16777216"
    "memorysetup-thread-allocator-block-size=16777216"
    "memorysetup-gfx-main-allocator-block-size=16777216"
    "memorysetup-gfx-thread-allocator-block-size=16777216"
    "memorysetup-cache-allocator-block-size=4194304"
    "memorysetup-typetree-allocator-block-size=2097152"
    "memorysetup-profiler-bucket-allocator-granularity=16"
    "memorysetup-profiler-bucket-allocator-bucket-count=8"
    "memorysetup-profiler-bucket-allocator-block-size=33554432"
    "memorysetup-profiler-bucket-allocator-block-count=8"
    "memorysetup-profiler-allocator-block-size=16777216"
    "memorysetup-profiler-editor-allocator-block-size=1048576"
    "memorysetup-temp-allocator-size-main=16777216"
    "memorysetup-job-temp-allocator-block-size=2097152"
    "memorysetup-job-temp-allocator-block-size-background=1048576"
    "memorysetup-job-temp-allocator-reduction-small-platforms=262144"
    "memorysetup-temp-allocator-size-background-worker=32768"
    "memorysetup-temp-allocator-size-job-worker=262144"
    "memorysetup-temp-allocator-size-preload-manager=33554432"
    "memorysetup-temp-allocator-size-nav-mesh-worker=65536"
    "memorysetup-temp-allocator-size-audio-worker=65536"
    "memorysetup-temp-allocator-size-cloud-worker=32768"
    "memorysetup-temp-allocator-size-gi-baking-worker=262144"
    "memorysetup-temp-allocator-size-gi-baking-worker=262144"
    "memorysetup-temp-allocator-size-gi-baking-worker=262144"
    "memorysetup-temp-allocator-size-gi-baking-worker=262144"
    "memorysetup-temp-allocator-size-gi-baking-worker=262144"
    "memorysetup-temp-allocator-size-gfx=262144"
Player connection [32036]  Target information:

Player connection [32036]  * "[IP] 192.168.1.8 [Port] 0 [Flags] 2 [Guid] 1089891214 [EditorId] 1089891214 [Version] 1048832 [Id] WindowsEditor(7,DESKTOP-B5D7IN1) [Debug] 1 [PackageName] WindowsEditor [ProjectName] Editor" 

Player connection [32036] Host joined multi-casting on [225.0.0.222:54997]...
Player connection [32036] Host joined alternative multi-casting on [225.0.0.222:34997]...
JobSystem: Creating JobQueue using job-worker-count value 5
Input System module state changed to: Initialized.
[Physics::Module] Initialized fallback backend.
[Physics::Module] Id: 0xdecafbad
Library Redirect Path: Library/
[Physics::Module] Selected backend.
[Physics::Module] Name: PhysX
[Physics::Module] Id: 0xf2b8ea05
[Physics::Module] SDK Version: 4.1.2
[Physics::Module] Integration Version: 1.0.0
[Physics::Module] Threading Mode: Multi-Threaded
Refreshing native plugins compatible for Editor in 1.97 ms, found 3 plugins.
Preloading 0 native plugins for Editor in 0.00 ms.
Initialize engine version: 6000.2.8f1 (c9992ac36c34)
[Subsystems] Discovering subsystems at path C:/Program Files/Unity/Hub/Editor/6000.2.8f1/Editor/Data/Resources/UnitySubsystems
[Subsystems] Discovering subsystems at path D:/unity project/Project1/Valdhés su Villa/Assets
GfxDevice: creating device client; kGfxThreadingModeNonThreaded
Direct3D:
    Version:  Direct3D 11.0 [level 11.1]
    Renderer: NVIDIA GeForce RTX 3060 (ID=0x2504)
    Vendor:   NVIDIA
    VRAM:     12115 MB
    Driver:   32.0.15.7247
Initialize mono
Mono path[0] = 'C:/Program Files/Unity/Hub/Editor/6000.2.8f1/Editor/Data/Managed'
Mono path[1] = 'C:/Program Files/Unity/Hub/Editor/6000.2.8f1/Editor/Data/MonoBleedingEdge/lib/mono/unityjit-win32'
Mono config path = 'C:/Program Files/Unity/Hub/Editor/6000.2.8f1/Editor/Data/MonoBleedingEdge/etc'
Using monoOptions --debugger-agent=transport=dt_socket,embedding=1,server=y,suspend=n,address=127.0.0.1:56344
Begin MonoManager ReloadAssembly
Registering precompiled unity dll's ...
Register platform support module: C:/Program Files/Unity/Hub/Editor/6000.2.8f1/Editor/Data/PlaybackEngines/WebGLSupport/UnityEditor.WebGL.Extensions.dll
Register platform support module: C:/Program Files/Unity/Hub/Editor/6000.2.8f1/Editor/Data/PlaybackEngines/WindowsStandaloneSupport/UnityEditor.WindowsStandalone.Extensions.dll
Register platform support module: C:/Program Files/Unity/Hub/Editor/6000.2.8f1/Editor/Data/PlaybackEngines/LinuxStandaloneSupport/UnityEditor.LinuxStandalone.Extensions.dll
Registered in 0.003103 seconds.
- Loaded All Assemblies, in  0.418 seconds
Native extension for LinuxStandalone target not found
Native extension for WindowsStandalone target not found
Native extension for WebGL target not found
Mono: successfully reloaded assembly
- Finished resetting the current domain, in  0.445 seconds
Domain Reload Profiling: 861ms
	BeginReloadAssembly (101ms)
		ExecutionOrderSort (0ms)
		DisableScriptedObjects (0ms)
		BackupInstance (0ms)
		ReleaseScriptingObjects (0ms)
		CreateAndSetChildDomain (1ms)
	RebuildCommonClasses (41ms)
	RebuildNativeTypeToScriptingClass (14ms)
	initialDomainReloadingComplete (53ms)
	LoadAllAssembliesAndSetupDomain (206ms)
		LoadAssemblies (98ms)
		RebuildTransferFunctionScriptingTraits (0ms)
		AnalyzeDomain (202ms)
			TypeCache.Refresh (199ms)
				TypeCache.ScanAssembly (177ms)
			BuildScriptInfoCaches (0ms)
			ResolveRequiredComponents (1ms)
	FinalizeReload (445ms)
		ReleaseScriptCaches (0ms)
		RebuildScriptCaches (0ms)
		SetupLoadedEditorAssemblies (369ms)
			LogAssemblyErrors (0ms)
			InitializePlatformSupportModulesInManaged (74ms)
			SetLoadedEditorAssemblies (6ms)
			BeforeProcessingInitializeOnLoad (83ms)
			ProcessInitializeOnLoadAttributes (150ms)
			ProcessInitializeOnLoadMethodAttributes (55ms)
			AfterProcessingInitializeOnLoad (0ms)
			EditorAssembliesLoaded (0ms)
		ExecutionOrderSort2 (0ms)
		AwakeInstancesAfterBackupRestoration (0ms)
========================================================================
Worker process is ready to serve import requests
Import Worker Mode flag is 0x00
Begin MonoManager ReloadAssembly
[Licensing::Module] Licensing is not yet initialized.
[Licensing::Client] Code 10 while verifying Licensing Client signature (process Id: 7820, path: "C:/Program Files/Unity Hub/UnityLicensingClient_V1/Unity.Licensing.Client.exe")
[Licensing::Module] LicensingClient has failed validation; ignoring
[Licensing::Client] Handshaking with LicensingClient:
  Version:                 1.17.3+a4e98f1
  Session Id:              3383e8540644435bb0e04d2ff965b054
  Correlation Id:          0f58f10d6540cac2e415539fa1ad39ad
  External correlation Id: 444004777371808086
  Machine Id:              SgtcFsAnwsuTPeO0Cewj8/i+vrc=
[Licensing::Module] Successfully connected to LicensingClient on channel: "LicenseClient-sawag" (connect: 0.00s, validation: 0.00s, handshake: 32.58s)
[Licensing::IpcConnector] Successfully connected to: "LicenseClient-sawag-notifications" at "2025-12-21T15:24:00.9843754Z"
[Licensing::Module] Licensing Background thread has ended after 32.58s
[Licensing::Module] Licensing is initialized (took 30.54s).
[Licensing::Client] Successfully resolved entitlement details
[Licensing::Module] License group:
  Id: 10171541200188-UnityPersXXXX
  Product: Unity Personal
  Type: Assigned
  Expiration: Unlimited
- Loaded All Assemblies, in 31.340 seconds
Refreshing native plugins compatible for Editor in 0.74 ms, found 3 plugins.
Native extension for LinuxStandalone target not found
Native extension for WindowsStandalone target not found
Native extension for WebGL target not found
Package Manager log level set to [2]
[Package Manager] Failed to launch server process. Reason: Unity was launched with the -noUpm command-line argument
[Package Manager] Unable to send message (not connected to server process).
[Package Manager] Cannot connect to Unity Package Manager local server
Mono: successfully reloaded assembly
- Finished resetting the current domain, in  0.953 seconds
Domain Reload Profiling: 32290ms
	BeginReloadAssembly (30706ms)
		ExecutionOrderSort (0ms)
		DisableScriptedObjects (6ms)
		BackupInstance (0ms)
		ReleaseScriptingObjects (0ms)
		CreateAndSetChildDomain (32ms)
	RebuildCommonClasses (38ms)
	RebuildNativeTypeToScriptingClass (14ms)
	initialDomainReloadingComplete (41ms)
	LoadAllAssembliesAndSetupDomain (540ms)
		LoadAssemblies (370ms)
		RebuildTransferFunctionScriptingTraits (0ms)
		AnalyzeDomain (243ms)
			TypeCache.Refresh (179ms)
				TypeCache.ScanAssembly (165ms)
			BuildScriptInfoCaches (49ms)
			ResolveRequiredComponents (12ms)
	FinalizeReload (953ms)
		ReleaseScriptCaches (0ms)
		RebuildScriptCaches (0ms)
		SetupLoadedEditorAssemblies (763ms)
			LogAssemblyErrors (0ms)
			InitializePlatformSupportModulesInManaged (3ms)
			SetLoadedEditorAssemblies (8ms)
			BeforeProcessingInitializeOnLoad (221ms)
			ProcessInitializeOnLoadAttributes (468ms)
			ProcessInitializeOnLoadMethodAttributes (52ms)
			AfterProcessingInitializeOnLoad (10ms)
			EditorAssembliesLoaded (0ms)
		ExecutionOrderSort2 (0ms)
		AwakeInstancesAfterBackupRestoration (6ms)
Launched and connected shader compiler UnityShaderCompiler.exe after 0.01 seconds
Refreshing native plugins compatible for Editor in 1.47 ms, found 3 plugins.
Preloading 0 native plugins for Editor in 0.00 ms.
Unloading 16 Unused Serialized files (Serialized files now loaded: 0)
Unloading 6141 unused Assets / (4.4 MB). Loaded Objects now: 6954.
Memory consumption went from 166.8 MB to 162.4 MB.
Total: 11.062300 ms (FindLiveObjects: 1.357300 ms CreateObjectMapping: 1.265400 ms MarkObjects: 5.315600 ms  DeleteObjects: 3.120500 ms)

========================================================================
Received Import Request.
  Time since last request: 192966.735716 seconds.
  path: Assets/Scenes/Scripts/FinalVerScriptBasicMechanic/Scripts to Button/SceneLoader.cs
  artifactKey: Guid(e88dd027d9ab38a4ba251b836904802a) Importer(2089858483,192608db42251d675da83286b1cce702)
Start importing Assets/Scenes/Scripts/FinalVerScriptBasicMechanic/Scripts to Button/SceneLoader.cs using Guid(e88dd027d9ab38a4ba251b836904802a) Importer(2089858483,192608db42251d675da83286b1cce702) (ScriptedImporter) -> (artifact id: '031ba1956c739d44babbdfc0ff01d215') in 0.2127403 seconds
Number of updated asset objects reloaded before import = 0Number of asset objects unloaded after import = 0

========================================================================
Received Import Request.
  Time since last request: 0.000030 seconds.
  path: Assets/Assets to Hall/80JPJJ3CHR8Q97JWHULICPCMV_obj/80JPJJ3CHR8Q97JWHULICPCMV.mtl
  artifactKey: Guid(67e977e44be0d984a8ac198e3409f426) Importer(2089858483,192608db42251d675da83286b1cce702)
Start importing Assets/Assets to Hall/80JPJJ3CHR8Q97JWHULICPCMV_obj/80JPJJ3CHR8Q97JWHULICPCMV.mtl using Guid(67e977e44be0d984a8ac198e3409f426) Importer(2089858483,192608db42251d675da83286b1cce702) (ScriptedImporter) -> (artifact id: 'f030242c6956b091b49a4893b3ccd56d') in 0.018991 seconds
Number of updated asset objects reloaded before import = 0Number of asset objects unloaded after import = 1

========================================================================
Received Import Request.
  Time since last request: 0.000028 seconds.
  path: Assets/Assets to Hall/8a20955f587c4af782c12bc0b56a191a_g3d/N_77cb2c6e9a7346a99f7c59e2071e5eee_plastic_Mat_normal.png
  artifactKey: Guid(dddee545056073849bfde6468286e273) Importer(2089858483,192608db42251d675da83286b1cce702)
Start importing Assets/Assets to Hall/8a20955f587c4af782c12bc0b56a191a_g3d/N_77cb2c6e9a7346a99f7c59e2071e5eee_plastic_Mat_normal.png using Guid(dddee545056073849bfde6468286e273) Importer(2089858483,192608db42251d675da83286b1cce702) (ScriptedImporter) -> (artifact id: 'e678a68200edda72f049424cfd28a3f9') in 0.0992857 seconds
Number of updated asset objects reloaded before import = 0Number of asset objects unloaded after import = 1

========================================================================
Received Import Request.
  Time since last request: 0.000021 seconds.
  path: Assets/Assets to Hall/50eec47be9fb4e02985864df9fdda4a2_g3d/A_233b4a0cb481459c96eec655711514f6_chestwide4dsalina_wood_Mat_Glossiness.png
  artifactKey: Guid(c52270caf272a7844a08ac1d304daaff) Importer(2089858483,192608db42251d675da83286b1cce702)
Start importing Assets/Assets to Hall/50eec47be9fb4e02985864df9fdda4a2_g3d/A_233b4a0cb481459c96eec655711514f6_chestwide4dsalina_wood_Mat_Glossiness.png using Guid(c52270caf272a7844a08ac1d304daaff) Importer(2089858483,192608db42251d675da83286b1cce702) (ScriptedImporter) -> (artifact id: 'c055d302d075dbf589df954d5bcc6342') in 0.117152 seconds
Number of updated asset objects reloaded before import = 0Number of asset objects unloaded after import = 1

========================================================================
Received Import Request.
  Time since last request: 0.000023 seconds.
  path: Assets/Assets to Hall/66ba4225efaa4de59d9a9b7086363199_g3d/R_0b7d4fc542ca4aaba95b54cd7e00ac06_chesterfield_sofa_wood_mat_Roughness.png
  artifactKey: Guid(b6572c43fa38fa143aee412d05abfcc3) Importer(2089858483,192608db42251d675da83286b1cce702)
Start importing Assets/Assets to Hall/66ba4225efaa4de59d9a9b7086363199_g3d/R_0b7d4fc542ca4aaba95b54cd7e00ac06_chesterfield_sofa_wood_mat_Roughness.png using Guid(b6572c43fa38fa143aee412d05abfcc3) Importer(2089858483,192608db42251d675da83286b1cce702) (ScriptedImporter) -> (artifact id: 'c0dd7a36d1c3c7f8869d01c24d6a298c') in 0.0353515 seconds
Number of updated asset objects reloaded before import = 0Number of asset objects unloaded after import = 1

========================================================================
Received Import Request.
  Time since last request: 0.000028 seconds.
  path: Assets/Assets to Hall/8a20955f587c4af782c12bc0b56a191a_g3d/R_ea39819689474734aef97fd70830aba0_plastic_Mat_roughness.png
  artifactKey: Guid(27db870a4c2e3d049b15837e6b5d7611) Importer(2089858483,192608db42251d675da83286b1cce702)
Start importing Assets/Assets to Hall/8a20955f587c4af782c12bc0b56a191a_g3d/R_ea39819689474734aef97fd70830aba0_plastic_Mat_roughness.png using Guid(27db870a4c2e3d049b15837e6b5d7611) Importer(2089858483,192608db42251d675da83286b1cce702) (ScriptedImporter) -> (artifact id: '7d3036c7f3590cf7d62881735672c570') in 0.0371279 seconds
Number of updated asset objects reloaded before import = 0Number of asset objects unloaded after import = 1

========================================================================
Received Import Request.
  Time since last request: 0.000020 seconds.
  path: Assets/model.g3d
  artifactKey: Guid(f1b7f376d4863634b9717824dedfe69f) Importer(2089858483,192608db42251d675da83286b1cce702)
Start importing Assets/model.g3d using Guid(f1b7f376d4863634b9717824dedfe69f) Importer(2089858483,192608db42251d675da83286b1cce702) (ScriptedImporter) -> (artifact id: '0308f9ed3e2a23544b8ac7695ce94945') in 0.014685 seconds
Number of updated asset objects reloaded before import = 0Number of asset objects unloaded after import = 1

========================================================================
Received Import Request.
  Time since last request: 0.000015 seconds.
  path: Assets/Assets to Hall/50eec47be9fb4e02985864df9fdda4a2_g3d/thumbnail.jpg
  artifactKey: Guid(a9021d0379525184289a40b4b7ea51e3) Importer(2089858483,192608db42251d675da83286b1cce702)
Start importing Assets/Assets to Hall/50eec47be9fb4e02985864df9fdda4a2_g3d/thumbnail.jpg using Guid(a9021d0379525184289a40b4b7ea51e3) Importer(2089858483,192608db42251d675da83286b1cce702) (ScriptedImporter) -> (artifact id: '93aafb698567f262c76995dde4cb726f') in 0.0324651 seconds
Number of updated asset objects reloaded before import = 0Number of asset objects unloaded after import = 1

========================================================================
Received Import Request.
  Time since last request: 0.000018 seconds.
  path: Assets/Assets to Hall/S3U721ONUFKDZCRB3RLGLURVW_obj/285s.jpg
  artifactKey: Guid(ee1d6bd950ab4ea4db090e1f4af61bc2) Importer(2089858483,192608db42251d675da83286b1cce702)
Start importing Assets/Assets to Hall/S3U721ONUFKDZCRB3RLGLURVW_obj/285s.jpg using Guid(ee1d6bd950ab4ea4db090e1f4af61bc2) Importer(2089858483,192608db42251d675da83286b1cce702) (ScriptedImporter) -> (artifact id: '7ae4086a508eae65fd0fc8ac335eae6a') in 0.0297094 seconds
Number of updated asset objects reloaded before import = 0Number of asset objects unloaded after import = 1

========================================================================
Received Import Request.
  Time since last request: 0.000026 seconds.
  path: Assets/Assets to Hall/f3cc920626af4f7ba357e706f8837bf1_g3d/thumbnail.jpg
  artifactKey: Guid(f7bff110242ae0942b3631462e693497) Importer(2089858483,192608db42251d675da83286b1cce702)
Start importing Assets/Assets to Hall/f3cc920626af4f7ba357e706f8837bf1_g3d/thumbnail.jpg using Guid(f7bff110242ae0942b3631462e693497) Importer(2089858483,192608db42251d675da83286b1cce702) (ScriptedImporter) -> (artifact id: '4d25412ec8c6096aacfbeaec7493235b') in 0.0298868 seconds
Number of updated asset objects reloaded before import = 0Number of asset objects unloaded after import = 1

========================================================================
Received Import Request.
  Time since last request: 0.000016 seconds.
  path: Assets/Assets to Hall/5ff1b95a028f4ff49056035a6262df19_g3d/model.mtl
  artifactKey: Guid(69197af487d2902408d34099668cbc9b) Importer(2089858483,192608db42251d675da83286b1cce702)
Start importing Assets/Assets to Hall/5ff1b95a028f4ff49056035a6262df19_g3d/model.mtl using Guid(69197af487d2902408d34099668cbc9b) Importer(2089858483,192608db42251d675da83286b1cce702) (ScriptedImporter) -> (artifact id: 'e830e81cadd221dbdbf00de12192abb4') in 0.0119853 seconds
Number of updated asset objects reloaded before import = 0Number of asset objects unloaded after import = 1

========================================================================
Received Import Request.
  Time since last request: 0.000016 seconds.
  path: Assets/Assets to Hall/S3U721ONUFKDZCRB3RLGLURVW_obj/S3U721ONUFKDZCRB3RLGLURVW.mtl
  artifactKey: Guid(d602bcf86f0e493448c3abbc637cfbf7) Importer(2089858483,192608db42251d675da83286b1cce702)
Start importing Assets/Assets to Hall/S3U721ONUFKDZCRB3RLGLURVW_obj/S3U721ONUFKDZCRB3RLGLURVW.mtl using Guid(d602bcf86f0e493448c3abbc637cfbf7) Importer(2089858483,192608db42251d675da83286b1cce702) (ScriptedImporter) -> (artifact id: 'c7efa3d6b8111fe33f3adb33ad6bd92a') in 0.0143626 seconds
Number of updated asset objects reloaded before import = 0Number of asset objects unloaded after import = 1

========================================================================
Received Import Request.
  Time since last request: 0.000017 seconds.
  path: Assets/Assets to Hall/8a20955f587c4af782c12bc0b56a191a_g3d/R_7f7b3bc4c4694806a055a9f6910087dc_plastic_Mat_metallic.png
  artifactKey: Guid(5d54ed8b351abce43a41fbcda33025cc) Importer(2089858483,192608db42251d675da83286b1cce702)
Start importing Assets/Assets to Hall/8a20955f587c4af782c12bc0b56a191a_g3d/R_7f7b3bc4c4694806a055a9f6910087dc_plastic_Mat_metallic.png using Guid(5d54ed8b351abce43a41fbcda33025cc) Importer(2089858483,192608db42251d675da83286b1cce702) (ScriptedImporter) -> (artifact id: 'afc1e17f7bbc58cf88873bf7c7fc7705') in 0.0400493 seconds
Number of updated asset objects reloaded before import = 0Number of asset objects unloaded after import = 1

========================================================================
Received Import Request.
  Time since last request: 0.000020 seconds.
  path: Assets/Assets to Hall/S3U721ONUFKDZCRB3RLGLURVW_obj
  artifactKey: Guid(0c9299745932bea47a7f9d8af82c115a) Importer(2089858483,192608db42251d675da83286b1cce702)
Start importing Assets/Assets to Hall/S3U721ONUFKDZCRB3RLGLURVW_obj using Guid(0c9299745932bea47a7f9d8af82c115a) Importer(2089858483,192608db42251d675da83286b1cce702) (ScriptedImporter) -> (artifact id: 'd24be8510122f6d24267f24e94d6893b') in 0.0142032 seconds
Number of updated asset objects reloaded before import = 0Number of asset objects unloaded after import = 1

========================================================================
Received Import Request.
  Time since last request: 0.000025 seconds.
  path: Assets/Assets to Hall/66ba4225efaa4de59d9a9b7086363199_g3d/N_6a9f6002fb7843ceaf1c1f3e0b5e74bf_chesterfield_sofa_wood_mat_Normal.png
  artifactKey: Guid(ab18c28bcf1c9c8478116c919bd0ba25) Importer(2089858483,192608db42251d675da83286b1cce702)
Start importing Assets/Assets to Hall/66ba4225efaa4de59d9a9b7086363199_g3d/N_6a9f6002fb7843ceaf1c1f3e0b5e74bf_chesterfield_sofa_wood_mat_Normal.png using Guid(ab18c28bcf1c9c8478116c919bd0ba25) Importer(2089858483,192608db42251d675da83286b1cce702) (ScriptedImporter) -> (artifact id: '88e2dbaff344d60cfc25d37de1c5ebbb') in 0.0317622 seconds
Number of updated asset objects reloaded before import = 0Number of asset objects unloaded after import = 1

========================================================================
Received Import Request.
  Time since last request: 0.000016 seconds.
  path: Assets/Assets to Hall/S3U721ONUFKDZCRB3RLGLURVW_obj/default-grey.jpg
  artifactKey: Guid(ef0c892fa6e1b474b940313cc9b977cc) Importer(2089858483,192608db42251d675da83286b1cce702)
Start importing Assets/Assets to Hall/S3U721ONUFKDZCRB3RLGLURVW_obj/default-grey.jpg using Guid(ef0c892fa6e1b474b940313cc9b977cc) Importer(2089858483,192608db42251d675da83286b1cce702) (ScriptedImporter) -> (artifact id: '8d5010089cf358be81fd21477d7faa1f') in 0.0330922 seconds
Number of updated asset objects reloaded before import = 0Number of asset objects unloaded after import = 1

========================================================================
Received Import Request.
  Time since last request: 0.000017 seconds.
  path: Assets/Assets to Hall/S3U721ONUFKDZCRB3RLGLURVW_obj/S3U721ONUFKDZCRB3RLGLURVW.jpg
  artifactKey: Guid(7a3ed1582c8cc2544bfcf67c90f095eb) Importer(2089858483,192608db42251d675da83286b1cce702)
Start importing Assets/Assets to Hall/S3U721ONUFKDZCRB3RLGLURVW_obj/S3U721ONUFKDZCRB3RLGLURVW.jpg using Guid(7a3ed1582c8cc2544bfcf67c90f095eb) Importer(2089858483,192608db42251d675da83286b1cce702) (ScriptedImporter) -> (artifact id: '3114d51f7a33cb95f6c9833ea915a7fa') in 0.0420802 seconds
Number of updated asset objects reloaded before import = 0Number of asset objects unloaded after import = 1

========================================================================
Received Import Request.
  Time since last request: 0.000022 seconds.
  path: Assets/Assets to Hall/80JPJJ3CHR8Q97JWHULICPCMV_obj/color_0.227451-0.227451-0.227451.jpg
  artifactKey: Guid(f7c060dc2ab427f489e6f0256731a600) Importer(2089858483,192608db42251d675da83286b1cce702)
Start importing Assets/Assets to Hall/80JPJJ3CHR8Q97JWHULICPCMV_obj/color_0.227451-0.227451-0.227451.jpg using Guid(f7c060dc2ab427f489e6f0256731a600) Importer(2089858483,192608db42251d675da83286b1cce702) (ScriptedImporter) -> (artifact id: '30dd36b9d30cb3462510ff55ee022e9d') in 0.0442096 seconds
Number of updated asset objects reloaded before import = 0Number of asset objects unloaded after import = 1

========================================================================
Received Import Request.
  Time since last request: 0.000030 seconds.
  path: Assets/Assets to Hall/50eec47be9fb4e02985864df9fdda4a2_g3d
  artifactKey: Guid(ce9d282dce5c7e349a443fa44aa82494) Importer(2089858483,192608db42251d675da83286b1cce702)
Start importing Assets/Assets to Hall/50eec47be9fb4e02985864df9fdda4a2_g3d using Guid(ce9d282dce5c7e349a443fa44aa82494) Importer(2089858483,192608db42251d675da83286b1cce702) (ScriptedImporter) -> (artifact id: '187aa80cc107fefc5f137aad4e79a550') in 0.0140163 seconds
Number of updated asset objects reloaded before import = 0Number of asset objects unloaded after import = 1

========================================================================
Received Import Request.
  Time since last request: 0.000017 seconds.
  path: Assets/Assets to Hall/80JPJJ3CHR8Q97JWHULICPCMV_obj/80JPJJ3CHR8Q97JWHULICPCMV.obj
  artifactKey: Guid(033509bb74032f646b55a5d1ad887f94) Importer(2089858483,192608db42251d675da83286b1cce702)
Start importing Assets/Assets to Hall/80JPJJ3CHR8Q97JWHULICPCMV_obj/80JPJJ3CHR8Q97JWHULICPCMV.obj using Guid(033509bb74032f646b55a5d1ad887f94) Importer(2089858483,192608db42251d675da83286b1cce702) (ScriptedImporter) -> (artifact id: '2b17edf353e4176ab792e3aba3476b12') in 0.1668645 seconds
Number of updated asset objects reloaded before import = 0Number of asset objects unloaded after import = 47

========================================================================
Received Import Request.
  Time since last request: 0.000021 seconds.
  path: Assets/Assets to Hall/cc437d1aa4ac458eb7df6f51c9f99ed9_g3d/Materials/thumbnail.mat
  artifactKey: Guid(c647134ee36da4343bbe66b7b48ffb2d) Importer(2089858483,192608db42251d675da83286b1cce702)
Start importing Assets/Assets to Hall/cc437d1aa4ac458eb7df6f51c9f99ed9_g3d/Materials/thumbnail.mat using Guid(c647134ee36da4343bbe66b7b48ffb2d) Importer(2089858483,192608db42251d675da83286b1cce702) (ScriptedImporter) -> (artifact id: '7e32fe2a3d3063043b3df846752e6421') in 0.0236532 seconds
Number of updated asset objects reloaded before import = 0Number of asset objects unloaded after import = 2

========================================================================
Received Import Request.
  Time since last request: 0.000029 seconds.
  path: Assets/Assets to Hall/80JPJJ3CHR8Q97JWHULICPCMV_obj/default-grey.jpg
  artifactKey: Guid(2244442571b0de943b7c610e52009edb) Importer(2089858483,192608db42251d675da83286b1cce702)
Start importing Assets/Assets to Hall/80JPJJ3CHR8Q97JWHULICPCMV_obj/default-grey.jpg using Guid(2244442571b0de943b7c610e52009edb) Importer(2089858483,192608db42251d675da83286b1cce702) (ScriptedImporter) -> (artifact id: '2e2e44c5309641420251bcc04c262b86') in 0.0357726 seconds
Number of updated asset objects reloaded before import = 0Number of asset objects unloaded after import = 1

========================================================================
Received Import Request.
  Time since last request: 0.000018 seconds.
  path: Assets/thumbnail.jpg
  artifactKey: Guid(8a43dc158d66c0d488a3f9d9c7c20a1f) Importer(2089858483,192608db42251d675da83286b1cce702)
Start importing Assets/thumbnail.jpg using Guid(8a43dc158d66c0d488a3f9d9c7c20a1f) Importer(2089858483,192608db42251d675da83286b1cce702) (ScriptedImporter) -> (artifact id: '4439e460ceadcb963428a8a4b820cea6') in 0.0307849 seconds
Number of updated asset objects reloaded before import = 0Number of asset objects unloaded after import = 1

========================================================================
Received Import Request.
  Time since last request: 0.000015 seconds.
  path: Assets/Assets to Hall/8a20955f587c4af782c12bc0b56a191a_g3d/thumbnail.jpg
  artifactKey: Guid(8361f4896deafee429fa7bbb28daa1f8) Importer(2089858483,192608db42251d675da83286b1cce702)
Start importing Assets/Assets to Hall/8a20955f587c4af782c12bc0b56a191a_g3d/thumbnail.jpg using Guid(8361f4896deafee429fa7bbb28daa1f8) Importer(2089858483,192608db42251d675da83286b1cce702) (ScriptedImporter) -> (artifact id: '40b8cdc56a92ff00337f0c300af43ab9') in 0.035314 seconds
Number of updated asset objects reloaded before import = 0Number of asset objects unloaded after import = 1

========================================================================
Received Import Request.
  Time since last request: 0.000020 seconds.
  path: Assets/Assets to Hall/d9438169e57b4b4399e0e1b2aabe70b8_g3d/RGB_6490ff31211142bba36206d5cc2c263f_M_Wood-Walnut2.png
  artifactKey: Guid(e82f10e2a31331b4bb3a818105b81e15) Importer(2089858483,192608db42251d675da83286b1cce702)
Start importing Assets/Assets to Hall/d9438169e57b4b4399e0e1b2aabe70b8_g3d/RGB_6490ff31211142bba36206d5cc2c263f_M_Wood-Walnut2.png using Guid(e82f10e2a31331b4bb3a818105b81e15) Importer(2089858483,192608db42251d675da83286b1cce702) (ScriptedImporter) -> (artifact id: '0c6378292fad2fd97009b3783dafc30f') in 0.043974 seconds
Number of updated asset objects reloaded before import = 0Number of asset objects unloaded after import = 1

========================================================================
Received Import Request.
  Time since last request: 0.000028 seconds.
  path: Assets/Assets to Hall/c7aa17e655f64e1391e5d689b7b00fa5_g3d/How to Convert (Obj Fbx...).txt
  artifactKey: Guid(c5653eea7becf484d9938e61ecb8f38a) Importer(2089858483,192608db42251d675da83286b1cce702)
Start importing Assets/Assets to Hall/c7aa17e655f64e1391e5d689b7b00fa5_g3d/How to Convert (Obj Fbx...).txt using Guid(c5653eea7becf484d9938e61ecb8f38a) Importer(2089858483,192608db42251d675da83286b1cce702) (ScriptedImporter) -> (artifact id: 'a1e80e466e1e7494fc2748cebdd55bfe') in 0.0147964 seconds
Number of updated asset objects reloaded before import = 0Number of asset objects unloaded after import = 1

========================================================================
Received Import Request.
  Time since last request: 0.000046 seconds.
  path: Assets/RGB_0d0196b33d6e4248b4118a1683e2793e_1_albedo.png
  artifactKey: Guid(efcda5524b825d846bb42ccd49284d13) Importer(2089858483,192608db42251d675da83286b1cce702)
Start importing Assets/RGB_0d0196b33d6e4248b4118a1683e2793e_1_albedo.png using Guid(efcda5524b825d846bb42ccd49284d13) Importer(2089858483,192608db42251d675da83286b1cce702) (ScriptedImporter) -> (artifact id: '3ac623201b96acd4851ae037bb6da058') in 0.0369112 seconds
Number of updated asset objects reloaded before import = 0Number of asset objects unloaded after import = 1

========================================================================
Received Import Request.
  Time since last request: 0.000019 seconds.
  path: Assets/Assets to Hall/9d5b8e312c5c49e6a2b90df8548ec65e_g3d/model.mtl
  artifactKey: Guid(63bd8030f89f94f4790d6ada202d26e5) Importer(2089858483,192608db42251d675da83286b1cce702)
Start importing Assets/Assets to Hall/9d5b8e312c5c49e6a2b90df8548ec65e_g3d/model.mtl using Guid(63bd8030f89f94f4790d6ada202d26e5) Importer(2089858483,192608db42251d675da83286b1cce702) (ScriptedImporter) -> (artifact id: 'ca83ad4c0752565238592067bac24106') in 0.0144642 seconds
Number of updated asset objects reloaded before import = 0Number of asset objects unloaded after import = 1

========================================================================
Received Import Request.
  Time since last request: 0.000020 seconds.
  path: Assets/Assets to Hall/c7aa17e655f64e1391e5d689b7b00fa5_g3d/R_aababf1b1e17480f82800bbb5bcb42ff_flowers_01_Material__3_Metallic.png
  artifactKey: Guid(39f928e31b9bea643a4434a04599aa50) Importer(2089858483,192608db42251d675da83286b1cce702)
Start importing Assets/Assets to Hall/c7aa17e655f64e1391e5d689b7b00fa5_g3d/R_aababf1b1e17480f82800bbb5bcb42ff_flowers_01_Material__3_Metallic.png using Guid(39f928e31b9bea643a4434a04599aa50) Importer(2089858483,192608db42251d675da83286b1cce702) (ScriptedImporter) -> (artifact id: '9153763f9a8687fcfe2ba2e6aa0e79dd') in 0.0359632 seconds
Number of updated asset objects reloaded before import = 0Number of asset objects unloaded after import = 1

========================================================================
Received Import Request.
  Time since last request: 0.000024 seconds.
  path: Assets/Assets to Hall/50eec47be9fb4e02985864df9fdda4a2_g3d/model.g3d
  artifactKey: Guid(2a8df90db25763c4bb940c3f980039d2) Importer(2089858483,192608db42251d675da83286b1cce702)
Start importing Assets/Assets to Hall/50eec47be9fb4e02985864df9fdda4a2_g3d/model.g3d using Guid(2a8df90db25763c4bb940c3f980039d2) Importer(2089858483,192608db42251d675da83286b1cce702) (ScriptedImporter) -> (artifact id: '1f43f148e1efe0cac883f90001a14832') in 0.013959 seconds
Number of updated asset objects reloaded before import = 0Number of asset objects unloaded after import = 1

========================================================================
Received Import Request.
  Time since last request: 0.000024 seconds.
  path: Assets/Assets to Hall/c7aa17e655f64e1391e5d689b7b00fa5_g3d/R_c9c04c0a57bd411aadb07dd8878fb364_flowers_01_Material__3_Height.png
  artifactKey: Guid(87ea7c17b3b5e23489c3cc4e4c744b3f) Importer(2089858483,192608db42251d675da83286b1cce702)
Start importing Assets/Assets to Hall/c7aa17e655f64e1391e5d689b7b00fa5_g3d/R_c9c04c0a57bd411aadb07dd8878fb364_flowers_01_Material__3_Height.png using Guid(87ea7c17b3b5e23489c3cc4e4c744b3f) Importer(2089858483,192608db42251d675da83286b1cce702) (ScriptedImporter) -> (artifact id: '06279b35aeb97bd6e1c59cea823367bc') in 0.0333464 seconds
Number of updated asset objects reloaded before import = 0Number of asset objects unloaded after import = 1

========================================================================
Received Import Request.
  Time since last request: 0.000017 seconds.
  path: Assets/Assets to Hall/c7aa17e655f64e1391e5d689b7b00fa5_g3d/RGB_79f40bbba63c4fc38f8ec02d6b64a439_flowers_01_Material__3_BaseColor.png
  artifactKey: Guid(553821bc5e2070d45807fcf8ebb1af62) Importer(2089858483,192608db42251d675da83286b1cce702)
Start importing Assets/Assets to Hall/c7aa17e655f64e1391e5d689b7b00fa5_g3d/RGB_79f40bbba63c4fc38f8ec02d6b64a439_flowers_01_Material__3_BaseColor.png using Guid(553821bc5e2070d45807fcf8ebb1af62) Importer(2089858483,192608db42251d675da83286b1cce702) (ScriptedImporter) -> (artifact id: '9187433491f49f5019c08c3378ff03d0') in 0.0367487 seconds
Number of updated asset objects reloaded before import = 0Number of asset objects unloaded after import = 1

========================================================================
Received Import Request.
  Time since last request: 0.000021 seconds.
  path: Assets/Assets to Hall/50eec47be9fb4e02985864df9fdda4a2_g3d/RGB_03bd26fd19fb4b4484640b8590a9a70f_chestwide4dsalina_wood_Mat_Specular.png
  artifactKey: Guid(7da259de1abe22c4caddd4bb30923987) Importer(2089858483,192608db42251d675da83286b1cce702)
Start importing Assets/Assets to Hall/50eec47be9fb4e02985864df9fdda4a2_g3d/RGB_03bd26fd19fb4b4484640b8590a9a70f_chestwide4dsalina_wood_Mat_Specular.png using Guid(7da259de1abe22c4caddd4bb30923987) Importer(2089858483,192608db42251d675da83286b1cce702) (ScriptedImporter) -> (artifact id: '036dda0ed6d74b5654bcd80009c68fe1') in 0.0373383 seconds
Number of updated asset objects reloaded before import = 0Number of asset objects unloaded after import = 1

========================================================================
Received Import Request.
  Time since last request: 0.000018 seconds.
  path: Assets/Assets to Hall/8a20955f587c4af782c12bc0b56a191a_g3d/RGB_0af5d943a97f46b9898a4079e3e22966_metal_Mat_baseColor.png
  artifactKey: Guid(b64c2c317c474fc4aa73031c4250bca4) Importer(2089858483,192608db42251d675da83286b1cce702)
Start importing Assets/Assets to Hall/8a20955f587c4af782c12bc0b56a191a_g3d/RGB_0af5d943a97f46b9898a4079e3e22966_metal_Mat_baseColor.png using Guid(b64c2c317c474fc4aa73031c4250bca4) Importer(2089858483,192608db42251d675da83286b1cce702) (ScriptedImporter) -> (artifact id: 'd9de6ac0c6624044d82b1662aaa0e807') in 0.0386195 seconds
Number of updated asset objects reloaded before import = 0Number of asset objects unloaded after import = 1

========================================================================
Received Import Request.
  Time since last request: 0.000046 seconds.
  path: Assets/R_0e9a953d342248ff81b8acdf23360b31_2_roughness.png
  artifactKey: Guid(6a74499e8179ac14eba8982a27643ae3) Importer(2089858483,192608db42251d675da83286b1cce702)
Start importing Assets/R_0e9a953d342248ff81b8acdf23360b31_2_roughness.png using Guid(6a74499e8179ac14eba8982a27643ae3) Importer(2089858483,192608db42251d675da83286b1cce702) (ScriptedImporter) -> (artifact id: 'af670eb7fd2b5607e6ea9da2ffb62bc1') in 0.0338096 seconds
Number of updated asset objects reloaded before import = 0Number of asset objects unloaded after import = 1

========================================================================
Received Import Request.
  Time since last request: 0.000018 seconds.
  path: Assets/Assets to Hall/1b7510215e964bf297d7e668d81ffc9b_g3d(1)/R_0e9a953d342248ff81b8acdf23360b31_2_roughness.png
  artifactKey: Guid(469f56edb10829747b68564b4617b86a) Importer(2089858483,192608db42251d675da83286b1cce702)
Start importing Assets/Assets to Hall/1b7510215e964bf297d7e668d81ffc9b_g3d(1)/R_0e9a953d342248ff81b8acdf23360b31_2_roughness.png using Guid(469f56edb10829747b68564b4617b86a) Importer(2089858483,192608db42251d675da83286b1cce702) (ScriptedImporter) -> (artifact id: '28806d429f9e934f3c0846beb6e8250c') in 0.0376101 seconds
Number of updated asset objects reloaded before import = 0Number of asset objects unloaded after import = 1

========================================================================
Received Import Request.
  Time since last request: 0.000015 seconds.
  path: Assets/Assets to Hall/1b7510215e964bf297d7e668d81ffc9b_g3d(1)/A_373dbf7feb504dfb8d8f0f7c70eaf5a7_1_opacity.png
  artifactKey: Guid(f0b57d2e81e0c52418d4ea993ec84485) Importer(2089858483,192608db42251d675da83286b1cce702)
Start importing Assets/Assets to Hall/1b7510215e964bf297d7e668d81ffc9b_g3d(1)/A_373dbf7feb504dfb8d8f0f7c70eaf5a7_1_opacity.png using Guid(f0b57d2e81e0c52418d4ea993ec84485) Importer(2089858483,192608db42251d675da83286b1cce702) (ScriptedImporter) -> (artifact id: '6e003da135ce36b35e3ecefb65ad26a4') in 0.0352702 seconds
Number of updated asset objects reloaded before import = 0Number of asset objects unloaded after import = 1

========================================================================
Received Import Request.
  Time since last request: 0.000015 seconds.
  path: Assets/Assets to Hall/80JPJJ3CHR8Q97JWHULICPCMV_obj/_Wood_Cherry_Original_1.jpg
  artifactKey: Guid(3e872ee398d6ad44780f0dd15cded3cc) Importer(2089858483,192608db42251d675da83286b1cce702)
Start importing Assets/Assets to Hall/80JPJJ3CHR8Q97JWHULICPCMV_obj/_Wood_Cherry_Original_1.jpg using Guid(3e872ee398d6ad44780f0dd15cded3cc) Importer(2089858483,192608db42251d675da83286b1cce702) (ScriptedImporter) -> (artifact id: '48845cc075c4c095277d6713b3502460') in 0.0346221 seconds
Number of updated asset objects reloaded before import = 0Number of asset objects unloaded after import = 1

========================================================================
Received Import Request.
  Time since last request: 0.000027 seconds.
  path: Assets/Assets to Hall/cc437d1aa4ac458eb7df6f51c9f99ed9_g3d/R_1be8755160f84fadb4483880b5b4d9e9_T_TrayTable_Roughness.png
  artifactKey: Guid(74b664f76088cac4b90f606c8166c3ed) Importer(2089858483,192608db42251d675da83286b1cce702)
Start importing Assets/Assets to Hall/cc437d1aa4ac458eb7df6f51c9f99ed9_g3d/R_1be8755160f84fadb4483880b5b4d9e9_T_TrayTable_Roughness.png using Guid(74b664f76088cac4b90f606c8166c3ed) Importer(2089858483,192608db42251d675da83286b1cce702) (ScriptedImporter) -> (artifact id: '156c093d8b84d4a03c150f534296e99f') in 0.0343098 seconds
Number of updated asset objects reloaded before import = 0Number of asset objects unloaded after import = 1

========================================================================
Received Import Request.
  Time since last request: 0.000015 seconds.
  path: Assets/Assets to Hall/9d5b8e312c5c49e6a2b90df8548ec65e_g3d/model.g3d
  artifactKey: Guid(34a6a52c497e2304f8a11c110be9d1ad) Importer(2089858483,192608db42251d675da83286b1cce702)
Start importing Assets/Assets to Hall/9d5b8e312c5c49e6a2b90df8548ec65e_g3d/model.g3d using Guid(34a6a52c497e2304f8a11c110be9d1ad) Importer(2089858483,192608db42251d675da83286b1cce702) (ScriptedImporter) -> (artifact id: 'b39c7276e36bc99588bd32415ea86a0e') in 0.0137513 seconds
Number of updated asset objects reloaded before import = 0Number of asset objects unloaded after import = 1

========================================================================
Received Import Request.
  Time since last request: 0.000027 seconds.
  path: Assets/Assets to Hall/66ba4225efaa4de59d9a9b7086363199_g3d/How to Convert (Obj Fbx...).txt
  artifactKey: Guid(c108d710117828c4487fe18bc70e2a67) Importer(2089858483,192608db42251d675da83286b1cce702)
Start importing Assets/Assets to Hall/66ba4225efaa4de59d9a9b7086363199_g3d/How to Convert (Obj Fbx...).txt using Guid(c108d710117828c4487fe18bc70e2a67) Importer(2089858483,192608db42251d675da83286b1cce702) (ScriptedImporter) -> (artifact id: 'd8cd9d8d80ba188d3f744c3847307460') in 0.0148692 seconds
Number of updated asset objects reloaded before import = 0Number of asset objects unloaded after import = 1

========================================================================
Received Import Request.
  Time since last request: 0.000028 seconds.
  path: Assets/Assets to Hall/50eec47be9fb4e02985864df9fdda4a2_g3d/N_53a97cdd40b843eda406103ad392770a_chestwide4dsalina_wood_Mat_Normal.png
  artifactKey: Guid(695220802a96d274a892e7b20b73a988) Importer(2089858483,192608db42251d675da83286b1cce702)
Start importing Assets/Assets to Hall/50eec47be9fb4e02985864df9fdda4a2_g3d/N_53a97cdd40b843eda406103ad392770a_chestwide4dsalina_wood_Mat_Normal.png using Guid(695220802a96d274a892e7b20b73a988) Importer(2089858483,192608db42251d675da83286b1cce702) (ScriptedImporter) -> (artifact id: 'a9b05b936ce2095341f7b269d7fb9986') in 0.0524733 seconds
Number of updated asset objects reloaded before import = 0Number of asset objects unloaded after import = 1

========================================================================
Received Import Request.
  Time since last request: 0.000025 seconds.
  path: Assets/Assets to Hall/c7aa17e655f64e1391e5d689b7b00fa5_g3d/R_d71fdbc0014947e4ba9ad7e51df98fa7_flowers_01_Material__2_Roughness.png
  artifactKey: Guid(021d4f09d5b95dd42aec844c33de2b82) Importer(2089858483,192608db42251d675da83286b1cce702)
Start importing Assets/Assets to Hall/c7aa17e655f64e1391e5d689b7b00fa5_g3d/R_d71fdbc0014947e4ba9ad7e51df98fa7_flowers_01_Material__2_Roughness.png using Guid(021d4f09d5b95dd42aec844c33de2b82) Importer(2089858483,192608db42251d675da83286b1cce702) (ScriptedImporter) -> (artifact id: 'df730b5a499ecaabd404e4b776652399') in 0.0377622 seconds
Number of updated asset objects reloaded before import = 0Number of asset objects unloaded after import = 1

========================================================================
Received Import Request.
  Time since last request: 0.000017 seconds.
  path: Assets/Assets to Hall/9d5b8e312c5c49e6a2b90df8548ec65e_g3d/R_81721c3bf876446eb96c9689fd47039f_Clothes_hanger_MetallicPBR.png
  artifactKey: Guid(9c60045fd616d624887cec74493f112b) Importer(2089858483,192608db42251d675da83286b1cce702)
Start importing Assets/Assets to Hall/9d5b8e312c5c49e6a2b90df8548ec65e_g3d/R_81721c3bf876446eb96c9689fd47039f_Clothes_hanger_MetallicPBR.png using Guid(9c60045fd616d624887cec74493f112b) Importer(2089858483,192608db42251d675da83286b1cce702) (ScriptedImporter) -> (artifact id: '738d86a3fe7300762e34ec3aa65eb5ea') in 0.0347181 seconds
Number of updated asset objects reloaded before import = 0Number of asset objects unloaded after import = 1

========================================================================
Received Import Request.
  Time since last request: 0.000016 seconds.
  path: Assets/Assets to Hall/5ff1b95a028f4ff49056035a6262df19_g3d/thumbnail.jpg
  artifactKey: Guid(11834cfe2ff781b4b948b9a92da7fadd) Importer(2089858483,192608db42251d675da83286b1cce702)
Start importing Assets/Assets to Hall/5ff1b95a028f4ff49056035a6262df19_g3d/thumbnail.jpg using Guid(11834cfe2ff781b4b948b9a92da7fadd) Importer(2089858483,192608db42251d675da83286b1cce702) (ScriptedImporter) -> (artifact id: 'de5201fb1123d9513690093cffd4edb8') in 0.0347357 seconds
Number of updated asset objects reloaded before import = 0Number of asset objects unloaded after import = 1

========================================================================
Received Import Request.
  Time since last request: 0.000149 seconds.
  path: Assets/Assets to Hall/d9438169e57b4b4399e0e1b2aabe70b8_g3d/model.g3d
  artifactKey: Guid(7ce0bd6a5ad6a5042ac0842a51bb5fa4) Importer(2089858483,192608db42251d675da83286b1cce702)
Start importing Assets/Assets to Hall/d9438169e57b4b4399e0e1b2aabe70b8_g3d/model.g3d using Guid(7ce0bd6a5ad6a5042ac0842a51bb5fa4) Importer(2089858483,192608db42251d675da83286b1cce702) (ScriptedImporter) -> (artifact id: '592adc390d9fec8886643d71770472c5') in 0.0141004 seconds
Number of updated asset objects reloaded before import = 0Number of asset objects unloaded after import = 1

========================================================================
Received Import Request.
  Time since last request: 0.000027 seconds.
  path: Assets/Assets to Hall/f3cc920626af4f7ba357e706f8837bf1_g3d/How to Convert (Obj Fbx...).txt
  artifactKey: Guid(c774a646812cc624eabe69d499685676) Importer(2089858483,192608db42251d675da83286b1cce702)
Start importing Assets/Assets to Hall/f3cc920626af4f7ba357e706f8837bf1_g3d/How to Convert (Obj Fbx...).txt using Guid(c774a646812cc624eabe69d499685676) Importer(2089858483,192608db42251d675da83286b1cce702) (ScriptedImporter) -> (artifact id: 'be8a5a5d7d4136c58d00a65b2d52450f') in 0.0192458 seconds
Number of updated asset objects reloaded before import = 0Number of asset objects unloaded after import = 1

========================================================================
Received Import Request.
  Time since last request: 0.000019 seconds.
  path: Assets/Assets to Hall/c7aa17e655f64e1391e5d689b7b00fa5_g3d/N_372ccaf469874eeab3b2d81e3465b266_flowers_01_Material__3_Normal.png
  artifactKey: Guid(b9e3577249127d44ebeffab3b8ec2568) Importer(2089858483,192608db42251d675da83286b1cce702)
Start importing Assets/Assets to Hall/c7aa17e655f64e1391e5d689b7b00fa5_g3d/N_372ccaf469874eeab3b2d81e3465b266_flowers_01_Material__3_Normal.png using Guid(b9e3577249127d44ebeffab3b8ec2568) Importer(2089858483,192608db42251d675da83286b1cce702) (ScriptedImporter) -> (artifact id: '1940445e73bd5b3cf940c0a812f45f84') in 0.0400944 seconds
Number of updated asset objects reloaded before import = 0Number of asset objects unloaded after import = 1

========================================================================
Received Import Request.
  Time since last request: 5.261124 seconds.
  path: Assets/Assets to Hall/8a20955f587c4af782c12bc0b56a191a_g3d/New Folder
  artifactKey: Guid(43f502e2109c5f4468648d297dc6c805) Importer(815301076,1909f56bfc062723c751e8b465ee728b)
Start importing Assets/Assets to Hall/8a20955f587c4af782c12bc0b56a191a_g3d/New Folder using Guid(43f502e2109c5f4468648d297dc6c805) Importer(815301076,1909f56bfc062723c751e8b465ee728b) (PreviewImporter) -> (artifact id: '28c63f44dc4231245a983fda9c41ae97') in 0.0006008 seconds
Number of updated asset objects reloaded before import = 0Number of asset objects unloaded after import = 0

========================================================================
Received Import Request.
  Time since last request: 190.306575 seconds.
  path: Assets/Assets to Hall/50eec47be9fb4e02985864df9fdda4a2_g3d/How to Convert (Obj Fbx...).txt
  artifactKey: Guid(9b8873fe199b820418d0165a01ba6fd1) Importer(815301076,1909f56bfc062723c751e8b465ee728b)
Start importing Assets/Assets to Hall/50eec47be9fb4e02985864df9fdda4a2_g3d/How to Convert (Obj Fbx...).txt using Guid(9b8873fe199b820418d0165a01ba6fd1) Importer(815301076,1909f56bfc062723c751e8b465ee728b) (PreviewImporter) -> (artifact id: 'ba18e359ac506919032e0cdf18754136') in 0.0199739 seconds
Number of updated asset objects reloaded before import = 0Number of asset objects unloaded after import = 1

========================================================================
Received Import Request.
  Time since last request: 24.627787 seconds.
  path: Assets/Assets to Hall/9d5b8e312c5c49e6a2b90df8548ec65e_g3d
  artifactKey: Guid(ea9a7120ac2bebb4092caff4c16f6a9e) Importer(815301076,1909f56bfc062723c751e8b465ee728b)
Start importing Assets/Assets to Hall/9d5b8e312c5c49e6a2b90df8548ec65e_g3d using Guid(ea9a7120ac2bebb4092caff4c16f6a9e) Importer(815301076,1909f56bfc062723c751e8b465ee728b) (PreviewImporter) -> (artifact id: 'c6a8b22d06872e23c66eb6ad1cea36e7') in 0.0006395 seconds
Number of updated asset objects reloaded before import = 0Number of asset objects unloaded after import = 0

========================================================================
Received Import Request.
  Time since last request: 0.003263 seconds.
  path: Assets/Assets to Hall/9d5b8e312c5c49e6a2b90df8548ec65e_g3d/N_2a51223d69bc4da9a7759af33f760bc5_Cloth_NormalDirectX.png
  artifactKey: Guid(21eff5a913afbc54abf2e5340e33a74c) Importer(815301076,1909f56bfc062723c751e8b465ee728b)
Start importing Assets/Assets to Hall/9d5b8e312c5c49e6a2b90df8548ec65e_g3d/N_2a51223d69bc4da9a7759af33f760bc5_Cloth_NormalDirectX.png using Guid(21eff5a913afbc54abf2e5340e33a74c) Importer(815301076,1909f56bfc062723c751e8b465ee728b) (PreviewImporter) -> (artifact id: '8caa84d6a85e1cff5b83ba0af655337e') in 0.06167 seconds
Number of updated asset objects reloaded before import = 0Number of asset objects unloaded after import = 2

========================================================================
Received Import Request.
  Time since last request: 0.000023 seconds.
  path: Assets/Assets to Hall/9d5b8e312c5c49e6a2b90df8548ec65e_g3d/R_7529780a45ef4f6caf95c7884430943b_Cloth_MetallicPBR.png
  artifactKey: Guid(db85630e1fbe2d04ba578979e44dbd3f) Importer(815301076,1909f56bfc062723c751e8b465ee728b)
Start importing Assets/Assets to Hall/9d5b8e312c5c49e6a2b90df8548ec65e_g3d/R_7529780a45ef4f6caf95c7884430943b_Cloth_MetallicPBR.png using Guid(db85630e1fbe2d04ba578979e44dbd3f) Importer(815301076,1909f56bfc062723c751e8b465ee728b) (PreviewImporter) -> (artifact id: 'a5cdec5ef5efc7d16b335dfac8b61fa6') in 0.0364742 seconds
Number of updated asset objects reloaded before import = 0Number of asset objects unloaded after import = 2

========================================================================
Received Import Request.
  Time since last request: 0.000029 seconds.
  path: Assets/Assets to Hall/9d5b8e312c5c49e6a2b90df8548ec65e_g3d/R_5b371e08f52649dc84263776558e0399_Clothes_hanger_RoughnessPBR.png
  artifactKey: Guid(de237186c12955e4abf3335c7e1fb609) Importer(815301076,1909f56bfc062723c751e8b465ee728b)
Start importing Assets/Assets to Hall/9d5b8e312c5c49e6a2b90df8548ec65e_g3d/R_5b371e08f52649dc84263776558e0399_Clothes_hanger_RoughnessPBR.png using Guid(de237186c12955e4abf3335c7e1fb609) Importer(815301076,1909f56bfc062723c751e8b465ee728b) (PreviewImporter) -> (artifact id: 'f7ed08acf695f11f1f4f924e95e9543b') in 0.0354171 seconds
Number of updated asset objects reloaded before import = 0Number of asset objects unloaded after import = 2

========================================================================
Received Import Request.
  Time since last request: 0.000025 seconds.
  path: Assets/Assets to Hall/9d5b8e312c5c49e6a2b90df8548ec65e_g3d/R_fe0af6e512a242c48cc52e56f74a7f3b_Cloth_AO.png
  artifactKey: Guid(8979421e3695c364a9b9c43fb121bfa7) Importer(815301076,1909f56bfc062723c751e8b465ee728b)
Start importing Assets/Assets to Hall/9d5b8e312c5c49e6a2b90df8548ec65e_g3d/R_fe0af6e512a242c48cc52e56f74a7f3b_Cloth_AO.png using Guid(8979421e3695c364a9b9c43fb121bfa7) Importer(815301076,1909f56bfc062723c751e8b465ee728b) (PreviewImporter) -> (artifact id: '96d830d3f69ea353f6ac1774c4073d13') in 0.0422698 seconds
Number of updated asset objects reloaded before import = 0Number of asset objects unloaded after import = 2

========================================================================
Received Import Request.
  Time since last request: 0.000019 seconds.
  path: Assets/Assets to Hall/9d5b8e312c5c49e6a2b90df8548ec65e_g3d/R_81721c3bf876446eb96c9689fd47039f_Clothes_hanger_MetallicPBR.png
  artifactKey: Guid(9c60045fd616d624887cec74493f112b) Importer(815301076,1909f56bfc062723c751e8b465ee728b)
Start importing Assets/Assets to Hall/9d5b8e312c5c49e6a2b90df8548ec65e_g3d/R_81721c3bf876446eb96c9689fd47039f_Clothes_hanger_MetallicPBR.png using Guid(9c60045fd616d624887cec74493f112b) Importer(815301076,1909f56bfc062723c751e8b465ee728b) (PreviewImporter) -> (artifact id: '99f3c203c10b266ea4f841a62d8ab75f') in 0.0186617 seconds
Number of updated asset objects reloaded before import = 0Number of asset objects unloaded after import = 2

========================================================================
Received Import Request.
  Time since last request: 0.000018 seconds.
  path: Assets/Assets to Hall/9d5b8e312c5c49e6a2b90df8548ec65e_g3d/R_14794036b9c14842b75d22f8e8b5f29b_Cloth_RoughnessPBR.png
  artifactKey: Guid(9b8225623bd555f49ab16b0a5d698ffc) Importer(815301076,1909f56bfc062723c751e8b465ee728b)
Start importing Assets/Assets to Hall/9d5b8e312c5c49e6a2b90df8548ec65e_g3d/R_14794036b9c14842b75d22f8e8b5f29b_Cloth_RoughnessPBR.png using Guid(9b8225623bd555f49ab16b0a5d698ffc) Importer(815301076,1909f56bfc062723c751e8b465ee728b) (PreviewImporter) -> (artifact id: 'd9650258f7cd6704f6a63c42582e1e6f') in 0.0192467 seconds
Number of updated asset objects reloaded before import = 0Number of asset objects unloaded after import = 2

========================================================================
Received Import Request.
  Time since last request: 855.992653 seconds.
  path: Assets/A_373dbf7feb504dfb8d8f0f7c70eaf5a7_1_opacity.png
  artifactKey: Guid(7ebfd6f26e5998143a06623f74b58914) Importer(815301076,1909f56bfc062723c751e8b465ee728b)
Start importing Assets/A_373dbf7feb504dfb8d8f0f7c70eaf5a7_1_opacity.png using Guid(7ebfd6f26e5998143a06623f74b58914) Importer(815301076,1909f56bfc062723c751e8b465ee728b) (PreviewImporter) -> (artifact id: '7d1ecdc48a746914983970ac287d3f33') in 0.0133126 seconds
Number of updated asset objects reloaded before import = 0Number of asset objects unloaded after import = 2

========================================================================
Received Import Request.
  Time since last request: 0.000050 seconds.
  path: Assets/N_368c7fe3e843401b9b7e902ab18ec66d_1_normal.png
  artifactKey: Guid(5e3b2d8a75dea104c929187e764e795a) Importer(815301076,1909f56bfc062723c751e8b465ee728b)
Start importing Assets/N_368c7fe3e843401b9b7e902ab18ec66d_1_normal.png using Guid(5e3b2d8a75dea104c929187e764e795a) Importer(815301076,1909f56bfc062723c751e8b465ee728b) (PreviewImporter) -> (artifact id: '0301c9656c11b902901e459a02503ae8') in 0.0088971 seconds
Number of updated asset objects reloaded before import = 0Number of asset objects unloaded after import = 2

========================================================================
Received Import Request.
  Time since last request: 0.000020 seconds.
  path: Assets/A_e2810b97767646228162b387ceeefcb7_1_metallic.png
  artifactKey: Guid(9c85cfa7a2330f043ad0f9ecea8c0b67) Importer(815301076,1909f56bfc062723c751e8b465ee728b)
Start importing Assets/A_e2810b97767646228162b387ceeefcb7_1_metallic.png using Guid(9c85cfa7a2330f043ad0f9ecea8c0b67) Importer(815301076,1909f56bfc062723c751e8b465ee728b) (PreviewImporter) -> (artifact id: '44ed0549feaeb728ad3835a41af785ff') in 0.0111352 seconds
Number of updated asset objects reloaded before import = 0Number of asset objects unloaded after import = 2

========================================================================
Received Import Request.
  Time since last request: 3.133993 seconds.
  path: Assets/UnityTechnologies/Basic Asset Pack Interior/Models/PlantSnakeLarge.FBX
  artifactKey: Guid(9d5cb14ab3a6a4a4da95fcf86af268da) Importer(815301076,1909f56bfc062723c751e8b465ee728b)
Start importing Assets/UnityTechnologies/Basic Asset Pack Interior/Models/PlantSnakeLarge.FBX using Guid(9d5cb14ab3a6a4a4da95fcf86af268da) Importer(815301076,1909f56bfc062723c751e8b465ee728b) (PreviewImporter) -> (artifact id: '234ed54ae642f612a4452fed26a3553e') in 0.5328582 seconds
Number of updated asset objects reloaded before import = 0Number of asset objects unloaded after import = 7

========================================================================
Received Import Request.
  Time since last request: 8.212224 seconds.
  path: Assets/Scenes/FinalScenes/Scene HALL.unity
  artifactKey: Guid(84fb9adbc3e2e9e4ead8055f67566bcf) Importer(815301076,1909f56bfc062723c751e8b465ee728b)
Start importing Assets/Scenes/FinalScenes/Scene HALL.unity using Guid(84fb9adbc3e2e9e4ead8055f67566bcf) Importer(815301076,1909f56bfc062723c751e8b465ee728b) (PreviewImporter) -> (artifact id: 'b95e3c9eacae19f9b0ad04c60799ad63') in 0.0006682 seconds
Number of updated asset objects reloaded before import = 0Number of asset objects unloaded after import = 0

========================================================================
Received Import Request.
  Time since last request: 0.481655 seconds.
  path: Assets/Scenes/FinalScenes/Scene HALL.unity
  artifactKey: Guid(84fb9adbc3e2e9e4ead8055f67566bcf) Importer(2089858483,192608db42251d675da83286b1cce702)
Start importing Assets/Scenes/FinalScenes/Scene HALL.unity using Guid(84fb9adbc3e2e9e4ead8055f67566bcf) Importer(2089858483,192608db42251d675da83286b1cce702) (ScriptedImporter) -> (artifact id: '3f8b0bd4426c59d2d9d9f06fc82e6227') in 0.0220019 seconds
Number of updated asset objects reloaded before import = 0Number of asset objects unloaded after import = 1

========================================================================
Received Import Request.
  Time since last request: 3.481038 seconds.
  path: Assets/Scenes/FinalScenes/Room 1(Outdoor).unity
  artifactKey: Guid(64fbeab639cef334c9263d5d97ce4a73) Importer(815301076,1909f56bfc062723c751e8b465ee728b)
Start importing Assets/Scenes/FinalScenes/Room 1(Outdoor).unity using Guid(64fbeab639cef334c9263d5d97ce4a73) Importer(815301076,1909f56bfc062723c751e8b465ee728b) (PreviewImporter) -> (artifact id: '8cd4e79c1048eaf9fbaa31f50dba558a') in 0.0007061 seconds
Number of updated asset objects reloaded before import = 0Number of asset objects unloaded after import = 0

========================================================================
Received Prepare
Begin MonoManager ReloadAssembly
[Licensing::Client] Successfully resolved entitlement details
- Loaded All Assemblies, in  0.874 seconds
Refreshing native plugins compatible for Editor in 1.06 ms, found 3 plugins.
Native extension for LinuxStandalone target not found
Native extension for WindowsStandalone target not found
Native extension for WebGL target not found
[Package Manager] Failed to launch server process. Reason: Unity was launched with the -noUpm command-line argument
[Package Manager] Unable to send message (not connected to server process).
[Package Manager] Cannot connect to Unity Package Manager local server
Mono: successfully reloaded assembly
- Finished resetting the current domain, in  1.105 seconds
Domain Reload Profiling: 1981ms
	BeginReloadAssembly (245ms)
		ExecutionOrderSort (0ms)
		DisableScriptedObjects (28ms)
		BackupInstance (0ms)
		ReleaseScriptingObjects (0ms)
		CreateAndSetChildDomain (81ms)
	RebuildCommonClasses (46ms)
	RebuildNativeTypeToScriptingClass (19ms)
	initialDomainReloadingComplete (35ms)
	LoadAllAssembliesAndSetupDomain (531ms)
		LoadAssemblies (404ms)
		RebuildTransferFunctionScriptingTraits (0ms)
		AnalyzeDomain (203ms)
			TypeCache.Refresh (7ms)
				TypeCache.ScanAssembly (0ms)
			BuildScriptInfoCaches (177ms)
			ResolveRequiredComponents (15ms)
	FinalizeReload (1105ms)
		ReleaseScriptCaches (0ms)
		RebuildScriptCaches (0ms)
		SetupLoadedEditorAssemblies (912ms)
			LogAssemblyErrors (0ms)
			InitializePlatformSupportModulesInManaged (4ms)
			SetLoadedEditorAssemblies (9ms)
			BeforeProcessingInitializeOnLoad (274ms)
			ProcessInitializeOnLoadAttributes (548ms)
			ProcessInitializeOnLoadMethodAttributes (67ms)
			AfterProcessingInitializeOnLoad (9ms)
			EditorAssembliesLoaded (0ms)
		ExecutionOrderSort2 (0ms)
		AwakeInstancesAfterBackupRestoration (22ms)
Refreshing native plugins compatible for Editor in 1.18 ms, found 3 plugins.
Preloading 0 native plugins for Editor in 0.00 ms.
Unloading 16 Unused Serialized files (Serialized files now loaded: 0)
Unloading 6138 unused Assets / (4.7 MB). Loaded Objects now: 7006.
Memory consumption went from 177.7 MB to 173.0 MB.
Total: 13.250800 ms (FindLiveObjects: 1.463400 ms CreateObjectMapping: 0.780900 ms MarkObjects: 6.693100 ms  DeleteObjects: 4.311100 ms)

Prepare: number of updated asset objects reloaded= 0
========================================================================
Received Prepare
Begin MonoManager ReloadAssembly
- Loaded All Assemblies, in  0.946 seconds
Refreshing native plugins compatible for Editor in 0.78 ms, found 3 plugins.
Native extension for LinuxStandalone target not found
Native extension for WindowsStandalone target not found
Native extension for WebGL target not found
[Package Manager] Failed to launch server process. Reason: Unity was launched with the -noUpm command-line argument
[Package Manager] Unable to send message (not connected to server process).
[Package Manager] Cannot connect to Unity Package Manager local server
Mono: successfully reloaded assembly
- Finished resetting the current domain, in  1.092 seconds
Domain Reload Profiling: 2038ms
	BeginReloadAssembly (245ms)
		ExecutionOrderSort (0ms)
		DisableScriptedObjects (8ms)
		BackupInstance (0ms)
		ReleaseScriptingObjects (0ms)
		CreateAndSetChildDomain (60ms)
	RebuildCommonClasses (41ms)
	RebuildNativeTypeToScriptingClass (15ms)
	initialDomainReloadingComplete (34ms)
	LoadAllAssembliesAndSetupDomain (611ms)
		LoadAssemblies (405ms)
		RebuildTransferFunctionScriptingTraits (0ms)
		AnalyzeDomain (294ms)
			TypeCache.Refresh (8ms)
				TypeCache.ScanAssembly (0ms)
			BuildScriptInfoCaches (270ms)
			ResolveRequiredComponents (12ms)
	FinalizeReload (1093ms)
		ReleaseScriptCaches (0ms)
		RebuildScriptCaches (0ms)
		SetupLoadedEditorAssemblies (908ms)
			LogAssemblyErrors (0ms)
			InitializePlatformSupportModulesInManaged (5ms)
			SetLoadedEditorAssemblies (15ms)
			BeforeProcessingInitializeOnLoad (342ms)
			ProcessInitializeOnLoadAttributes (473ms)
			ProcessInitializeOnLoadMethodAttributes (64ms)
			AfterProcessingInitializeOnLoad (8ms)
			EditorAssembliesLoaded (0ms)
		ExecutionOrderSort2 (0ms)
		AwakeInstancesAfterBackupRestoration (19ms)
Refreshing native plugins compatible for Editor in 1.32 ms, found 3 plugins.
Preloading 0 native plugins for Editor in 0.00 ms.
Unloading 16 Unused Serialized files (Serialized files now loaded: 0)
Unloading 6137 unused Assets / (4.6 MB). Loaded Objects now: 7008.
Memory consumption went from 177.5 MB to 172.9 MB.
Total: 12.937800 ms (FindLiveObjects: 1.194300 ms CreateObjectMapping: 0.491400 ms MarkObjects: 7.098300 ms  DeleteObjects: 4.152000 ms)

Prepare: number of updated asset objects reloaded= 0
========================================================================
Received Import Request.
  Time since last request: 555.685783 seconds.
  path: Assets/Scenes/FinalScenes/Scene HALL.unity
  artifactKey: Guid(84fb9adbc3e2e9e4ead8055f67566bcf) Importer(2089858483,192608db42251d675da83286b1cce702)
Start importing Assets/Scenes/FinalScenes/Scene HALL.unity using Guid(84fb9adbc3e2e9e4ead8055f67566bcf) Importer(2089858483,192608db42251d675da83286b1cce702) (ScriptedImporter) -> (artifact id: '2a5300596a7cb85902606cded386d52a') in 0.2035988 seconds
Number of updated asset objects reloaded before import = 0Number of asset objects unloaded after import = 1

========================================================================
Received Prepare
Begin MonoManager ReloadAssembly
[Licensing::Client] Successfully resolved entitlement details
- Loaded All Assemblies, in  0.941 seconds
Refreshing native plugins compatible for Editor in 1.28 ms, found 3 plugins.
Native extension for LinuxStandalone target not found
Native extension for WindowsStandalone target not found
Native extension for WebGL target not found
[Package Manager] Failed to launch server process. Reason: Unity was launched with the -noUpm command-line argument
[Package Manager] Unable to send message (not connected to server process).
[Package Manager] Cannot connect to Unity Package Manager local server
Mono: successfully reloaded assembly
- Finished resetting the current domain, in  1.101 seconds
Domain Reload Profiling: 2043ms
	BeginReloadAssembly (224ms)
		ExecutionOrderSort (0ms)
		DisableScriptedObjects (10ms)
		BackupInstance (0ms)
		ReleaseScriptingObjects (0ms)
		CreateAndSetChildDomain (73ms)
	RebuildCommonClasses (55ms)
	RebuildNativeTypeToScriptingClass (15ms)
	initialDomainReloadingComplete (35ms)
	LoadAllAssembliesAndSetupDomain (611ms)
		LoadAssemblies (455ms)
		RebuildTransferFunctionScriptingTraits (0ms)
		AnalyzeDomain (225ms)
			TypeCache.Refresh (14ms)
				TypeCache.ScanAssembly (0ms)
			BuildScriptInfoCaches (193ms)
			ResolveRequiredComponents (16ms)
	FinalizeReload (1101ms)
		ReleaseScriptCaches (0ms)
		RebuildScriptCaches (0ms)
		SetupLoadedEditorAssemblies (903ms)
			LogAssemblyErrors (0ms)
			InitializePlatformSupportModulesInManaged (4ms)
			SetLoadedEditorAssemblies (11ms)
			BeforeProcessingInitializeOnLoad (280ms)
			ProcessInitializeOnLoadAttributes (528ms)
			ProcessInitializeOnLoadMethodAttributes (72ms)
			AfterProcessingInitializeOnLoad (9ms)
			EditorAssembliesLoaded (0ms)
		ExecutionOrderSort2 (0ms)
		AwakeInstancesAfterBackupRestoration (22ms)
Refreshing native plugins compatible for Editor in 1.20 ms, found 3 plugins.
Preloading 0 native plugins for Editor in 0.00 ms.
Unloading 16 Unused Serialized files (Serialized files now loaded: 0)
Unloading 6137 unused Assets / (4.8 MB). Loaded Objects now: 7010.
Memory consumption went from 177.6 MB to 172.7 MB.
Total: 14.350400 ms (FindLiveObjects: 1.291700 ms CreateObjectMapping: 0.835900 ms MarkObjects: 7.096500 ms  DeleteObjects: 5.124100 ms)

Prepare: number of updated asset objects reloaded= 0
========================================================================
Received Import Request.
  Time since last request: 38.749133 seconds.
  path: Assets/Scenes/FinalScenes/Scene HALL.unity
  artifactKey: Guid(84fb9adbc3e2e9e4ead8055f67566bcf) Importer(815301076,1909f56bfc062723c751e8b465ee728b)
Start importing Assets/Scenes/FinalScenes/Scene HALL.unity using Guid(84fb9adbc3e2e9e4ead8055f67566bcf) Importer(815301076,1909f56bfc062723c751e8b465ee728b) (PreviewImporter) -> (artifact id: 'd5978bc3008ac08e057f573f8a962831') in 0.0128559 seconds
Number of updated asset objects reloaded before import = 0Number of asset objects unloaded after import = 0

========================================================================
Received Prepare
Begin MonoManager ReloadAssembly
[Licensing::Client] Successfully resolved entitlement details
- Loaded All Assemblies, in  0.831 seconds
Refreshing native plugins compatible for Editor in 20.39 ms, found 3 plugins.
Native extension for LinuxStandalone target not found
Native extension for WindowsStandalone target not found
Native extension for WebGL target not found
[Package Manager] Failed to launch server process. Reason: Unity was launched with the -noUpm command-line argument
[Package Manager] Unable to send message (not connected to server process).
[Package Manager] Cannot connect to Unity Package Manager local server
Mono: successfully reloaded assembly
- Finished resetting the current domain, in  1.134 seconds
Domain Reload Profiling: 1967ms
	BeginReloadAssembly (220ms)
		ExecutionOrderSort (0ms)
		DisableScriptedObjects (8ms)
		BackupInstance (0ms)
		ReleaseScriptingObjects (0ms)
		CreateAndSetChildDomain (57ms)
	RebuildCommonClasses (45ms)
	RebuildNativeTypeToScriptingClass (18ms)
	initialDomainReloadingComplete (33ms)
	LoadAllAssembliesAndSetupDomain (516ms)
		LoadAssemblies (406ms)
		RebuildTransferFunctionScriptingTraits (0ms)
		AnalyzeDomain (199ms)
			TypeCache.Refresh (7ms)
				TypeCache.ScanAssembly (0ms)
			BuildScriptInfoCaches (171ms)
			ResolveRequiredComponents (17ms)
	FinalizeReload (1135ms)
		ReleaseScriptCaches (0ms)
		RebuildScriptCaches (0ms)
		SetupLoadedEditorAssemblies (885ms)
			LogAssemblyErrors (0ms)
			InitializePlatformSupportModulesInManaged (4ms)
			SetLoadedEditorAssemblies (10ms)
			BeforeProcessingInitializeOnLoad (280ms)
			ProcessInitializeOnLoadAttributes (513ms)
			ProcessInitializeOnLoadMethodAttributes (69ms)
			AfterProcessingInitializeOnLoad (9ms)
			EditorAssembliesLoaded (0ms)
		ExecutionOrderSort2 (0ms)
		AwakeInstancesAfterBackupRestoration (22ms)
Refreshing native plugins compatible for Editor in 1.25 ms, found 3 plugins.
Preloading 0 native plugins for Editor in 0.00 ms.
Unloading 16 Unused Serialized files (Serialized files now loaded: 0)
Unloading 6137 unused Assets / (4.5 MB). Loaded Objects now: 7012.
Memory consumption went from 177.6 MB to 173.1 MB.
Total: 13.228400 ms (FindLiveObjects: 1.396900 ms CreateObjectMapping: 0.741600 ms MarkObjects: 7.060600 ms  DeleteObjects: 4.027300 ms)

Prepare: number of updated asset objects reloaded= 0
========================================================================
Received Prepare
Begin MonoManager ReloadAssembly
[Licensing::Client] Successfully resolved entitlement details
- Loaded All Assemblies, in  0.848 seconds
Refreshing native plugins compatible for Editor in 2.01 ms, found 3 plugins.
Native extension for LinuxStandalone target not found
Native extension for WindowsStandalone target not found
Native extension for WebGL target not found
[Package Manager] Failed to launch server process. Reason: Unity was launched with the -noUpm command-line argument
[Package Manager] Unable to send message (not connected to server process).
[Package Manager] Cannot connect to Unity Package Manager local server
Mono: successfully reloaded assembly
- Finished resetting the current domain, in  1.077 seconds
Domain Reload Profiling: 1924ms
	BeginReloadAssembly (215ms)
		ExecutionOrderSort (0ms)
		DisableScriptedObjects (10ms)
		BackupInstance (0ms)
		ReleaseScriptingObjects (0ms)
		CreateAndSetChildDomain (54ms)
	RebuildCommonClasses (41ms)
	RebuildNativeTypeToScriptingClass (19ms)
	initialDomainReloadingComplete (34ms)
	LoadAllAssembliesAndSetupDomain (539ms)
		LoadAssemblies (420ms)
		RebuildTransferFunctionScriptingTraits (0ms)
		AnalyzeDomain (202ms)
			TypeCache.Refresh (9ms)
				TypeCache.ScanAssembly (0ms)
			BuildScriptInfoCaches (178ms)
			ResolveRequiredComponents (13ms)
	FinalizeReload (1077ms)
		ReleaseScriptCaches (0ms)
		RebuildScriptCaches (0ms)
		SetupLoadedEditorAssemblies (797ms)
			LogAssemblyErrors (0ms)
			InitializePlatformSupportModulesInManaged (3ms)
			SetLoadedEditorAssemblies (9ms)
			BeforeProcessingInitializeOnLoad (258ms)
			ProcessInitializeOnLoadAttributes (448ms)
			ProcessInitializeOnLoadMethodAttributes (68ms)
			AfterProcessingInitializeOnLoad (10ms)
			EditorAssembliesLoaded (0ms)
		ExecutionOrderSort2 (0ms)
		AwakeInstancesAfterBackupRestoration (19ms)
Refreshing native plugins compatible for Editor in 1.40 ms, found 3 plugins.
Preloading 0 native plugins for Editor in 0.00 ms.
Unloading 16 Unused Serialized files (Serialized files now loaded: 0)
Unloading 6137 unused Assets / (3.6 MB). Loaded Objects now: 7014.
Memory consumption went from 177.6 MB to 174.0 MB.
Total: 13.499800 ms (FindLiveObjects: 1.357700 ms CreateObjectMapping: 0.719100 ms MarkObjects: 7.031200 ms  DeleteObjects: 4.390000 ms)

Prepare: number of updated asset objects reloaded= 0
========================================================================
Received Import Request.
  Time since last request: 342.027521 seconds.
  path: Assets/Scenes/FinalScenes/Room 1(Outdoor).unity
  artifactKey: Guid(64fbeab639cef334c9263d5d97ce4a73) Importer(815301076,1909f56bfc062723c751e8b465ee728b)
Start importing Assets/Scenes/FinalScenes/Room 1(Outdoor).unity using Guid(64fbeab639cef334c9263d5d97ce4a73) Importer(815301076,1909f56bfc062723c751e8b465ee728b) (PreviewImporter) -> (artifact id: '914ebceb8f0e2416ebef0f0360558e6f') in 0.0281832 seconds
Number of updated asset objects reloaded before import = 0Number of asset objects unloaded after import = 0

========================================================================
Received Import Request.
  Time since last request: 87.366831 seconds.
  path: Assets/Scenes/FinalScenes/Scene HALL.unity
  artifactKey: Guid(84fb9adbc3e2e9e4ead8055f67566bcf) Importer(815301076,1909f56bfc062723c751e8b465ee728b)
Start importing Assets/Scenes/FinalScenes/Scene HALL.unity using Guid(84fb9adbc3e2e9e4ead8055f67566bcf) Importer(815301076,1909f56bfc062723c751e8b465ee728b) (PreviewImporter) -> (artifact id: '144bbce2aa59d2a71a7f1e3cd763236d') in 0.0007246 seconds
Number of updated asset objects reloaded before import = 0Number of asset objects unloaded after import = 0

========================================================================
Received Prepare
Begin MonoManager ReloadAssembly
[Licensing::Client] Successfully resolved entitlement details
- Loaded All Assemblies, in  0.852 seconds
Refreshing native plugins compatible for Editor in 0.99 ms, found 3 plugins.
Native extension for LinuxStandalone target not found
Native extension for WindowsStandalone target not found
Native extension for WebGL target not found
[Package Manager] Failed to launch server process. Reason: Unity was launched with the -noUpm command-line argument
[Package Manager] Unable to send message (not connected to server process).
[Package Manager] Cannot connect to Unity Package Manager local server
Mono: successfully reloaded assembly
- Finished resetting the current domain, in  1.126 seconds
Domain Reload Profiling: 1979ms
	BeginReloadAssembly (223ms)
		ExecutionOrderSort (0ms)
		DisableScriptedObjects (8ms)
		BackupInstance (0ms)
		ReleaseScriptingObjects (0ms)
		CreateAndSetChildDomain (54ms)
	RebuildCommonClasses (45ms)
	RebuildNativeTypeToScriptingClass (15ms)
	initialDomainReloadingComplete (37ms)
	LoadAllAssembliesAndSetupDomain (532ms)
		LoadAssemblies (414ms)
		RebuildTransferFunctionScriptingTraits (0ms)
		AnalyzeDomain (201ms)
			TypeCache.Refresh (7ms)
				TypeCache.ScanAssembly (0ms)
			BuildScriptInfoCaches (179ms)
			ResolveRequiredComponents (12ms)
	FinalizeReload (1127ms)
		ReleaseScriptCaches (0ms)
		RebuildScriptCaches (0ms)
		SetupLoadedEditorAssemblies (914ms)
			LogAssemblyErrors (0ms)
			InitializePlatformSupportModulesInManaged (4ms)
			SetLoadedEditorAssemblies (8ms)
			BeforeProcessingInitializeOnLoad (294ms)
			ProcessInitializeOnLoadAttributes (529ms)
			ProcessInitializeOnLoadMethodAttributes (69ms)
			AfterProcessingInitializeOnLoad (9ms)
			EditorAssembliesLoaded (0ms)
		ExecutionOrderSort2 (0ms)
		AwakeInstancesAfterBackupRestoration (23ms)
Refreshing native plugins compatible for Editor in 1.40 ms, found 3 plugins.
Preloading 0 native plugins for Editor in 0.00 ms.
Unloading 16 Unused Serialized files (Serialized files now loaded: 0)
Unloading 6137 unused Assets / (4.7 MB). Loaded Objects now: 7016.
Memory consumption went from 177.7 MB to 173.0 MB.
Total: 14.322500 ms (FindLiveObjects: 1.549400 ms CreateObjectMapping: 0.729200 ms MarkObjects: 7.447600 ms  DeleteObjects: 4.594300 ms)

Prepare: number of updated asset objects reloaded= 0
========================================================================
Received Import Request.
  Time since last request: 127.353342 seconds.
  path: Assets/Scenes/FinalScenes/Scene3 (Clock room).unity
  artifactKey: Guid(a19725eebecc3b44ebe97793631c1fc1) Importer(815301076,1909f56bfc062723c751e8b465ee728b)
Start importing Assets/Scenes/FinalScenes/Scene3 (Clock room).unity using Guid(a19725eebecc3b44ebe97793631c1fc1) Importer(815301076,1909f56bfc062723c751e8b465ee728b) (PreviewImporter) -> (artifact id: '9db1e745f145af2266f953e237b52416') in 0.0165586 seconds
Number of updated asset objects reloaded before import = 0Number of asset objects unloaded after import = 0

========================================================================
Received Import Request.
  Time since last request: 1.290292 seconds.
  path: Assets/Scenes/FinalScenes/Scene2 (Tea room).unity
  artifactKey: Guid(edd0841ba86ebb843a8425ec1771a807) Importer(815301076,1909f56bfc062723c751e8b465ee728b)
Start importing Assets/Scenes/FinalScenes/Scene2 (Tea room).unity using Guid(edd0841ba86ebb843a8425ec1771a807) Importer(815301076,1909f56bfc062723c751e8b465ee728b) (PreviewImporter) -> (artifact id: 'e477a7a777539c32f323d59048d68914') in 0.000616 seconds
Number of updated asset objects reloaded before import = 0Number of asset objects unloaded after import = 0

========================================================================
Received Prepare
Begin MonoManager ReloadAssembly
[Licensing::Client] Successfully resolved entitlement details
- Loaded All Assemblies, in  0.842 seconds
Refreshing native plugins compatible for Editor in 6.87 ms, found 3 plugins.
Native extension for LinuxStandalone target not found
Native extension for WindowsStandalone target not found
Native extension for WebGL target not found
[Package Manager] Failed to launch server process. Reason: Unity was launched with the -noUpm command-line argument
[Package Manager] Unable to send message (not connected to server process).
[Package Manager] Cannot connect to Unity Package Manager local server
Mono: successfully reloaded assembly
- Finished resetting the current domain, in  1.175 seconds
Domain Reload Profiling: 2017ms
	BeginReloadAssembly (207ms)
		ExecutionOrderSort (0ms)
		DisableScriptedObjects (9ms)
		BackupInstance (0ms)
		ReleaseScriptingObjects (0ms)
		CreateAndSetChildDomain (53ms)
	RebuildCommonClasses (39ms)
	RebuildNativeTypeToScriptingClass (18ms)
	initialDomainReloadingComplete (33ms)
	LoadAllAssembliesAndSetupDomain (543ms)
		LoadAssemblies (414ms)
		RebuildTransferFunctionScriptingTraits (0ms)
		AnalyzeDomain (210ms)
			TypeCache.Refresh (8ms)
				TypeCache.ScanAssembly (0ms)
			BuildScriptInfoCaches (185ms)
			ResolveRequiredComponents (14ms)
	FinalizeReload (1175ms)
		ReleaseScriptCaches (0ms)
		RebuildScriptCaches (0ms)
		SetupLoadedEditorAssemblies (937ms)
			LogAssemblyErrors (0ms)
			InitializePlatformSupportModulesInManaged (3ms)
			SetLoadedEditorAssemblies (10ms)
			BeforeProcessingInitializeOnLoad (296ms)
			ProcessInitializeOnLoadAttributes (550ms)
			ProcessInitializeOnLoadMethodAttributes (69ms)
			AfterProcessingInitializeOnLoad (9ms)
			EditorAssembliesLoaded (0ms)
		ExecutionOrderSort2 (0ms)
		AwakeInstancesAfterBackupRestoration (23ms)
Refreshing native plugins compatible for Editor in 1.71 ms, found 3 plugins.
Preloading 0 native plugins for Editor in 0.00 ms.
Unloading 16 Unused Serialized files (Serialized files now loaded: 0)
Unloading 6137 unused Assets / (4.5 MB). Loaded Objects now: 7018.
Memory consumption went from 177.7 MB to 173.2 MB.
Total: 12.873300 ms (FindLiveObjects: 1.259000 ms CreateObjectMapping: 0.510000 ms MarkObjects: 6.866100 ms  DeleteObjects: 4.236200 ms)

Prepare: number of updated asset objects reloaded= 0
========================================================================
Received Import Request.
  Time since last request: 143.289576 seconds.
  path: Assets/Scenes/FinalScenes/Scene3 (Clock room).unity
  artifactKey: Guid(a19725eebecc3b44ebe97793631c1fc1) Importer(815301076,1909f56bfc062723c751e8b465ee728b)
Start importing Assets/Scenes/FinalScenes/Scene3 (Clock room).unity using Guid(a19725eebecc3b44ebe97793631c1fc1) Importer(815301076,1909f56bfc062723c751e8b465ee728b) (PreviewImporter) -> (artifact id: 'ac5db2e4aec88c38e64ab117d3a2118c') in 0.0109266 seconds
Number of updated asset objects reloaded before import = 0Number of asset objects unloaded after import = 0

========================================================================
Received Import Request.
  Time since last request: 10.573251 seconds.
  path: Assets/Scenes/FinalScenes/Scene4 (attic).unity
  artifactKey: Guid(ab87e101667d21c4fbb1793af98b8d7a) Importer(815301076,1909f56bfc062723c751e8b465ee728b)
Start importing Assets/Scenes/FinalScenes/Scene4 (attic).unity using Guid(ab87e101667d21c4fbb1793af98b8d7a) Importer(815301076,1909f56bfc062723c751e8b465ee728b) (PreviewImporter) -> (artifact id: '60e13ca7db78a42be49e9bc15a320287') in 0.0006637 seconds
Number of updated asset objects reloaded before import = 0Number of asset objects unloaded after import = 0

========================================================================
Received Prepare
Begin MonoManager ReloadAssembly
[Licensing::Client] Successfully resolved entitlement details
- Loaded All Assemblies, in  0.850 seconds
Refreshing native plugins compatible for Editor in 1.57 ms, found 3 plugins.
Native extension for LinuxStandalone target not found
Native extension for WindowsStandalone target not found
Native extension for WebGL target not found
[Package Manager] Failed to launch server process. Reason: Unity was launched with the -noUpm command-line argument
[Package Manager] Unable to send message (not connected to server process).
[Package Manager] Cannot connect to Unity Package Manager local server
Mono: successfully reloaded assembly
- Finished resetting the current domain, in  1.145 seconds
Domain Reload Profiling: 1996ms
	BeginReloadAssembly (224ms)
		ExecutionOrderSort (0ms)
		DisableScriptedObjects (10ms)
		BackupInstance (0ms)
		ReleaseScriptingObjects (0ms)
		CreateAndSetChildDomain (56ms)
	RebuildCommonClasses (44ms)
	RebuildNativeTypeToScriptingClass (15ms)
	initialDomainReloadingComplete (36ms)
	LoadAllAssembliesAndSetupDomain (532ms)
		LoadAssemblies (418ms)
		RebuildTransferFunctionScriptingTraits (0ms)
		AnalyzeDomain (203ms)
			TypeCache.Refresh (7ms)
				TypeCache.ScanAssembly (0ms)
			BuildScriptInfoCaches (181ms)
			ResolveRequiredComponents (12ms)
	FinalizeReload (1146ms)
		ReleaseScriptCaches (0ms)
		RebuildScriptCaches (0ms)
		SetupLoadedEditorAssemblies (896ms)
			LogAssemblyErrors (0ms)
			InitializePlatformSupportModulesInManaged (3ms)
			SetLoadedEditorAssemblies (10ms)
			BeforeProcessingInitializeOnLoad (278ms)
			ProcessInitializeOnLoadAttributes (525ms)
			ProcessInitializeOnLoadMethodAttributes (70ms)
			AfterProcessingInitializeOnLoad (10ms)
			EditorAssembliesLoaded (0ms)
		ExecutionOrderSort2 (0ms)
		AwakeInstancesAfterBackupRestoration (22ms)
Refreshing native plugins compatible for Editor in 1.29 ms, found 3 plugins.
Preloading 0 native plugins for Editor in 0.00 ms.
Unloading 16 Unused Serialized files (Serialized files now loaded: 0)
Unloading 6137 unused Assets / (4.5 MB). Loaded Objects now: 7020.
Memory consumption went from 177.8 MB to 173.2 MB.
Total: 14.409900 ms (FindLiveObjects: 1.442400 ms CreateObjectMapping: 0.669600 ms MarkObjects: 7.762500 ms  DeleteObjects: 4.533400 ms)

Prepare: number of updated asset objects reloaded= 0
========================================================================
Received Import Request.
  Time since last request: 61.677645 seconds.
  path: Assets/Scenes/FinalScenes/Room 1(Outdoor).unity
  artifactKey: Guid(64fbeab639cef334c9263d5d97ce4a73) Importer(815301076,1909f56bfc062723c751e8b465ee728b)
Start importing Assets/Scenes/FinalScenes/Room 1(Outdoor).unity using Guid(64fbeab639cef334c9263d5d97ce4a73) Importer(815301076,1909f56bfc062723c751e8b465ee728b) (PreviewImporter) -> (artifact id: 'f6b35600797ba9529745c9fdbeb017e8') in 0.0111653 seconds
Number of updated asset objects reloaded before import = 0Number of asset objects unloaded after import = 0

