[Licensing::Module] Trying to connect to existing licensing client channel...
Built from '6000.2/respin/6000.2.8f1-e4064264ae96' branch; Version is '6000.2.8f1 (c9992ac36c34) revision 13211946'; Using compiler version '194234433'; Build Type 'Release'
[Licensing::IpcConnector] Successfully connected to: "LicenseClient-HOME" at "2025-12-13T09:40:17.0276464Z"
OS: 'Windows 11  (10.0.26100) 64bit Professional' Language: 'ru' Physical Memory: 16116 MB
BatchMode: 1, IsHumanControllingUs: 0, StartBugReporterOnCrash: 0, Is64bit: 1
Date: 2025-12-13T09:40:17Z

COMMAND LINE ARGUMENTS:
C:\Program Files\Unity\Hub\Editor\6000.2.8f1\Editor\Unity.exe
-adb2
-batchMode
-noUpm
-name
AssetImportWorker8
-projectPath
C:/Users/HOME/Documents/GitHub/Project1/Valdhés su Villa
-logFile
Logs/AssetImportWorker8.log
-srvPort
61230
-licensingIpc
LicenseClient-HOME
-job-worker-count
5
-background-job-worker-count
8
-gc-helper-count
1
-name
AssetImport
Successfully changed project path to: C:/Users/HOME/Documents/GitHub/Project1/Valdhés su Villa
C:/Users/HOME/Documents/GitHub/Project1/Valdhés su Villa
[UnityMemory] Configuration Parameters - Can be set up in boot.config
    "memorysetup-allocator-temp-initial-block-size-main=262144"
    "memorysetup-allocator-temp-initial-block-size-worker=262144"
    "memorysetup-bucket-allocator-granularity=16"
    "memorysetup-bucket-allocator-bucket-count=8"
    "memorysetup-bucket-allocator-block-size=33554432"
    "memorysetup-bucket-allocator-block-count=8"
    "memorysetup-main-allocator-block-size=16777216"
    "memorysetup-thread-allocator-block-size=16777216"
    "memorysetup-gfx-main-allocator-block-size=16777216"
    "memorysetup-gfx-thread-allocator-block-size=16777216"
    "memorysetup-cache-allocator-block-size=4194304"
    "memorysetup-typetree-allocator-block-size=2097152"
    "memorysetup-profiler-bucket-allocator-granularity=16"
    "memorysetup-profiler-bucket-allocator-bucket-count=8"
    "memorysetup-profiler-bucket-allocator-block-size=33554432"
    "memorysetup-profiler-bucket-allocator-block-count=8"
    "memorysetup-profiler-allocator-block-size=16777216"
    "memorysetup-profiler-editor-allocator-block-size=1048576"
    "memorysetup-temp-allocator-size-main=16777216"
    "memorysetup-job-temp-allocator-block-size=2097152"
    "memorysetup-job-temp-allocator-block-size-background=1048576"
    "memorysetup-job-temp-allocator-reduction-small-platforms=262144"
    "memorysetup-temp-allocator-size-background-worker=32768"
    "memorysetup-temp-allocator-size-job-worker=262144"
    "memorysetup-temp-allocator-size-preload-manager=33554432"
    "memorysetup-temp-allocator-size-nav-mesh-worker=65536"
    "memorysetup-temp-allocator-size-audio-worker=65536"
    "memorysetup-temp-allocator-size-cloud-worker=32768"
    "memorysetup-temp-allocator-size-gi-baking-worker=262144"
    "memorysetup-temp-allocator-size-gi-baking-worker=262144"
    "memorysetup-temp-allocator-size-gi-baking-worker=262144"
    "memorysetup-temp-allocator-size-gi-baking-worker=262144"
    "memorysetup-temp-allocator-size-gi-baking-worker=262144"
    "memorysetup-temp-allocator-size-gfx=262144"
Player connection [2900]  Target information:

Player connection [2900]  * "[IP] 192.168.0.65 [Port] 0 [Flags] 2 [Guid] 3530193822 [EditorId] 3530193822 [Version] 1048832 [Id] WindowsEditor(7,DESKTOP-MOMKQ24) [Debug] 1 [PackageName] WindowsEditor [ProjectName] Editor" 

Player connection [2900] Host joined multi-casting on [225.0.0.222:54997]...
Player connection [2900] Host joined alternative multi-casting on [225.0.0.222:34997]...
JobSystem: Creating JobQueue using job-worker-count value 5
Input System module state changed to: Initialized.
[Physics::Module] Initialized fallback backend.
[Physics::Module] Id: 0xdecafbad
[Licensing::Client] Code 10 while verifying Licensing Client signature (process Id: 15320, path: "C:/юнити/Unity Hub/UnityLicensingClient_V1/Unity.Licensing.Client.exe")
[Licensing::Module] LicensingClient has failed validation; ignoring
[Licensing::Client] Handshaking with LicensingClient:
  Version:                 1.17.3+a4e98f1
  Session Id:              a27e81f17ec640bb9897dcdd1c2ad5b6
  Correlation Id:          c6f11f3c2366f4163499aa8ce56d00cd
  External correlation Id: 550977873284305216
  Machine Id:              p2zqx2RjvcmlaFMCS3B3Azs/qVA=
[Licensing::Module] Successfully connected to LicensingClient on channel: "LicenseClient-HOME" (connect: 0.00s, validation: 0.00s, handshake: 0.04s)
[Licensing::IpcConnector] Successfully connected to: "LicenseClient-HOME-notifications" at "2025-12-13T09:40:17.0741254Z"
[Licensing::Module] Licensing Background thread has ended after 0.05s
Library Redirect Path: Library/
[Physics::Module] Selected backend.
[Physics::Module] Name: PhysX
[Physics::Module] Id: 0xf2b8ea05
[Physics::Module] SDK Version: 4.1.2
[Physics::Module] Integration Version: 1.0.0
[Physics::Module] Threading Mode: Multi-Threaded
Refreshing native plugins compatible for Editor in 0.27 ms, found 0 plugins.
Preloading 0 native plugins for Editor in 0.00 ms.
Initialize engine version: 6000.2.8f1 (c9992ac36c34)
[Subsystems] Discovering subsystems at path C:/Program Files/Unity/Hub/Editor/6000.2.8f1/Editor/Data/Resources/UnitySubsystems
[Subsystems] Discovering subsystems at path C:/Users/HOME/Documents/GitHub/Project1/Valdhés su Villa/Assets
GfxDevice: creating device client; kGfxThreadingModeNonThreaded
Direct3D:
    Version:  Direct3D 11.0 [level 11.1]
    Renderer: NVIDIA GeForce RTX 4050 Laptop GPU (ID=0x28a1)
    Vendor:   NVIDIA
    VRAM:     5921 MB
    Driver:   32.0.15.7283
Initialize mono
Mono path[0] = 'C:/Program Files/Unity/Hub/Editor/6000.2.8f1/Editor/Data/Managed'
Mono path[1] = 'C:/Program Files/Unity/Hub/Editor/6000.2.8f1/Editor/Data/MonoBleedingEdge/lib/mono/unityjit-win32'
Mono config path = 'C:/Program Files/Unity/Hub/Editor/6000.2.8f1/Editor/Data/MonoBleedingEdge/etc'
Using monoOptions --debugger-agent=transport=dt_socket,embedding=1,server=y,suspend=n,address=127.0.0.1:56464
Begin MonoManager ReloadAssembly
Registering precompiled unity dll's ...
Register platform support module: C:/Program Files/Unity/Hub/Editor/6000.2.8f1/Editor/Data/PlaybackEngines/WindowsStandaloneSupport/UnityEditor.WindowsStandalone.Extensions.dll
Registered in 0.001109 seconds.
- Loaded All Assemblies, in  0.308 seconds
Native extension for WindowsStandalone target not found
Mono: successfully reloaded assembly
- Finished resetting the current domain, in  0.288 seconds
Domain Reload Profiling: 596ms
	BeginReloadAssembly (109ms)
		ExecutionOrderSort (0ms)
		DisableScriptedObjects (0ms)
		BackupInstance (0ms)
		ReleaseScriptingObjects (0ms)
		CreateAndSetChildDomain (1ms)
	RebuildCommonClasses (30ms)
	RebuildNativeTypeToScriptingClass (9ms)
	initialDomainReloadingComplete (39ms)
	LoadAllAssembliesAndSetupDomain (120ms)
		LoadAssemblies (106ms)
		RebuildTransferFunctionScriptingTraits (0ms)
		AnalyzeDomain (118ms)
			TypeCache.Refresh (117ms)
				TypeCache.ScanAssembly (105ms)
			BuildScriptInfoCaches (0ms)
			ResolveRequiredComponents (0ms)
	FinalizeReload (289ms)
		ReleaseScriptCaches (0ms)
		RebuildScriptCaches (0ms)
		SetupLoadedEditorAssemblies (246ms)
			LogAssemblyErrors (0ms)
			InitializePlatformSupportModulesInManaged (40ms)
			SetLoadedEditorAssemblies (3ms)
			BeforeProcessingInitializeOnLoad (56ms)
			ProcessInitializeOnLoadAttributes (106ms)
			ProcessInitializeOnLoadMethodAttributes (40ms)
			AfterProcessingInitializeOnLoad (0ms)
			EditorAssembliesLoaded (0ms)
		ExecutionOrderSort2 (0ms)
		AwakeInstancesAfterBackupRestoration (0ms)
========================================================================
Worker process is ready to serve import requests
Import Worker Mode flag is 0x00
Begin MonoManager ReloadAssembly
[Licensing::Client] Successfully resolved entitlement details
[Licensing::Module] License group:
  Id: 10171542316351-UnityPersXXXX
  Product: Unity Personal
  Type: Assigned
  Expiration: Unlimited
- Loaded All Assemblies, in  0.215 seconds
Refreshing native plugins compatible for Editor in 0.37 ms, found 0 plugins.
Native extension for WindowsStandalone target not found
Mono: successfully reloaded assembly
- Finished resetting the current domain, in  0.292 seconds
Domain Reload Profiling: 506ms
	BeginReloadAssembly (153ms)
		ExecutionOrderSort (0ms)
		DisableScriptedObjects (6ms)
		BackupInstance (0ms)
		ReleaseScriptingObjects (0ms)
		CreateAndSetChildDomain (24ms)
	RebuildCommonClasses (29ms)
	RebuildNativeTypeToScriptingClass (9ms)
	initialDomainReloadingComplete (15ms)
	LoadAllAssembliesAndSetupDomain (7ms)
		LoadAssemblies (86ms)
		RebuildTransferFunctionScriptingTraits (0ms)
		AnalyzeDomain (5ms)
			TypeCache.Refresh (3ms)
				TypeCache.ScanAssembly (0ms)
			BuildScriptInfoCaches (0ms)
			ResolveRequiredComponents (0ms)
	FinalizeReload (292ms)
		ReleaseScriptCaches (0ms)
		RebuildScriptCaches (0ms)
		SetupLoadedEditorAssemblies (214ms)
			LogAssemblyErrors (0ms)
			InitializePlatformSupportModulesInManaged (1ms)
			SetLoadedEditorAssemblies (3ms)
			BeforeProcessingInitializeOnLoad (98ms)
			ProcessInitializeOnLoadAttributes (93ms)
			ProcessInitializeOnLoadMethodAttributes (16ms)
			AfterProcessingInitializeOnLoad (3ms)
			EditorAssembliesLoaded (0ms)
		ExecutionOrderSort2 (0ms)
		AwakeInstancesAfterBackupRestoration (5ms)
WARNING: Shader Unsupported: 'Hidden/Universal Render Pipeline/Terrain/Lit (Base Pass)' - All subshaders removed
WARNING: Shader Did you use #pragma only_renderers and omit this platform?
WARNING: Shader If subshaders removal was intentional, you may have forgotten turning Fallback off?
WARNING: Shader Unsupported: 'Hidden/Universal Render Pipeline/Terrain/Lit (Base Pass)' - All subshaders removed
WARNING: Shader Did you use #pragma only_renderers and omit this platform?
WARNING: Shader If subshaders removal was intentional, you may have forgotten turning Fallback off?
WARNING: Shader Unsupported: 'Universal Render Pipeline/Terrain/Lit' - All subshaders removed
WARNING: Shader Did you use #pragma only_renderers and omit this platform?
WARNING: Shader If subshaders removal was intentional, you may have forgotten turning Fallback off?
WARNING: Shader Unsupported: 'Universal Render Pipeline/Terrain/Lit' - All subshaders removed
WARNING: Shader Did you use #pragma only_renderers and omit this platform?
WARNING: Shader If subshaders removal was intentional, you may have forgotten turning Fallback off?
Launched and connected shader compiler UnityShaderCompiler.exe after 0.03 seconds
Refreshing native plugins compatible for Editor in 0.48 ms, found 0 plugins.
Preloading 0 native plugins for Editor in 0.00 ms.
Unloading 34 Unused Serialized files (Serialized files now loaded: 0)
Unloading 6114 unused Assets / (6.1 MB). Loaded Objects now: 6719.
Memory consumption went from 121.0 MB to 114.9 MB.
Total: 10.854600 ms (FindLiveObjects: 0.984000 ms CreateObjectMapping: 0.574100 ms MarkObjects: 6.003900 ms  DeleteObjects: 3.288100 ms)

========================================================================
Received Import Request.
  Time since last request: 3926.456827 seconds.
  path: Assets/HDRP_Oak_Tree/Models/Oak/Oak_1_2.fbx
  artifactKey: Guid(3c85350ec752e7c4d90d13e94b180a65) Importer(815301076,1909f56bfc062723c751e8b465ee728b)
Start importing Assets/HDRP_Oak_Tree/Models/Oak/Oak_1_2.fbx using Guid(3c85350ec752e7c4d90d13e94b180a65) Importer(815301076,1909f56bfc062723c751e8b465ee728b) (PreviewImporter) -> (artifact id: '3d6367086be3922474f96b88cf42f272') in 0.1830609 seconds
Number of updated asset objects reloaded before import = 0Number of asset objects unloaded after import = 12

========================================================================
Received Import Request.
  Time since last request: 70.438922 seconds.
  path: Assets/HDRP_Oak_Tree/Textures
  artifactKey: Guid(198c5364303118b40978cf6059bb8cc2) Importer(815301076,1909f56bfc062723c751e8b465ee728b)
Start importing Assets/HDRP_Oak_Tree/Textures using Guid(198c5364303118b40978cf6059bb8cc2) Importer(815301076,1909f56bfc062723c751e8b465ee728b) (PreviewImporter) -> (artifact id: '5a9e549e62b085960963fcf6cd6abcc0') in 0.0006719 seconds
Number of updated asset objects reloaded before import = 0Number of asset objects unloaded after import = 0

========================================================================
Received Import Request.
  Time since last request: 1.545857 seconds.
  path: Assets/HDRP_Oak_Tree/Textures/Bark
  artifactKey: Guid(0523568a5bd959046bf871ebf72f9556) Importer(815301076,1909f56bfc062723c751e8b465ee728b)
Start importing Assets/HDRP_Oak_Tree/Textures/Bark using Guid(0523568a5bd959046bf871ebf72f9556) Importer(815301076,1909f56bfc062723c751e8b465ee728b) (PreviewImporter) -> (artifact id: '3b47fe7138c33ac4ffa759c01e72f042') in 0.0010052 seconds
Number of updated asset objects reloaded before import = 0Number of asset objects unloaded after import = 0

========================================================================
Received Import Request.
  Time since last request: 0.088659 seconds.
  path: Assets/HDRP_Oak_Tree/Textures/Bark/TexturesCom_Wood_BarkOak1_1x1_1K_albedo.tif
  artifactKey: Guid(778af37d97bfd9649a130f4baf1d21ae) Importer(815301076,1909f56bfc062723c751e8b465ee728b)
Start importing Assets/HDRP_Oak_Tree/Textures/Bark/TexturesCom_Wood_BarkOak1_1x1_1K_albedo.tif using Guid(778af37d97bfd9649a130f4baf1d21ae) Importer(815301076,1909f56bfc062723c751e8b465ee728b) (PreviewImporter) -> (artifact id: 'f8243b88eebdb0eb2d000faaaa529e46') in 0.0399372 seconds
Number of updated asset objects reloaded before import = 0Number of asset objects unloaded after import = 2

========================================================================
Received Import Request.
  Time since last request: 2.908104 seconds.
  path: Assets/HDRP_Oak_Tree/Textures/Bark/Materials
  artifactKey: Guid(074b1ad0eb536934badc571a5afc3b54) Importer(2089858483,192608db42251d675da83286b1cce702)
Start importing Assets/HDRP_Oak_Tree/Textures/Bark/Materials using Guid(074b1ad0eb536934badc571a5afc3b54) Importer(2089858483,192608db42251d675da83286b1cce702) (ScriptedImporter) -> (artifact id: '48b7c2a7536c94ccde149170b1bc861c') in 0.0638305 seconds
Number of updated asset objects reloaded before import = 0Number of asset objects unloaded after import = 1

========================================================================
Received Import Request.
  Time since last request: 8.188765 seconds.
  path: Assets/HDRP_Oak_Tree/Textures/Leaf
  artifactKey: Guid(36b2697c8628afd46a691e9a7c08e2a7) Importer(815301076,1909f56bfc062723c751e8b465ee728b)
Start importing Assets/HDRP_Oak_Tree/Textures/Leaf using Guid(36b2697c8628afd46a691e9a7c08e2a7) Importer(815301076,1909f56bfc062723c751e8b465ee728b) (PreviewImporter) -> (artifact id: '428c623ea76fd9cae08d98bd1f8ed6d6') in 0.0005268 seconds
Number of updated asset objects reloaded before import = 0Number of asset objects unloaded after import = 0

========================================================================
Received Import Request.
  Time since last request: 1.079679 seconds.
  path: Assets/HDRP_Oak_Tree/Textures/Leaf/Oak_Leaf_Spring.psd
  artifactKey: Guid(1cec8e79b2f3f3b4a962e48c685a5667) Importer(815301076,1909f56bfc062723c751e8b465ee728b)
Start importing Assets/HDRP_Oak_Tree/Textures/Leaf/Oak_Leaf_Spring.psd using Guid(1cec8e79b2f3f3b4a962e48c685a5667) Importer(815301076,1909f56bfc062723c751e8b465ee728b) (PreviewImporter) -> (artifact id: '82108162eb6f49d9f3bf359f52cedb36') in 0.0554908 seconds
Number of updated asset objects reloaded before import = 0Number of asset objects unloaded after import = 2

========================================================================
Received Import Request.
  Time since last request: 0.000033 seconds.
  path: Assets/HDRP_Oak_Tree/Textures/Leaf/Oak_Leaf_temp.psd
  artifactKey: Guid(b8671ecda7fee9744a0416b81812580c) Importer(815301076,1909f56bfc062723c751e8b465ee728b)
Start importing Assets/HDRP_Oak_Tree/Textures/Leaf/Oak_Leaf_temp.psd using Guid(b8671ecda7fee9744a0416b81812580c) Importer(815301076,1909f56bfc062723c751e8b465ee728b) (PreviewImporter) -> (artifact id: '1a46717469f27781d53f82c15adb089e') in 0.0372766 seconds
Number of updated asset objects reloaded before import = 0Number of asset objects unloaded after import = 2

========================================================================
Received Import Request.
  Time since last request: 2.972074 seconds.
  path: Assets/HDRP_Oak_Tree/Textures/Leaf/Materials
  artifactKey: Guid(1ce4d7034016b3d4a83022d6d6c4cd74) Importer(2089858483,192608db42251d675da83286b1cce702)
Start importing Assets/HDRP_Oak_Tree/Textures/Leaf/Materials using Guid(1ce4d7034016b3d4a83022d6d6c4cd74) Importer(2089858483,192608db42251d675da83286b1cce702) (ScriptedImporter) -> (artifact id: 'ff425dd4bfa9671b1f931e48c7995351') in 0.0273224 seconds
Number of updated asset objects reloaded before import = 0Number of asset objects unloaded after import = 1

========================================================================
Received Import Request.
  Time since last request: 17.411164 seconds.
  path: Assets/HDRP_Oak_Tree/Prefabs
  artifactKey: Guid(43816f7da5b85f74db702c642e16c964) Importer(815301076,1909f56bfc062723c751e8b465ee728b)
Start importing Assets/HDRP_Oak_Tree/Prefabs using Guid(43816f7da5b85f74db702c642e16c964) Importer(815301076,1909f56bfc062723c751e8b465ee728b) (PreviewImporter) -> (artifact id: 'a09de297a10de86c14ca7fbfcfe086e6') in 0.0006825 seconds
Number of updated asset objects reloaded before import = 0Number of asset objects unloaded after import = 0

========================================================================
Received Import Request.
  Time since last request: 0.120103 seconds.
  path: Assets/HDRP_Oak_Tree/Prefabs/Oak_high_1_1.prefab
  artifactKey: Guid(1b323422438057e4cb00a8e96866d859) Importer(815301076,1909f56bfc062723c751e8b465ee728b)
Start importing Assets/HDRP_Oak_Tree/Prefabs/Oak_high_1_1.prefab using Guid(1b323422438057e4cb00a8e96866d859) Importer(815301076,1909f56bfc062723c751e8b465ee728b) (PreviewImporter) -> (artifact id: '3d63069d941e6d6b49ef97889a0a2e5e') in 0.0320098 seconds
Number of updated asset objects reloaded before import = 0Number of asset objects unloaded after import = 12

========================================================================
Received Import Request.
  Time since last request: 0.000016 seconds.
  path: Assets/HDRP_Oak_Tree/Prefabs/Oak_high_1_4.prefab
  artifactKey: Guid(2fcd09d4ddfdd9541b7d59c206f010cd) Importer(815301076,1909f56bfc062723c751e8b465ee728b)
Start importing Assets/HDRP_Oak_Tree/Prefabs/Oak_high_1_4.prefab using Guid(2fcd09d4ddfdd9541b7d59c206f010cd) Importer(815301076,1909f56bfc062723c751e8b465ee728b) (PreviewImporter) -> (artifact id: 'fb09e9127035905a97973db57437e529') in 0.0243837 seconds
Number of updated asset objects reloaded before import = 0Number of asset objects unloaded after import = 12

========================================================================
Received Import Request.
  Time since last request: 0.000023 seconds.
  path: Assets/HDRP_Oak_Tree/Prefabs/Oak_high_1_5.prefab
  artifactKey: Guid(662a00c91e08f5d4bb2b86fbf1e4467d) Importer(815301076,1909f56bfc062723c751e8b465ee728b)
Start importing Assets/HDRP_Oak_Tree/Prefabs/Oak_high_1_5.prefab using Guid(662a00c91e08f5d4bb2b86fbf1e4467d) Importer(815301076,1909f56bfc062723c751e8b465ee728b) (PreviewImporter) -> (artifact id: '2fcb080f65e7dd78ea7e122e8bbdcbe5') in 0.0267676 seconds
Number of updated asset objects reloaded before import = 0Number of asset objects unloaded after import = 12

========================================================================
Received Import Request.
  Time since last request: 8.334039 seconds.
  path: Assets/HDRP_Oak_Tree/Help
  artifactKey: Guid(c51c89af881c2b149ac9231bcd504854) Importer(815301076,1909f56bfc062723c751e8b465ee728b)
Start importing Assets/HDRP_Oak_Tree/Help using Guid(c51c89af881c2b149ac9231bcd504854) Importer(815301076,1909f56bfc062723c751e8b465ee728b) (PreviewImporter) -> (artifact id: '4700eab464ce68df3665760aad927631') in 0.0005304 seconds
Number of updated asset objects reloaded before import = 0Number of asset objects unloaded after import = 0

========================================================================
Received Import Request.
  Time since last request: 0.886187 seconds.
  path: Assets/HDRP_Oak_Tree/Help/Quick Start.txt
  artifactKey: Guid(dfad61174a1074e4da8d706710d5c3cd) Importer(815301076,1909f56bfc062723c751e8b465ee728b)
Start importing Assets/HDRP_Oak_Tree/Help/Quick Start.txt using Guid(dfad61174a1074e4da8d706710d5c3cd) Importer(815301076,1909f56bfc062723c751e8b465ee728b) (PreviewImporter) -> (artifact id: '74a1797c9b9cce2fd1fc54d4d511cd83') in 0.0009666 seconds
Number of updated asset objects reloaded before import = 0Number of asset objects unloaded after import = 1

========================================================================
Received Import Request.
  Time since last request: 158.190532 seconds.
  path: Assets/Plates/R_03757bc101e04a0f99b2c7536d70204e_PlatesRough.png
  artifactKey: Guid(da70de3b0f5a887419115012af9feda9) Importer(2089858483,192608db42251d675da83286b1cce702)
Start importing Assets/Plates/R_03757bc101e04a0f99b2c7536d70204e_PlatesRough.png using Guid(da70de3b0f5a887419115012af9feda9) Importer(2089858483,192608db42251d675da83286b1cce702) (ScriptedImporter) -> (artifact id: 'afbc5c9ae6a8013021feec7ef87737f4') in 0.103104 seconds
Number of updated asset objects reloaded before import = 0Number of asset objects unloaded after import = 1

========================================================================
Received Import Request.
  Time since last request: 0.000099 seconds.
  path: Assets/Plates/R_2fb8ee9227be4f6280a4a0d03fae0cf8_Plate2AO.png
  artifactKey: Guid(eaa85e030ef379d41b4da9bbcd44d725) Importer(2089858483,192608db42251d675da83286b1cce702)
Start importing Assets/Plates/R_2fb8ee9227be4f6280a4a0d03fae0cf8_Plate2AO.png using Guid(eaa85e030ef379d41b4da9bbcd44d725) Importer(2089858483,192608db42251d675da83286b1cce702) (ScriptedImporter) -> (artifact id: 'e12e0de5634f62c9115523b3d54b4a32') in 0.0303663 seconds
Number of updated asset objects reloaded before import = 0Number of asset objects unloaded after import = 1

========================================================================
Received Import Request.
  Time since last request: 0.000042 seconds.
  path: Assets/Plates/RGB_4e9012a88f7645d4a940ca68f731a404_Plate2Albedo.png
  artifactKey: Guid(4d7ab391b66de56498aa1ed8eb4caca6) Importer(2089858483,192608db42251d675da83286b1cce702)
Start importing Assets/Plates/RGB_4e9012a88f7645d4a940ca68f731a404_Plate2Albedo.png using Guid(4d7ab391b66de56498aa1ed8eb4caca6) Importer(2089858483,192608db42251d675da83286b1cce702) (ScriptedImporter) -> (artifact id: '264b2c94448a9f833043e51c057d56c3') in 0.0442216 seconds
Number of updated asset objects reloaded before import = 0Number of asset objects unloaded after import = 1

========================================================================
Received Import Request.
  Time since last request: 0.000022 seconds.
  path: Assets/Plates/How to Convert (Obj Fbx...).txt
  artifactKey: Guid(0d890ed99bec182488dd15cb1cf3b3b3) Importer(2089858483,192608db42251d675da83286b1cce702)
Start importing Assets/Plates/How to Convert (Obj Fbx...).txt using Guid(0d890ed99bec182488dd15cb1cf3b3b3) Importer(2089858483,192608db42251d675da83286b1cce702) (ScriptedImporter) -> (artifact id: 'ff2a84385940fa2938bc6c8d689b330c') in 0.0281995 seconds
Number of updated asset objects reloaded before import = 0Number of asset objects unloaded after import = 1

========================================================================
Received Import Request.
  Time since last request: 0.000059 seconds.
  path: Assets/Plates
  artifactKey: Guid(577e3f5d975623a41bd228bc9206ae7b) Importer(2089858483,192608db42251d675da83286b1cce702)
Start importing Assets/Plates using Guid(577e3f5d975623a41bd228bc9206ae7b) Importer(2089858483,192608db42251d675da83286b1cce702) (ScriptedImporter) -> (artifact id: '7c26e681f8d3e1138b10b6abb9b1b418') in 0.0161432 seconds
Number of updated asset objects reloaded before import = 0Number of asset objects unloaded after import = 1

========================================================================
Received Import Request.
  Time since last request: 0.000021 seconds.
  path: Assets/Plates/R_d3b647d34b014bff8c87256d9e42779a_Plate1AO.png
  artifactKey: Guid(8685c4d8b3cc9c54597d8159a4651bb5) Importer(2089858483,192608db42251d675da83286b1cce702)
Start importing Assets/Plates/R_d3b647d34b014bff8c87256d9e42779a_Plate1AO.png using Guid(8685c4d8b3cc9c54597d8159a4651bb5) Importer(2089858483,192608db42251d675da83286b1cce702) (ScriptedImporter) -> (artifact id: 'c357595fe9abfd8feb7c9bbfa0d30ca2') in 0.0279802 seconds
Number of updated asset objects reloaded before import = 0Number of asset objects unloaded after import = 1

========================================================================
Received Import Request.
  Time since last request: 0.000054 seconds.
  path: Assets/Plates/N_c668cdcceb5c427f9a827d24d8c5e869_Plate2Normal.png
  artifactKey: Guid(69dfb7c9ace5a31439d9ccca1a31f297) Importer(2089858483,192608db42251d675da83286b1cce702)
Start importing Assets/Plates/N_c668cdcceb5c427f9a827d24d8c5e869_Plate2Normal.png using Guid(69dfb7c9ace5a31439d9ccca1a31f297) Importer(2089858483,192608db42251d675da83286b1cce702) (ScriptedImporter) -> (artifact id: '9a1cd5ab3f88ce2ae5be1f4aa4a8fed5') in 0.0325911 seconds
Number of updated asset objects reloaded before import = 0Number of asset objects unloaded after import = 1

========================================================================
Received Import Request.
  Time since last request: 9.576918 seconds.
  path: Assets/Plates/N_7fd811aff1c2423a81089ab80221e8bc_Plate1Normal.png
  artifactKey: Guid(35be8981ec9fda440a9954a74bb1abc7) Importer(815301076,1909f56bfc062723c751e8b465ee728b)
Start importing Assets/Plates/N_7fd811aff1c2423a81089ab80221e8bc_Plate1Normal.png using Guid(35be8981ec9fda440a9954a74bb1abc7) Importer(815301076,1909f56bfc062723c751e8b465ee728b) (PreviewImporter) -> (artifact id: '03d3b3a19c9acb8a33aaed624ffc894a') in 0.0279671 seconds
Number of updated asset objects reloaded before import = 0Number of asset objects unloaded after import = 2

========================================================================
Received Import Request.
  Time since last request: 0.000020 seconds.
  path: Assets/Plates/R_d3b647d34b014bff8c87256d9e42779a_Plate1AO.png
  artifactKey: Guid(8685c4d8b3cc9c54597d8159a4651bb5) Importer(815301076,1909f56bfc062723c751e8b465ee728b)
Start importing Assets/Plates/R_d3b647d34b014bff8c87256d9e42779a_Plate1AO.png using Guid(8685c4d8b3cc9c54597d8159a4651bb5) Importer(815301076,1909f56bfc062723c751e8b465ee728b) (PreviewImporter) -> (artifact id: '0a755065ab358a84fdaf20a2f65248cf') in 0.0268646 seconds
Number of updated asset objects reloaded before import = 0Number of asset objects unloaded after import = 2

========================================================================
Received Import Request.
  Time since last request: 0.000020 seconds.
  path: Assets/Plates/RGB_4e9012a88f7645d4a940ca68f731a404_Plate2Albedo.png
  artifactKey: Guid(4d7ab391b66de56498aa1ed8eb4caca6) Importer(815301076,1909f56bfc062723c751e8b465ee728b)
Start importing Assets/Plates/RGB_4e9012a88f7645d4a940ca68f731a404_Plate2Albedo.png using Guid(4d7ab391b66de56498aa1ed8eb4caca6) Importer(815301076,1909f56bfc062723c751e8b465ee728b) (PreviewImporter) -> (artifact id: '60820373f7b64edc7d0d51cd3e49b1af') in 0.0272468 seconds
Number of updated asset objects reloaded before import = 0Number of asset objects unloaded after import = 2

========================================================================
Received Import Request.
  Time since last request: 0.000020 seconds.
  path: Assets/Plates/R_03757bc101e04a0f99b2c7536d70204e_PlatesRough.png
  artifactKey: Guid(da70de3b0f5a887419115012af9feda9) Importer(815301076,1909f56bfc062723c751e8b465ee728b)
Start importing Assets/Plates/R_03757bc101e04a0f99b2c7536d70204e_PlatesRough.png using Guid(da70de3b0f5a887419115012af9feda9) Importer(815301076,1909f56bfc062723c751e8b465ee728b) (PreviewImporter) -> (artifact id: 'e29347b37d96b9814e875473c52c6030') in 0.0323602 seconds
Number of updated asset objects reloaded before import = 0Number of asset objects unloaded after import = 2

========================================================================
Received Import Request.
  Time since last request: 1.472868 seconds.
  path: Assets/Plates/model.g3d
  artifactKey: Guid(ab6fcf1289e678e4e9593ad4f611ae48) Importer(815301076,1909f56bfc062723c751e8b465ee728b)
Start importing Assets/Plates/model.g3d using Guid(ab6fcf1289e678e4e9593ad4f611ae48) Importer(815301076,1909f56bfc062723c751e8b465ee728b) (PreviewImporter) -> (artifact id: '50bd6f1d1c7dfb66cb4f9e8d43c4a528') in 0.0013967 seconds
Number of updated asset objects reloaded before import = 0Number of asset objects unloaded after import = 1

========================================================================
Received Import Request.
  Time since last request: 0.850253 seconds.
  path: Assets/Plates/model.mtl
  artifactKey: Guid(de1365eca6d73d94ba7a9082cf2ca6dd) Importer(815301076,1909f56bfc062723c751e8b465ee728b)
Start importing Assets/Plates/model.mtl using Guid(de1365eca6d73d94ba7a9082cf2ca6dd) Importer(815301076,1909f56bfc062723c751e8b465ee728b) (PreviewImporter) -> (artifact id: '6b1dcf2b6f9d4984607bd29c87af49f9') in 0.0011479 seconds
Number of updated asset objects reloaded before import = 0Number of asset objects unloaded after import = 1

========================================================================
Received Import Request.
  Time since last request: 43.296366 seconds.
  path: Assets/Plates/How to Convert (Obj Fbx...).txt
  artifactKey: Guid(0d890ed99bec182488dd15cb1cf3b3b3) Importer(815301076,1909f56bfc062723c751e8b465ee728b)
Start importing Assets/Plates/How to Convert (Obj Fbx...).txt using Guid(0d890ed99bec182488dd15cb1cf3b3b3) Importer(815301076,1909f56bfc062723c751e8b465ee728b) (PreviewImporter) -> (artifact id: 'f84948f685a783101f8aa0c684c4a920') in 0.0011416 seconds
Number of updated asset objects reloaded before import = 0Number of asset objects unloaded after import = 1

========================================================================
Received Import Request.
  Time since last request: 472.343019 seconds.
  path: Assets/Plates/Materials
  artifactKey: Guid(86887b197ee6a7d43a25dc58d42a89ad) Importer(2089858483,192608db42251d675da83286b1cce702)
Start importing Assets/Plates/Materials using Guid(86887b197ee6a7d43a25dc58d42a89ad) Importer(2089858483,192608db42251d675da83286b1cce702) (ScriptedImporter) -> (artifact id: '3839f5ee3fdd26078d48023d3c0d5c1b') in 0.0210768 seconds
Number of updated asset objects reloaded before import = 0Number of asset objects unloaded after import = 1

========================================================================
Received Import Request.
  Time since last request: 2.282385 seconds.
  path: Assets/Plates/Materials/RGB_4e9012a88f7645d4a940ca68f731a404_Plate2Albedo.mat
  artifactKey: Guid(4e170011faa065c429a98dc6fb9e956f) Importer(2089858483,192608db42251d675da83286b1cce702)
Start importing Assets/Plates/Materials/RGB_4e9012a88f7645d4a940ca68f731a404_Plate2Albedo.mat using Guid(4e170011faa065c429a98dc6fb9e956f) Importer(2089858483,192608db42251d675da83286b1cce702) (ScriptedImporter) -> (artifact id: 'e0bb6502242347779aff043c0736d446') in 0.0365289 seconds
Number of updated asset objects reloaded before import = 0Number of asset objects unloaded after import = 2

