[Licensing::Module] Trying to connect to existing licensing client channel...
Built from '6000.2/respin/6000.2.8f1-e4064264ae96' branch; Version is '6000.2.8f1 (c9992ac36c34) revision 13211946'; Using compiler version '194234433'; Build Type 'Release'
[Licensing::IpcConnector] Successfully connected to: "LicenseClient-HOME" at "2025-12-14T10:25:48.1968805Z"
OS: 'Windows 11  (10.0.26100) 64bit Professional' Language: 'ru' Physical Memory: 16116 MB
BatchMode: 1, IsHumanControllingUs: 0, StartBugReporterOnCrash: 0, Is64bit: 1
Date: 2025-12-14T10:25:48Z

COMMAND LINE ARGUMENTS:
C:\Program Files\Unity\Hub\Editor\6000.2.8f1\Editor\Unity.exe
-adb2
-batchMode
-noUpm
-name
AssetImportWorker5
-projectPath
C:/Users/HOME/Documents/GitHub/Project1/Valdhés su Villa
-logFile
Logs/AssetImportWorker5.log
-srvPort
55375
-licensingIpc
LicenseClient-HOME
-job-worker-count
5
-background-job-worker-count
8
-gc-helper-count
1
-name
AssetImport
Successfully changed project path to: C:/Users/HOME/Documents/GitHub/Project1/Valdhés su Villa
C:/Users/HOME/Documents/GitHub/Project1/Valdhés su Villa
[UnityMemory] Configuration Parameters - Can be set up in boot.config
    "memorysetup-allocator-temp-initial-block-size-main=262144"
    "memorysetup-allocator-temp-initial-block-size-worker=262144"
    "memorysetup-bucket-allocator-granularity=16"
    "memorysetup-bucket-allocator-bucket-count=8"
    "memorysetup-bucket-allocator-block-size=33554432"
    "memorysetup-bucket-allocator-block-count=8"
    "memorysetup-main-allocator-block-size=16777216"
    "memorysetup-thread-allocator-block-size=16777216"
    "memorysetup-gfx-main-allocator-block-size=16777216"
    "memorysetup-gfx-thread-allocator-block-size=16777216"
    "memorysetup-cache-allocator-block-size=4194304"
    "memorysetup-typetree-allocator-block-size=2097152"
    "memorysetup-profiler-bucket-allocator-granularity=16"
    "memorysetup-profiler-bucket-allocator-bucket-count=8"
    "memorysetup-profiler-bucket-allocator-block-size=33554432"
    "memorysetup-profiler-bucket-allocator-block-count=8"
    "memorysetup-profiler-allocator-block-size=16777216"
    "memorysetup-profiler-editor-allocator-block-size=1048576"
    "memorysetup-temp-allocator-size-main=16777216"
    "memorysetup-job-temp-allocator-block-size=2097152"
    "memorysetup-job-temp-allocator-block-size-background=1048576"
    "memorysetup-job-temp-allocator-reduction-small-platforms=262144"
    "memorysetup-temp-allocator-size-background-worker=32768"
    "memorysetup-temp-allocator-size-job-worker=262144"
    "memorysetup-temp-allocator-size-preload-manager=33554432"
    "memorysetup-temp-allocator-size-nav-mesh-worker=65536"
    "memorysetup-temp-allocator-size-audio-worker=65536"
    "memorysetup-temp-allocator-size-cloud-worker=32768"
    "memorysetup-temp-allocator-size-gi-baking-worker=262144"
    "memorysetup-temp-allocator-size-gi-baking-worker=262144"
    "memorysetup-temp-allocator-size-gi-baking-worker=262144"
    "memorysetup-temp-allocator-size-gi-baking-worker=262144"
    "memorysetup-temp-allocator-size-gi-baking-worker=262144"
    "memorysetup-temp-allocator-size-gfx=262144"
Player connection [14828]  Target information:

Player connection [14828]  * "[IP] 192.168.0.65 [Port] 0 [Flags] 2 [Guid] 1169322339 [EditorId] 1169322339 [Version] 1048832 [Id] WindowsEditor(7,DESKTOP-MOMKQ24) [Debug] 1 [PackageName] WindowsEditor [ProjectName] Editor" 

Player connection [14828] Host joined multi-casting on [225.0.0.222:54997]...
Player connection [14828] Host joined alternative multi-casting on [225.0.0.222:34997]...
JobSystem: Creating JobQueue using job-worker-count value 5
Input System module state changed to: Initialized.
[Physics::Module] Initialized fallback backend.
[Physics::Module] Id: 0xdecafbad
[Licensing::Client] Code 10 while verifying Licensing Client signature (process Id: 2024, path: "C:/юнити/Unity Hub/UnityLicensingClient_V1/Unity.Licensing.Client.exe")
[Licensing::Module] LicensingClient has failed validation; ignoring
[Licensing::Client] Handshaking with LicensingClient:
  Version:                 1.17.3+a4e98f1
  Session Id:              8110e155dce34b14b2315ba1de6cb14b
  Correlation Id:          0a1fab51d25f0c83ef44513c723fc9eb
  External correlation Id: 5971313247639099430
  Machine Id:              p2zqx2RjvcmlaFMCS3B3Azs/qVA=
[Licensing::Module] Successfully connected to LicensingClient on channel: "LicenseClient-HOME" (connect: 0.00s, validation: 0.00s, handshake: 0.05s)
[Licensing::IpcConnector] Successfully connected to: "LicenseClient-HOME-notifications" at "2025-12-14T10:25:48.2489781Z"
[Licensing::Module] Licensing Background thread has ended after 0.05s
Library Redirect Path: Library/
[Physics::Module] Selected backend.
[Physics::Module] Name: PhysX
[Physics::Module] Id: 0xf2b8ea05
[Physics::Module] SDK Version: 4.1.2
[Physics::Module] Integration Version: 1.0.0
[Physics::Module] Threading Mode: Multi-Threaded
Refreshing native plugins compatible for Editor in 0.33 ms, found 0 plugins.
Preloading 0 native plugins for Editor in 0.00 ms.
Initialize engine version: 6000.2.8f1 (c9992ac36c34)
[Subsystems] Discovering subsystems at path C:/Program Files/Unity/Hub/Editor/6000.2.8f1/Editor/Data/Resources/UnitySubsystems
[Subsystems] Discovering subsystems at path C:/Users/HOME/Documents/GitHub/Project1/Valdhés su Villa/Assets
GfxDevice: creating device client; kGfxThreadingModeNonThreaded
Direct3D:
    Version:  Direct3D 11.0 [level 11.1]
    Renderer: NVIDIA GeForce RTX 4050 Laptop GPU (ID=0x28a1)
    Vendor:   NVIDIA
    VRAM:     5921 MB
    Driver:   32.0.15.7283
Initialize mono
Mono path[0] = 'C:/Program Files/Unity/Hub/Editor/6000.2.8f1/Editor/Data/Managed'
Mono path[1] = 'C:/Program Files/Unity/Hub/Editor/6000.2.8f1/Editor/Data/MonoBleedingEdge/lib/mono/unityjit-win32'
Mono config path = 'C:/Program Files/Unity/Hub/Editor/6000.2.8f1/Editor/Data/MonoBleedingEdge/etc'
Using monoOptions --debugger-agent=transport=dt_socket,embedding=1,server=y,suspend=n,address=127.0.0.1:56024
Begin MonoManager ReloadAssembly
Registering precompiled unity dll's ...
Register platform support module: C:/Program Files/Unity/Hub/Editor/6000.2.8f1/Editor/Data/PlaybackEngines/WindowsStandaloneSupport/UnityEditor.WindowsStandalone.Extensions.dll
Registered in 0.001069 seconds.
- Loaded All Assemblies, in  0.297 seconds
Native extension for WindowsStandalone target not found
Mono: successfully reloaded assembly
- Finished resetting the current domain, in  0.294 seconds
Domain Reload Profiling: 591ms
	BeginReloadAssembly (98ms)
		ExecutionOrderSort (0ms)
		DisableScriptedObjects (0ms)
		BackupInstance (0ms)
		ReleaseScriptingObjects (0ms)
		CreateAndSetChildDomain (1ms)
	RebuildCommonClasses (28ms)
	RebuildNativeTypeToScriptingClass (8ms)
	initialDomainReloadingComplete (36ms)
	LoadAllAssembliesAndSetupDomain (125ms)
		LoadAssemblies (97ms)
		RebuildTransferFunctionScriptingTraits (0ms)
		AnalyzeDomain (122ms)
			TypeCache.Refresh (121ms)
				TypeCache.ScanAssembly (110ms)
			BuildScriptInfoCaches (0ms)
			ResolveRequiredComponents (0ms)
	FinalizeReload (295ms)
		ReleaseScriptCaches (0ms)
		RebuildScriptCaches (0ms)
		SetupLoadedEditorAssemblies (252ms)
			LogAssemblyErrors (0ms)
			InitializePlatformSupportModulesInManaged (41ms)
			SetLoadedEditorAssemblies (4ms)
			BeforeProcessingInitializeOnLoad (56ms)
			ProcessInitializeOnLoadAttributes (110ms)
			ProcessInitializeOnLoadMethodAttributes (41ms)
			AfterProcessingInitializeOnLoad (0ms)
			EditorAssembliesLoaded (0ms)
		ExecutionOrderSort2 (0ms)
		AwakeInstancesAfterBackupRestoration (0ms)
========================================================================
Worker process is ready to serve import requests
Import Worker Mode flag is 0x00
Begin MonoManager ReloadAssembly
[Licensing::Client] Successfully resolved entitlement details
[Licensing::Module] License group:
  Id: 10171542316351-UnityPersXXXX
  Product: Unity Personal
  Type: Assigned
  Expiration: Unlimited
- Loaded All Assemblies, in  0.204 seconds
Refreshing native plugins compatible for Editor in 0.43 ms, found 0 plugins.
Native extension for WindowsStandalone target not found
Mono: successfully reloaded assembly
- Finished resetting the current domain, in  0.286 seconds
Domain Reload Profiling: 489ms
	BeginReloadAssembly (143ms)
		ExecutionOrderSort (0ms)
		DisableScriptedObjects (6ms)
		BackupInstance (0ms)
		ReleaseScriptingObjects (0ms)
		CreateAndSetChildDomain (24ms)
	RebuildCommonClasses (29ms)
	RebuildNativeTypeToScriptingClass (9ms)
	initialDomainReloadingComplete (15ms)
	LoadAllAssembliesAndSetupDomain (7ms)
		LoadAssemblies (76ms)
		RebuildTransferFunctionScriptingTraits (0ms)
		AnalyzeDomain (5ms)
			TypeCache.Refresh (3ms)
				TypeCache.ScanAssembly (0ms)
			BuildScriptInfoCaches (0ms)
			ResolveRequiredComponents (0ms)
	FinalizeReload (287ms)
		ReleaseScriptCaches (0ms)
		RebuildScriptCaches (0ms)
		SetupLoadedEditorAssemblies (207ms)
			LogAssemblyErrors (0ms)
			InitializePlatformSupportModulesInManaged (2ms)
			SetLoadedEditorAssemblies (3ms)
			BeforeProcessingInitializeOnLoad (92ms)
			ProcessInitializeOnLoadAttributes (91ms)
			ProcessInitializeOnLoadMethodAttributes (16ms)
			AfterProcessingInitializeOnLoad (3ms)
			EditorAssembliesLoaded (0ms)
		ExecutionOrderSort2 (0ms)
		AwakeInstancesAfterBackupRestoration (6ms)
WARNING: Shader Unsupported: 'Hidden/Universal Render Pipeline/Terrain/Lit (Base Pass)' - All subshaders removed
WARNING: Shader Did you use #pragma only_renderers and omit this platform?
WARNING: Shader If subshaders removal was intentional, you may have forgotten turning Fallback off?
WARNING: Shader Unsupported: 'Hidden/Universal Render Pipeline/Terrain/Lit (Base Pass)' - All subshaders removed
WARNING: Shader Did you use #pragma only_renderers and omit this platform?
WARNING: Shader If subshaders removal was intentional, you may have forgotten turning Fallback off?
WARNING: Shader Unsupported: 'Universal Render Pipeline/Terrain/Lit' - All subshaders removed
WARNING: Shader Did you use #pragma only_renderers and omit this platform?
WARNING: Shader If subshaders removal was intentional, you may have forgotten turning Fallback off?
WARNING: Shader Unsupported: 'Universal Render Pipeline/Terrain/Lit' - All subshaders removed
WARNING: Shader Did you use #pragma only_renderers and omit this platform?
WARNING: Shader If subshaders removal was intentional, you may have forgotten turning Fallback off?
Launched and connected shader compiler UnityShaderCompiler.exe after 0.01 seconds
Refreshing native plugins compatible for Editor in 0.38 ms, found 0 plugins.
Preloading 0 native plugins for Editor in 0.00 ms.
Unloading 34 Unused Serialized files (Serialized files now loaded: 0)
Unloading 6116 unused Assets / (5.8 MB). Loaded Objects now: 6721.
Memory consumption went from 119.2 MB to 113.4 MB.
Total: 8.201800 ms (FindLiveObjects: 0.936900 ms CreateObjectMapping: 0.741200 ms MarkObjects: 3.948500 ms  DeleteObjects: 2.570800 ms)

========================================================================
Received Import Request.
  Time since last request: 9282.039579 seconds.
  path: Assets/Pegasus Studios/Elegant Interior Decor 3D Models Pack/Resources/Models/Candle Stand.fbx
  artifactKey: Guid(ea6af5765e69b5049a4d82398a3e4064) Importer(815301076,1909f56bfc062723c751e8b465ee728b)
Start importing Assets/Pegasus Studios/Elegant Interior Decor 3D Models Pack/Resources/Models/Candle Stand.fbx using Guid(ea6af5765e69b5049a4d82398a3e4064) Importer(815301076,1909f56bfc062723c751e8b465ee728b) (PreviewImporter) -> (artifact id: '16dbf2dd4cc4323385130b22a0cfee7e') in 0.194587 seconds
Number of updated asset objects reloaded before import = 0Number of asset objects unloaded after import = 8

========================================================================
Received Import Request.
  Time since last request: 0.000046 seconds.
  path: Assets/NextGen Furniture Pack/Models/commode_1.FBX
  artifactKey: Guid(5272b0c5b0c9d8745b4818a177e73090) Importer(815301076,1909f56bfc062723c751e8b465ee728b)
Start importing Assets/NextGen Furniture Pack/Models/commode_1.FBX using Guid(5272b0c5b0c9d8745b4818a177e73090) Importer(815301076,1909f56bfc062723c751e8b465ee728b) (PreviewImporter) -> (artifact id: 'ee56d9ac1a67cb42420ab61f26625278') in 0.0295419 seconds
Number of updated asset objects reloaded before import = 0Number of asset objects unloaded after import = 7

========================================================================
Received Import Request.
  Time since last request: 0.000027 seconds.
  path: Assets/NextGen Furniture Pack/Models/chair_7.FBX
  artifactKey: Guid(a82f640b7ad10594982d2c6279030e76) Importer(815301076,1909f56bfc062723c751e8b465ee728b)
Start importing Assets/NextGen Furniture Pack/Models/chair_7.FBX using Guid(a82f640b7ad10594982d2c6279030e76) Importer(815301076,1909f56bfc062723c751e8b465ee728b) (PreviewImporter) -> (artifact id: 'ebe22d3d6aefbcbac62e02e075602bed') in 0.0280409 seconds
Number of updated asset objects reloaded before import = 0Number of asset objects unloaded after import = 7

========================================================================
Received Import Request.
  Time since last request: 0.000021 seconds.
  path: Assets/NextGen Furniture Pack/Models/commode_2.FBX
  artifactKey: Guid(57ef7eea2ef8b0f46bd6a74efaf7d64b) Importer(815301076,1909f56bfc062723c751e8b465ee728b)
Start importing Assets/NextGen Furniture Pack/Models/commode_2.FBX using Guid(57ef7eea2ef8b0f46bd6a74efaf7d64b) Importer(815301076,1909f56bfc062723c751e8b465ee728b) (PreviewImporter) -> (artifact id: 'a232a1cb73ef4aedcfd42565e70159cc') in 0.0296038 seconds
Number of updated asset objects reloaded before import = 0Number of asset objects unloaded after import = 7

========================================================================
Received Import Request.
  Time since last request: 0.000019 seconds.
  path: Assets/HDRPFurniturePack/Curtain/Models/Curtain_240x140.fbx
  artifactKey: Guid(b9ad5a30f6ddfb04ead4a475b2911054) Importer(815301076,1909f56bfc062723c751e8b465ee728b)
Start importing Assets/HDRPFurniturePack/Curtain/Models/Curtain_240x140.fbx using Guid(b9ad5a30f6ddfb04ead4a475b2911054) Importer(815301076,1909f56bfc062723c751e8b465ee728b) (PreviewImporter) -> (artifact id: '085d1f6588b9abdab456db88c46c6c09') in 0.0283594 seconds
Number of updated asset objects reloaded before import = 0Number of asset objects unloaded after import = 7

========================================================================
Received Import Request.
  Time since last request: 0.000017 seconds.
  path: Assets/NextGen Furniture Pack/Models/chair_2.FBX
  artifactKey: Guid(b665657d02705554a9010fce0ee6a330) Importer(815301076,1909f56bfc062723c751e8b465ee728b)
Start importing Assets/NextGen Furniture Pack/Models/chair_2.FBX using Guid(b665657d02705554a9010fce0ee6a330) Importer(815301076,1909f56bfc062723c751e8b465ee728b) (PreviewImporter) -> (artifact id: '8ec33737cd3b7607db845283ad69f184') in 0.0254343 seconds
Number of updated asset objects reloaded before import = 0Number of asset objects unloaded after import = 7

========================================================================
Received Import Request.
  Time since last request: 0.000020 seconds.
  path: Assets/Pegasus Studios/Elegant Interior Decor 3D Models Pack/Resources/Models/Chandelier.fbx
  artifactKey: Guid(fb33d1461bd1bd644975583df78c5658) Importer(815301076,1909f56bfc062723c751e8b465ee728b)
Start importing Assets/Pegasus Studios/Elegant Interior Decor 3D Models Pack/Resources/Models/Chandelier.fbx using Guid(fb33d1461bd1bd644975583df78c5658) Importer(815301076,1909f56bfc062723c751e8b465ee728b) (PreviewImporter) -> (artifact id: 'cd866f0bc610a5996a2a652d50c43d1f') in 0.0687163 seconds
Number of updated asset objects reloaded before import = 0Number of asset objects unloaded after import = 8

========================================================================
Received Import Request.
  Time since last request: 0.000025 seconds.
  path: Assets/HDRPFurniturePack/Coffee_Table_Books/Models/Coffee_Table_Books.fbx
  artifactKey: Guid(5bb3f8a9fa8f5fc4c984867835a018b6) Importer(815301076,1909f56bfc062723c751e8b465ee728b)
Start importing Assets/HDRPFurniturePack/Coffee_Table_Books/Models/Coffee_Table_Books.fbx using Guid(5bb3f8a9fa8f5fc4c984867835a018b6) Importer(815301076,1909f56bfc062723c751e8b465ee728b) (PreviewImporter) -> (artifact id: '3bdec0156c6e630e0674485a42d3dab8') in 0.0276067 seconds
Number of updated asset objects reloaded before import = 0Number of asset objects unloaded after import = 7

========================================================================
Received Import Request.
  Time since last request: 0.000027 seconds.
  path: Assets/NextGen Furniture Pack/Models/chair_4.FBX
  artifactKey: Guid(b33a408d569039f45b6f4c0c000a8e08) Importer(815301076,1909f56bfc062723c751e8b465ee728b)
Start importing Assets/NextGen Furniture Pack/Models/chair_4.FBX using Guid(b33a408d569039f45b6f4c0c000a8e08) Importer(815301076,1909f56bfc062723c751e8b465ee728b) (PreviewImporter) -> (artifact id: '2ebfbbbf1e2a44ec188edb0b3a4c1ea6') in 0.0267538 seconds
Number of updated asset objects reloaded before import = 0Number of asset objects unloaded after import = 7

========================================================================
Received Import Request.
  Time since last request: 0.000019 seconds.
  path: Assets/UnityTechnologies/Basic Asset Pack Interior/Models/ChairDinningB.FBX
  artifactKey: Guid(bbe64abbc81b39741946449b7bfced14) Importer(815301076,1909f56bfc062723c751e8b465ee728b)
Start importing Assets/UnityTechnologies/Basic Asset Pack Interior/Models/ChairDinningB.FBX using Guid(bbe64abbc81b39741946449b7bfced14) Importer(815301076,1909f56bfc062723c751e8b465ee728b) (PreviewImporter) -> (artifact id: 'afeb66fd335732d664937fd676e5e700') in 0.0259603 seconds
Number of updated asset objects reloaded before import = 0Number of asset objects unloaded after import = 7

========================================================================
Received Import Request.
  Time since last request: 0.000019 seconds.
  path: Assets/HDRPFurniturePack/Artek/Coffee_Table_907B_Artek/Models/Coffee_Table_907B_Artek.fbx
  artifactKey: Guid(3e36b10092da9e3468f154949204c9b1) Importer(815301076,1909f56bfc062723c751e8b465ee728b)
Start importing Assets/HDRPFurniturePack/Artek/Coffee_Table_907B_Artek/Models/Coffee_Table_907B_Artek.fbx using Guid(3e36b10092da9e3468f154949204c9b1) Importer(815301076,1909f56bfc062723c751e8b465ee728b) (PreviewImporter) -> (artifact id: '9b36fe08e76c7454297421c4b5dfb878') in 0.0382511 seconds
Number of updated asset objects reloaded before import = 0Number of asset objects unloaded after import = 14

========================================================================
Received Import Request.
  Time since last request: 30.221002 seconds.
  path: Assets/HDRPFurniturePack/Dining_Chair/Models/Dining_Chair.fbx
  artifactKey: Guid(70d3659c52536984f9434c6003369ba0) Importer(815301076,1909f56bfc062723c751e8b465ee728b)
Start importing Assets/HDRPFurniturePack/Dining_Chair/Models/Dining_Chair.fbx using Guid(70d3659c52536984f9434c6003369ba0) Importer(815301076,1909f56bfc062723c751e8b465ee728b) (PreviewImporter) -> (artifact id: '77b9c617f14f2be5478ac2a9b36bece8') in 0.0514183 seconds
Number of updated asset objects reloaded before import = 0Number of asset objects unloaded after import = 24

========================================================================
Received Import Request.
  Time since last request: 0.000017 seconds.
  path: Assets/UnityTechnologies/Basic Asset Pack Interior/Models/Floor/Floor3m.FBX
  artifactKey: Guid(6b063108f055dbc4cb327e982c1a97ef) Importer(815301076,1909f56bfc062723c751e8b465ee728b)
Start importing Assets/UnityTechnologies/Basic Asset Pack Interior/Models/Floor/Floor3m.FBX using Guid(6b063108f055dbc4cb327e982c1a97ef) Importer(815301076,1909f56bfc062723c751e8b465ee728b) (PreviewImporter) -> (artifact id: '74d10228e9949cd83c450bb5a1dd9d4c') in 0.0272888 seconds
Number of updated asset objects reloaded before import = 0Number of asset objects unloaded after import = 7

========================================================================
Received Import Request.
  Time since last request: 0.000019 seconds.
  path: Assets/JJ_InteriorDoorPack_V1/Meshes/intDoor_knob01.fbx
  artifactKey: Guid(7f64fa277f063764fa867c869ab08563) Importer(815301076,1909f56bfc062723c751e8b465ee728b)
Start importing Assets/JJ_InteriorDoorPack_V1/Meshes/intDoor_knob01.fbx using Guid(7f64fa277f063764fa867c869ab08563) Importer(815301076,1909f56bfc062723c751e8b465ee728b) (PreviewImporter) -> (artifact id: '36f25add5c5d31aed78cb5d83f621e89') in 0.0827993 seconds
Number of updated asset objects reloaded before import = 0Number of asset objects unloaded after import = 11

========================================================================
Received Import Request.
  Time since last request: 0.000020 seconds.
  path: Assets/Free Wood Door Pack/Mesh/Knob_2.FBX
  artifactKey: Guid(8fb3d1c2ac3340f468df743c47190f44) Importer(815301076,1909f56bfc062723c751e8b465ee728b)
Start importing Assets/Free Wood Door Pack/Mesh/Knob_2.FBX using Guid(8fb3d1c2ac3340f468df743c47190f44) Importer(815301076,1909f56bfc062723c751e8b465ee728b) (PreviewImporter) -> (artifact id: 'a13fefd15eb7b0e505d06eb11ec9d012') in 0.0278654 seconds
Number of updated asset objects reloaded before import = 0Number of asset objects unloaded after import = 7

========================================================================
Received Import Request.
  Time since last request: 0.000028 seconds.
  path: Assets/UnityTechnologies/Basic Asset Pack Interior/Models/LampShadeTube.FBX
  artifactKey: Guid(080908627e0e2a74a927b7260cc23ec3) Importer(815301076,1909f56bfc062723c751e8b465ee728b)
Start importing Assets/UnityTechnologies/Basic Asset Pack Interior/Models/LampShadeTube.FBX using Guid(080908627e0e2a74a927b7260cc23ec3) Importer(815301076,1909f56bfc062723c751e8b465ee728b) (PreviewImporter) -> (artifact id: '5e222ea3095f2a51ac4fa61ecbbceaff') in 0.0321189 seconds
Number of updated asset objects reloaded before import = 0Number of asset objects unloaded after import = 7

========================================================================
Received Import Request.
  Time since last request: 0.000029 seconds.
  path: Assets/Free Wood Door Pack/Mesh/Knob_1.FBX
  artifactKey: Guid(61da1afafe7ba6d4d87fd529947cb422) Importer(815301076,1909f56bfc062723c751e8b465ee728b)
Start importing Assets/Free Wood Door Pack/Mesh/Knob_1.FBX using Guid(61da1afafe7ba6d4d87fd529947cb422) Importer(815301076,1909f56bfc062723c751e8b465ee728b) (PreviewImporter) -> (artifact id: '6deae3b5ffdeb8a9f40033f13a956bce') in 0.0304179 seconds
Number of updated asset objects reloaded before import = 0Number of asset objects unloaded after import = 7

========================================================================
Received Import Request.
  Time since last request: 0.000020 seconds.
  path: Assets/UnityTechnologies/Basic Asset Pack Interior/Models/LampSmall.FBX
  artifactKey: Guid(bce58d58b66628c4bb843a0f547d5b43) Importer(815301076,1909f56bfc062723c751e8b465ee728b)
Start importing Assets/UnityTechnologies/Basic Asset Pack Interior/Models/LampSmall.FBX using Guid(bce58d58b66628c4bb843a0f547d5b43) Importer(815301076,1909f56bfc062723c751e8b465ee728b) (PreviewImporter) -> (artifact id: 'bcfc0feecb17bf9919634219cbe128df') in 0.0444025 seconds
Number of updated asset objects reloaded before import = 0Number of asset objects unloaded after import = 19

========================================================================
Received Import Request.
  Time since last request: 0.000025 seconds.
  path: Assets/Pegasus Studios/Elegant Interior Decor 3D Models Pack/Resources/Models/Door.fbx
  artifactKey: Guid(577595225f6de7447b198f1535f03034) Importer(815301076,1909f56bfc062723c751e8b465ee728b)
Start importing Assets/Pegasus Studios/Elegant Interior Decor 3D Models Pack/Resources/Models/Door.fbx using Guid(577595225f6de7447b198f1535f03034) Importer(815301076,1909f56bfc062723c751e8b465ee728b) (PreviewImporter) -> (artifact id: '8bbcf13d4e06bb4d56c864f867c3d6c6') in 0.1698175 seconds
Number of updated asset objects reloaded before import = 0Number of asset objects unloaded after import = 16

========================================================================
Received Import Request.
  Time since last request: 0.004741 seconds.
  path: Assets/SourceFiles/StarterAssets/ThirdPersonController/Character/Animations/Locomotion--Run_N.anim.fbx
  artifactKey: Guid(16114d403eabb53438de032c6f0d1deb) Importer(815301076,1909f56bfc062723c751e8b465ee728b)
Start importing Assets/SourceFiles/StarterAssets/ThirdPersonController/Character/Animations/Locomotion--Run_N.anim.fbx using Guid(16114d403eabb53438de032c6f0d1deb) Importer(815301076,1909f56bfc062723c751e8b465ee728b) (PreviewImporter) -> (artifact id: '035e5db3e794dec473a00c71cd887de9') in 0.0052012 seconds
Number of updated asset objects reloaded before import = 0Number of asset objects unloaded after import = 143

========================================================================
Received Import Request.
  Time since last request: 0.000017 seconds.
  path: Assets/SourceFiles/StarterAssets/ThirdPersonController/Character/Animations/Locomotion--Run_N_Land.anim.fbx
  artifactKey: Guid(3c033631149b9c541bcf155cd94cccba) Importer(815301076,1909f56bfc062723c751e8b465ee728b)
Start importing Assets/SourceFiles/StarterAssets/ThirdPersonController/Character/Animations/Locomotion--Run_N_Land.anim.fbx using Guid(3c033631149b9c541bcf155cd94cccba) Importer(815301076,1909f56bfc062723c751e8b465ee728b) (PreviewImporter) -> (artifact id: 'ce3d125afcd508b87d28d38503259699') in 0.0042512 seconds
Number of updated asset objects reloaded before import = 0Number of asset objects unloaded after import = 143

========================================================================
Received Import Request.
  Time since last request: 0.002779 seconds.
  path: Assets/SourceFiles/StarterAssets/ThirdPersonController/Character/Animations/Locomotion--Walk_N_Land.anim.fbx
  artifactKey: Guid(325a26d62b61fa94cb3c97c435efebc5) Importer(815301076,1909f56bfc062723c751e8b465ee728b)
Start importing Assets/SourceFiles/StarterAssets/ThirdPersonController/Character/Animations/Locomotion--Walk_N_Land.anim.fbx using Guid(325a26d62b61fa94cb3c97c435efebc5) Importer(815301076,1909f56bfc062723c751e8b465ee728b) (PreviewImporter) -> (artifact id: '9677f23fa6c31e40cafbe1c0069a880e') in 0.0044056 seconds
Number of updated asset objects reloaded before import = 0Number of asset objects unloaded after import = 143

========================================================================
Received Import Request.
  Time since last request: 1.285896 seconds.
  path: Assets/Pegasus Studios/Elegant Interior Decor 3D Models Pack/Resources/Models/Painting.fbx
  artifactKey: Guid(5728c2368bb6bc64eb55767ae8f629c9) Importer(815301076,1909f56bfc062723c751e8b465ee728b)
Start importing Assets/Pegasus Studios/Elegant Interior Decor 3D Models Pack/Resources/Models/Painting.fbx using Guid(5728c2368bb6bc64eb55767ae8f629c9) Importer(815301076,1909f56bfc062723c751e8b465ee728b) (PreviewImporter) -> (artifact id: 'f30a7c1399d54525e8975654fec5b0cc') in 0.0299556 seconds
Number of updated asset objects reloaded before import = 0Number of asset objects unloaded after import = 8

========================================================================
Received Import Request.
  Time since last request: 1.457822 seconds.
  path: Assets/Pegasus Studios/Elegant Interior Decor 3D Models Pack/Resources/Models/Pillar Lamp.fbx
  artifactKey: Guid(71cb58b7bca3c4b49a5c9ed634e40ef3) Importer(815301076,1909f56bfc062723c751e8b465ee728b)
Start importing Assets/Pegasus Studios/Elegant Interior Decor 3D Models Pack/Resources/Models/Pillar Lamp.fbx using Guid(71cb58b7bca3c4b49a5c9ed634e40ef3) Importer(815301076,1909f56bfc062723c751e8b465ee728b) (PreviewImporter) -> (artifact id: '8dd13104bf673306df4c6313167d7bfc') in 0.032765 seconds
Number of updated asset objects reloaded before import = 0Number of asset objects unloaded after import = 8

========================================================================
Received Import Request.
  Time since last request: 0.000029 seconds.
  path: Assets/UnityTechnologies/Basic Asset Pack Interior/Models/PlantPotMedium.FBX
  artifactKey: Guid(3e715039d0b44624bae1d7bc1137ae6c) Importer(815301076,1909f56bfc062723c751e8b465ee728b)
Start importing Assets/UnityTechnologies/Basic Asset Pack Interior/Models/PlantPotMedium.FBX using Guid(3e715039d0b44624bae1d7bc1137ae6c) Importer(815301076,1909f56bfc062723c751e8b465ee728b) (PreviewImporter) -> (artifact id: 'ec3d2f018911800ffeddcceea6550840') in 0.0281154 seconds
Number of updated asset objects reloaded before import = 0Number of asset objects unloaded after import = 7

========================================================================
Received Import Request.
  Time since last request: 0.000018 seconds.
  path: Assets/Pegasus Studios/Elegant Interior Decor 3D Models Pack/Resources/Models/Royal Table.fbx
  artifactKey: Guid(8ac4b47aeb863f843a71d548eb55bbf3) Importer(815301076,1909f56bfc062723c751e8b465ee728b)
Start importing Assets/Pegasus Studios/Elegant Interior Decor 3D Models Pack/Resources/Models/Royal Table.fbx using Guid(8ac4b47aeb863f843a71d548eb55bbf3) Importer(815301076,1909f56bfc062723c751e8b465ee728b) (PreviewImporter) -> (artifact id: 'ea522c2b1d2775581434856ec409e39e') in 0.0255982 seconds
Number of updated asset objects reloaded before import = 0Number of asset objects unloaded after import = 8

========================================================================
Received Import Request.
  Time since last request: 0.000019 seconds.
  path: Assets/UnityTechnologies/Basic Asset Pack Interior/Models/Floor/RugRectangleMedium.FBX
  artifactKey: Guid(7363c24eae0133946877395753fa75b6) Importer(815301076,1909f56bfc062723c751e8b465ee728b)
Start importing Assets/UnityTechnologies/Basic Asset Pack Interior/Models/Floor/RugRectangleMedium.FBX using Guid(7363c24eae0133946877395753fa75b6) Importer(815301076,1909f56bfc062723c751e8b465ee728b) (PreviewImporter) -> (artifact id: '3bc4c626355df8ffbd6578b0de981433') in 0.0249661 seconds
Number of updated asset objects reloaded before import = 0Number of asset objects unloaded after import = 7

========================================================================
Received Import Request.
  Time since last request: 0.000018 seconds.
  path: Assets/UnityTechnologies/Basic Asset Pack Interior/Models/ShelvesMediumA.FBX
  artifactKey: Guid(7ddb456e42c1fa841ab76a1dd2cee198) Importer(815301076,1909f56bfc062723c751e8b465ee728b)
Start importing Assets/UnityTechnologies/Basic Asset Pack Interior/Models/ShelvesMediumA.FBX using Guid(7ddb456e42c1fa841ab76a1dd2cee198) Importer(815301076,1909f56bfc062723c751e8b465ee728b) (PreviewImporter) -> (artifact id: '1e88f81b1de35250a5ef88d43e94fb9d') in 0.0270523 seconds
Number of updated asset objects reloaded before import = 0Number of asset objects unloaded after import = 7

========================================================================
Received Import Request.
  Time since last request: 0.000022 seconds.
  path: Assets/UnityTechnologies/Basic Asset Pack Interior/Models/ShelvesTallA.FBX
  artifactKey: Guid(6feafe1c36564fa41bacd7cb95083cf5) Importer(815301076,1909f56bfc062723c751e8b465ee728b)
Start importing Assets/UnityTechnologies/Basic Asset Pack Interior/Models/ShelvesTallA.FBX using Guid(6feafe1c36564fa41bacd7cb95083cf5) Importer(815301076,1909f56bfc062723c751e8b465ee728b) (PreviewImporter) -> (artifact id: 'cc44aa0c198232c5c94871961dda5d4b') in 0.0259989 seconds
Number of updated asset objects reloaded before import = 0Number of asset objects unloaded after import = 7

========================================================================
Received Import Request.
  Time since last request: 0.000016 seconds.
  path: Assets/HDRPFurniturePack/Rug_Woven_Wool_Natural/Models/Rug_140x200cm.fbx
  artifactKey: Guid(efb2679043028084482e10399ab6d4ee) Importer(815301076,1909f56bfc062723c751e8b465ee728b)
Start importing Assets/HDRPFurniturePack/Rug_Woven_Wool_Natural/Models/Rug_140x200cm.fbx using Guid(efb2679043028084482e10399ab6d4ee) Importer(815301076,1909f56bfc062723c751e8b465ee728b) (PreviewImporter) -> (artifact id: '8ff78fbe47b66e0213c739d2d8277684') in 0.0307759 seconds
Number of updated asset objects reloaded before import = 0Number of asset objects unloaded after import = 7

========================================================================
Received Import Request.
  Time since last request: 0.146525 seconds.
  path: Assets/NextGen Furniture Pack/Models/sofa_1.FBX
  artifactKey: Guid(a010d82cdbc51c54888e367b55562f4b) Importer(815301076,1909f56bfc062723c751e8b465ee728b)
Start importing Assets/NextGen Furniture Pack/Models/sofa_1.FBX using Guid(a010d82cdbc51c54888e367b55562f4b) Importer(815301076,1909f56bfc062723c751e8b465ee728b) (PreviewImporter) -> (artifact id: '52fd1251fe945758344211509da70d29') in 0.0404098 seconds
Number of updated asset objects reloaded before import = 0Number of asset objects unloaded after import = 7

========================================================================
Received Import Request.
  Time since last request: 0.000019 seconds.
  path: Assets/UnityTechnologies/Basic Asset Pack Interior/Models/SofaArmChair.FBX
  artifactKey: Guid(25a68030206341c4fb8fde17a476a99f) Importer(815301076,1909f56bfc062723c751e8b465ee728b)
Start importing Assets/UnityTechnologies/Basic Asset Pack Interior/Models/SofaArmChair.FBX using Guid(25a68030206341c4fb8fde17a476a99f) Importer(815301076,1909f56bfc062723c751e8b465ee728b) (PreviewImporter) -> (artifact id: '6ffcdc0eca2b78162df7ec4d94313f96') in 0.0374795 seconds
Number of updated asset objects reloaded before import = 0Number of asset objects unloaded after import = 7

========================================================================
Received Import Request.
  Time since last request: 0.000029 seconds.
  path: Assets/UnityTechnologies/Basic Asset Pack Interior/Models/SofaFootRest.FBX
  artifactKey: Guid(6defe750ce497f046826cf8092e5a10b) Importer(815301076,1909f56bfc062723c751e8b465ee728b)
Start importing Assets/UnityTechnologies/Basic Asset Pack Interior/Models/SofaFootRest.FBX using Guid(6defe750ce497f046826cf8092e5a10b) Importer(815301076,1909f56bfc062723c751e8b465ee728b) (PreviewImporter) -> (artifact id: '675077ef01e3bc1ee8685747b93c35d2') in 0.0313615 seconds
Number of updated asset objects reloaded before import = 0Number of asset objects unloaded after import = 7

========================================================================
Received Import Request.
  Time since last request: 0.000031 seconds.
  path: Assets/UnityTechnologies/Basic Asset Pack Interior/Models/SofaCusion.FBX
  artifactKey: Guid(adf017f7adaf78b49989e92ad9bb888a) Importer(815301076,1909f56bfc062723c751e8b465ee728b)
Start importing Assets/UnityTechnologies/Basic Asset Pack Interior/Models/SofaCusion.FBX using Guid(adf017f7adaf78b49989e92ad9bb888a) Importer(815301076,1909f56bfc062723c751e8b465ee728b) (PreviewImporter) -> (artifact id: '39224435fc8f82acdf60c6190cccf0ae') in 0.0300957 seconds
Number of updated asset objects reloaded before import = 0Number of asset objects unloaded after import = 8

========================================================================
Received Import Request.
  Time since last request: 0.000020 seconds.
  path: Assets/NextGen Furniture Pack/Models/sofa_2.FBX
  artifactKey: Guid(cf23e865d5e97c44c8c805a8d33f140f) Importer(815301076,1909f56bfc062723c751e8b465ee728b)
Start importing Assets/NextGen Furniture Pack/Models/sofa_2.FBX using Guid(cf23e865d5e97c44c8c805a8d33f140f) Importer(815301076,1909f56bfc062723c751e8b465ee728b) (PreviewImporter) -> (artifact id: '8038f1d3b43d85defd9dfd5f5c470b28') in 0.0328939 seconds
Number of updated asset objects reloaded before import = 0Number of asset objects unloaded after import = 7

========================================================================
Received Import Request.
  Time since last request: 0.475901 seconds.
  path: Assets/SpaceZeta_StreetLamps/Base Meshes/StreetLamp1_Short.fbx
  artifactKey: Guid(103876eacf3ef1644942b9a8c23b7e3b) Importer(815301076,1909f56bfc062723c751e8b465ee728b)
Start importing Assets/SpaceZeta_StreetLamps/Base Meshes/StreetLamp1_Short.fbx using Guid(103876eacf3ef1644942b9a8c23b7e3b) Importer(815301076,1909f56bfc062723c751e8b465ee728b) (PreviewImporter) -> (artifact id: '6cc0fb5560edf3b79c5c19e265900cbd') in 0.0259113 seconds
Number of updated asset objects reloaded before import = 0Number of asset objects unloaded after import = 7

========================================================================
Received Import Request.
  Time since last request: 0.000019 seconds.
  path: Assets/HDRPFurniturePack/Succulent_Planter/Models/Succulent_Planter_Ceramic.fbx
  artifactKey: Guid(3bdea860a477bd143b38a234a5d4b2c9) Importer(815301076,1909f56bfc062723c751e8b465ee728b)
Start importing Assets/HDRPFurniturePack/Succulent_Planter/Models/Succulent_Planter_Ceramic.fbx using Guid(3bdea860a477bd143b38a234a5d4b2c9) Importer(815301076,1909f56bfc062723c751e8b465ee728b) (PreviewImporter) -> (artifact id: '66ec3a5294ac05d149e01f1ea246a444') in 0.0363716 seconds
Number of updated asset objects reloaded before import = 0Number of asset objects unloaded after import = 14

========================================================================
Received Import Request.
  Time since last request: 0.000017 seconds.
  path: Assets/SpaceZeta_StreetLamps/Base Meshes/StreetLamp2_TallDouble.fbx
  artifactKey: Guid(9c30d06babd009546a717f60cfa802fd) Importer(815301076,1909f56bfc062723c751e8b465ee728b)
Start importing Assets/SpaceZeta_StreetLamps/Base Meshes/StreetLamp2_TallDouble.fbx using Guid(9c30d06babd009546a717f60cfa802fd) Importer(815301076,1909f56bfc062723c751e8b465ee728b) (PreviewImporter) -> (artifact id: 'f16d7b39e65c1b6581f42b32ba4fec11') in 0.0258948 seconds
Number of updated asset objects reloaded before import = 0Number of asset objects unloaded after import = 7

========================================================================
Received Import Request.
  Time since last request: 0.000025 seconds.
  path: Assets/NextGen Furniture Pack/Models/table_4.FBX
  artifactKey: Guid(bdbb5fd02f22b004a8038b92860b165a) Importer(815301076,1909f56bfc062723c751e8b465ee728b)
Start importing Assets/NextGen Furniture Pack/Models/table_4.FBX using Guid(bdbb5fd02f22b004a8038b92860b165a) Importer(815301076,1909f56bfc062723c751e8b465ee728b) (PreviewImporter) -> (artifact id: 'e1e81717b722ea2442cfac5307438f8b') in 0.0314387 seconds
Number of updated asset objects reloaded before import = 0Number of asset objects unloaded after import = 7

========================================================================
Received Import Request.
  Time since last request: 0.000018 seconds.
  path: Assets/HDRPFurniturePack/Taper_Candle_Holders/Models/Taper_Candle_Holders.fbx
  artifactKey: Guid(71abf9071e1652b4f882aa617741725f) Importer(815301076,1909f56bfc062723c751e8b465ee728b)
Start importing Assets/HDRPFurniturePack/Taper_Candle_Holders/Models/Taper_Candle_Holders.fbx using Guid(71abf9071e1652b4f882aa617741725f) Importer(815301076,1909f56bfc062723c751e8b465ee728b) (PreviewImporter) -> (artifact id: 'f60b479161f429780fdc215321c7948c') in 0.0417279 seconds
Number of updated asset objects reloaded before import = 0Number of asset objects unloaded after import = 14

========================================================================
Received Import Request.
  Time since last request: 0.000020 seconds.
  path: Assets/UnityTechnologies/Basic Asset Pack Interior/Models/TableRectangleShort.FBX
  artifactKey: Guid(1fa13df843e49b6489209c4a6f08aee2) Importer(815301076,1909f56bfc062723c751e8b465ee728b)
Start importing Assets/UnityTechnologies/Basic Asset Pack Interior/Models/TableRectangleShort.FBX using Guid(1fa13df843e49b6489209c4a6f08aee2) Importer(815301076,1909f56bfc062723c751e8b465ee728b) (PreviewImporter) -> (artifact id: '77c5cd003d7be3ad07239d98cfc4bb20') in 0.02748 seconds
Number of updated asset objects reloaded before import = 0Number of asset objects unloaded after import = 7

========================================================================
Received Import Request.
  Time since last request: 0.000019 seconds.
  path: Assets/NextGen Furniture Pack/Models/table_2.FBX
  artifactKey: Guid(fa197d56d29a97445a89f8e1b6403c56) Importer(815301076,1909f56bfc062723c751e8b465ee728b)
Start importing Assets/NextGen Furniture Pack/Models/table_2.FBX using Guid(fa197d56d29a97445a89f8e1b6403c56) Importer(815301076,1909f56bfc062723c751e8b465ee728b) (PreviewImporter) -> (artifact id: 'db6b154f715a62fd808478da5e95031c') in 0.0266725 seconds
Number of updated asset objects reloaded before import = 0Number of asset objects unloaded after import = 7

========================================================================
Received Import Request.
  Time since last request: 0.000019 seconds.
  path: Assets/NextGen Furniture Pack/Models/table_3.FBX
  artifactKey: Guid(a3c487d32f643db46b932f8abe727026) Importer(815301076,1909f56bfc062723c751e8b465ee728b)
Start importing Assets/NextGen Furniture Pack/Models/table_3.FBX using Guid(a3c487d32f643db46b932f8abe727026) Importer(815301076,1909f56bfc062723c751e8b465ee728b) (PreviewImporter) -> (artifact id: '96860b5be9ad6cb1a449d9ecc8a26cf4') in 0.0305506 seconds
Number of updated asset objects reloaded before import = 0Number of asset objects unloaded after import = 7

========================================================================
Received Import Request.
  Time since last request: 1.412249 seconds.
  path: Assets/UnityTechnologies/Basic Asset Pack Interior/Models/VaseTall.FBX
  artifactKey: Guid(5d0bee9200f22e5408e8aae6a2eba395) Importer(815301076,1909f56bfc062723c751e8b465ee728b)
Start importing Assets/UnityTechnologies/Basic Asset Pack Interior/Models/VaseTall.FBX using Guid(5d0bee9200f22e5408e8aae6a2eba395) Importer(815301076,1909f56bfc062723c751e8b465ee728b) (PreviewImporter) -> (artifact id: '6623c84ee693a6708f1ecc5a765d8e25') in 0.0312483 seconds
Number of updated asset objects reloaded before import = 0Number of asset objects unloaded after import = 7

========================================================================
Received Import Request.
  Time since last request: 0.000041 seconds.
  path: Assets/UnityTechnologies/Basic Asset Pack Interior/Models/Walls/Wall3m.FBX
  artifactKey: Guid(63e6069ebe726454ab160677d1ad79ec) Importer(815301076,1909f56bfc062723c751e8b465ee728b)
Start importing Assets/UnityTechnologies/Basic Asset Pack Interior/Models/Walls/Wall3m.FBX using Guid(63e6069ebe726454ab160677d1ad79ec) Importer(815301076,1909f56bfc062723c751e8b465ee728b) (PreviewImporter) -> (artifact id: '4c984f624345a8fc7b1a467f68670027') in 0.0375437 seconds
Number of updated asset objects reloaded before import = 0Number of asset objects unloaded after import = 15

========================================================================
Received Import Request.
  Time since last request: 0.000033 seconds.
  path: Assets/UnityTechnologies/Basic Asset Pack Interior/Models/VaseTallBottle.FBX
  artifactKey: Guid(2adc15af28cd51043b6bc41751fb2503) Importer(815301076,1909f56bfc062723c751e8b465ee728b)
Start importing Assets/UnityTechnologies/Basic Asset Pack Interior/Models/VaseTallBottle.FBX using Guid(2adc15af28cd51043b6bc41751fb2503) Importer(815301076,1909f56bfc062723c751e8b465ee728b) (PreviewImporter) -> (artifact id: 'bdcc3dcab1d74e12425519cdac939f14') in 0.0315523 seconds
Number of updated asset objects reloaded before import = 0Number of asset objects unloaded after import = 7

========================================================================
Received Import Request.
  Time since last request: 0.000021 seconds.
  path: Assets/UnityTechnologies/Basic Asset Pack Interior/Models/Walls/WallWindow4mCurtain.FBX
  artifactKey: Guid(4ff10f1bd3a9db247a6b5338659a3817) Importer(815301076,1909f56bfc062723c751e8b465ee728b)
Start importing Assets/UnityTechnologies/Basic Asset Pack Interior/Models/Walls/WallWindow4mCurtain.FBX using Guid(4ff10f1bd3a9db247a6b5338659a3817) Importer(815301076,1909f56bfc062723c751e8b465ee728b) (PreviewImporter) -> (artifact id: '7636b16ef7461c5ed6202838b00c4d1c') in 0.038559 seconds
Number of updated asset objects reloaded before import = 0Number of asset objects unloaded after import = 14

========================================================================
Received Import Request.
  Time since last request: 0.000047 seconds.
  path: Assets/UnityTechnologies/Basic Asset Pack Interior/Models/Walls/WallWindowTall4m.FBX
  artifactKey: Guid(e2fe106ccb1596149b8d7ba664b56bc9) Importer(815301076,1909f56bfc062723c751e8b465ee728b)
Start importing Assets/UnityTechnologies/Basic Asset Pack Interior/Models/Walls/WallWindowTall4m.FBX using Guid(e2fe106ccb1596149b8d7ba664b56bc9) Importer(815301076,1909f56bfc062723c751e8b465ee728b) (PreviewImporter) -> (artifact id: '483ad81ed362e57dc0e2941888f97caf') in 0.0502768 seconds
Number of updated asset objects reloaded before import = 0Number of asset objects unloaded after import = 25

========================================================================
Received Import Request.
  Time since last request: 0.000020 seconds.
  path: Assets/UnityTechnologies/Basic Asset Pack Interior/Models/Walls/WallWindowBay4mCurtain.FBX
  artifactKey: Guid(42d01a673d17e624995eb1892ca9f067) Importer(815301076,1909f56bfc062723c751e8b465ee728b)
Start importing Assets/UnityTechnologies/Basic Asset Pack Interior/Models/Walls/WallWindowBay4mCurtain.FBX using Guid(42d01a673d17e624995eb1892ca9f067) Importer(815301076,1909f56bfc062723c751e8b465ee728b) (PreviewImporter) -> (artifact id: 'de5c025262fac8ce83531524dbf66be2') in 0.039589 seconds
Number of updated asset objects reloaded before import = 0Number of asset objects unloaded after import = 14

========================================================================
Received Import Request.
  Time since last request: 0.000018 seconds.
  path: Assets/UnityTechnologies/Basic Asset Pack Interior/Models/Walls/WallCornerOuter.FBX
  artifactKey: Guid(fc4c98dc86b2e8a4e88fe1bf93f7361e) Importer(815301076,1909f56bfc062723c751e8b465ee728b)
Start importing Assets/UnityTechnologies/Basic Asset Pack Interior/Models/Walls/WallCornerOuter.FBX using Guid(fc4c98dc86b2e8a4e88fe1bf93f7361e) Importer(815301076,1909f56bfc062723c751e8b465ee728b) (PreviewImporter) -> (artifact id: '008663c099c9b384cd7dd601a40a03d7') in 0.0367747 seconds
Number of updated asset objects reloaded before import = 0Number of asset objects unloaded after import = 15

Editor requested this worker to shutdown with reason: Scaling down because of idle timeout
AssetImportWorker is now disconnected from the server
Process exiting
Exiting without the bug reporter. Application will terminate with return code 0