[Licensing::Module] Trying to connect to existing licensing client channel...
Built from '6000.2/respin/6000.2.8f1-e4064264ae96' branch; Version is '6000.2.8f1 (c9992ac36c34) revision 13211946'; Using compiler version '194234433'; Build Type 'Release'
OS: 'Windows 11  (10.0.26100) 64bit Professional' Language: 'ru' Physical Memory: 16116 MB
[Licensing::IpcConnector] Successfully connected to: "LicenseClient-HOME" at "2025-12-14T10:56:50.9124246Z"
BatchMode: 1, IsHumanControllingUs: 0, StartBugReporterOnCrash: 0, Is64bit: 1
Date: 2025-12-14T10:56:50Z

COMMAND LINE ARGUMENTS:
C:\Program Files\Unity\Hub\Editor\6000.2.8f1\Editor\Unity.exe
-adb2
-batchMode
-noUpm
-name
AssetImportWorker8
-projectPath
C:/Users/HOME/Documents/GitHub/Project1/Valdhés su Villa
-logFile
Logs/AssetImportWorker8.log
-srvPort
55375
-licensingIpc
LicenseClient-HOME
-job-worker-count
5
-background-job-worker-count
8
-gc-helper-count
1
-name
AssetImport
Successfully changed project path to: C:/Users/HOME/Documents/GitHub/Project1/Valdhés su Villa
C:/Users/HOME/Documents/GitHub/Project1/Valdhés su Villa
[UnityMemory] Configuration Parameters - Can be set up in boot.config
    "memorysetup-allocator-temp-initial-block-size-main=262144"
    "memorysetup-allocator-temp-initial-block-size-worker=262144"
    "memorysetup-bucket-allocator-granularity=16"
    "memorysetup-bucket-allocator-bucket-count=8"
    "memorysetup-bucket-allocator-block-size=33554432"
    "memorysetup-bucket-allocator-block-count=8"
    "memorysetup-main-allocator-block-size=16777216"
    "memorysetup-thread-allocator-block-size=16777216"
    "memorysetup-gfx-main-allocator-block-size=16777216"
    "memorysetup-gfx-thread-allocator-block-size=16777216"
    "memorysetup-cache-allocator-block-size=4194304"
    "memorysetup-typetree-allocator-block-size=2097152"
    "memorysetup-profiler-bucket-allocator-granularity=16"
    "memorysetup-profiler-bucket-allocator-bucket-count=8"
    "memorysetup-profiler-bucket-allocator-block-size=33554432"
    "memorysetup-profiler-bucket-allocator-block-count=8"
    "memorysetup-profiler-allocator-block-size=16777216"
    "memorysetup-profiler-editor-allocator-block-size=1048576"
    "memorysetup-temp-allocator-size-main=16777216"
    "memorysetup-job-temp-allocator-block-size=2097152"
    "memorysetup-job-temp-allocator-block-size-background=1048576"
    "memorysetup-job-temp-allocator-reduction-small-platforms=262144"
    "memorysetup-temp-allocator-size-background-worker=32768"
    "memorysetup-temp-allocator-size-job-worker=262144"
    "memorysetup-temp-allocator-size-preload-manager=33554432"
    "memorysetup-temp-allocator-size-nav-mesh-worker=65536"
    "memorysetup-temp-allocator-size-audio-worker=65536"
    "memorysetup-temp-allocator-size-cloud-worker=32768"
    "memorysetup-temp-allocator-size-gi-baking-worker=262144"
    "memorysetup-temp-allocator-size-gi-baking-worker=262144"
    "memorysetup-temp-allocator-size-gi-baking-worker=262144"
    "memorysetup-temp-allocator-size-gi-baking-worker=262144"
    "memorysetup-temp-allocator-size-gi-baking-worker=262144"
    "memorysetup-temp-allocator-size-gfx=262144"
Player connection [22884]  Target information:

Player connection [22884]  * "[IP] 192.168.0.65 [Port] 0 [Flags] 2 [Guid] 2176325291 [EditorId] 2176325291 [Version] 1048832 [Id] WindowsEditor(7,DESKTOP-MOMKQ24) [Debug] 1 [PackageName] WindowsEditor [ProjectName] Editor" 

Player connection [22884] Host joined multi-casting on [225.0.0.222:54997]...
Player connection [22884] Host joined alternative multi-casting on [225.0.0.222:34997]...
JobSystem: Creating JobQueue using job-worker-count value 5
Input System module state changed to: Initialized.
[Physics::Module] Initialized fallback backend.
[Physics::Module] Id: 0xdecafbad
[Licensing::Client] Code 10 while verifying Licensing Client signature (process Id: 2024, path: "C:/юнити/Unity Hub/UnityLicensingClient_V1/Unity.Licensing.Client.exe")
[Licensing::Module] LicensingClient has failed validation; ignoring
[Licensing::Client] Handshaking with LicensingClient:
  Version:                 1.17.3+a4e98f1
  Session Id:              c93468d7e22143abab01d5f247126efc
  Correlation Id:          0a1fab51d25f0c83ef44513c723fc9eb
  External correlation Id: 813149139190685927
  Machine Id:              p2zqx2RjvcmlaFMCS3B3Azs/qVA=
[Licensing::Module] Successfully connected to LicensingClient on channel: "LicenseClient-HOME" (connect: 0.00s, validation: 0.00s, handshake: 0.05s)
[Licensing::IpcConnector] Successfully connected to: "LicenseClient-HOME-notifications" at "2025-12-14T10:56:50.9664485Z"
[Licensing::Module] Licensing Background thread has ended after 0.05s
Library Redirect Path: Library/
[Physics::Module] Selected backend.
[Physics::Module] Name: PhysX
[Physics::Module] Id: 0xf2b8ea05
[Physics::Module] SDK Version: 4.1.2
[Physics::Module] Integration Version: 1.0.0
[Physics::Module] Threading Mode: Multi-Threaded
Refreshing native plugins compatible for Editor in 0.37 ms, found 0 plugins.
Preloading 0 native plugins for Editor in 0.00 ms.
Initialize engine version: 6000.2.8f1 (c9992ac36c34)
[Subsystems] Discovering subsystems at path C:/Program Files/Unity/Hub/Editor/6000.2.8f1/Editor/Data/Resources/UnitySubsystems
[Subsystems] Discovering subsystems at path C:/Users/HOME/Documents/GitHub/Project1/Valdhés su Villa/Assets
GfxDevice: creating device client; kGfxThreadingModeNonThreaded
Direct3D:
    Version:  Direct3D 11.0 [level 11.1]
    Renderer: NVIDIA GeForce RTX 4050 Laptop GPU (ID=0x28a1)
    Vendor:   NVIDIA
    VRAM:     5921 MB
    Driver:   32.0.15.7283
Initialize mono
Mono path[0] = 'C:/Program Files/Unity/Hub/Editor/6000.2.8f1/Editor/Data/Managed'
Mono path[1] = 'C:/Program Files/Unity/Hub/Editor/6000.2.8f1/Editor/Data/MonoBleedingEdge/lib/mono/unityjit-win32'
Mono config path = 'C:/Program Files/Unity/Hub/Editor/6000.2.8f1/Editor/Data/MonoBleedingEdge/etc'
Using monoOptions --debugger-agent=transport=dt_socket,embedding=1,server=y,suspend=n,address=127.0.0.1:56408
Begin MonoManager ReloadAssembly
Registering precompiled unity dll's ...
Register platform support module: C:/Program Files/Unity/Hub/Editor/6000.2.8f1/Editor/Data/PlaybackEngines/WindowsStandaloneSupport/UnityEditor.WindowsStandalone.Extensions.dll
Registered in 0.001415 seconds.
- Loaded All Assemblies, in  0.421 seconds
Native extension for WindowsStandalone target not found
Mono: successfully reloaded assembly
- Finished resetting the current domain, in  0.401 seconds
Domain Reload Profiling: 821ms
	BeginReloadAssembly (143ms)
		ExecutionOrderSort (0ms)
		DisableScriptedObjects (0ms)
		BackupInstance (0ms)
		ReleaseScriptingObjects (0ms)
		CreateAndSetChildDomain (1ms)
	RebuildCommonClasses (42ms)
	RebuildNativeTypeToScriptingClass (11ms)
	initialDomainReloadingComplete (47ms)
	LoadAllAssembliesAndSetupDomain (175ms)
		LoadAssemblies (140ms)
		RebuildTransferFunctionScriptingTraits (0ms)
		AnalyzeDomain (172ms)
			TypeCache.Refresh (171ms)
				TypeCache.ScanAssembly (154ms)
			BuildScriptInfoCaches (0ms)
			ResolveRequiredComponents (1ms)
	FinalizeReload (402ms)
		ReleaseScriptCaches (0ms)
		RebuildScriptCaches (0ms)
		SetupLoadedEditorAssemblies (341ms)
			LogAssemblyErrors (0ms)
			InitializePlatformSupportModulesInManaged (52ms)
			SetLoadedEditorAssemblies (4ms)
			BeforeProcessingInitializeOnLoad (77ms)
			ProcessInitializeOnLoadAttributes (153ms)
			ProcessInitializeOnLoadMethodAttributes (55ms)
			AfterProcessingInitializeOnLoad (0ms)
			EditorAssembliesLoaded (0ms)
		ExecutionOrderSort2 (0ms)
		AwakeInstancesAfterBackupRestoration (0ms)
========================================================================
Worker process is ready to serve import requests
Import Worker Mode flag is 0x00
Begin MonoManager ReloadAssembly
[Licensing::Client] Successfully resolved entitlement details
[Licensing::Module] License group:
  Id: 10171542316351-UnityPersXXXX
  Product: Unity Personal
  Type: Assigned
  Expiration: Unlimited
- Loaded All Assemblies, in  0.247 seconds
Refreshing native plugins compatible for Editor in 0.42 ms, found 0 plugins.
Native extension for WindowsStandalone target not found
Mono: successfully reloaded assembly
- Finished resetting the current domain, in  0.312 seconds
Domain Reload Profiling: 557ms
	BeginReloadAssembly (177ms)
		ExecutionOrderSort (0ms)
		DisableScriptedObjects (9ms)
		BackupInstance (0ms)
		ReleaseScriptingObjects (0ms)
		CreateAndSetChildDomain (28ms)
	RebuildCommonClasses (34ms)
	RebuildNativeTypeToScriptingClass (9ms)
	initialDomainReloadingComplete (17ms)
	LoadAllAssembliesAndSetupDomain (8ms)
		LoadAssemblies (93ms)
		RebuildTransferFunctionScriptingTraits (0ms)
		AnalyzeDomain (5ms)
			TypeCache.Refresh (3ms)
				TypeCache.ScanAssembly (0ms)
			BuildScriptInfoCaches (0ms)
			ResolveRequiredComponents (0ms)
	FinalizeReload (313ms)
		ReleaseScriptCaches (0ms)
		RebuildScriptCaches (0ms)
		SetupLoadedEditorAssemblies (225ms)
			LogAssemblyErrors (0ms)
			InitializePlatformSupportModulesInManaged (2ms)
			SetLoadedEditorAssemblies (3ms)
			BeforeProcessingInitializeOnLoad (95ms)
			ProcessInitializeOnLoadAttributes (102ms)
			ProcessInitializeOnLoadMethodAttributes (18ms)
			AfterProcessingInitializeOnLoad (3ms)
			EditorAssembliesLoaded (0ms)
		ExecutionOrderSort2 (0ms)
		AwakeInstancesAfterBackupRestoration (5ms)
WARNING: Shader Unsupported: 'Hidden/Universal Render Pipeline/Terrain/Lit (Base Pass)' - All subshaders removed
WARNING: Shader Did you use #pragma only_renderers and omit this platform?
WARNING: Shader If subshaders removal was intentional, you may have forgotten turning Fallback off?
WARNING: Shader Unsupported: 'Hidden/Universal Render Pipeline/Terrain/Lit (Base Pass)' - All subshaders removed
WARNING: Shader Did you use #pragma only_renderers and omit this platform?
WARNING: Shader If subshaders removal was intentional, you may have forgotten turning Fallback off?
WARNING: Shader Unsupported: 'Universal Render Pipeline/Terrain/Lit' - All subshaders removed
WARNING: Shader Did you use #pragma only_renderers and omit this platform?
WARNING: Shader If subshaders removal was intentional, you may have forgotten turning Fallback off?
WARNING: Shader Unsupported: 'Universal Render Pipeline/Terrain/Lit' - All subshaders removed
WARNING: Shader Did you use #pragma only_renderers and omit this platform?
WARNING: Shader If subshaders removal was intentional, you may have forgotten turning Fallback off?
Launched and connected shader compiler UnityShaderCompiler.exe after 0.02 seconds
Refreshing native plugins compatible for Editor in 0.43 ms, found 0 plugins.
Preloading 0 native plugins for Editor in 0.00 ms.
Unloading 34 Unused Serialized files (Serialized files now loaded: 0)
Unloading 6116 unused Assets / (7.2 MB). Loaded Objects now: 6722.
Memory consumption went from 121.5 MB to 114.3 MB.
Total: 13.429200 ms (FindLiveObjects: 0.971600 ms CreateObjectMapping: 0.838800 ms MarkObjects: 7.222100 ms  DeleteObjects: 4.392100 ms)

========================================================================
Received Import Request.
  Time since last request: 11057.906358 seconds.
  path: Assets/Часы/8/model.g3d
  artifactKey: Guid(aaffdbd59db1d2d4aa170b119e9445e6) Importer(2089858483,192608db42251d675da83286b1cce702)
Start importing Assets/Часы/8/model.g3d using Guid(aaffdbd59db1d2d4aa170b119e9445e6) Importer(2089858483,192608db42251d675da83286b1cce702) (ScriptedImporter) -> (artifact id: '43a927043ae42dd326b85589e9c47877') in 0.1408779 seconds
Number of updated asset objects reloaded before import = 0Number of asset objects unloaded after import = 1

========================================================================
Received Import Request.
  Time since last request: 0.000030 seconds.
  path: Assets/Часы/9/R_442af0f7587b4f62b2e978ab084b896c_Clock_AO.png
  artifactKey: Guid(95dd354359efe4641be164d83e80552c) Importer(2089858483,192608db42251d675da83286b1cce702)
Start importing Assets/Часы/9/R_442af0f7587b4f62b2e978ab084b896c_Clock_AO.png using Guid(95dd354359efe4641be164d83e80552c) Importer(2089858483,192608db42251d675da83286b1cce702) (ScriptedImporter) -> (artifact id: 'd53f534aecfd8a705a967d966163fd41') in 0.1499079 seconds
Number of updated asset objects reloaded before import = 0Number of asset objects unloaded after import = 1

========================================================================
Received Import Request.
  Time since last request: 0.000077 seconds.
  path: Assets/Часы/7/R_499f6bbc45e541f2bd03eb7833062310_mat_clock_roughness.png
  artifactKey: Guid(fee5f987973c05442afa5659f96aefdb) Importer(2089858483,192608db42251d675da83286b1cce702)
Start importing Assets/Часы/7/R_499f6bbc45e541f2bd03eb7833062310_mat_clock_roughness.png using Guid(fee5f987973c05442afa5659f96aefdb) Importer(2089858483,192608db42251d675da83286b1cce702) (ScriptedImporter) -> (artifact id: '0feab037e7385a6bdc64eaea2d1f1ea1') in 0.0361121 seconds
Number of updated asset objects reloaded before import = 0Number of asset objects unloaded after import = 1

========================================================================
Received Import Request.
  Time since last request: 0.000067 seconds.
  path: Assets/Часы/3/R_a29d833b5abd49af85d255d7b1139e51_tray_gloss.png
  artifactKey: Guid(d0b25dd3db7c94847bd810f605287824) Importer(2089858483,192608db42251d675da83286b1cce702)
Start importing Assets/Часы/3/R_a29d833b5abd49af85d255d7b1139e51_tray_gloss.png using Guid(d0b25dd3db7c94847bd810f605287824) Importer(2089858483,192608db42251d675da83286b1cce702) (ScriptedImporter) -> (artifact id: '5aabaa4848fa9fbe89ff3fcfc72df780') in 0.0382831 seconds
Number of updated asset objects reloaded before import = 0Number of asset objects unloaded after import = 1

========================================================================
Received Import Request.
  Time since last request: 0.000064 seconds.
  path: Assets/Часы/10/thumbnail.jpg
  artifactKey: Guid(e95d302c811873e4282665c756cd26f1) Importer(2089858483,192608db42251d675da83286b1cce702)
Start importing Assets/Часы/10/thumbnail.jpg using Guid(e95d302c811873e4282665c756cd26f1) Importer(2089858483,192608db42251d675da83286b1cce702) (ScriptedImporter) -> (artifact id: 'bab4bb935781f1d59828a140c20152ba') in 0.0351008 seconds
Number of updated asset objects reloaded before import = 0Number of asset objects unloaded after import = 1

========================================================================
Received Import Request.
  Time since last request: 0.000128 seconds.
  path: Assets/Часы/3/RGB_b91442f1ff3744678a1f69e5ead21b9f_chicken_emanadas_card.png
  artifactKey: Guid(8284f569bc276884bbe3ae98e9a94b9f) Importer(2089858483,192608db42251d675da83286b1cce702)
Start importing Assets/Часы/3/RGB_b91442f1ff3744678a1f69e5ead21b9f_chicken_emanadas_card.png using Guid(8284f569bc276884bbe3ae98e9a94b9f) Importer(2089858483,192608db42251d675da83286b1cce702) (ScriptedImporter) -> (artifact id: '806615863bf786521f265bc99ae4d5bb') in 0.0341179 seconds
Number of updated asset objects reloaded before import = 0Number of asset objects unloaded after import = 1

========================================================================
Received Import Request.
  Time since last request: 0.000034 seconds.
  path: Assets/Часы/5/thumbnail.jpg
  artifactKey: Guid(3b51c4481012a724cb93cc4b256d505b) Importer(2089858483,192608db42251d675da83286b1cce702)
Start importing Assets/Часы/5/thumbnail.jpg using Guid(3b51c4481012a724cb93cc4b256d505b) Importer(2089858483,192608db42251d675da83286b1cce702) (ScriptedImporter) -> (artifact id: 'c7e801909219f8bc9f0a93215dbf6ba1') in 0.0306394 seconds
Number of updated asset objects reloaded before import = 0Number of asset objects unloaded after import = 1

========================================================================
Received Import Request.
  Time since last request: 0.000195 seconds.
  path: Assets/Часы/11/model.g3d
  artifactKey: Guid(3d67356af9fefd84c8f30868f40d9bd3) Importer(2089858483,192608db42251d675da83286b1cce702)
Start importing Assets/Часы/11/model.g3d using Guid(3d67356af9fefd84c8f30868f40d9bd3) Importer(2089858483,192608db42251d675da83286b1cce702) (ScriptedImporter) -> (artifact id: 'f6c629224b059e294780920598888377') in 0.0248894 seconds
Number of updated asset objects reloaded before import = 0Number of asset objects unloaded after import = 1

========================================================================
Received Import Request.
  Time since last request: 0.000410 seconds.
  path: Assets/Часы/10/model.mtl
  artifactKey: Guid(ae5dffe026a282f438c9cd45fa46f5ec) Importer(2089858483,192608db42251d675da83286b1cce702)
Start importing Assets/Часы/10/model.mtl using Guid(ae5dffe026a282f438c9cd45fa46f5ec) Importer(2089858483,192608db42251d675da83286b1cce702) (ScriptedImporter) -> (artifact id: 'de4322074b3e469448a614f6808b313a') in 0.0246593 seconds
Number of updated asset objects reloaded before import = 0Number of asset objects unloaded after import = 1

========================================================================
Received Import Request.
  Time since last request: 0.000125 seconds.
  path: Assets/Часы/14/model.mtl
  artifactKey: Guid(d2d7f63207556a24caaa9bcaeb8a8d00) Importer(2089858483,192608db42251d675da83286b1cce702)
Start importing Assets/Часы/14/model.mtl using Guid(d2d7f63207556a24caaa9bcaeb8a8d00) Importer(2089858483,192608db42251d675da83286b1cce702) (ScriptedImporter) -> (artifact id: 'c223e0327e1fb7d7f6c3a31f7ee9f903') in 0.0254728 seconds
Number of updated asset objects reloaded before import = 0Number of asset objects unloaded after import = 1

========================================================================
Received Import Request.
  Time since last request: 0.000452 seconds.
  path: Assets/Часы/2/RGB_dd5f8c87978d47f4827bb6b022c0f6d1_jewelrystands_gold_Mat_Specular.png
  artifactKey: Guid(ca9a9b1f5e149784896121fb0ecc9f93) Importer(2089858483,192608db42251d675da83286b1cce702)
Start importing Assets/Часы/2/RGB_dd5f8c87978d47f4827bb6b022c0f6d1_jewelrystands_gold_Mat_Specular.png using Guid(ca9a9b1f5e149784896121fb0ecc9f93) Importer(2089858483,192608db42251d675da83286b1cce702) (ScriptedImporter) -> (artifact id: '3988d50d6aa7b5476b397bb4d038c76d') in 0.035661 seconds
Number of updated asset objects reloaded before import = 0Number of asset objects unloaded after import = 1

========================================================================
Received Import Request.
  Time since last request: 0.000240 seconds.
  path: Assets/Часы/5/A_45093b4502b34b7793c1c2675fd95143_grandfather_clock_glass_Mat_Metallic.png
  artifactKey: Guid(c92631c9f45ae5e47a13f5f561762cf0) Importer(2089858483,192608db42251d675da83286b1cce702)
Start importing Assets/Часы/5/A_45093b4502b34b7793c1c2675fd95143_grandfather_clock_glass_Mat_Metallic.png using Guid(c92631c9f45ae5e47a13f5f561762cf0) Importer(2089858483,192608db42251d675da83286b1cce702) (ScriptedImporter) -> (artifact id: 'fe5deda7f43f5558ed4bfdd8c82b5ee8') in 0.0428333 seconds
Number of updated asset objects reloaded before import = 0Number of asset objects unloaded after import = 1

========================================================================
Received Import Request.
  Time since last request: 0.000246 seconds.
  path: Assets/Часы/1/R_cad7915482a4492bad920e55c360ea56_PortaGioie_LightingMap.png
  artifactKey: Guid(fd7584c7509826d40812a91464508da4) Importer(2089858483,192608db42251d675da83286b1cce702)
Start importing Assets/Часы/1/R_cad7915482a4492bad920e55c360ea56_PortaGioie_LightingMap.png using Guid(fd7584c7509826d40812a91464508da4) Importer(2089858483,192608db42251d675da83286b1cce702) (ScriptedImporter) -> (artifact id: 'c896e007836e2b7382e87d432aa6643c') in 0.035067 seconds
Number of updated asset objects reloaded before import = 0Number of asset objects unloaded after import = 1

========================================================================
Received Import Request.
  Time since last request: 0.000131 seconds.
  path: Assets/Часы/12/R_7da1d4ce095d49648c5a3dd009fcd582_watchbraceletbox01_pillow_Mat_Glossiness.png
  artifactKey: Guid(d19a8368cc8c11b4686a4c2c39e8c87f) Importer(2089858483,192608db42251d675da83286b1cce702)
Start importing Assets/Часы/12/R_7da1d4ce095d49648c5a3dd009fcd582_watchbraceletbox01_pillow_Mat_Glossiness.png using Guid(d19a8368cc8c11b4686a4c2c39e8c87f) Importer(2089858483,192608db42251d675da83286b1cce702) (ScriptedImporter) -> (artifact id: '1c68f681771a6dd17c46d6c3c1d1f4cf') in 0.0390279 seconds
Number of updated asset objects reloaded before import = 0Number of asset objects unloaded after import = 1

========================================================================
Received Import Request.
  Time since last request: 0.000142 seconds.
  path: Assets/Часы/9/R_6d667d2c306d423c8e271c23e0fc8822_Clock_Metallic.png
  artifactKey: Guid(572f0fbb02ab78f49ac7d59eaab56ff9) Importer(2089858483,192608db42251d675da83286b1cce702)
Start importing Assets/Часы/9/R_6d667d2c306d423c8e271c23e0fc8822_Clock_Metallic.png using Guid(572f0fbb02ab78f49ac7d59eaab56ff9) Importer(2089858483,192608db42251d675da83286b1cce702) (ScriptedImporter) -> (artifact id: '984db781113beb260834fb4188660376') in 0.0366343 seconds
Number of updated asset objects reloaded before import = 0Number of asset objects unloaded after import = 1

========================================================================
Received Import Request.
  Time since last request: 0.000039 seconds.
  path: Assets/Часы/12/RGB_c6017821cd464d61a25e6aa5a2b8eb4a_watchbraceletbox01_glass_Mat_Diffuse.png
  artifactKey: Guid(0ca4d846e1cc573408d3aa02f111c20f) Importer(2089858483,192608db42251d675da83286b1cce702)
Start importing Assets/Часы/12/RGB_c6017821cd464d61a25e6aa5a2b8eb4a_watchbraceletbox01_glass_Mat_Diffuse.png using Guid(0ca4d846e1cc573408d3aa02f111c20f) Importer(2089858483,192608db42251d675da83286b1cce702) (ScriptedImporter) -> (artifact id: 'bc4457caacb1a7f305c5f8f331df25c4') in 0.043676 seconds
Number of updated asset objects reloaded before import = 0Number of asset objects unloaded after import = 1

========================================================================
Received Import Request.
  Time since last request: 0.000225 seconds.
  path: Assets/Часы/5/RGB_e3a773f6687a4c3a9f896e4c7c86a3b0_grandfather_clock_glass_Mat_BaseColor.png
  artifactKey: Guid(1340134c4d826b04593209d2e388cbdf) Importer(2089858483,192608db42251d675da83286b1cce702)
Start importing Assets/Часы/5/RGB_e3a773f6687a4c3a9f896e4c7c86a3b0_grandfather_clock_glass_Mat_BaseColor.png using Guid(1340134c4d826b04593209d2e388cbdf) Importer(2089858483,192608db42251d675da83286b1cce702) (ScriptedImporter) -> (artifact id: '72e22255bf20aa5e3a4adea7b9063c15') in 0.0434389 seconds
Number of updated asset objects reloaded before import = 0Number of asset objects unloaded after import = 1

========================================================================
Received Import Request.
  Time since last request: 0.000163 seconds.
  path: Assets/Часы/11/model.mtl
  artifactKey: Guid(716d21e39eebea34b9ad1b207ec0a611) Importer(2089858483,192608db42251d675da83286b1cce702)
Start importing Assets/Часы/11/model.mtl using Guid(716d21e39eebea34b9ad1b207ec0a611) Importer(2089858483,192608db42251d675da83286b1cce702) (ScriptedImporter) -> (artifact id: '370d23beaf14add18a8fe8586f93489a') in 0.027592 seconds
Number of updated asset objects reloaded before import = 0Number of asset objects unloaded after import = 1

========================================================================
Received Import Request.
  Time since last request: 0.000330 seconds.
  path: Assets/Часы/0/R_8b0702cb8694480f852dcb6c3ce85e51_TEX_SFT_FancyCoffeeTable_Main_roughness.png
  artifactKey: Guid(fce326e45e82b994bbc81c10278a2e2f) Importer(2089858483,192608db42251d675da83286b1cce702)
Start importing Assets/Часы/0/R_8b0702cb8694480f852dcb6c3ce85e51_TEX_SFT_FancyCoffeeTable_Main_roughness.png using Guid(fce326e45e82b994bbc81c10278a2e2f) Importer(2089858483,192608db42251d675da83286b1cce702) (ScriptedImporter) -> (artifact id: '037804ff149a911427b9fac6cd86d801') in 0.0387494 seconds
Number of updated asset objects reloaded before import = 0Number of asset objects unloaded after import = 1

========================================================================
Received Import Request.
  Time since last request: 0.000416 seconds.
  path: Assets/Часы/2/N_e86cb45692b2405495a6117ff09ced44_jewelrystands_gold_Mat_Normal.png
  artifactKey: Guid(6bd3cbd3df2f3134b919c2bdc7fc0b3c) Importer(2089858483,192608db42251d675da83286b1cce702)
Start importing Assets/Часы/2/N_e86cb45692b2405495a6117ff09ced44_jewelrystands_gold_Mat_Normal.png using Guid(6bd3cbd3df2f3134b919c2bdc7fc0b3c) Importer(2089858483,192608db42251d675da83286b1cce702) (ScriptedImporter) -> (artifact id: '47b9fbc446a10d24bf0c4ac41639a75f') in 0.0393497 seconds
Number of updated asset objects reloaded before import = 0Number of asset objects unloaded after import = 1

========================================================================
Received Import Request.
  Time since last request: 0.000339 seconds.
  path: Assets/Часы/3/model.g3d
  artifactKey: Guid(3b6b3b14bba39c747853f2477b3c4446) Importer(2089858483,192608db42251d675da83286b1cce702)
Start importing Assets/Часы/3/model.g3d using Guid(3b6b3b14bba39c747853f2477b3c4446) Importer(2089858483,192608db42251d675da83286b1cce702) (ScriptedImporter) -> (artifact id: 'b8d9aeb7d372123d86cc6b569112d452') in 0.0264747 seconds
Number of updated asset objects reloaded before import = 0Number of asset objects unloaded after import = 1

========================================================================
Received Import Request.
  Time since last request: 0.000380 seconds.
  path: Assets/Часы/1/model.obj
  artifactKey: Guid(7d8dbae9122824d42b5b0cd54565f77f) Importer(2089858483,192608db42251d675da83286b1cce702)
Start importing Assets/Часы/1/model.obj using Guid(7d8dbae9122824d42b5b0cd54565f77f) Importer(2089858483,192608db42251d675da83286b1cce702) (ScriptedImporter) -> (artifact id: '0658e1f1a4ddd5b09c3fa79c2ababb0a') in 0.0821634 seconds
Number of updated asset objects reloaded before import = 0Number of asset objects unloaded after import = 10

========================================================================
Received Import Request.
  Time since last request: 0.000035 seconds.
  path: Assets/Часы/3/RGB_bc7cfb2771174862ae4736e81411b99c_plat_bois_rond.png
  artifactKey: Guid(1a3eac6fb6f9aaf45a84a66cf4a79573) Importer(2089858483,192608db42251d675da83286b1cce702)
Start importing Assets/Часы/3/RGB_bc7cfb2771174862ae4736e81411b99c_plat_bois_rond.png using Guid(1a3eac6fb6f9aaf45a84a66cf4a79573) Importer(2089858483,192608db42251d675da83286b1cce702) (ScriptedImporter) -> (artifact id: 'a810bde64d524bc3f92ad2f5082d9308') in 0.0395955 seconds
Number of updated asset objects reloaded before import = 0Number of asset objects unloaded after import = 1

========================================================================
Received Import Request.
  Time since last request: 0.000047 seconds.
  path: Assets/Часы/6
  artifactKey: Guid(9d1d931d96692ed4a9f98f6a11b328f3) Importer(2089858483,192608db42251d675da83286b1cce702)
Start importing Assets/Часы/6 using Guid(9d1d931d96692ed4a9f98f6a11b328f3) Importer(2089858483,192608db42251d675da83286b1cce702) (ScriptedImporter) -> (artifact id: '6769ab3ba0315b9b90a0fdb5a98bd514') in 0.0309333 seconds
Number of updated asset objects reloaded before import = 0Number of asset objects unloaded after import = 1

========================================================================
Received Import Request.
  Time since last request: 0.000287 seconds.
  path: Assets/Часы/1/thumbnail.jpg
  artifactKey: Guid(fbc1aa1448fbcdc468d3786e7c552b63) Importer(2089858483,192608db42251d675da83286b1cce702)
Start importing Assets/Часы/1/thumbnail.jpg using Guid(fbc1aa1448fbcdc468d3786e7c552b63) Importer(2089858483,192608db42251d675da83286b1cce702) (ScriptedImporter) -> (artifact id: 'ed7ee14e6b89bf24acf346a25e025cdf') in 0.0411673 seconds
Number of updated asset objects reloaded before import = 0Number of asset objects unloaded after import = 1

========================================================================
Received Import Request.
  Time since last request: 0.000016 seconds.
  path: Assets/Часы/0/R_2d7b01d9b12c4b1e8fc726f36af7c21e_TEX_SFT_FancyCoffeeTable_Brace_AO.png
  artifactKey: Guid(78af816befd0876439fcb2eb6a93ba5c) Importer(2089858483,192608db42251d675da83286b1cce702)
Start importing Assets/Часы/0/R_2d7b01d9b12c4b1e8fc726f36af7c21e_TEX_SFT_FancyCoffeeTable_Brace_AO.png using Guid(78af816befd0876439fcb2eb6a93ba5c) Importer(2089858483,192608db42251d675da83286b1cce702) (ScriptedImporter) -> (artifact id: '112a0f80c28a3e4fe9c40d0d20385709') in 0.0365175 seconds
Number of updated asset objects reloaded before import = 0Number of asset objects unloaded after import = 1

========================================================================
Received Import Request.
  Time since last request: 0.000030 seconds.
  path: Assets/Часы/12/RGB_fbdec774735e428694a2641326249031_watchbraceletbox01_body_Mat_Diffuse.png
  artifactKey: Guid(9b5f5597e127e9e468f6cb948b7d826b) Importer(2089858483,192608db42251d675da83286b1cce702)
Start importing Assets/Часы/12/RGB_fbdec774735e428694a2641326249031_watchbraceletbox01_body_Mat_Diffuse.png using Guid(9b5f5597e127e9e468f6cb948b7d826b) Importer(2089858483,192608db42251d675da83286b1cce702) (ScriptedImporter) -> (artifact id: 'a10f1155133a0070c791a121db4f7a5f') in 0.0356754 seconds
Number of updated asset objects reloaded before import = 0Number of asset objects unloaded after import = 1

========================================================================
Received Import Request.
  Time since last request: 0.000055 seconds.
  path: Assets/Часы/5/N_51ff443560784d63be2b562c6aa53713_grandfather_clock_Mat_Normal.png
  artifactKey: Guid(742d89236a849444985dc97fb3ed4741) Importer(2089858483,192608db42251d675da83286b1cce702)
Start importing Assets/Часы/5/N_51ff443560784d63be2b562c6aa53713_grandfather_clock_Mat_Normal.png using Guid(742d89236a849444985dc97fb3ed4741) Importer(2089858483,192608db42251d675da83286b1cce702) (ScriptedImporter) -> (artifact id: 'ab5eb56f81772dadd77827d0d5ad8943') in 0.0202737 seconds
Number of updated asset objects reloaded before import = 0Number of asset objects unloaded after import = 1

========================================================================
Received Import Request.
  Time since last request: 0.000074 seconds.
  path: Assets/Часы/14/RGB_71d92eb8b00d4d3088c6179537e98268_watch_Base_color.png
  artifactKey: Guid(a16690bcd4704b74dbf8e34f01ef4bb1) Importer(2089858483,192608db42251d675da83286b1cce702)
Start importing Assets/Часы/14/RGB_71d92eb8b00d4d3088c6179537e98268_watch_Base_color.png using Guid(a16690bcd4704b74dbf8e34f01ef4bb1) Importer(2089858483,192608db42251d675da83286b1cce702) (ScriptedImporter) -> (artifact id: 'f9f643a0eb8c0507d42919279303f98e') in 0.0324215 seconds
Number of updated asset objects reloaded before import = 0Number of asset objects unloaded after import = 1

========================================================================
Received Import Request.
  Time since last request: 0.000025 seconds.
  path: Assets/Часы/9/model.obj
  artifactKey: Guid(ec3b2fa1f52020d4caf43b4ca3635f38) Importer(2089858483,192608db42251d675da83286b1cce702)
Start importing Assets/Часы/9/model.obj using Guid(ec3b2fa1f52020d4caf43b4ca3635f38) Importer(2089858483,192608db42251d675da83286b1cce702) (ScriptedImporter) -> (artifact id: '2df8c2423279f377515c57d52e377bba') in 0.0369767 seconds
Number of updated asset objects reloaded before import = 0Number of asset objects unloaded after import = 11

========================================================================
Received Import Request.
  Time since last request: 0.000019 seconds.
  path: Assets/Часы/10/R_d137a74eb9724f6280e07685b2c0fbe0_cuckoo_clock_AO.png
  artifactKey: Guid(e9e70563bc5ef744bb446751280ebc03) Importer(2089858483,192608db42251d675da83286b1cce702)
Start importing Assets/Часы/10/R_d137a74eb9724f6280e07685b2c0fbe0_cuckoo_clock_AO.png using Guid(e9e70563bc5ef744bb446751280ebc03) Importer(2089858483,192608db42251d675da83286b1cce702) (ScriptedImporter) -> (artifact id: '442253979a069773f757f2bea8b7bbdf') in 0.0358299 seconds
Number of updated asset objects reloaded before import = 0Number of asset objects unloaded after import = 1

========================================================================
Received Import Request.
  Time since last request: 0.000020 seconds.
  path: Assets/Часы/14/thumbnail.jpg
  artifactKey: Guid(185b8d414926c454d85f978a528868fd) Importer(2089858483,192608db42251d675da83286b1cce702)
Start importing Assets/Часы/14/thumbnail.jpg using Guid(185b8d414926c454d85f978a528868fd) Importer(2089858483,192608db42251d675da83286b1cce702) (ScriptedImporter) -> (artifact id: '3c94544e98f1648919c4afed23947e2e') in 0.0367118 seconds
Number of updated asset objects reloaded before import = 0Number of asset objects unloaded after import = 1

========================================================================
Received Import Request.
  Time since last request: 0.000116 seconds.
  path: Assets/Часы/13/thumbnail.jpg
  artifactKey: Guid(45091c7a5b39fdc4d9d240d3162b6ab0) Importer(2089858483,192608db42251d675da83286b1cce702)
Start importing Assets/Часы/13/thumbnail.jpg using Guid(45091c7a5b39fdc4d9d240d3162b6ab0) Importer(2089858483,192608db42251d675da83286b1cce702) (ScriptedImporter) -> (artifact id: '7f41718d3a433279fb1a6bb00fd20c31') in 0.0382127 seconds
Number of updated asset objects reloaded before import = 0Number of asset objects unloaded after import = 1

========================================================================
Received Import Request.
  Time since last request: 0.000057 seconds.
  path: Assets/Часы/6/R_d7b3e8dbb1064e078bd6d451f31497c6_T_gothic_longcase_clock_tools_AO.png
  artifactKey: Guid(d2f575472f66c7f498e1bbe91c35a7d7) Importer(2089858483,192608db42251d675da83286b1cce702)
Start importing Assets/Часы/6/R_d7b3e8dbb1064e078bd6d451f31497c6_T_gothic_longcase_clock_tools_AO.png using Guid(d2f575472f66c7f498e1bbe91c35a7d7) Importer(2089858483,192608db42251d675da83286b1cce702) (ScriptedImporter) -> (artifact id: '51df24dbe7addecb5e28dca2e1282615') in 0.0532838 seconds
Number of updated asset objects reloaded before import = 0Number of asset objects unloaded after import = 1

========================================================================
Received Import Request.
  Time since last request: 0.000170 seconds.
  path: Assets/Часы/6/R_378ae9101e9f45d581e24553d0ffa1ca_T_gothic_longcase_clock_tools_R.png
  artifactKey: Guid(76c36de70939cf8418f980579f8f7887) Importer(2089858483,192608db42251d675da83286b1cce702)
Start importing Assets/Часы/6/R_378ae9101e9f45d581e24553d0ffa1ca_T_gothic_longcase_clock_tools_R.png using Guid(76c36de70939cf8418f980579f8f7887) Importer(2089858483,192608db42251d675da83286b1cce702) (ScriptedImporter) -> (artifact id: 'fd7d8b7c6708f604fb6164cbebeaccd6') in 0.0354927 seconds
Number of updated asset objects reloaded before import = 0Number of asset objects unloaded after import = 1

========================================================================
Received Import Request.
  Time since last request: 0.000478 seconds.
  path: Assets/Часы/10/N_966f4f2b4e14466890e1e0cb919f6334_cuckoo_clock_Normal.png
  artifactKey: Guid(71e85360db083274781353dc91649fa9) Importer(2089858483,192608db42251d675da83286b1cce702)
Start importing Assets/Часы/10/N_966f4f2b4e14466890e1e0cb919f6334_cuckoo_clock_Normal.png using Guid(71e85360db083274781353dc91649fa9) Importer(2089858483,192608db42251d675da83286b1cce702) (ScriptedImporter) -> (artifact id: '984a125bc488daef99e387c22ea30994') in 0.0360867 seconds
Number of updated asset objects reloaded before import = 0Number of asset objects unloaded after import = 1

========================================================================
Received Import Request.
  Time since last request: 0.000171 seconds.
  path: Assets/Часы/0/RGB_e085dcabfff6465ba2faf19015cdd262_TEX_SFT_FancyCoffeeTable_Main_albedo.png
  artifactKey: Guid(6659f92da4688894b87ae9f9831ca4d2) Importer(2089858483,192608db42251d675da83286b1cce702)
Start importing Assets/Часы/0/RGB_e085dcabfff6465ba2faf19015cdd262_TEX_SFT_FancyCoffeeTable_Main_albedo.png using Guid(6659f92da4688894b87ae9f9831ca4d2) Importer(2089858483,192608db42251d675da83286b1cce702) (ScriptedImporter) -> (artifact id: '6d6b7d9aefded3a4d47f01242d70cb94') in 0.0403976 seconds
Number of updated asset objects reloaded before import = 0Number of asset objects unloaded after import = 1

========================================================================
Received Import Request.
  Time since last request: 14.212926 seconds.
  path: Assets/Часы/0
  artifactKey: Guid(c39d8a32db91af847877d7937fe3fcf9) Importer(815301076,1909f56bfc062723c751e8b465ee728b)
Start importing Assets/Часы/0 using Guid(c39d8a32db91af847877d7937fe3fcf9) Importer(815301076,1909f56bfc062723c751e8b465ee728b) (PreviewImporter) -> (artifact id: '1ab594350de6c47d14bef77c4d2b84a8') in 0.000607 seconds
Number of updated asset objects reloaded before import = 0Number of asset objects unloaded after import = 0

========================================================================
Received Import Request.
  Time since last request: 0.255313 seconds.
  path: Assets/Часы/0/A_69fe6b66df9c4f949a2250c3b04a9873_TEX_SFT_FancyCoffeeTable_Glass_metallic.png
  artifactKey: Guid(78c3f669ab4f3c741a396e96e727e9e8) Importer(815301076,1909f56bfc062723c751e8b465ee728b)
Start importing Assets/Часы/0/A_69fe6b66df9c4f949a2250c3b04a9873_TEX_SFT_FancyCoffeeTable_Glass_metallic.png using Guid(78c3f669ab4f3c741a396e96e727e9e8) Importer(815301076,1909f56bfc062723c751e8b465ee728b) (PreviewImporter) -> (artifact id: '5598489f8bb5f785dd613af91e3276df') in 0.0671011 seconds
Number of updated asset objects reloaded before import = 0Number of asset objects unloaded after import = 2

========================================================================
Received Import Request.
  Time since last request: 0.000021 seconds.
  path: Assets/Часы/0/R_a869a58fc61b48a697eea421b5374373_TEX_SFT_FancyCoffeeTable_Main_AO.png
  artifactKey: Guid(66a603c95144d2844ad3c6d7ec6e9930) Importer(815301076,1909f56bfc062723c751e8b465ee728b)
Start importing Assets/Часы/0/R_a869a58fc61b48a697eea421b5374373_TEX_SFT_FancyCoffeeTable_Main_AO.png using Guid(66a603c95144d2844ad3c6d7ec6e9930) Importer(815301076,1909f56bfc062723c751e8b465ee728b) (PreviewImporter) -> (artifact id: 'f41ca89b6b9b02df523b8f7ed68b720d') in 0.0280831 seconds
Number of updated asset objects reloaded before import = 0Number of asset objects unloaded after import = 2

========================================================================
Received Import Request.
  Time since last request: 0.000019 seconds.
  path: Assets/Часы/0/R_2d7b01d9b12c4b1e8fc726f36af7c21e_TEX_SFT_FancyCoffeeTable_Brace_AO.png
  artifactKey: Guid(78af816befd0876439fcb2eb6a93ba5c) Importer(815301076,1909f56bfc062723c751e8b465ee728b)
Start importing Assets/Часы/0/R_2d7b01d9b12c4b1e8fc726f36af7c21e_TEX_SFT_FancyCoffeeTable_Brace_AO.png using Guid(78af816befd0876439fcb2eb6a93ba5c) Importer(815301076,1909f56bfc062723c751e8b465ee728b) (PreviewImporter) -> (artifact id: 'e02fcf04438ae16a4bad2c50558eb154') in 0.0351465 seconds
Number of updated asset objects reloaded before import = 0Number of asset objects unloaded after import = 2

========================================================================
Received Import Request.
  Time since last request: 0.000023 seconds.
  path: Assets/Часы/0/RGB_20d3e926f85c4e0cafcbdc9b46fcd5a5_TEX_SFT_FancyCoffeeTable_Brace_albedo.png
  artifactKey: Guid(8f9070407758fbf4d8447d318fce12c2) Importer(815301076,1909f56bfc062723c751e8b465ee728b)
Start importing Assets/Часы/0/RGB_20d3e926f85c4e0cafcbdc9b46fcd5a5_TEX_SFT_FancyCoffeeTable_Brace_albedo.png using Guid(8f9070407758fbf4d8447d318fce12c2) Importer(815301076,1909f56bfc062723c751e8b465ee728b) (PreviewImporter) -> (artifact id: '42cad2a06eca9599cdd7eb8d6e462e7a') in 0.0271545 seconds
Number of updated asset objects reloaded before import = 0Number of asset objects unloaded after import = 2

========================================================================
Received Import Request.
  Time since last request: 0.000030 seconds.
  path: Assets/Часы/0/N_0b25811e7aa345bf8b6c431297c8db19_TEX_SFT_FancyCoffeeTable_Brace_normal.png
  artifactKey: Guid(16f832d34a9035642af1f7fdec6ecac8) Importer(815301076,1909f56bfc062723c751e8b465ee728b)
Start importing Assets/Часы/0/N_0b25811e7aa345bf8b6c431297c8db19_TEX_SFT_FancyCoffeeTable_Brace_normal.png using Guid(16f832d34a9035642af1f7fdec6ecac8) Importer(815301076,1909f56bfc062723c751e8b465ee728b) (PreviewImporter) -> (artifact id: '7681000d643849d10b1b85eab3884d86') in 0.0266966 seconds
Number of updated asset objects reloaded before import = 0Number of asset objects unloaded after import = 2

========================================================================
Received Import Request.
  Time since last request: 0.000023 seconds.
  path: Assets/Часы/0/R_b8e575adff774aeb8df8057bdef3d5f4_TEX_SFT_FancyCoffeeTable_Glass_roughness.png
  artifactKey: Guid(bd8a12ccbdef2d943b9564291a4320a4) Importer(815301076,1909f56bfc062723c751e8b465ee728b)
Start importing Assets/Часы/0/R_b8e575adff774aeb8df8057bdef3d5f4_TEX_SFT_FancyCoffeeTable_Glass_roughness.png using Guid(bd8a12ccbdef2d943b9564291a4320a4) Importer(815301076,1909f56bfc062723c751e8b465ee728b) (PreviewImporter) -> (artifact id: '4912cd59bffaecfe9d82b20282e86647') in 0.0294449 seconds
Number of updated asset objects reloaded before import = 0Number of asset objects unloaded after import = 2

========================================================================
Received Import Request.
  Time since last request: 0.000021 seconds.
  path: Assets/Часы/0/N_e6f848771d7841f194d37361850aab31_TEX_SFT_FancyCoffeeTable_Glass_normal.png
  artifactKey: Guid(decfc27bfd2ee994ba5f7ec3a6445be3) Importer(815301076,1909f56bfc062723c751e8b465ee728b)
Start importing Assets/Часы/0/N_e6f848771d7841f194d37361850aab31_TEX_SFT_FancyCoffeeTable_Glass_normal.png using Guid(decfc27bfd2ee994ba5f7ec3a6445be3) Importer(815301076,1909f56bfc062723c751e8b465ee728b) (PreviewImporter) -> (artifact id: 'd3f6f4997a341de564ef1aff013ac588') in 0.0322079 seconds
Number of updated asset objects reloaded before import = 0Number of asset objects unloaded after import = 2

========================================================================
Received Import Request.
  Time since last request: 0.000018 seconds.
  path: Assets/Часы/0/RGB_9ed22d60274446bf80ba32b6656ab742_TEX_SFT_FancyCoffeeTable_Glass_albedo.png
  artifactKey: Guid(4218f903c2770ca418c92151dfe22919) Importer(815301076,1909f56bfc062723c751e8b465ee728b)
Start importing Assets/Часы/0/RGB_9ed22d60274446bf80ba32b6656ab742_TEX_SFT_FancyCoffeeTable_Glass_albedo.png using Guid(4218f903c2770ca418c92151dfe22919) Importer(815301076,1909f56bfc062723c751e8b465ee728b) (PreviewImporter) -> (artifact id: 'eda18fabdaa2cda6bb3218b2d59a4b7f') in 0.0298916 seconds
Number of updated asset objects reloaded before import = 0Number of asset objects unloaded after import = 2

========================================================================
Received Import Request.
  Time since last request: 12.107501 seconds.
  path: Assets/Часы/0/Materials
  artifactKey: Guid(17362af4705507146877114826c36182) Importer(2089858483,192608db42251d675da83286b1cce702)
Start importing Assets/Часы/0/Materials using Guid(17362af4705507146877114826c36182) Importer(2089858483,192608db42251d675da83286b1cce702) (ScriptedImporter) -> (artifact id: 'b729bb46b6100f34a17c8e39ff4e2682') in 0.026238 seconds
Number of updated asset objects reloaded before import = 0Number of asset objects unloaded after import = 1

========================================================================
Received Import Request.
  Time since last request: 4.689515 seconds.
  path: Assets/Часы/0/Materials/RGB_20d3e926f85c4e0cafcbdc9b46fcd5a5_TEX_SFT_FancyCoffeeTable_Brace_albedo.mat
  artifactKey: Guid(50ef9d019bb022a48a0c327de1e66d4c) Importer(2089858483,192608db42251d675da83286b1cce702)
Start importing Assets/Часы/0/Materials/RGB_20d3e926f85c4e0cafcbdc9b46fcd5a5_TEX_SFT_FancyCoffeeTable_Brace_albedo.mat using Guid(50ef9d019bb022a48a0c327de1e66d4c) Importer(2089858483,192608db42251d675da83286b1cce702) (ScriptedImporter) -> (artifact id: '5c997ea8812479305455b2759db837dd') in 0.0300028 seconds
Number of updated asset objects reloaded before import = 0Number of asset objects unloaded after import = 2

========================================================================
Received Import Request.
  Time since last request: 21.300827 seconds.
  path: Assets/Часы/0/Materials/A_69fe6b66df9c4f949a2250c3b04a9873_TEX_SFT_FancyCoffeeTable_Glass_metallic.mat
  artifactKey: Guid(6adb91bb8e49cad46b7175465f688ca1) Importer(2089858483,192608db42251d675da83286b1cce702)
Start importing Assets/Часы/0/Materials/A_69fe6b66df9c4f949a2250c3b04a9873_TEX_SFT_FancyCoffeeTable_Glass_metallic.mat using Guid(6adb91bb8e49cad46b7175465f688ca1) Importer(2089858483,192608db42251d675da83286b1cce702) (ScriptedImporter) -> (artifact id: '919109775d290f7f966b5d58d65c836d') in 0.0323571 seconds
Number of updated asset objects reloaded before import = 0Number of asset objects unloaded after import = 2

========================================================================
Received Import Request.
  Time since last request: 34.449539 seconds.
  path: Assets/Часы/0/Materials/RGB_e085dcabfff6465ba2faf19015cdd262_TEX_SFT_FancyCoffeeTable_Main_albedo.mat
  artifactKey: Guid(939c30f339636414997e7a4e2600e11d) Importer(2089858483,192608db42251d675da83286b1cce702)
Start importing Assets/Часы/0/Materials/RGB_e085dcabfff6465ba2faf19015cdd262_TEX_SFT_FancyCoffeeTable_Main_albedo.mat using Guid(939c30f339636414997e7a4e2600e11d) Importer(2089858483,192608db42251d675da83286b1cce702) (ScriptedImporter) -> (artifact id: 'b0b424882a86e1a3dafae3fc88204176') in 0.0272489 seconds
Number of updated asset objects reloaded before import = 0Number of asset objects unloaded after import = 2

========================================================================
Received Import Request.
  Time since last request: 21.628927 seconds.
  path: Assets/Часы/1
  artifactKey: Guid(b06ee76f870add64196244fcf5ee9570) Importer(815301076,1909f56bfc062723c751e8b465ee728b)
Start importing Assets/Часы/1 using Guid(b06ee76f870add64196244fcf5ee9570) Importer(815301076,1909f56bfc062723c751e8b465ee728b) (PreviewImporter) -> (artifact id: '06d49fd1fce6beb8a85bd6e208c65ab8') in 0.0006808 seconds
Number of updated asset objects reloaded before import = 0Number of asset objects unloaded after import = 0

========================================================================
Received Import Request.
  Time since last request: 0.090413 seconds.
  path: Assets/Часы/1/model.obj
  artifactKey: Guid(7d8dbae9122824d42b5b0cd54565f77f) Importer(815301076,1909f56bfc062723c751e8b465ee728b)
Start importing Assets/Часы/1/model.obj using Guid(7d8dbae9122824d42b5b0cd54565f77f) Importer(815301076,1909f56bfc062723c751e8b465ee728b) (PreviewImporter) -> (artifact id: 'e26b4d104a4a250f623d2e201e5b45f0') in 0.1301446 seconds
Number of updated asset objects reloaded before import = 0Number of asset objects unloaded after import = 10

========================================================================
Received Import Request.
  Time since last request: 0.000036 seconds.
  path: Assets/Часы/1/R_cad7915482a4492bad920e55c360ea56_PortaGioie_LightingMap.png
  artifactKey: Guid(fd7584c7509826d40812a91464508da4) Importer(815301076,1909f56bfc062723c751e8b465ee728b)
Start importing Assets/Часы/1/R_cad7915482a4492bad920e55c360ea56_PortaGioie_LightingMap.png using Guid(fd7584c7509826d40812a91464508da4) Importer(815301076,1909f56bfc062723c751e8b465ee728b) (PreviewImporter) -> (artifact id: '0580c4103eb6f07ab781636ad15773e4') in 0.0258529 seconds
Number of updated asset objects reloaded before import = 0Number of asset objects unloaded after import = 2

========================================================================
Received Import Request.
  Time since last request: 33.131617 seconds.
  path: Assets/Часы/1/Materials
  artifactKey: Guid(ac1a45e8df334034abec77eced3be99e) Importer(2089858483,192608db42251d675da83286b1cce702)
Start importing Assets/Часы/1/Materials using Guid(ac1a45e8df334034abec77eced3be99e) Importer(2089858483,192608db42251d675da83286b1cce702) (ScriptedImporter) -> (artifact id: '18343021a929ef5eb61c309cdaaeddb7') in 0.0234199 seconds
Number of updated asset objects reloaded before import = 0Number of asset objects unloaded after import = 1

========================================================================
Received Import Request.
  Time since last request: 6.830593 seconds.
  path: Assets/Часы/1/Materials/RGB_bccd1a48f4c04f8a8f114a42c7254c60_PortaGioie_diffuse.mat
  artifactKey: Guid(ba01e626d61bf2e4485d5a768b02e4b6) Importer(2089858483,192608db42251d675da83286b1cce702)
Start importing Assets/Часы/1/Materials/RGB_bccd1a48f4c04f8a8f114a42c7254c60_PortaGioie_diffuse.mat using Guid(ba01e626d61bf2e4485d5a768b02e4b6) Importer(2089858483,192608db42251d675da83286b1cce702) (ScriptedImporter) -> (artifact id: 'ee1f0e7c6d96e4f0a881ff102c5c1d44') in 0.030572 seconds
Number of updated asset objects reloaded before import = 0Number of asset objects unloaded after import = 2

========================================================================
Received Import Request.
  Time since last request: 5.350698 seconds.
  path: Assets/Часы/1/Materials
  artifactKey: Guid(ac1a45e8df334034abec77eced3be99e) Importer(815301076,1909f56bfc062723c751e8b465ee728b)
Start importing Assets/Часы/1/Materials using Guid(ac1a45e8df334034abec77eced3be99e) Importer(815301076,1909f56bfc062723c751e8b465ee728b) (PreviewImporter) -> (artifact id: '182d71f8968abc1de835e951d266473f') in 0.0005311 seconds
Number of updated asset objects reloaded before import = 0Number of asset objects unloaded after import = 0

========================================================================
Received Import Request.
  Time since last request: 0.079871 seconds.
  path: Assets/Часы/1/Materials/RGB_bccd1a48f4c04f8a8f114a42c7254c60_PortaGioie_diffuse.mat
  artifactKey: Guid(ba01e626d61bf2e4485d5a768b02e4b6) Importer(815301076,1909f56bfc062723c751e8b465ee728b)
Start importing Assets/Часы/1/Materials/RGB_bccd1a48f4c04f8a8f114a42c7254c60_PortaGioie_diffuse.mat using Guid(ba01e626d61bf2e4485d5a768b02e4b6) Importer(815301076,1909f56bfc062723c751e8b465ee728b) (PreviewImporter) -> (artifact id: 'ac80260201d4a949e3847c4c39ce2677') in 0.0293387 seconds
Number of updated asset objects reloaded before import = 0Number of asset objects unloaded after import = 2

========================================================================
Received Import Request.
  Time since last request: 116.716556 seconds.
  path: Assets/Часы/2
  artifactKey: Guid(8c26900ac90fdaa4e94201e8dfdece76) Importer(815301076,1909f56bfc062723c751e8b465ee728b)
Start importing Assets/Часы/2 using Guid(8c26900ac90fdaa4e94201e8dfdece76) Importer(815301076,1909f56bfc062723c751e8b465ee728b) (PreviewImporter) -> (artifact id: '16ceb871a918b3d0b045b518455394e8') in 0.0008623 seconds
Number of updated asset objects reloaded before import = 0Number of asset objects unloaded after import = 0

========================================================================
Received Import Request.
  Time since last request: 0.199976 seconds.
  path: Assets/Часы/2/A_7665810631774a8a9dc2e1169fd4b614_jewelrystands_glass_Mat_Refraction.png
  artifactKey: Guid(e8fee984c8ac7e54cb31c28606ab31a9) Importer(815301076,1909f56bfc062723c751e8b465ee728b)
Start importing Assets/Часы/2/A_7665810631774a8a9dc2e1169fd4b614_jewelrystands_glass_Mat_Refraction.png using Guid(e8fee984c8ac7e54cb31c28606ab31a9) Importer(815301076,1909f56bfc062723c751e8b465ee728b) (PreviewImporter) -> (artifact id: 'a6da146b16a0b3b1a1132b6ce39f0304') in 0.0331194 seconds
Number of updated asset objects reloaded before import = 0Number of asset objects unloaded after import = 2

========================================================================
Received Import Request.
  Time since last request: 0.002825 seconds.
  path: Assets/Часы/2/R_7b315545ea734dd09b51b4441e0bcae4_jewelrystands_glass_Mat_Glossiness.png
  artifactKey: Guid(78c2525ac44c25248bf24102d632bd3a) Importer(815301076,1909f56bfc062723c751e8b465ee728b)
Start importing Assets/Часы/2/R_7b315545ea734dd09b51b4441e0bcae4_jewelrystands_glass_Mat_Glossiness.png using Guid(78c2525ac44c25248bf24102d632bd3a) Importer(815301076,1909f56bfc062723c751e8b465ee728b) (PreviewImporter) -> (artifact id: '580e6e3f60f2591cb1dfb7739041972f') in 0.0229334 seconds
Number of updated asset objects reloaded before import = 0Number of asset objects unloaded after import = 2

========================================================================
Received Import Request.
  Time since last request: 0.000022 seconds.
  path: Assets/Часы/2/RGB_b1de2c2eb2a04c8ca89e8086c816261a_jewelrystands_glass_Mat_Diffuse.png
  artifactKey: Guid(74a9929417bdf434f846172761920a9e) Importer(815301076,1909f56bfc062723c751e8b465ee728b)
Start importing Assets/Часы/2/RGB_b1de2c2eb2a04c8ca89e8086c816261a_jewelrystands_glass_Mat_Diffuse.png using Guid(74a9929417bdf434f846172761920a9e) Importer(815301076,1909f56bfc062723c751e8b465ee728b) (PreviewImporter) -> (artifact id: 'ed09cc06a2eb03f904d3a0c0aa962062') in 0.0260591 seconds
Number of updated asset objects reloaded before import = 0Number of asset objects unloaded after import = 2

========================================================================
Received Import Request.
  Time since last request: 0.000031 seconds.
  path: Assets/Часы/2/N_e86cb45692b2405495a6117ff09ced44_jewelrystands_gold_Mat_Normal.png
  artifactKey: Guid(6bd3cbd3df2f3134b919c2bdc7fc0b3c) Importer(815301076,1909f56bfc062723c751e8b465ee728b)
Start importing Assets/Часы/2/N_e86cb45692b2405495a6117ff09ced44_jewelrystands_gold_Mat_Normal.png using Guid(6bd3cbd3df2f3134b919c2bdc7fc0b3c) Importer(815301076,1909f56bfc062723c751e8b465ee728b) (PreviewImporter) -> (artifact id: 'a3a1208a875f1406ae3c647d9c2c8b72') in 0.0246768 seconds
Number of updated asset objects reloaded before import = 0Number of asset objects unloaded after import = 2

========================================================================
Received Import Request.
  Time since last request: 0.000017 seconds.
  path: Assets/Часы/2/RGB_471aefb5f77043778140a46b272e5eaf_jewelrystands_leather_Mat_Specular.png
  artifactKey: Guid(b1508768eddbe3a4fbed09ed4b39a52e) Importer(815301076,1909f56bfc062723c751e8b465ee728b)
Start importing Assets/Часы/2/RGB_471aefb5f77043778140a46b272e5eaf_jewelrystands_leather_Mat_Specular.png using Guid(b1508768eddbe3a4fbed09ed4b39a52e) Importer(815301076,1909f56bfc062723c751e8b465ee728b) (PreviewImporter) -> (artifact id: 'e1045379154502d0c9a3dc7977863798') in 0.0284998 seconds
Number of updated asset objects reloaded before import = 0Number of asset objects unloaded after import = 2

========================================================================
Received Import Request.
  Time since last request: 0.000021 seconds.
  path: Assets/Часы/2/N_b4417931670847a5acc9a2dab5b7a770_jewelrystands_leather_Mat_Normal.png
  artifactKey: Guid(25dcf37eb0be4b140b1f006bdac01e56) Importer(815301076,1909f56bfc062723c751e8b465ee728b)
Start importing Assets/Часы/2/N_b4417931670847a5acc9a2dab5b7a770_jewelrystands_leather_Mat_Normal.png using Guid(25dcf37eb0be4b140b1f006bdac01e56) Importer(815301076,1909f56bfc062723c751e8b465ee728b) (PreviewImporter) -> (artifact id: '9069c165cc025ffae8a6fc29fc6c8823') in 0.0326172 seconds
Number of updated asset objects reloaded before import = 0Number of asset objects unloaded after import = 2

========================================================================
Received Import Request.
  Time since last request: 0.000024 seconds.
  path: Assets/Часы/2/RGB_94bfe396930149bdb6e28a5d759432c7_jewelrystands_glass_Mat_Specular.png
  artifactKey: Guid(03a7e886ee14c3548b8b804f492190ed) Importer(815301076,1909f56bfc062723c751e8b465ee728b)
Start importing Assets/Часы/2/RGB_94bfe396930149bdb6e28a5d759432c7_jewelrystands_glass_Mat_Specular.png using Guid(03a7e886ee14c3548b8b804f492190ed) Importer(815301076,1909f56bfc062723c751e8b465ee728b) (PreviewImporter) -> (artifact id: '2a408800f0c8bdedaea1ff15df16f447') in 0.007756 seconds
Number of updated asset objects reloaded before import = 0Number of asset objects unloaded after import = 2

========================================================================
Received Import Request.
  Time since last request: 0.000027 seconds.
  path: Assets/Часы/2/RGB_dd5f8c87978d47f4827bb6b022c0f6d1_jewelrystands_gold_Mat_Specular.png
  artifactKey: Guid(ca9a9b1f5e149784896121fb0ecc9f93) Importer(815301076,1909f56bfc062723c751e8b465ee728b)
Start importing Assets/Часы/2/RGB_dd5f8c87978d47f4827bb6b022c0f6d1_jewelrystands_gold_Mat_Specular.png using Guid(ca9a9b1f5e149784896121fb0ecc9f93) Importer(815301076,1909f56bfc062723c751e8b465ee728b) (PreviewImporter) -> (artifact id: 'd0c673b37363845af4058368a84b9632') in 0.0230345 seconds
Number of updated asset objects reloaded before import = 0Number of asset objects unloaded after import = 2

========================================================================
Received Import Request.
  Time since last request: 0.000019 seconds.
  path: Assets/Часы/2/R_5ffd74547fa54ddba9ef22e21048246f_jewelrystands_gold_Mat_Glossiness.png
  artifactKey: Guid(c199792470a194946bd5987776379fd6) Importer(815301076,1909f56bfc062723c751e8b465ee728b)
Start importing Assets/Часы/2/R_5ffd74547fa54ddba9ef22e21048246f_jewelrystands_gold_Mat_Glossiness.png using Guid(c199792470a194946bd5987776379fd6) Importer(815301076,1909f56bfc062723c751e8b465ee728b) (PreviewImporter) -> (artifact id: '88485fc3277eeef26fd5c515560b21c1') in 0.0284126 seconds
Number of updated asset objects reloaded before import = 0Number of asset objects unloaded after import = 2

========================================================================
Received Import Request.
  Time since last request: 0.000024 seconds.
  path: Assets/Часы/2/thumbnail.jpg
  artifactKey: Guid(8c1496ddfb9903a42a8b72deb216fc10) Importer(815301076,1909f56bfc062723c751e8b465ee728b)
Start importing Assets/Часы/2/thumbnail.jpg using Guid(8c1496ddfb9903a42a8b72deb216fc10) Importer(815301076,1909f56bfc062723c751e8b465ee728b) (PreviewImporter) -> (artifact id: '790411b8df758c07ba4c87cc100ed087') in 0.0250436 seconds
Number of updated asset objects reloaded before import = 0Number of asset objects unloaded after import = 2

========================================================================
Received Import Request.
  Time since last request: 11.225241 seconds.
  path: Assets/Часы/3/model.obj
  artifactKey: Guid(331ceb648f7621d4db63162391d0a675) Importer(815301076,1909f56bfc062723c751e8b465ee728b)
Start importing Assets/Часы/3/model.obj using Guid(331ceb648f7621d4db63162391d0a675) Importer(815301076,1909f56bfc062723c751e8b465ee728b) (PreviewImporter) -> (artifact id: '5bda56b523c4e431824344c7fffb444d') in 0.6497197 seconds
Number of updated asset objects reloaded before import = 0Number of asset objects unloaded after import = 376

========================================================================
Received Import Request.
  Time since last request: 0.319598 seconds.
  path: Assets/Объекты/5/model.obj
  artifactKey: Guid(16a926866daddeb4aae68eb7626b4f1a) Importer(815301076,1909f56bfc062723c751e8b465ee728b)
Start importing Assets/Объекты/5/model.obj using Guid(16a926866daddeb4aae68eb7626b4f1a) Importer(815301076,1909f56bfc062723c751e8b465ee728b) (PreviewImporter) -> (artifact id: '28abccdc35244149dd20f33e873429ed') in 0.0452669 seconds
Number of updated asset objects reloaded before import = 0Number of asset objects unloaded after import = 11

========================================================================
Received Import Request.
  Time since last request: 0.000026 seconds.
  path: Assets/Часы/11/model.obj
  artifactKey: Guid(abd456fa2a43ffd4abd36783255dd804) Importer(815301076,1909f56bfc062723c751e8b465ee728b)
Start importing Assets/Часы/11/model.obj using Guid(abd456fa2a43ffd4abd36783255dd804) Importer(815301076,1909f56bfc062723c751e8b465ee728b) (PreviewImporter) -> (artifact id: '1037227c55811875bb5a03ebb6d3a11a') in 0.063374 seconds
Number of updated asset objects reloaded before import = 0Number of asset objects unloaded after import = 22

========================================================================
Received Import Request.
  Time since last request: 0.000021 seconds.
  path: Assets/Часы/12/model.obj
  artifactKey: Guid(1ff246a5e6b68cd43af0256aa3be888c) Importer(815301076,1909f56bfc062723c751e8b465ee728b)
Start importing Assets/Часы/12/model.obj using Guid(1ff246a5e6b68cd43af0256aa3be888c) Importer(815301076,1909f56bfc062723c751e8b465ee728b) (PreviewImporter) -> (artifact id: '7881755194f068cf96ca2d766a2dd167') in 0.1137712 seconds
Number of updated asset objects reloaded before import = 0Number of asset objects unloaded after import = 46

========================================================================
Received Import Request.
  Time since last request: 0.000084 seconds.
  path: Assets/Часы/7/model.obj
  artifactKey: Guid(64a11f7303d157e4db83cba91577f15b) Importer(815301076,1909f56bfc062723c751e8b465ee728b)
Start importing Assets/Часы/7/model.obj using Guid(64a11f7303d157e4db83cba91577f15b) Importer(815301076,1909f56bfc062723c751e8b465ee728b) (PreviewImporter) -> (artifact id: '9dc55271885038d2e660bc37c21618c5') in 0.2227293 seconds
Number of updated asset objects reloaded before import = 0Number of asset objects unloaded after import = 136

========================================================================
Received Import Request.
  Time since last request: 99.131970 seconds.
  path: Assets/Часы/3/RGB_3f227e77db064b5a82e773948ff7fd16_poulet_fume.png
  artifactKey: Guid(6d4d2fc2448428c48b06a308c1eb59d2) Importer(815301076,1909f56bfc062723c751e8b465ee728b)
Start importing Assets/Часы/3/RGB_3f227e77db064b5a82e773948ff7fd16_poulet_fume.png using Guid(6d4d2fc2448428c48b06a308c1eb59d2) Importer(815301076,1909f56bfc062723c751e8b465ee728b) (PreviewImporter) -> (artifact id: '82fd68fa364c9ce5774f928e05b7bcd0') in 0.0345616 seconds
Number of updated asset objects reloaded before import = 0Number of asset objects unloaded after import = 2

========================================================================
Received Import Request.
  Time since last request: 0.000026 seconds.
  path: Assets/Часы/3/RGB_14de3ad8b75b4ae680f69953cb83afad_beef-empanadas-1640021932.png
  artifactKey: Guid(830e907288b98d441b55960831f3b212) Importer(815301076,1909f56bfc062723c751e8b465ee728b)
Start importing Assets/Часы/3/RGB_14de3ad8b75b4ae680f69953cb83afad_beef-empanadas-1640021932.png using Guid(830e907288b98d441b55960831f3b212) Importer(815301076,1909f56bfc062723c751e8b465ee728b) (PreviewImporter) -> (artifact id: '69b77ca427d5a34f8c1507e30b6a6967') in 0.0231133 seconds
Number of updated asset objects reloaded before import = 0Number of asset objects unloaded after import = 2

========================================================================
Received Import Request.
  Time since last request: 0.000022 seconds.
  path: Assets/Часы/3/RGB_c270026fc9ef4b0f8f71974fb010ba72_tomato_croissant_card.png
  artifactKey: Guid(81a3bfcfc4516ff4eb1321e4d9cca3bd) Importer(815301076,1909f56bfc062723c751e8b465ee728b)
Start importing Assets/Часы/3/RGB_c270026fc9ef4b0f8f71974fb010ba72_tomato_croissant_card.png using Guid(81a3bfcfc4516ff4eb1321e4d9cca3bd) Importer(815301076,1909f56bfc062723c751e8b465ee728b) (PreviewImporter) -> (artifact id: '33a241439f8832166f648e029424e668') in 0.0261677 seconds
Number of updated asset objects reloaded before import = 0Number of asset objects unloaded after import = 2

========================================================================
Received Import Request.
  Time since last request: 0.000029 seconds.
  path: Assets/Часы/3/RGB_ac0d0ec156cd48f3b0422d5987faba59_chickpea_card.png
  artifactKey: Guid(f8974b2f236e6e64b8d247a348ea5265) Importer(815301076,1909f56bfc062723c751e8b465ee728b)
Start importing Assets/Часы/3/RGB_ac0d0ec156cd48f3b0422d5987faba59_chickpea_card.png using Guid(f8974b2f236e6e64b8d247a348ea5265) Importer(815301076,1909f56bfc062723c751e8b465ee728b) (PreviewImporter) -> (artifact id: 'e33c4184aacd9cab90f8e1a1c6c71942') in 0.024169 seconds
Number of updated asset objects reloaded before import = 0Number of asset objects unloaded after import = 2

========================================================================
Received Import Request.
  Time since last request: 0.000025 seconds.
  path: Assets/Часы/3/RGB_a8af74f7b9e045e790d99d08680562e1_BAKED_MEXICAN_EGGS.png
  artifactKey: Guid(70df467fba588e849a905ffb7911aea2) Importer(815301076,1909f56bfc062723c751e8b465ee728b)
Start importing Assets/Часы/3/RGB_a8af74f7b9e045e790d99d08680562e1_BAKED_MEXICAN_EGGS.png using Guid(70df467fba588e849a905ffb7911aea2) Importer(815301076,1909f56bfc062723c751e8b465ee728b) (PreviewImporter) -> (artifact id: 'f261c4ee4cfcc061c23322fee59182fc') in 0.0210944 seconds
Number of updated asset objects reloaded before import = 0Number of asset objects unloaded after import = 2

========================================================================
Received Import Request.
  Time since last request: 0.000018 seconds.
  path: Assets/Часы/3/thumbnail.jpg
  artifactKey: Guid(88b84a96e5c09854c9297db7a4731052) Importer(815301076,1909f56bfc062723c751e8b465ee728b)
Start importing Assets/Часы/3/thumbnail.jpg using Guid(88b84a96e5c09854c9297db7a4731052) Importer(815301076,1909f56bfc062723c751e8b465ee728b) (PreviewImporter) -> (artifact id: 'cb33b0f18acf68e879c217652606f9ef') in 0.0293757 seconds
Number of updated asset objects reloaded before import = 0Number of asset objects unloaded after import = 2

========================================================================
Received Import Request.
  Time since last request: 0.000020 seconds.
  path: Assets/Часы/3/RGB_d05292c80133452082e0bf2de1e46a67_summer_salad_card.png
  artifactKey: Guid(af56e5fa46446924f96c106dcc19f7e7) Importer(815301076,1909f56bfc062723c751e8b465ee728b)
Start importing Assets/Часы/3/RGB_d05292c80133452082e0bf2de1e46a67_summer_salad_card.png using Guid(af56e5fa46446924f96c106dcc19f7e7) Importer(815301076,1909f56bfc062723c751e8b465ee728b) (PreviewImporter) -> (artifact id: '3ddf877c1323b04528b4447a67db73bc') in 0.0236095 seconds
Number of updated asset objects reloaded before import = 0Number of asset objects unloaded after import = 2

========================================================================
Received Import Request.
  Time since last request: 0.000018 seconds.
  path: Assets/Часы/3/RGB_bc7cfb2771174862ae4736e81411b99c_plat_bois_rond.png
  artifactKey: Guid(1a3eac6fb6f9aaf45a84a66cf4a79573) Importer(815301076,1909f56bfc062723c751e8b465ee728b)
Start importing Assets/Часы/3/RGB_bc7cfb2771174862ae4736e81411b99c_plat_bois_rond.png using Guid(1a3eac6fb6f9aaf45a84a66cf4a79573) Importer(815301076,1909f56bfc062723c751e8b465ee728b) (PreviewImporter) -> (artifact id: '24aeaf176bf5199d0960c64166db13ae') in 0.0226923 seconds
Number of updated asset objects reloaded before import = 0Number of asset objects unloaded after import = 2

========================================================================
Received Import Request.
  Time since last request: 0.000022 seconds.
  path: Assets/Часы/3/RGB_08700ebaa2984458bcc1fe153cea3d72_chicken-cutlet.png
  artifactKey: Guid(6c371f6c3954f0e428077f7bef10623d) Importer(815301076,1909f56bfc062723c751e8b465ee728b)
Start importing Assets/Часы/3/RGB_08700ebaa2984458bcc1fe153cea3d72_chicken-cutlet.png using Guid(6c371f6c3954f0e428077f7bef10623d) Importer(815301076,1909f56bfc062723c751e8b465ee728b) (PreviewImporter) -> (artifact id: 'fe4e009ce349911b8aa88d2a813475ef') in 0.0246771 seconds
Number of updated asset objects reloaded before import = 0Number of asset objects unloaded after import = 2

========================================================================
Received Import Request.
  Time since last request: 0.000022 seconds.
  path: Assets/Часы/3/RGB_7c9f494b2c1247d39e8d79ecacd67a8b_tub_green-leaf-lettucers.png
  artifactKey: Guid(7697009862233ab419ad096d2eac9c0e) Importer(815301076,1909f56bfc062723c751e8b465ee728b)
Start importing Assets/Часы/3/RGB_7c9f494b2c1247d39e8d79ecacd67a8b_tub_green-leaf-lettucers.png using Guid(7697009862233ab419ad096d2eac9c0e) Importer(815301076,1909f56bfc062723c751e8b465ee728b) (PreviewImporter) -> (artifact id: '7c2b89286071f96f41b9cbaeb01d3295') in 0.0264514 seconds
Number of updated asset objects reloaded before import = 0Number of asset objects unloaded after import = 2

========================================================================
Received Import Request.
  Time since last request: 0.000015 seconds.
  path: Assets/Часы/3/RGB_ec3a872e2e044c1ea1f421ba9abeb1fd_tuna_pattie_card.png
  artifactKey: Guid(fbba71027ba6e10489d6be5055cc2e8f) Importer(815301076,1909f56bfc062723c751e8b465ee728b)
Start importing Assets/Часы/3/RGB_ec3a872e2e044c1ea1f421ba9abeb1fd_tuna_pattie_card.png using Guid(fbba71027ba6e10489d6be5055cc2e8f) Importer(815301076,1909f56bfc062723c751e8b465ee728b) (PreviewImporter) -> (artifact id: '12c88b6548c2015c6f60801145289f2a') in 0.0237689 seconds
Number of updated asset objects reloaded before import = 0Number of asset objects unloaded after import = 2

========================================================================
Received Import Request.
  Time since last request: 0.000034 seconds.
  path: Assets/Часы/3/RGB_059d35ce29634db98b007968cbf59b5d_summer_salad_diffuse.png
  artifactKey: Guid(9ce1a8d6e0359bd4ead5f1da7802d862) Importer(815301076,1909f56bfc062723c751e8b465ee728b)
Start importing Assets/Часы/3/RGB_059d35ce29634db98b007968cbf59b5d_summer_salad_diffuse.png using Guid(9ce1a8d6e0359bd4ead5f1da7802d862) Importer(815301076,1909f56bfc062723c751e8b465ee728b) (PreviewImporter) -> (artifact id: '95b9ac5ced653151fa56528580c139fe') in 0.0263943 seconds
Number of updated asset objects reloaded before import = 0Number of asset objects unloaded after import = 2

========================================================================
Received Import Request.
  Time since last request: 0.000018 seconds.
  path: Assets/Часы/3/RGB_033235e0e5024482b9725dea79e9867b_bagles_bread_diffuse.png
  artifactKey: Guid(7a1069591431af4468df072db8717e07) Importer(815301076,1909f56bfc062723c751e8b465ee728b)
Start importing Assets/Часы/3/RGB_033235e0e5024482b9725dea79e9867b_bagles_bread_diffuse.png using Guid(7a1069591431af4468df072db8717e07) Importer(815301076,1909f56bfc062723c751e8b465ee728b) (PreviewImporter) -> (artifact id: '9979e01dc3dc820f8ec162f5dddf24fb') in 0.0255034 seconds
Number of updated asset objects reloaded before import = 0Number of asset objects unloaded after import = 2

========================================================================
Received Import Request.
  Time since last request: 0.000036 seconds.
  path: Assets/Часы/3/RGB_a7edf48facb248ba9261f3330ea75bca_homemade_card.png
  artifactKey: Guid(bb7981c40c58f394387ade699c00ba7b) Importer(815301076,1909f56bfc062723c751e8b465ee728b)
Start importing Assets/Часы/3/RGB_a7edf48facb248ba9261f3330ea75bca_homemade_card.png using Guid(bb7981c40c58f394387ade699c00ba7b) Importer(815301076,1909f56bfc062723c751e8b465ee728b) (PreviewImporter) -> (artifact id: '1da19ec27f7e36833e71586bd19ddfba') in 0.0265767 seconds
Number of updated asset objects reloaded before import = 0Number of asset objects unloaded after import = 2

========================================================================
Received Import Request.
  Time since last request: 0.000022 seconds.
  path: Assets/Часы/3/RGB_980b63bc97924e4aadca57d24da32650_banana_coconut_bread_diffuse.png
  artifactKey: Guid(d81c3523455911a489bdd0d8935207ee) Importer(815301076,1909f56bfc062723c751e8b465ee728b)
Start importing Assets/Часы/3/RGB_980b63bc97924e4aadca57d24da32650_banana_coconut_bread_diffuse.png using Guid(d81c3523455911a489bdd0d8935207ee) Importer(815301076,1909f56bfc062723c751e8b465ee728b) (PreviewImporter) -> (artifact id: '845422c76e6035128433e052c89086e8') in 0.0225395 seconds
Number of updated asset objects reloaded before import = 0Number of asset objects unloaded after import = 2

========================================================================
Received Import Request.
  Time since last request: 0.000020 seconds.
  path: Assets/Часы/3/RGB_bcd70c33096c43839dec580b05f425ef_tray_diff.png
  artifactKey: Guid(82c30431dc8861e4f84e0ffedd09266d) Importer(815301076,1909f56bfc062723c751e8b465ee728b)
Start importing Assets/Часы/3/RGB_bcd70c33096c43839dec580b05f425ef_tray_diff.png using Guid(82c30431dc8861e4f84e0ffedd09266d) Importer(815301076,1909f56bfc062723c751e8b465ee728b) (PreviewImporter) -> (artifact id: 'decdecb8923a3d1697f271cb999a1983') in 0.0249063 seconds
Number of updated asset objects reloaded before import = 0Number of asset objects unloaded after import = 2

========================================================================
Received Import Request.
  Time since last request: 0.000017 seconds.
  path: Assets/Часы/3/RGB_ad706e943e1a401a9f60602cf7f0c4e3_00170644-Tomato-Slice.png
  artifactKey: Guid(a0108a12b0d345b4f91cd0bcbd7fa112) Importer(815301076,1909f56bfc062723c751e8b465ee728b)
Start importing Assets/Часы/3/RGB_ad706e943e1a401a9f60602cf7f0c4e3_00170644-Tomato-Slice.png using Guid(a0108a12b0d345b4f91cd0bcbd7fa112) Importer(815301076,1909f56bfc062723c751e8b465ee728b) (PreviewImporter) -> (artifact id: '755eaec67a4b8c63fa02a16ae0c883fd') in 0.0261028 seconds
Number of updated asset objects reloaded before import = 0Number of asset objects unloaded after import = 2

========================================================================
Received Import Request.
  Time since last request: 32.789778 seconds.
  path: Assets/Часы/2/Materials/RGB_dd5f8c87978d47f4827bb6b022c0f6d1_jewelrystands_gold_Mat_Specular.mat
  artifactKey: Guid(46bee901b9094f2419ca67d629addc31) Importer(2089858483,192608db42251d675da83286b1cce702)
Start importing Assets/Часы/2/Materials/RGB_dd5f8c87978d47f4827bb6b022c0f6d1_jewelrystands_gold_Mat_Specular.mat using Guid(46bee901b9094f2419ca67d629addc31) Importer(2089858483,192608db42251d675da83286b1cce702) (ScriptedImporter) -> (artifact id: '0e12d945a528c17f629e2464e26aa7ee') in 0.0338861 seconds
Number of updated asset objects reloaded before import = 0Number of asset objects unloaded after import = 2

========================================================================
Received Import Request.
  Time since last request: 248.774675 seconds.
  path: Assets/Часы/3/N_977148a7899548ebbb91ca1f0cae42d5_Mexican_Baked_Eggs_Normal.png
  artifactKey: Guid(1e526027564df4e468a34902d4309491) Importer(815301076,1909f56bfc062723c751e8b465ee728b)
Start importing Assets/Часы/3/N_977148a7899548ebbb91ca1f0cae42d5_Mexican_Baked_Eggs_Normal.png using Guid(1e526027564df4e468a34902d4309491) Importer(815301076,1909f56bfc062723c751e8b465ee728b) (PreviewImporter) -> (artifact id: '2dffc818377638dcef809465a8633b51') in 0.037882 seconds
Number of updated asset objects reloaded before import = 0Number of asset objects unloaded after import = 2

========================================================================
Received Import Request.
  Time since last request: 0.000030 seconds.
  path: Assets/Часы/3/N_d89a3cb9ff0e4c3aaaddbf914357a4f3_Mexican_Quinoa_Salad_normal.png
  artifactKey: Guid(383c672e1a621ea499548bf303ca39ea) Importer(815301076,1909f56bfc062723c751e8b465ee728b)
Start importing Assets/Часы/3/N_d89a3cb9ff0e4c3aaaddbf914357a4f3_Mexican_Quinoa_Salad_normal.png using Guid(383c672e1a621ea499548bf303ca39ea) Importer(815301076,1909f56bfc062723c751e8b465ee728b) (PreviewImporter) -> (artifact id: '481ad7045ac31c7e4e93a5133b0da6f5') in 0.022057 seconds
Number of updated asset objects reloaded before import = 0Number of asset objects unloaded after import = 2

========================================================================
Received Import Request.
  Time since last request: 0.000018 seconds.
  path: Assets/Часы/3/R_10bbfb5381f949019c3c38c879d90bb1_bagles_bread_displace.png
  artifactKey: Guid(59cfe12fd0da2974ab2fbfd94ebaf17f) Importer(815301076,1909f56bfc062723c751e8b465ee728b)
Start importing Assets/Часы/3/R_10bbfb5381f949019c3c38c879d90bb1_bagles_bread_displace.png using Guid(59cfe12fd0da2974ab2fbfd94ebaf17f) Importer(815301076,1909f56bfc062723c751e8b465ee728b) (PreviewImporter) -> (artifact id: '659d99ab068ce285ecd10f1eed135007') in 0.025214 seconds
Number of updated asset objects reloaded before import = 0Number of asset objects unloaded after import = 2

========================================================================
Received Import Request.
  Time since last request: 0.000025 seconds.
  path: Assets/Часы/3/N_f450670e784d4333bf259f79acc52096_spinach-and-cheese-croissants_Normal.png
  artifactKey: Guid(6dccbfb0107d547429ad875b5eb0b08f) Importer(815301076,1909f56bfc062723c751e8b465ee728b)
Start importing Assets/Часы/3/N_f450670e784d4333bf259f79acc52096_spinach-and-cheese-croissants_Normal.png using Guid(6dccbfb0107d547429ad875b5eb0b08f) Importer(815301076,1909f56bfc062723c751e8b465ee728b) (PreviewImporter) -> (artifact id: '75d4a0e7214b96aca2c6da19734bd372') in 0.0237391 seconds
Number of updated asset objects reloaded before import = 0Number of asset objects unloaded after import = 2

========================================================================
Received Import Request.
  Time since last request: 0.000062 seconds.
  path: Assets/Часы/3/N_b09db31c8afd4f258ad974ce9e9593d4_banana_coconut_bread_Normal.png
  artifactKey: Guid(df397413adff16547a7aab5a1b10f002) Importer(815301076,1909f56bfc062723c751e8b465ee728b)
Start importing Assets/Часы/3/N_b09db31c8afd4f258ad974ce9e9593d4_banana_coconut_bread_Normal.png using Guid(df397413adff16547a7aab5a1b10f002) Importer(815301076,1909f56bfc062723c751e8b465ee728b) (PreviewImporter) -> (artifact id: 'b8722b4644a344ef6f63cd680f5efee9') in 0.0261789 seconds
Number of updated asset objects reloaded before import = 0Number of asset objects unloaded after import = 2

========================================================================
Received Import Request.
  Time since last request: 0.000020 seconds.
  path: Assets/Часы/3/RGB_3d63dbda504f4f1b9ce4ceed3049b95d_persile_diffuse2.png
  artifactKey: Guid(7b1d3ec066937994cb33808d1a111a3f) Importer(815301076,1909f56bfc062723c751e8b465ee728b)
Start importing Assets/Часы/3/RGB_3d63dbda504f4f1b9ce4ceed3049b95d_persile_diffuse2.png using Guid(7b1d3ec066937994cb33808d1a111a3f) Importer(815301076,1909f56bfc062723c751e8b465ee728b) (PreviewImporter) -> (artifact id: 'e73c183b05fe3a99c95bd903dbafc8b8') in 0.0287209 seconds
Number of updated asset objects reloaded before import = 0Number of asset objects unloaded after import = 2

========================================================================
Received Import Request.
  Time since last request: 0.000020 seconds.
  path: Assets/Часы/3/R_a29d833b5abd49af85d255d7b1139e51_tray_gloss.png
  artifactKey: Guid(d0b25dd3db7c94847bd810f605287824) Importer(815301076,1909f56bfc062723c751e8b465ee728b)
Start importing Assets/Часы/3/R_a29d833b5abd49af85d255d7b1139e51_tray_gloss.png using Guid(d0b25dd3db7c94847bd810f605287824) Importer(815301076,1909f56bfc062723c751e8b465ee728b) (PreviewImporter) -> (artifact id: 'eacbfbcd81c879d7d23c3ebdb29a6cfc') in 0.0237101 seconds
Number of updated asset objects reloaded before import = 0Number of asset objects unloaded after import = 2

========================================================================
Received Import Request.
  Time since last request: 53.699469 seconds.
  path: Assets/Часы/4/RGB_1a5b2dd59586463d9815b5d1ca685652_ShowcaseRGB.png
  artifactKey: Guid(324c8fc16fc6ef74498b38d0e5d08ebb) Importer(815301076,1909f56bfc062723c751e8b465ee728b)
Start importing Assets/Часы/4/RGB_1a5b2dd59586463d9815b5d1ca685652_ShowcaseRGB.png using Guid(324c8fc16fc6ef74498b38d0e5d08ebb) Importer(815301076,1909f56bfc062723c751e8b465ee728b) (PreviewImporter) -> (artifact id: 'fa2884ab563c28a1de6eeea57b3e8ed2') in 0.028338 seconds
Number of updated asset objects reloaded before import = 0Number of asset objects unloaded after import = 2

Editor requested this worker to shutdown with reason: Scaling down because of idle timeout
AssetImportWorker is now disconnected from the server
Process exiting
Exiting without the bug reporter. Application will terminate with return code 0