[Licensing::Module] Trying to connect to existing licensing client channel...
Built from '6000.2/respin/6000.2.8f1-e4064264ae96' branch; Version is '6000.2.8f1 (c9992ac36c34) revision 13211946'; Using compiler version '194234433'; Build Type 'Release'
[Licensing::IpcConnector] Successfully connected to: "LicenseClient-HOME" at "2025-12-14T11:50:49.376756Z"
OS: 'Windows 11  (10.0.26100) 64bit Professional' Language: 'ru' Physical Memory: 16116 MB
BatchMode: 1, IsHumanControllingUs: 0, StartBugReporterOnCrash: 0, Is64bit: 1
Date: 2025-12-14T11:50:49Z

COMMAND LINE ARGUMENTS:
C:\Program Files\Unity\Hub\Editor\6000.2.8f1\Editor\Unity.exe
-adb2
-batchMode
-noUpm
-name
AssetImportWorker22
-projectPath
C:/Users/HOME/Documents/GitHub/Project1/Valdhés su Villa
-logFile
Logs/AssetImportWorker22.log
-srvPort
55375
-licensingIpc
LicenseClient-HOME
-job-worker-count
5
-background-job-worker-count
8
-gc-helper-count
1
-name
AssetImport
Successfully changed project path to: C:/Users/HOME/Documents/GitHub/Project1/Valdhés su Villa
C:/Users/HOME/Documents/GitHub/Project1/Valdhés su Villa
[UnityMemory] Configuration Parameters - Can be set up in boot.config
    "memorysetup-allocator-temp-initial-block-size-main=262144"
    "memorysetup-allocator-temp-initial-block-size-worker=262144"
    "memorysetup-bucket-allocator-granularity=16"
    "memorysetup-bucket-allocator-bucket-count=8"
    "memorysetup-bucket-allocator-block-size=33554432"
    "memorysetup-bucket-allocator-block-count=8"
    "memorysetup-main-allocator-block-size=16777216"
    "memorysetup-thread-allocator-block-size=16777216"
    "memorysetup-gfx-main-allocator-block-size=16777216"
    "memorysetup-gfx-thread-allocator-block-size=16777216"
    "memorysetup-cache-allocator-block-size=4194304"
    "memorysetup-typetree-allocator-block-size=2097152"
    "memorysetup-profiler-bucket-allocator-granularity=16"
    "memorysetup-profiler-bucket-allocator-bucket-count=8"
    "memorysetup-profiler-bucket-allocator-block-size=33554432"
    "memorysetup-profiler-bucket-allocator-block-count=8"
    "memorysetup-profiler-allocator-block-size=16777216"
    "memorysetup-profiler-editor-allocator-block-size=1048576"
    "memorysetup-temp-allocator-size-main=16777216"
    "memorysetup-job-temp-allocator-block-size=2097152"
    "memorysetup-job-temp-allocator-block-size-background=1048576"
    "memorysetup-job-temp-allocator-reduction-small-platforms=262144"
    "memorysetup-temp-allocator-size-background-worker=32768"
    "memorysetup-temp-allocator-size-job-worker=262144"
    "memorysetup-temp-allocator-size-preload-manager=33554432"
    "memorysetup-temp-allocator-size-nav-mesh-worker=65536"
    "memorysetup-temp-allocator-size-audio-worker=65536"
    "memorysetup-temp-allocator-size-cloud-worker=32768"
    "memorysetup-temp-allocator-size-gi-baking-worker=262144"
    "memorysetup-temp-allocator-size-gi-baking-worker=262144"
    "memorysetup-temp-allocator-size-gi-baking-worker=262144"
    "memorysetup-temp-allocator-size-gi-baking-worker=262144"
    "memorysetup-temp-allocator-size-gi-baking-worker=262144"
    "memorysetup-temp-allocator-size-gfx=262144"
Player connection [20588]  Target information:

Player connection [20588]  * "[IP] 192.168.0.65 [Port] 0 [Flags] 2 [Guid] 3321588147 [EditorId] 3321588147 [Version] 1048832 [Id] WindowsEditor(7,DESKTOP-MOMKQ24) [Debug] 1 [PackageName] WindowsEditor [ProjectName] Editor" 

Player connection [20588] Host joined multi-casting on [225.0.0.222:54997]...
Player connection [20588] Host joined alternative multi-casting on [225.0.0.222:34997]...
JobSystem: Creating JobQueue using job-worker-count value 5
Input System module state changed to: Initialized.
[Physics::Module] Initialized fallback backend.
[Physics::Module] Id: 0xdecafbad
[Licensing::Client] Code 10 while verifying Licensing Client signature (process Id: 2024, path: "C:/юнити/Unity Hub/UnityLicensingClient_V1/Unity.Licensing.Client.exe")
[Licensing::Module] LicensingClient has failed validation; ignoring
[Licensing::Client] Handshaking with LicensingClient:
  Version:                 1.17.3+a4e98f1
  Session Id:              4d67e0f38a8d4dd182583b0a7a7dfad4
  Correlation Id:          0a1fab51d25f0c83ef44513c723fc9eb
  External correlation Id: 1594583775147946093
  Machine Id:              p2zqx2RjvcmlaFMCS3B3Azs/qVA=
[Licensing::Module] Successfully connected to LicensingClient on channel: "LicenseClient-HOME" (connect: 0.00s, validation: 0.00s, handshake: 0.05s)
[Licensing::IpcConnector] Successfully connected to: "LicenseClient-HOME-notifications" at "2025-12-14T11:50:49.4274871Z"
[Licensing::Module] Licensing Background thread has ended after 0.05s
Library Redirect Path: Library/
[Physics::Module] Selected backend.
[Physics::Module] Name: PhysX
[Physics::Module] Id: 0xf2b8ea05
[Physics::Module] SDK Version: 4.1.2
[Physics::Module] Integration Version: 1.0.0
[Physics::Module] Threading Mode: Multi-Threaded
Refreshing native plugins compatible for Editor in 0.46 ms, found 0 plugins.
Preloading 0 native plugins for Editor in 0.00 ms.
Initialize engine version: 6000.2.8f1 (c9992ac36c34)
[Subsystems] Discovering subsystems at path C:/Program Files/Unity/Hub/Editor/6000.2.8f1/Editor/Data/Resources/UnitySubsystems
[Subsystems] Discovering subsystems at path C:/Users/HOME/Documents/GitHub/Project1/Valdhés su Villa/Assets
GfxDevice: creating device client; kGfxThreadingModeNonThreaded
Direct3D:
    Version:  Direct3D 11.0 [level 11.1]
    Renderer: NVIDIA GeForce RTX 4050 Laptop GPU (ID=0x28a1)
    Vendor:   NVIDIA
    VRAM:     5921 MB
    Driver:   32.0.15.7283
Initialize mono
Mono path[0] = 'C:/Program Files/Unity/Hub/Editor/6000.2.8f1/Editor/Data/Managed'
Mono path[1] = 'C:/Program Files/Unity/Hub/Editor/6000.2.8f1/Editor/Data/MonoBleedingEdge/lib/mono/unityjit-win32'
Mono config path = 'C:/Program Files/Unity/Hub/Editor/6000.2.8f1/Editor/Data/MonoBleedingEdge/etc'
Using monoOptions --debugger-agent=transport=dt_socket,embedding=1,server=y,suspend=n,address=127.0.0.1:56160
Begin MonoManager ReloadAssembly
Registering precompiled unity dll's ...
Register platform support module: C:/Program Files/Unity/Hub/Editor/6000.2.8f1/Editor/Data/PlaybackEngines/WindowsStandaloneSupport/UnityEditor.WindowsStandalone.Extensions.dll
Registered in 0.001722 seconds.
- Loaded All Assemblies, in  0.403 seconds
Native extension for WindowsStandalone target not found
Mono: successfully reloaded assembly
- Finished resetting the current domain, in  0.292 seconds
Domain Reload Profiling: 693ms
	BeginReloadAssembly (145ms)
		ExecutionOrderSort (0ms)
		DisableScriptedObjects (0ms)
		BackupInstance (0ms)
		ReleaseScriptingObjects (0ms)
		CreateAndSetChildDomain (1ms)
	RebuildCommonClasses (40ms)
	RebuildNativeTypeToScriptingClass (15ms)
	initialDomainReloadingComplete (66ms)
	LoadAllAssembliesAndSetupDomain (135ms)
		LoadAssemblies (144ms)
		RebuildTransferFunctionScriptingTraits (0ms)
		AnalyzeDomain (132ms)
			TypeCache.Refresh (130ms)
				TypeCache.ScanAssembly (119ms)
			BuildScriptInfoCaches (0ms)
			ResolveRequiredComponents (0ms)
	FinalizeReload (292ms)
		ReleaseScriptCaches (0ms)
		RebuildScriptCaches (0ms)
		SetupLoadedEditorAssemblies (247ms)
			LogAssemblyErrors (0ms)
			InitializePlatformSupportModulesInManaged (42ms)
			SetLoadedEditorAssemblies (3ms)
			BeforeProcessingInitializeOnLoad (56ms)
			ProcessInitializeOnLoadAttributes (102ms)
			ProcessInitializeOnLoadMethodAttributes (44ms)
			AfterProcessingInitializeOnLoad (0ms)
			EditorAssembliesLoaded (0ms)
		ExecutionOrderSort2 (0ms)
		AwakeInstancesAfterBackupRestoration (0ms)
========================================================================
Worker process is ready to serve import requests
Import Worker Mode flag is 0x00
Begin MonoManager ReloadAssembly
[Licensing::Client] Successfully resolved entitlement details
[Licensing::Module] License group:
  Id: 10171542316351-UnityPersXXXX
  Product: Unity Personal
  Type: Assigned
  Expiration: Unlimited
- Loaded All Assemblies, in  0.201 seconds
Refreshing native plugins compatible for Editor in 0.49 ms, found 0 plugins.
Native extension for WindowsStandalone target not found
Mono: successfully reloaded assembly
- Finished resetting the current domain, in  0.303 seconds
Domain Reload Profiling: 502ms
	BeginReloadAssembly (140ms)
		ExecutionOrderSort (0ms)
		DisableScriptedObjects (5ms)
		BackupInstance (0ms)
		ReleaseScriptingObjects (0ms)
		CreateAndSetChildDomain (25ms)
	RebuildCommonClasses (28ms)
	RebuildNativeTypeToScriptingClass (9ms)
	initialDomainReloadingComplete (14ms)
	LoadAllAssembliesAndSetupDomain (8ms)
		LoadAssemblies (75ms)
		RebuildTransferFunctionScriptingTraits (0ms)
		AnalyzeDomain (5ms)
			TypeCache.Refresh (3ms)
				TypeCache.ScanAssembly (0ms)
			BuildScriptInfoCaches (0ms)
			ResolveRequiredComponents (0ms)
	FinalizeReload (303ms)
		ReleaseScriptCaches (0ms)
		RebuildScriptCaches (0ms)
		SetupLoadedEditorAssemblies (218ms)
			LogAssemblyErrors (0ms)
			InitializePlatformSupportModulesInManaged (2ms)
			SetLoadedEditorAssemblies (3ms)
			BeforeProcessingInitializeOnLoad (96ms)
			ProcessInitializeOnLoadAttributes (97ms)
			ProcessInitializeOnLoadMethodAttributes (17ms)
			AfterProcessingInitializeOnLoad (3ms)
			EditorAssembliesLoaded (0ms)
		ExecutionOrderSort2 (0ms)
		AwakeInstancesAfterBackupRestoration (5ms)
WARNING: Shader Unsupported: 'Hidden/Universal Render Pipeline/Terrain/Lit (Base Pass)' - All subshaders removed
WARNING: Shader Did you use #pragma only_renderers and omit this platform?
WARNING: Shader If subshaders removal was intentional, you may have forgotten turning Fallback off?
WARNING: Shader Unsupported: 'Hidden/Universal Render Pipeline/Terrain/Lit (Base Pass)' - All subshaders removed
WARNING: Shader Did you use #pragma only_renderers and omit this platform?
WARNING: Shader If subshaders removal was intentional, you may have forgotten turning Fallback off?
WARNING: Shader Unsupported: 'Universal Render Pipeline/Terrain/Lit' - All subshaders removed
WARNING: Shader Did you use #pragma only_renderers and omit this platform?
WARNING: Shader If subshaders removal was intentional, you may have forgotten turning Fallback off?
WARNING: Shader Unsupported: 'Universal Render Pipeline/Terrain/Lit' - All subshaders removed
WARNING: Shader Did you use #pragma only_renderers and omit this platform?
WARNING: Shader If subshaders removal was intentional, you may have forgotten turning Fallback off?
Launched and connected shader compiler UnityShaderCompiler.exe after 0.02 seconds
Refreshing native plugins compatible for Editor in 0.31 ms, found 0 plugins.
Preloading 0 native plugins for Editor in 0.00 ms.
Unloading 34 Unused Serialized files (Serialized files now loaded: 0)
Unloading 6116 unused Assets / (6.7 MB). Loaded Objects now: 6722.
Memory consumption went from 121.4 MB to 114.7 MB.
Total: 11.074100 ms (FindLiveObjects: 0.672900 ms CreateObjectMapping: 0.899600 ms MarkObjects: 5.662800 ms  DeleteObjects: 3.834700 ms)

========================================================================
Received Import Request.
  Time since last request: 14342.815165 seconds.
  path: Assets/Часы/15/Materials/RGB_f86404e535e44ffa997c70d5726b6559_wall_clock_steampunk_1001_BaseColor.mat
  artifactKey: Guid(a6e806d12b98e974b980d0f70cea0162) Importer(2089858483,192608db42251d675da83286b1cce702)
Start importing Assets/Часы/15/Materials/RGB_f86404e535e44ffa997c70d5726b6559_wall_clock_steampunk_1001_BaseColor.mat using Guid(a6e806d12b98e974b980d0f70cea0162) Importer(2089858483,192608db42251d675da83286b1cce702) (ScriptedImporter) -> (artifact id: '281627a5b94c1870b0bc6f9b9eac9334') in 0.1421898 seconds
Number of updated asset objects reloaded before import = 0Number of asset objects unloaded after import = 2

========================================================================
Received Import Request.
  Time since last request: 72.784973 seconds.
  path: Assets/Часы/9/Materials/RGB_072f975a132749e8b16e0579f1ca7ab8_Clock_BaseColor.mat
  artifactKey: Guid(53dae80e4b1103e40ae666bed0833e39) Importer(2089858483,192608db42251d675da83286b1cce702)
Start importing Assets/Часы/9/Materials/RGB_072f975a132749e8b16e0579f1ca7ab8_Clock_BaseColor.mat using Guid(53dae80e4b1103e40ae666bed0833e39) Importer(2089858483,192608db42251d675da83286b1cce702) (ScriptedImporter) -> (artifact id: '387536b00925724d912ed209009ad744') in 0.0288826 seconds
Number of updated asset objects reloaded before import = 0Number of asset objects unloaded after import = 2

========================================================================
Received Import Request.
  Time since last request: 880.592471 seconds.
  path: Assets/Часы/16/source/KiplingerProp02.mtl
  artifactKey: Guid(9d0cc2cf4448289409c17a229f71e57e) Importer(2089858483,192608db42251d675da83286b1cce702)
Start importing Assets/Часы/16/source/KiplingerProp02.mtl using Guid(9d0cc2cf4448289409c17a229f71e57e) Importer(2089858483,192608db42251d675da83286b1cce702) (ScriptedImporter) -> (artifact id: '9dd6a5dc76063cf8e75e5b06ff64902d') in 0.0166223 seconds
Number of updated asset objects reloaded before import = 0Number of asset objects unloaded after import = 1

========================================================================
Received Import Request.
  Time since last request: 0.000038 seconds.
  path: Assets/Часы/16/textures/KiplingerProp02_Clock_Mat_Normal.png
  artifactKey: Guid(ec0ee26a405dbe44094545ac59422f7a) Importer(2089858483,192608db42251d675da83286b1cce702)
Start importing Assets/Часы/16/textures/KiplingerProp02_Clock_Mat_Normal.png using Guid(ec0ee26a405dbe44094545ac59422f7a) Importer(2089858483,192608db42251d675da83286b1cce702) (ScriptedImporter) -> (artifact id: 'af80c1d0ad27db3cab1392cafa6c5cb5') in 0.0757125 seconds
Number of updated asset objects reloaded before import = 0Number of asset objects unloaded after import = 1

========================================================================
Received Import Request.
  Time since last request: 0.000030 seconds.
  path: Assets/Часы/16/textures/KiplingerProp02_Clock_Mat_BaseColor.png
  artifactKey: Guid(08a0f6c58870b3846ad1ece3b11c7a0d) Importer(2089858483,192608db42251d675da83286b1cce702)
Start importing Assets/Часы/16/textures/KiplingerProp02_Clock_Mat_BaseColor.png using Guid(08a0f6c58870b3846ad1ece3b11c7a0d) Importer(2089858483,192608db42251d675da83286b1cce702) (ScriptedImporter) -> (artifact id: 'e9569ac750049a2f6257813125c51f13') in 0.0306945 seconds
Number of updated asset objects reloaded before import = 0Number of asset objects unloaded after import = 1

========================================================================
Received Import Request.
  Time since last request: 0.000116 seconds.
  path: Assets/Часы/16/textures/KiplingerProp02_Clock_Mat_Metallic.png
  artifactKey: Guid(9e50ab2ce6a41f441aa10bc42d36aa6b) Importer(2089858483,192608db42251d675da83286b1cce702)
Start importing Assets/Часы/16/textures/KiplingerProp02_Clock_Mat_Metallic.png using Guid(9e50ab2ce6a41f441aa10bc42d36aa6b) Importer(2089858483,192608db42251d675da83286b1cce702) (ScriptedImporter) -> (artifact id: 'b87ddc25c256b7f799353939e8639ecc') in 0.0316004 seconds
Number of updated asset objects reloaded before import = 0Number of asset objects unloaded after import = 1

========================================================================
Received Import Request.
  Time since last request: 4.063465 seconds.
  path: Assets/Часы/16/source/KiplingerProp02.obj
  artifactKey: Guid(fe870155196d73c458b65bf43efb9057) Importer(815301076,1909f56bfc062723c751e8b465ee728b)
Start importing Assets/Часы/16/source/KiplingerProp02.obj using Guid(fe870155196d73c458b65bf43efb9057) Importer(815301076,1909f56bfc062723c751e8b465ee728b) (PreviewImporter) -> (artifact id: '84693f7521d1f37073c9c6371e09a5c8') in 0.2098214 seconds
Number of updated asset objects reloaded before import = 0Number of asset objects unloaded after import = 35

========================================================================
Received Import Request.
  Time since last request: 20.451792 seconds.
  path: Assets/Часы/16/textures/KiplingerProp02_Clock_Mat_Metallic.png
  artifactKey: Guid(9e50ab2ce6a41f441aa10bc42d36aa6b) Importer(815301076,1909f56bfc062723c751e8b465ee728b)
Start importing Assets/Часы/16/textures/KiplingerProp02_Clock_Mat_Metallic.png using Guid(9e50ab2ce6a41f441aa10bc42d36aa6b) Importer(815301076,1909f56bfc062723c751e8b465ee728b) (PreviewImporter) -> (artifact id: '0eca7f6dbb696f6fe81dc9b195e820bd') in 0.0384938 seconds
Number of updated asset objects reloaded before import = 0Number of asset objects unloaded after import = 2

========================================================================
Received Import Request.
  Time since last request: 5.577262 seconds.
  path: Assets/Часы/16/Materials/KiplingerProp02_Clock_Mat_BaseColor.mat
  artifactKey: Guid(692e048848345ce459123ef930a62b53) Importer(2089858483,192608db42251d675da83286b1cce702)
Start importing Assets/Часы/16/Materials/KiplingerProp02_Clock_Mat_BaseColor.mat using Guid(692e048848345ce459123ef930a62b53) Importer(2089858483,192608db42251d675da83286b1cce702) (ScriptedImporter) -> (artifact id: '61b4fc0ff24a0f13ab198af79d562fc5') in 0.0361029 seconds
Number of updated asset objects reloaded before import = 0Number of asset objects unloaded after import = 2

========================================================================
Received Import Request.
  Time since last request: 293.954349 seconds.
  path: Assets/Часы/17/textures/opacity.jpg
  artifactKey: Guid(b3e706575f5b1ed4faf38be2f6a278d7) Importer(2089858483,192608db42251d675da83286b1cce702)
Start importing Assets/Часы/17/textures/opacity.jpg using Guid(b3e706575f5b1ed4faf38be2f6a278d7) Importer(2089858483,192608db42251d675da83286b1cce702) (ScriptedImporter) -> (artifact id: 'deef46bda31c5effcf056ee6e081afa4') in 0.0249117 seconds
Number of updated asset objects reloaded before import = 0Number of asset objects unloaded after import = 1

========================================================================
Received Import Request.
  Time since last request: 0.000035 seconds.
  path: Assets/Часы/17/source/vintage_grandfather_clock.obj
  artifactKey: Guid(f90669af39b0058488138f2f65258757) Importer(2089858483,192608db42251d675da83286b1cce702)
Start importing Assets/Часы/17/source/vintage_grandfather_clock.obj using Guid(f90669af39b0058488138f2f65258757) Importer(2089858483,192608db42251d675da83286b1cce702) (ScriptedImporter) -> (artifact id: '31c26dfa4ca197db0b7a7813bbe541b4') in 0.0583097 seconds
Number of updated asset objects reloaded before import = 0Number of asset objects unloaded after import = 11

========================================================================
Received Import Request.
  Time since last request: 0.000026 seconds.
  path: Assets/Часы/17/textures/ao.jpg
  artifactKey: Guid(543793de05f48344084be82e9746c102) Importer(2089858483,192608db42251d675da83286b1cce702)
Start importing Assets/Часы/17/textures/ao.jpg using Guid(543793de05f48344084be82e9746c102) Importer(2089858483,192608db42251d675da83286b1cce702) (ScriptedImporter) -> (artifact id: 'c37904326a0a5a47d0097ffe42e87dd9') in 0.0370973 seconds
Number of updated asset objects reloaded before import = 0Number of asset objects unloaded after import = 1

========================================================================
Received Import Request.
  Time since last request: 0.000058 seconds.
  path: Assets/Часы/17
  artifactKey: Guid(1cace29c93d7d504f8dfdb4b2736612f) Importer(2089858483,192608db42251d675da83286b1cce702)
Start importing Assets/Часы/17 using Guid(1cace29c93d7d504f8dfdb4b2736612f) Importer(2089858483,192608db42251d675da83286b1cce702) (ScriptedImporter) -> (artifact id: '310c1dc6b40fa6d368879b4475df70f5') in 0.0205948 seconds
Number of updated asset objects reloaded before import = 0Number of asset objects unloaded after import = 1

========================================================================
Received Import Request.
  Time since last request: 0.000060 seconds.
  path: Assets/Часы/17/source
  artifactKey: Guid(7fa2dea6ef5b09a4db91ac4b25db683a) Importer(2089858483,192608db42251d675da83286b1cce702)
Start importing Assets/Часы/17/source using Guid(7fa2dea6ef5b09a4db91ac4b25db683a) Importer(2089858483,192608db42251d675da83286b1cce702) (ScriptedImporter) -> (artifact id: '607e2667edbf768bae2ffe24051ae8fb') in 0.0177497 seconds
Number of updated asset objects reloaded before import = 0Number of asset objects unloaded after import = 1

========================================================================
Received Import Request.
  Time since last request: 0.000091 seconds.
  path: Assets/Часы/17/source/vintage_grandfather_clock.fbx
  artifactKey: Guid(73716750457973044b1eefea4e30464c) Importer(2089858483,192608db42251d675da83286b1cce702)
Start importing Assets/Часы/17/source/vintage_grandfather_clock.fbx using Guid(73716750457973044b1eefea4e30464c) Importer(2089858483,192608db42251d675da83286b1cce702) (ScriptedImporter) -> (artifact id: 'c7379e2702548f05cde13929b1ca32d1') in 0.0467959 seconds
Number of updated asset objects reloaded before import = 0Number of asset objects unloaded after import = 10

========================================================================
Received Import Request.
  Time since last request: 19.459104 seconds.
  path: Assets/Часы/17/source/vintage_grandfather_clock.obj
  artifactKey: Guid(f90669af39b0058488138f2f65258757) Importer(815301076,1909f56bfc062723c751e8b465ee728b)
Start importing Assets/Часы/17/source/vintage_grandfather_clock.obj using Guid(f90669af39b0058488138f2f65258757) Importer(815301076,1909f56bfc062723c751e8b465ee728b) (PreviewImporter) -> (artifact id: '013dd97b91430e940426f0656d861c62') in 0.0526492 seconds
Number of updated asset objects reloaded before import = 0Number of asset objects unloaded after import = 11

========================================================================
Received Import Request.
  Time since last request: 115.679216 seconds.
  path: Assets/Часы/17/textures/diffuse.jpg
  artifactKey: Guid(2394b39a0a19d974283fb3bb3266f72e) Importer(815301076,1909f56bfc062723c751e8b465ee728b)
Start importing Assets/Часы/17/textures/diffuse.jpg using Guid(2394b39a0a19d974283fb3bb3266f72e) Importer(815301076,1909f56bfc062723c751e8b465ee728b) (PreviewImporter) -> (artifact id: 'd0cbaa3b1b212fd3411b065b27b64f59') in 0.0250434 seconds
Number of updated asset objects reloaded before import = 0Number of asset objects unloaded after import = 2

========================================================================
Received Import Request.
  Time since last request: 0.000034 seconds.
  path: Assets/Часы/17/textures/normal.jpg
  artifactKey: Guid(46e7782a44ec1b84787e2a815dc5cb19) Importer(815301076,1909f56bfc062723c751e8b465ee728b)
Start importing Assets/Часы/17/textures/normal.jpg using Guid(46e7782a44ec1b84787e2a815dc5cb19) Importer(815301076,1909f56bfc062723c751e8b465ee728b) (PreviewImporter) -> (artifact id: 'd5fb855aa8918c0cb57275ad2f0724f5') in 0.0267245 seconds
Number of updated asset objects reloaded before import = 0Number of asset objects unloaded after import = 2

========================================================================
Received Import Request.
  Time since last request: 0.000033 seconds.
  path: Assets/Часы/17/textures/metallic.jpg
  artifactKey: Guid(920b864006c9f4b47808d83a62f0e736) Importer(815301076,1909f56bfc062723c751e8b465ee728b)
Start importing Assets/Часы/17/textures/metallic.jpg using Guid(920b864006c9f4b47808d83a62f0e736) Importer(815301076,1909f56bfc062723c751e8b465ee728b) (PreviewImporter) -> (artifact id: 'e5468957f4c9c32ec412946784150041') in 0.021296 seconds
Number of updated asset objects reloaded before import = 0Number of asset objects unloaded after import = 2

========================================================================
Received Import Request.
  Time since last request: 134.338216 seconds.
  path: Assets/Часы/18/textures/Clockface_Roughness.png
  artifactKey: Guid(7a20a377a5fc9f04f894cadd53826581) Importer(2089858483,192608db42251d675da83286b1cce702)
Start importing Assets/Часы/18/textures/Clockface_Roughness.png using Guid(7a20a377a5fc9f04f894cadd53826581) Importer(2089858483,192608db42251d675da83286b1cce702) (ScriptedImporter) -> (artifact id: 'bcc84f03dd4a4c3c78e2e12c4510b76a') in 0.0282004 seconds
Number of updated asset objects reloaded before import = 0Number of asset objects unloaded after import = 1

========================================================================
Received Import Request.
  Time since last request: 0.000144 seconds.
  path: Assets/Часы/18/source
  artifactKey: Guid(4723337f1d1877e4d82c865ae3da6827) Importer(2089858483,192608db42251d675da83286b1cce702)
Start importing Assets/Часы/18/source using Guid(4723337f1d1877e4d82c865ae3da6827) Importer(2089858483,192608db42251d675da83286b1cce702) (ScriptedImporter) -> (artifact id: '6721a426f34568bfe5e031082e8a424f') in 0.0184502 seconds
Number of updated asset objects reloaded before import = 0Number of asset objects unloaded after import = 1

========================================================================
Received Import Request.
  Time since last request: 0.000022 seconds.
  path: Assets/Часы/18/source/TallClock.obj
  artifactKey: Guid(1ee48d398a4e4f44981da62aee38965b) Importer(2089858483,192608db42251d675da83286b1cce702)
Start importing Assets/Часы/18/source/TallClock.obj using Guid(1ee48d398a4e4f44981da62aee38965b) Importer(2089858483,192608db42251d675da83286b1cce702) (ScriptedImporter) -> (artifact id: 'f74dc607792f87a8379d9705cefb3139') in 0.0398242 seconds
Number of updated asset objects reloaded before import = 0Number of asset objects unloaded after import = 28

========================================================================
Received Import Request.
  Time since last request: 0.000018 seconds.
  path: Assets/Часы/18
  artifactKey: Guid(c2c0bd61c021da14e8fc740082823ed8) Importer(2089858483,192608db42251d675da83286b1cce702)
Start importing Assets/Часы/18 using Guid(c2c0bd61c021da14e8fc740082823ed8) Importer(2089858483,192608db42251d675da83286b1cce702) (ScriptedImporter) -> (artifact id: 'b3be1040da3dafb9bda9a46013dba87e') in 0.0210112 seconds
Number of updated asset objects reloaded before import = 0Number of asset objects unloaded after import = 1

========================================================================
Received Import Request.
  Time since last request: 0.000074 seconds.
  path: Assets/Часы/18/textures/MoonDial_BaseColor.png
  artifactKey: Guid(e4bef6ba8980f4847ae200e718b4a06d) Importer(2089858483,192608db42251d675da83286b1cce702)
Start importing Assets/Часы/18/textures/MoonDial_BaseColor.png using Guid(e4bef6ba8980f4847ae200e718b4a06d) Importer(2089858483,192608db42251d675da83286b1cce702) (ScriptedImporter) -> (artifact id: '46d234ac2255d547190bd5c5e81125dd') in 0.0309726 seconds
Number of updated asset objects reloaded before import = 0Number of asset objects unloaded after import = 1

========================================================================
Received Import Request.
  Time since last request: 0.000079 seconds.
  path: Assets/Часы/18/textures/ClockCase_BaseColor.png
  artifactKey: Guid(2b926dab4e086a344b20020725563627) Importer(2089858483,192608db42251d675da83286b1cce702)
Start importing Assets/Часы/18/textures/ClockCase_BaseColor.png using Guid(2b926dab4e086a344b20020725563627) Importer(2089858483,192608db42251d675da83286b1cce702) (ScriptedImporter) -> (artifact id: '6268520437a2ec7c24fc94af85eb63d7') in 0.03432 seconds
Number of updated asset objects reloaded before import = 0Number of asset objects unloaded after import = 1

========================================================================
Received Import Request.
  Time since last request: 0.000022 seconds.
  path: Assets/Часы/18/source/TallClock.mtl
  artifactKey: Guid(14fd89f6da29f8146886f5a11ec0b07d) Importer(2089858483,192608db42251d675da83286b1cce702)
Start importing Assets/Часы/18/source/TallClock.mtl using Guid(14fd89f6da29f8146886f5a11ec0b07d) Importer(2089858483,192608db42251d675da83286b1cce702) (ScriptedImporter) -> (artifact id: 'd426e252e77a16d54bc511e9d63b33df') in 0.0245764 seconds
Number of updated asset objects reloaded before import = 0Number of asset objects unloaded after import = 1

========================================================================
Received Import Request.
  Time since last request: 0.000144 seconds.
  path: Assets/Часы/18/textures/internal_ground_ao_texture.jpeg
  artifactKey: Guid(1a69722c240b02146a7cdaf336e2e9b4) Importer(2089858483,192608db42251d675da83286b1cce702)
Start importing Assets/Часы/18/textures/internal_ground_ao_texture.jpeg using Guid(1a69722c240b02146a7cdaf336e2e9b4) Importer(2089858483,192608db42251d675da83286b1cce702) (ScriptedImporter) -> (artifact id: 'f421e61739c71521b513061db7d2caa9') in 0.0337827 seconds
Number of updated asset objects reloaded before import = 0Number of asset objects unloaded after import = 1

========================================================================
Received Import Request.
  Time since last request: 0.000083 seconds.
  path: Assets/Часы/18/textures/Clockface_Normal.png
  artifactKey: Guid(5b5468132f411224480e0f35fa9dbf17) Importer(2089858483,192608db42251d675da83286b1cce702)
Start importing Assets/Часы/18/textures/Clockface_Normal.png using Guid(5b5468132f411224480e0f35fa9dbf17) Importer(2089858483,192608db42251d675da83286b1cce702) (ScriptedImporter) -> (artifact id: '9fc428aea79c399263518c62c09f8b9c') in 0.0322524 seconds
Number of updated asset objects reloaded before import = 0Number of asset objects unloaded after import = 1

========================================================================
Received Import Request.
  Time since last request: 0.000060 seconds.
  path: Assets/Часы/18/textures/Clockface_BaseColor.png
  artifactKey: Guid(979bd0d320918154e854fecc53f9a15c) Importer(2089858483,192608db42251d675da83286b1cce702)
Start importing Assets/Часы/18/textures/Clockface_BaseColor.png using Guid(979bd0d320918154e854fecc53f9a15c) Importer(2089858483,192608db42251d675da83286b1cce702) (ScriptedImporter) -> (artifact id: '78b1004d4470a15ae85764d184595b0f') in 0.0308387 seconds
Number of updated asset objects reloaded before import = 0Number of asset objects unloaded after import = 1

========================================================================
Received Import Request.
  Time since last request: 4.750011 seconds.
  path: Assets/Часы/18/source
  artifactKey: Guid(4723337f1d1877e4d82c865ae3da6827) Importer(815301076,1909f56bfc062723c751e8b465ee728b)
Start importing Assets/Часы/18/source using Guid(4723337f1d1877e4d82c865ae3da6827) Importer(815301076,1909f56bfc062723c751e8b465ee728b) (PreviewImporter) -> (artifact id: '90afe5106ee94c3ee27fe5f26468297f') in 0.0005347 seconds
Number of updated asset objects reloaded before import = 0Number of asset objects unloaded after import = 0

========================================================================
Received Import Request.
  Time since last request: 0.258278 seconds.
  path: Assets/Часы/18/source/TallClock.fbx
  artifactKey: Guid(57c99a0853dad8e4fabe34d58bcb7d8b) Importer(815301076,1909f56bfc062723c751e8b465ee728b)
Start importing Assets/Часы/18/source/TallClock.fbx using Guid(57c99a0853dad8e4fabe34d58bcb7d8b) Importer(815301076,1909f56bfc062723c751e8b465ee728b) (PreviewImporter) -> (artifact id: '326f6a8b558acc6c21df6292e3324346') in 0.0801684 seconds
Number of updated asset objects reloaded before import = 0Number of asset objects unloaded after import = 28

========================================================================
Received Import Request.
  Time since last request: 28.990201 seconds.
  path: Assets/Часы/18/textures
  artifactKey: Guid(e7c6ede2575b76443b92b917b1f3ae62) Importer(815301076,1909f56bfc062723c751e8b465ee728b)
Start importing Assets/Часы/18/textures using Guid(e7c6ede2575b76443b92b917b1f3ae62) Importer(815301076,1909f56bfc062723c751e8b465ee728b) (PreviewImporter) -> (artifact id: '4d1719cd0ade6a6a0f0cdaeecf6d3a3c') in 0.0012211 seconds
Number of updated asset objects reloaded before import = 0Number of asset objects unloaded after import = 0

========================================================================
Received Import Request.
  Time since last request: 0.084655 seconds.
  path: Assets/Часы/18/textures/ClockCase_AO.png
  artifactKey: Guid(8a4817f26ede77b489497e994f7dbe50) Importer(815301076,1909f56bfc062723c751e8b465ee728b)
Start importing Assets/Часы/18/textures/ClockCase_AO.png using Guid(8a4817f26ede77b489497e994f7dbe50) Importer(815301076,1909f56bfc062723c751e8b465ee728b) (PreviewImporter) -> (artifact id: '63ce894be26ecb63314cb5885add8740') in 0.0320888 seconds
Number of updated asset objects reloaded before import = 0Number of asset objects unloaded after import = 2

========================================================================
Received Import Request.
  Time since last request: 0.000019 seconds.
  path: Assets/Часы/18/textures/internal_ground_ao_texture.jpeg
  artifactKey: Guid(1a69722c240b02146a7cdaf336e2e9b4) Importer(815301076,1909f56bfc062723c751e8b465ee728b)
Start importing Assets/Часы/18/textures/internal_ground_ao_texture.jpeg using Guid(1a69722c240b02146a7cdaf336e2e9b4) Importer(815301076,1909f56bfc062723c751e8b465ee728b) (PreviewImporter) -> (artifact id: '9fbe04afdc96acc3a04695a29af07cf0') in 0.0249222 seconds
Number of updated asset objects reloaded before import = 0Number of asset objects unloaded after import = 2

========================================================================
Received Import Request.
  Time since last request: 0.000018 seconds.
  path: Assets/Часы/18/textures/ClockCase_Roughness.png
  artifactKey: Guid(65ca7854cbf9ae246a277ce34d26fd69) Importer(815301076,1909f56bfc062723c751e8b465ee728b)
Start importing Assets/Часы/18/textures/ClockCase_Roughness.png using Guid(65ca7854cbf9ae246a277ce34d26fd69) Importer(815301076,1909f56bfc062723c751e8b465ee728b) (PreviewImporter) -> (artifact id: 'c7cedf754f69e091ffd5ed7a96d03548') in 0.021898 seconds
Number of updated asset objects reloaded before import = 0Number of asset objects unloaded after import = 2

========================================================================
Received Import Request.
  Time since last request: 0.000018 seconds.
  path: Assets/Часы/18/textures/Clockface_Normal.png
  artifactKey: Guid(5b5468132f411224480e0f35fa9dbf17) Importer(815301076,1909f56bfc062723c751e8b465ee728b)
Start importing Assets/Часы/18/textures/Clockface_Normal.png using Guid(5b5468132f411224480e0f35fa9dbf17) Importer(815301076,1909f56bfc062723c751e8b465ee728b) (PreviewImporter) -> (artifact id: '13d989145e5d1c6a66fac71b4d5ec58e') in 0.0229303 seconds
Number of updated asset objects reloaded before import = 0Number of asset objects unloaded after import = 2

========================================================================
Received Import Request.
  Time since last request: 6.508658 seconds.
  path: Assets/Часы/18/Materials
  artifactKey: Guid(303cbdd5673e33447bf4167b380c9c93) Importer(2089858483,192608db42251d675da83286b1cce702)
Start importing Assets/Часы/18/Materials using Guid(303cbdd5673e33447bf4167b380c9c93) Importer(2089858483,192608db42251d675da83286b1cce702) (ScriptedImporter) -> (artifact id: '00ca7eee4b8661e5631df0dfa135ad3d') in 0.0292641 seconds
Number of updated asset objects reloaded before import = 0Number of asset objects unloaded after import = 1

========================================================================
Received Import Request.
  Time since last request: 12.301927 seconds.
  path: Assets/Часы/18/Materials/ClockCase_BaseColor.mat
  artifactKey: Guid(5a397a783038e83419890b921f2d9ab0) Importer(2089858483,192608db42251d675da83286b1cce702)
Start importing Assets/Часы/18/Materials/ClockCase_BaseColor.mat using Guid(5a397a783038e83419890b921f2d9ab0) Importer(2089858483,192608db42251d675da83286b1cce702) (ScriptedImporter) -> (artifact id: '01f959b01b90344335ceceb4630d05ba') in 0.0245865 seconds
Number of updated asset objects reloaded before import = 0Number of asset objects unloaded after import = 2

========================================================================
Received Import Request.
  Time since last request: 12.074149 seconds.
  path: Assets/Часы/18/Materials/internal_ground_ao_texture.mat
  artifactKey: Guid(dfef8e3721e40764fa3d20af58eb6a20) Importer(2089858483,192608db42251d675da83286b1cce702)
Start importing Assets/Часы/18/Materials/internal_ground_ao_texture.mat using Guid(dfef8e3721e40764fa3d20af58eb6a20) Importer(2089858483,192608db42251d675da83286b1cce702) (ScriptedImporter) -> (artifact id: '1324cf67f01c00c6662abb6f03290bbf') in 0.0357797 seconds
Number of updated asset objects reloaded before import = 0Number of asset objects unloaded after import = 2

========================================================================
Received Import Request.
  Time since last request: 8.205914 seconds.
  path: Assets/Часы/18/Materials/Clockface_BaseColor.mat
  artifactKey: Guid(1c73881f4c1c0e64b98b227df463ce64) Importer(2089858483,192608db42251d675da83286b1cce702)
Start importing Assets/Часы/18/Materials/Clockface_BaseColor.mat using Guid(1c73881f4c1c0e64b98b227df463ce64) Importer(2089858483,192608db42251d675da83286b1cce702) (ScriptedImporter) -> (artifact id: '1cf81bf31e60d944edf0c2030895a836') in 0.0278075 seconds
Number of updated asset objects reloaded before import = 0Number of asset objects unloaded after import = 2

========================================================================
Received Import Request.
  Time since last request: 24.736696 seconds.
  path: Assets/Часы/18/Materials/Clockface_Roughness.mat
  artifactKey: Guid(704e08179f25b254fbbec105da9d04d6) Importer(2089858483,192608db42251d675da83286b1cce702)
Start importing Assets/Часы/18/Materials/Clockface_Roughness.mat using Guid(704e08179f25b254fbbec105da9d04d6) Importer(2089858483,192608db42251d675da83286b1cce702) (ScriptedImporter) -> (artifact id: '742ec954a59ae18e7ae0e4b249679f81') in 0.0259273 seconds
Number of updated asset objects reloaded before import = 0Number of asset objects unloaded after import = 2

========================================================================
Received Import Request.
  Time since last request: 101.757860 seconds.
  path: Assets/Часы/18/Materials/ClockCase_BaseColor.mat
  artifactKey: Guid(5a397a783038e83419890b921f2d9ab0) Importer(815301076,1909f56bfc062723c751e8b465ee728b)
Start importing Assets/Часы/18/Materials/ClockCase_BaseColor.mat using Guid(5a397a783038e83419890b921f2d9ab0) Importer(815301076,1909f56bfc062723c751e8b465ee728b) (PreviewImporter) -> (artifact id: '92002a8bac61091f463106983541ded0') in 0.0313346 seconds
Number of updated asset objects reloaded before import = 0Number of asset objects unloaded after import = 2

========================================================================
Received Import Request.
  Time since last request: 0.000018 seconds.
  path: Assets/Часы/18/Materials/Clockface_Roughness.mat
  artifactKey: Guid(704e08179f25b254fbbec105da9d04d6) Importer(815301076,1909f56bfc062723c751e8b465ee728b)
Start importing Assets/Часы/18/Materials/Clockface_Roughness.mat using Guid(704e08179f25b254fbbec105da9d04d6) Importer(815301076,1909f56bfc062723c751e8b465ee728b) (PreviewImporter) -> (artifact id: '0598bbdc843cee099883dd685c6fb1c8') in 0.0250608 seconds
Number of updated asset objects reloaded before import = 0Number of asset objects unloaded after import = 2

========================================================================
Received Import Request.
  Time since last request: 7.992827 seconds.
  path: Assets/Часы/18/Materials/internal_ground_ao_texture.mat
  artifactKey: Guid(dfef8e3721e40764fa3d20af58eb6a20) Importer(815301076,1909f56bfc062723c751e8b465ee728b)
Start importing Assets/Часы/18/Materials/internal_ground_ao_texture.mat using Guid(dfef8e3721e40764fa3d20af58eb6a20) Importer(815301076,1909f56bfc062723c751e8b465ee728b) (PreviewImporter) -> (artifact id: 'b613189d324126e97810c0195202ea0f') in 0.0293188 seconds
Number of updated asset objects reloaded before import = 0Number of asset objects unloaded after import = 2

========================================================================
Received Import Request.
  Time since last request: 0.000028 seconds.
  path: Assets/Часы/16/Materials/KiplingerProp02_Clock_Mat_Metallic.mat
  artifactKey: Guid(1990ef43f295ea149b5a82310845e9dc) Importer(815301076,1909f56bfc062723c751e8b465ee728b)
Start importing Assets/Часы/16/Materials/KiplingerProp02_Clock_Mat_Metallic.mat using Guid(1990ef43f295ea149b5a82310845e9dc) Importer(815301076,1909f56bfc062723c751e8b465ee728b) (PreviewImporter) -> (artifact id: '642010f6998bc454ec8a4ce1beaf80bf') in 0.0365445 seconds
Number of updated asset objects reloaded before import = 0Number of asset objects unloaded after import = 2

========================================================================
Received Import Request.
  Time since last request: 25.328405 seconds.
  path: Assets/Часы/18/Materials/MoonDial_BaseColor.mat
  artifactKey: Guid(8768e1654c4723c4b800bda105705cdd) Importer(815301076,1909f56bfc062723c751e8b465ee728b)
Start importing Assets/Часы/18/Materials/MoonDial_BaseColor.mat using Guid(8768e1654c4723c4b800bda105705cdd) Importer(815301076,1909f56bfc062723c751e8b465ee728b) (PreviewImporter) -> (artifact id: '046a07694885956bbe786fd735ed992d') in 0.0302392 seconds
Number of updated asset objects reloaded before import = 0Number of asset objects unloaded after import = 2

========================================================================
Received Import Request.
  Time since last request: 5.325308 seconds.
  path: Assets/Часы/13/Materials/R_47387e5aa30445e884c748b2c497440f_Watch_Metallic.mat
  artifactKey: Guid(b40052eafe3ad7f4daee0ccef1f96be1) Importer(815301076,1909f56bfc062723c751e8b465ee728b)
Start importing Assets/Часы/13/Materials/R_47387e5aa30445e884c748b2c497440f_Watch_Metallic.mat using Guid(b40052eafe3ad7f4daee0ccef1f96be1) Importer(815301076,1909f56bfc062723c751e8b465ee728b) (PreviewImporter) -> (artifact id: 'da81baa3c4745891583094280c9b0f61') in 0.0333785 seconds
Number of updated asset objects reloaded before import = 0Number of asset objects unloaded after import = 2

========================================================================
Received Import Request.
  Time since last request: 0.000019 seconds.
  path: Assets/Часы/13/Materials/RGB_57b224c49fb34a12bd11b4bad2971beb_Watch_Base_Color.mat
  artifactKey: Guid(8ebb3e4a555338d44967fabf9a0cb632) Importer(815301076,1909f56bfc062723c751e8b465ee728b)
Start importing Assets/Часы/13/Materials/RGB_57b224c49fb34a12bd11b4bad2971beb_Watch_Base_Color.mat using Guid(8ebb3e4a555338d44967fabf9a0cb632) Importer(815301076,1909f56bfc062723c751e8b465ee728b) (PreviewImporter) -> (artifact id: '4a17e815bfca372bd5940969fc3d45e0') in 0.0258237 seconds
Number of updated asset objects reloaded before import = 0Number of asset objects unloaded after import = 2

========================================================================
Received Import Request.
  Time since last request: 0.000050 seconds.
  path: Assets/Часы/13/Materials/R_e2632c9222ec4b68864423fa015137e1_Watch_AO_03.mat
  artifactKey: Guid(872ecd154a415fe43a6ba8ada0cc4b41) Importer(815301076,1909f56bfc062723c751e8b465ee728b)
Start importing Assets/Часы/13/Materials/R_e2632c9222ec4b68864423fa015137e1_Watch_AO_03.mat using Guid(872ecd154a415fe43a6ba8ada0cc4b41) Importer(815301076,1909f56bfc062723c751e8b465ee728b) (PreviewImporter) -> (artifact id: '31394714f28f1e911322cab8d42242ea') in 0.029361 seconds
Number of updated asset objects reloaded before import = 0Number of asset objects unloaded after import = 2

========================================================================
Received Import Request.
  Time since last request: 0.438072 seconds.
  path: Assets/Часы/12/Materials/RGB_65a2a751d4ed40b9a948b30e36db6891_watchbraceletbox01_metal_Mat_Diffuse.mat
  artifactKey: Guid(930ca279ba08e17428f014fb5604cba3) Importer(815301076,1909f56bfc062723c751e8b465ee728b)
Start importing Assets/Часы/12/Materials/RGB_65a2a751d4ed40b9a948b30e36db6891_watchbraceletbox01_metal_Mat_Diffuse.mat using Guid(930ca279ba08e17428f014fb5604cba3) Importer(815301076,1909f56bfc062723c751e8b465ee728b) (PreviewImporter) -> (artifact id: 'f6c8bfdb075e7b03965fc396f4ce270c') in 0.0326001 seconds
Number of updated asset objects reloaded before import = 0Number of asset objects unloaded after import = 2

========================================================================
Received Import Request.
  Time since last request: 0.000022 seconds.
  path: Assets/Часы/10/Materials/RGB_35574d9713ab4f96b2dd6f398760e5a1_cuckoo_clock_albedo.mat
  artifactKey: Guid(e1c4b74b4e7f9ce4dbc824361b2b2073) Importer(815301076,1909f56bfc062723c751e8b465ee728b)
Start importing Assets/Часы/10/Materials/RGB_35574d9713ab4f96b2dd6f398760e5a1_cuckoo_clock_albedo.mat using Guid(e1c4b74b4e7f9ce4dbc824361b2b2073) Importer(815301076,1909f56bfc062723c751e8b465ee728b) (PreviewImporter) -> (artifact id: '7e6b4a74cc6b2b253c77383b8f2f4cd0') in 0.0342081 seconds
Number of updated asset objects reloaded before import = 0Number of asset objects unloaded after import = 2

========================================================================
Received Import Request.
  Time since last request: 0.000023 seconds.
  path: Assets/Часы/8/Materials/RGB_f5b9ef99f5a046a2aae62e596f50eeb0_Keys_and_Presses_Mat_Base_Color.mat
  artifactKey: Guid(cab61e58f9dfbb84a9cdcb71969c22e3) Importer(815301076,1909f56bfc062723c751e8b465ee728b)
Start importing Assets/Часы/8/Materials/RGB_f5b9ef99f5a046a2aae62e596f50eeb0_Keys_and_Presses_Mat_Base_Color.mat using Guid(cab61e58f9dfbb84a9cdcb71969c22e3) Importer(815301076,1909f56bfc062723c751e8b465ee728b) (PreviewImporter) -> (artifact id: '15454cc9d706b520568ce7c5f61a4bc7') in 0.0346856 seconds
Number of updated asset objects reloaded before import = 0Number of asset objects unloaded after import = 2

========================================================================
Received Import Request.
  Time since last request: 0.000018 seconds.
  path: Assets/Часы/11/Materials/RGB_89e06ddab0d14ac7a7be86ca51cb5b5f_NixieMat_Emissive2.mat
  artifactKey: Guid(6e8083c768d22514083b7e465d41db3e) Importer(815301076,1909f56bfc062723c751e8b465ee728b)
Start importing Assets/Часы/11/Materials/RGB_89e06ddab0d14ac7a7be86ca51cb5b5f_NixieMat_Emissive2.mat using Guid(6e8083c768d22514083b7e465d41db3e) Importer(815301076,1909f56bfc062723c751e8b465ee728b) (PreviewImporter) -> (artifact id: 'cc897d7b51d4c4d272ec74237147a1b1') in 0.033825 seconds
Number of updated asset objects reloaded before import = 0Number of asset objects unloaded after import = 2

========================================================================
Received Import Request.
  Time since last request: 1.423034 seconds.
  path: Assets/Часы/9/Materials/thumbnail.mat
  artifactKey: Guid(517450dfc332b1e42b7d4900bdfd3ee1) Importer(815301076,1909f56bfc062723c751e8b465ee728b)
Start importing Assets/Часы/9/Materials/thumbnail.mat using Guid(517450dfc332b1e42b7d4900bdfd3ee1) Importer(815301076,1909f56bfc062723c751e8b465ee728b) (PreviewImporter) -> (artifact id: '79ff34ed77c04d0bbffbb9c5980d7fcd') in 0.0276358 seconds
Number of updated asset objects reloaded before import = 0Number of asset objects unloaded after import = 2

