[Licensing::Module] Trying to connect to existing licensing client channel...
Built from '6000.2/respin/6000.2.8f1-e4064264ae96' branch; Version is '6000.2.8f1 (c9992ac36c34) revision 13211946'; Using compiler version '194234433'; Build Type 'Release'
[Licensing::IpcConnector] Successfully connected to: "LicenseClient-HOME" at "2025-12-14T11:14:13.5039933Z"
OS: 'Windows 11  (10.0.26100) 64bit Professional' Language: 'ru' Physical Memory: 16116 MB
BatchMode: 1, IsHumanControllingUs: 0, StartBugReporterOnCrash: 0, Is64bit: 1
Date: 2025-12-14T11:14:13Z

COMMAND LINE ARGUMENTS:
C:\Program Files\Unity\Hub\Editor\6000.2.8f1\Editor\Unity.exe
-adb2
-batchMode
-noUpm
-name
AssetImportWorker15
-projectPath
C:/Users/HOME/Documents/GitHub/Project1/Valdhés su Villa
-logFile
Logs/AssetImportWorker15.log
-srvPort
55375
-licensingIpc
LicenseClient-HOME
-job-worker-count
5
-background-job-worker-count
8
-gc-helper-count
1
-name
AssetImport
Successfully changed project path to: C:/Users/HOME/Documents/GitHub/Project1/Valdhés su Villa
C:/Users/HOME/Documents/GitHub/Project1/Valdhés su Villa
[UnityMemory] Configuration Parameters - Can be set up in boot.config
    "memorysetup-allocator-temp-initial-block-size-main=262144"
    "memorysetup-allocator-temp-initial-block-size-worker=262144"
    "memorysetup-bucket-allocator-granularity=16"
    "memorysetup-bucket-allocator-bucket-count=8"
    "memorysetup-bucket-allocator-block-size=33554432"
    "memorysetup-bucket-allocator-block-count=8"
    "memorysetup-main-allocator-block-size=16777216"
    "memorysetup-thread-allocator-block-size=16777216"
    "memorysetup-gfx-main-allocator-block-size=16777216"
    "memorysetup-gfx-thread-allocator-block-size=16777216"
    "memorysetup-cache-allocator-block-size=4194304"
    "memorysetup-typetree-allocator-block-size=2097152"
    "memorysetup-profiler-bucket-allocator-granularity=16"
    "memorysetup-profiler-bucket-allocator-bucket-count=8"
    "memorysetup-profiler-bucket-allocator-block-size=33554432"
    "memorysetup-profiler-bucket-allocator-block-count=8"
    "memorysetup-profiler-allocator-block-size=16777216"
    "memorysetup-profiler-editor-allocator-block-size=1048576"
    "memorysetup-temp-allocator-size-main=16777216"
    "memorysetup-job-temp-allocator-block-size=2097152"
    "memorysetup-job-temp-allocator-block-size-background=1048576"
    "memorysetup-job-temp-allocator-reduction-small-platforms=262144"
    "memorysetup-temp-allocator-size-background-worker=32768"
    "memorysetup-temp-allocator-size-job-worker=262144"
    "memorysetup-temp-allocator-size-preload-manager=33554432"
    "memorysetup-temp-allocator-size-nav-mesh-worker=65536"
    "memorysetup-temp-allocator-size-audio-worker=65536"
    "memorysetup-temp-allocator-size-cloud-worker=32768"
    "memorysetup-temp-allocator-size-gi-baking-worker=262144"
    "memorysetup-temp-allocator-size-gi-baking-worker=262144"
    "memorysetup-temp-allocator-size-gi-baking-worker=262144"
    "memorysetup-temp-allocator-size-gi-baking-worker=262144"
    "memorysetup-temp-allocator-size-gi-baking-worker=262144"
    "memorysetup-temp-allocator-size-gfx=262144"
Player connection [16640]  Target information:

Player connection [16640]  * "[IP] 192.168.0.65 [Port] 0 [Flags] 2 [Guid] 3362021782 [EditorId] 3362021782 [Version] 1048832 [Id] WindowsEditor(7,DESKTOP-MOMKQ24) [Debug] 1 [PackageName] WindowsEditor [ProjectName] Editor" 

Player connection [16640] Host joined multi-casting on [225.0.0.222:54997]...
Player connection [16640] Host joined alternative multi-casting on [225.0.0.222:34997]...
JobSystem: Creating JobQueue using job-worker-count value 5
Input System module state changed to: Initialized.
[Physics::Module] Initialized fallback backend.
[Physics::Module] Id: 0xdecafbad
[Licensing::Client] Code 10 while verifying Licensing Client signature (process Id: 2024, path: "C:/юнити/Unity Hub/UnityLicensingClient_V1/Unity.Licensing.Client.exe")
[Licensing::Module] LicensingClient has failed validation; ignoring
[Licensing::Client] Handshaking with LicensingClient:
  Version:                 1.17.3+a4e98f1
  Session Id:              763cad03d11e4fc891dd9e869ded9f01
  Correlation Id:          0a1fab51d25f0c83ef44513c723fc9eb
  External correlation Id: 8450400721435765143
  Machine Id:              p2zqx2RjvcmlaFMCS3B3Azs/qVA=
[Licensing::Module] Successfully connected to LicensingClient on channel: "LicenseClient-HOME" (connect: 0.00s, validation: 0.00s, handshake: 0.05s)
[Licensing::IpcConnector] Successfully connected to: "LicenseClient-HOME-notifications" at "2025-12-14T11:14:13.5563267Z"
[Licensing::Module] Licensing Background thread has ended after 0.05s
Library Redirect Path: Library/
[Physics::Module] Selected backend.
[Physics::Module] Name: PhysX
[Physics::Module] Id: 0xf2b8ea05
[Physics::Module] SDK Version: 4.1.2
[Physics::Module] Integration Version: 1.0.0
[Physics::Module] Threading Mode: Multi-Threaded
Refreshing native plugins compatible for Editor in 0.48 ms, found 0 plugins.
Preloading 0 native plugins for Editor in 0.00 ms.
Initialize engine version: 6000.2.8f1 (c9992ac36c34)
[Subsystems] Discovering subsystems at path C:/Program Files/Unity/Hub/Editor/6000.2.8f1/Editor/Data/Resources/UnitySubsystems
[Subsystems] Discovering subsystems at path C:/Users/HOME/Documents/GitHub/Project1/Valdhés su Villa/Assets
GfxDevice: creating device client; kGfxThreadingModeNonThreaded
Direct3D:
    Version:  Direct3D 11.0 [level 11.1]
    Renderer: NVIDIA GeForce RTX 4050 Laptop GPU (ID=0x28a1)
    Vendor:   NVIDIA
    VRAM:     5921 MB
    Driver:   32.0.15.7283
Initialize mono
Mono path[0] = 'C:/Program Files/Unity/Hub/Editor/6000.2.8f1/Editor/Data/Managed'
Mono path[1] = 'C:/Program Files/Unity/Hub/Editor/6000.2.8f1/Editor/Data/MonoBleedingEdge/lib/mono/unityjit-win32'
Mono config path = 'C:/Program Files/Unity/Hub/Editor/6000.2.8f1/Editor/Data/MonoBleedingEdge/etc'
Using monoOptions --debugger-agent=transport=dt_socket,embedding=1,server=y,suspend=n,address=127.0.0.1:56028
Begin MonoManager ReloadAssembly
Registering precompiled unity dll's ...
Register platform support module: C:/Program Files/Unity/Hub/Editor/6000.2.8f1/Editor/Data/PlaybackEngines/WindowsStandaloneSupport/UnityEditor.WindowsStandalone.Extensions.dll
Registered in 0.001812 seconds.
- Loaded All Assemblies, in  0.311 seconds
Native extension for WindowsStandalone target not found
Mono: successfully reloaded assembly
- Finished resetting the current domain, in  0.280 seconds
Domain Reload Profiling: 590ms
	BeginReloadAssembly (102ms)
		ExecutionOrderSort (0ms)
		DisableScriptedObjects (0ms)
		BackupInstance (0ms)
		ReleaseScriptingObjects (0ms)
		CreateAndSetChildDomain (1ms)
	RebuildCommonClasses (29ms)
	RebuildNativeTypeToScriptingClass (9ms)
	initialDomainReloadingComplete (39ms)
	LoadAllAssembliesAndSetupDomain (130ms)
		LoadAssemblies (101ms)
		RebuildTransferFunctionScriptingTraits (0ms)
		AnalyzeDomain (127ms)
			TypeCache.Refresh (126ms)
				TypeCache.ScanAssembly (115ms)
			BuildScriptInfoCaches (0ms)
			ResolveRequiredComponents (0ms)
	FinalizeReload (281ms)
		ReleaseScriptCaches (0ms)
		RebuildScriptCaches (0ms)
		SetupLoadedEditorAssemblies (239ms)
			LogAssemblyErrors (0ms)
			InitializePlatformSupportModulesInManaged (41ms)
			SetLoadedEditorAssemblies (3ms)
			BeforeProcessingInitializeOnLoad (53ms)
			ProcessInitializeOnLoadAttributes (101ms)
			ProcessInitializeOnLoadMethodAttributes (41ms)
			AfterProcessingInitializeOnLoad (0ms)
			EditorAssembliesLoaded (0ms)
		ExecutionOrderSort2 (0ms)
		AwakeInstancesAfterBackupRestoration (0ms)
========================================================================
Worker process is ready to serve import requests
Import Worker Mode flag is 0x00
Begin MonoManager ReloadAssembly
[Licensing::Client] Successfully resolved entitlement details
[Licensing::Module] License group:
  Id: 10171542316351-UnityPersXXXX
  Product: Unity Personal
  Type: Assigned
  Expiration: Unlimited
- Loaded All Assemblies, in  0.198 seconds
Refreshing native plugins compatible for Editor in 0.38 ms, found 0 plugins.
Native extension for WindowsStandalone target not found
Mono: successfully reloaded assembly
- Finished resetting the current domain, in  0.304 seconds
Domain Reload Profiling: 501ms
	BeginReloadAssembly (138ms)
		ExecutionOrderSort (0ms)
		DisableScriptedObjects (4ms)
		BackupInstance (0ms)
		ReleaseScriptingObjects (0ms)
		CreateAndSetChildDomain (25ms)
	RebuildCommonClasses (27ms)
	RebuildNativeTypeToScriptingClass (9ms)
	initialDomainReloadingComplete (15ms)
	LoadAllAssembliesAndSetupDomain (8ms)
		LoadAssemblies (76ms)
		RebuildTransferFunctionScriptingTraits (0ms)
		AnalyzeDomain (5ms)
			TypeCache.Refresh (3ms)
				TypeCache.ScanAssembly (0ms)
			BuildScriptInfoCaches (0ms)
			ResolveRequiredComponents (0ms)
	FinalizeReload (304ms)
		ReleaseScriptCaches (0ms)
		RebuildScriptCaches (0ms)
		SetupLoadedEditorAssemblies (223ms)
			LogAssemblyErrors (0ms)
			InitializePlatformSupportModulesInManaged (2ms)
			SetLoadedEditorAssemblies (3ms)
			BeforeProcessingInitializeOnLoad (97ms)
			ProcessInitializeOnLoadAttributes (101ms)
			ProcessInitializeOnLoadMethodAttributes (17ms)
			AfterProcessingInitializeOnLoad (3ms)
			EditorAssembliesLoaded (0ms)
		ExecutionOrderSort2 (0ms)
		AwakeInstancesAfterBackupRestoration (5ms)
WARNING: Shader Unsupported: 'Hidden/Universal Render Pipeline/Terrain/Lit (Base Pass)' - All subshaders removed
WARNING: Shader Did you use #pragma only_renderers and omit this platform?
WARNING: Shader If subshaders removal was intentional, you may have forgotten turning Fallback off?
WARNING: Shader Unsupported: 'Hidden/Universal Render Pipeline/Terrain/Lit (Base Pass)' - All subshaders removed
WARNING: Shader Did you use #pragma only_renderers and omit this platform?
WARNING: Shader If subshaders removal was intentional, you may have forgotten turning Fallback off?
WARNING: Shader Unsupported: 'Universal Render Pipeline/Terrain/Lit' - All subshaders removed
WARNING: Shader Did you use #pragma only_renderers and omit this platform?
WARNING: Shader If subshaders removal was intentional, you may have forgotten turning Fallback off?
WARNING: Shader Unsupported: 'Universal Render Pipeline/Terrain/Lit' - All subshaders removed
WARNING: Shader Did you use #pragma only_renderers and omit this platform?
WARNING: Shader If subshaders removal was intentional, you may have forgotten turning Fallback off?
Launched and connected shader compiler UnityShaderCompiler.exe after 0.01 seconds
Refreshing native plugins compatible for Editor in 0.39 ms, found 0 plugins.
Preloading 0 native plugins for Editor in 0.00 ms.
Unloading 34 Unused Serialized files (Serialized files now loaded: 0)
Unloading 6116 unused Assets / (6.6 MB). Loaded Objects now: 6722.
Memory consumption went from 121.5 MB to 114.9 MB.
Total: 10.747300 ms (FindLiveObjects: 0.528200 ms CreateObjectMapping: 0.478000 ms MarkObjects: 5.900700 ms  DeleteObjects: 3.837600 ms)

========================================================================
Received Import Request.
  Time since last request: 12133.857689 seconds.
  path: Assets/Часы/6/Materials
  artifactKey: Guid(1c1c4191266c76440b7a8fa3405bb49b) Importer(2089858483,192608db42251d675da83286b1cce702)
Start importing Assets/Часы/6/Materials using Guid(1c1c4191266c76440b7a8fa3405bb49b) Importer(2089858483,192608db42251d675da83286b1cce702) (ScriptedImporter) -> (artifact id: 'a95e0fff958f6268c9128c7eb0004008') in 0.083279 seconds
Number of updated asset objects reloaded before import = 0Number of asset objects unloaded after import = 1

========================================================================
Received Import Request.
  Time since last request: 41.622949 seconds.
  path: Assets/Часы/7
  artifactKey: Guid(1656959257fe3324d997a288a6a5af1f) Importer(815301076,1909f56bfc062723c751e8b465ee728b)
Start importing Assets/Часы/7 using Guid(1656959257fe3324d997a288a6a5af1f) Importer(815301076,1909f56bfc062723c751e8b465ee728b) (PreviewImporter) -> (artifact id: '66e38c03d45ab440d671455fc7d875fb') in 0.0007372 seconds
Number of updated asset objects reloaded before import = 0Number of asset objects unloaded after import = 0

========================================================================
Received Import Request.
  Time since last request: 0.314325 seconds.
  path: Assets/Часы/7/N_d4eb8dd1d4d741da8dacecc302d15676_mat_clock_normal.png
  artifactKey: Guid(7e03303d9a35c864ea1d3b3be1b95223) Importer(815301076,1909f56bfc062723c751e8b465ee728b)
Start importing Assets/Часы/7/N_d4eb8dd1d4d741da8dacecc302d15676_mat_clock_normal.png using Guid(7e03303d9a35c864ea1d3b3be1b95223) Importer(815301076,1909f56bfc062723c751e8b465ee728b) (PreviewImporter) -> (artifact id: '6f46499e5b4cab5d2d336ce0f3405f9d') in 0.0769096 seconds
Number of updated asset objects reloaded before import = 0Number of asset objects unloaded after import = 2

========================================================================
Received Import Request.
  Time since last request: 0.000024 seconds.
  path: Assets/Часы/7/thumbnail.jpg
  artifactKey: Guid(c9162e982249c454d9fc0f8561e19495) Importer(815301076,1909f56bfc062723c751e8b465ee728b)
Start importing Assets/Часы/7/thumbnail.jpg using Guid(c9162e982249c454d9fc0f8561e19495) Importer(815301076,1909f56bfc062723c751e8b465ee728b) (PreviewImporter) -> (artifact id: '8db43f54c86574fd4ad930e6a9919df3') in 0.0269901 seconds
Number of updated asset objects reloaded before import = 0Number of asset objects unloaded after import = 2

========================================================================
Received Import Request.
  Time since last request: 0.000037 seconds.
  path: Assets/Часы/7/RGB_15ab48226df4426386d63bcbcf173af3_mat_clock_albedo.png
  artifactKey: Guid(8c54ab5b60eac81409b17ebd137a3803) Importer(815301076,1909f56bfc062723c751e8b465ee728b)
Start importing Assets/Часы/7/RGB_15ab48226df4426386d63bcbcf173af3_mat_clock_albedo.png using Guid(8c54ab5b60eac81409b17ebd137a3803) Importer(815301076,1909f56bfc062723c751e8b465ee728b) (PreviewImporter) -> (artifact id: '88973cd228a3e3aa042d9f81c150e970') in 0.0214854 seconds
Number of updated asset objects reloaded before import = 0Number of asset objects unloaded after import = 2

========================================================================
Received Import Request.
  Time since last request: 13.770119 seconds.
  path: Assets/Часы/7/Materials
  artifactKey: Guid(4417c235b66e0244d963c74652de3c61) Importer(2089858483,192608db42251d675da83286b1cce702)
Start importing Assets/Часы/7/Materials using Guid(4417c235b66e0244d963c74652de3c61) Importer(2089858483,192608db42251d675da83286b1cce702) (ScriptedImporter) -> (artifact id: '56ad19c081abc19089faa631367b2605') in 0.0280914 seconds
Number of updated asset objects reloaded before import = 0Number of asset objects unloaded after import = 1

========================================================================
Received Import Request.
  Time since last request: 7.923056 seconds.
  path: Assets/Часы/7/Materials/thumbnail.mat
  artifactKey: Guid(5e6be22fe76fad04b8df935ff2686456) Importer(2089858483,192608db42251d675da83286b1cce702)
Start importing Assets/Часы/7/Materials/thumbnail.mat using Guid(5e6be22fe76fad04b8df935ff2686456) Importer(2089858483,192608db42251d675da83286b1cce702) (ScriptedImporter) -> (artifact id: '2eb5b46e407480b539095a2866ee4352') in 0.0777114 seconds
Number of updated asset objects reloaded before import = 0Number of asset objects unloaded after import = 2

========================================================================
Received Import Request.
  Time since last request: 8.247788 seconds.
  path: Assets/Часы/7/Materials/R_a949084f500e4c1c9cd6d089526c4f67_mat_clock_AO.mat
  artifactKey: Guid(58e3ea1ec6bfff84bb485e75d90654d5) Importer(2089858483,192608db42251d675da83286b1cce702)
Start importing Assets/Часы/7/Materials/R_a949084f500e4c1c9cd6d089526c4f67_mat_clock_AO.mat using Guid(58e3ea1ec6bfff84bb485e75d90654d5) Importer(2089858483,192608db42251d675da83286b1cce702) (ScriptedImporter) -> (artifact id: 'daff51d8462dda073b5eb41ae7b0e984') in 0.0338316 seconds
Number of updated asset objects reloaded before import = 0Number of asset objects unloaded after import = 2

========================================================================
Received Import Request.
  Time since last request: 1.379118 seconds.
  path: Assets/Часы/7/Materials/R_f2eba54a6b994d898d2512a7a1090fb6_mat_clock_opacity.mat
  artifactKey: Guid(7ece01460669984478185d481632d580) Importer(2089858483,192608db42251d675da83286b1cce702)
Start importing Assets/Часы/7/Materials/R_f2eba54a6b994d898d2512a7a1090fb6_mat_clock_opacity.mat using Guid(7ece01460669984478185d481632d580) Importer(2089858483,192608db42251d675da83286b1cce702) (ScriptedImporter) -> (artifact id: '9c8fec90d306bb8c6c5e0d2c0e166b95') in 0.0310204 seconds
Number of updated asset objects reloaded before import = 0Number of asset objects unloaded after import = 2

========================================================================
Received Import Request.
  Time since last request: 22.172057 seconds.
  path: Assets/Часы/8/A_7b7d6a54086d4a67812642b9a3688e58_Keys_and_Presses_Mat_Metallic.png
  artifactKey: Guid(14c59fdfa95347b40917149fdaf0b217) Importer(815301076,1909f56bfc062723c751e8b465ee728b)
Start importing Assets/Часы/8/A_7b7d6a54086d4a67812642b9a3688e58_Keys_and_Presses_Mat_Metallic.png using Guid(14c59fdfa95347b40917149fdaf0b217) Importer(815301076,1909f56bfc062723c751e8b465ee728b) (PreviewImporter) -> (artifact id: 'c90f31409fbedc72079d66ab54ca335b') in 0.0256932 seconds
Number of updated asset objects reloaded before import = 0Number of asset objects unloaded after import = 2

========================================================================
Received Import Request.
  Time since last request: 0.000023 seconds.
  path: Assets/Часы/8/N_56fd529939d346c38653b18a2f426a2a_Top_Typewriter_Mat_Normal_DirectX.png
  artifactKey: Guid(8173932b95a8654458b39955d687b460) Importer(815301076,1909f56bfc062723c751e8b465ee728b)
Start importing Assets/Часы/8/N_56fd529939d346c38653b18a2f426a2a_Top_Typewriter_Mat_Normal_DirectX.png using Guid(8173932b95a8654458b39955d687b460) Importer(815301076,1909f56bfc062723c751e8b465ee728b) (PreviewImporter) -> (artifact id: 'd9eff17cea699bdb9971d9c00bc5f2d4') in 0.0264029 seconds
Number of updated asset objects reloaded before import = 0Number of asset objects unloaded after import = 2

========================================================================
Received Import Request.
  Time since last request: 0.000018 seconds.
  path: Assets/Часы/8/R_3b5a1c2dd1b444f2a52e6338b50402ec_Top_Typewriter_Mat_Metallic.png
  artifactKey: Guid(fb723e16b759c2249bb0d1789c8cd4b9) Importer(815301076,1909f56bfc062723c751e8b465ee728b)
Start importing Assets/Часы/8/R_3b5a1c2dd1b444f2a52e6338b50402ec_Top_Typewriter_Mat_Metallic.png using Guid(fb723e16b759c2249bb0d1789c8cd4b9) Importer(815301076,1909f56bfc062723c751e8b465ee728b) (PreviewImporter) -> (artifact id: '6d73e24b50eaea409761c61ff8ca9e47') in 0.0222855 seconds
Number of updated asset objects reloaded before import = 0Number of asset objects unloaded after import = 2

========================================================================
Received Import Request.
  Time since last request: 0.000019 seconds.
  path: Assets/Часы/8/R_242a7236545f4860b5952295626eb645_Top_Typewriter_Mat_Mixed_AO.png
  artifactKey: Guid(8c97a63e7890b0542a74c1f373eff2ce) Importer(815301076,1909f56bfc062723c751e8b465ee728b)
Start importing Assets/Часы/8/R_242a7236545f4860b5952295626eb645_Top_Typewriter_Mat_Mixed_AO.png using Guid(8c97a63e7890b0542a74c1f373eff2ce) Importer(815301076,1909f56bfc062723c751e8b465ee728b) (PreviewImporter) -> (artifact id: '3330b94c3135adf60b834f41a2381a5b') in 0.0242217 seconds
Number of updated asset objects reloaded before import = 0Number of asset objects unloaded after import = 2

========================================================================
Received Import Request.
  Time since last request: 0.000028 seconds.
  path: Assets/Часы/8/R_aaf42fe39c454d8c99f518f1c502267e_Ink_Mat_Mixed_AO.png
  artifactKey: Guid(8b3f3b61ba554364fa18551d5a8aa87b) Importer(815301076,1909f56bfc062723c751e8b465ee728b)
Start importing Assets/Часы/8/R_aaf42fe39c454d8c99f518f1c502267e_Ink_Mat_Mixed_AO.png using Guid(8b3f3b61ba554364fa18551d5a8aa87b) Importer(815301076,1909f56bfc062723c751e8b465ee728b) (PreviewImporter) -> (artifact id: 'ac8ddc18e3a721792de9572e56cda258') in 0.0233356 seconds
Number of updated asset objects reloaded before import = 0Number of asset objects unloaded after import = 2

========================================================================
Received Import Request.
  Time since last request: 0.000016 seconds.
  path: Assets/Часы/8/RGB_32181cb74da9433b9293757cd6732653_Main_Body_Mat_Base_Color.png
  artifactKey: Guid(1131c24041194af4fa6ecbfec01d6d1e) Importer(815301076,1909f56bfc062723c751e8b465ee728b)
Start importing Assets/Часы/8/RGB_32181cb74da9433b9293757cd6732653_Main_Body_Mat_Base_Color.png using Guid(1131c24041194af4fa6ecbfec01d6d1e) Importer(815301076,1909f56bfc062723c751e8b465ee728b) (PreviewImporter) -> (artifact id: '95886550ea25dda193bb466e292806f0') in 0.0277833 seconds
Number of updated asset objects reloaded before import = 0Number of asset objects unloaded after import = 2

========================================================================
Received Import Request.
  Time since last request: 0.000040 seconds.
  path: Assets/Часы/8/R_aa128e4bcfef4b6fa4db31893ef8fece_Main_Body_Mat_Metallic.png
  artifactKey: Guid(297e7b2d76799cd41905ec50a39edaa5) Importer(815301076,1909f56bfc062723c751e8b465ee728b)
Start importing Assets/Часы/8/R_aa128e4bcfef4b6fa4db31893ef8fece_Main_Body_Mat_Metallic.png using Guid(297e7b2d76799cd41905ec50a39edaa5) Importer(815301076,1909f56bfc062723c751e8b465ee728b) (PreviewImporter) -> (artifact id: '6e4ea5183e81d8b347d0d2309cf29678') in 0.027572 seconds
Number of updated asset objects reloaded before import = 0Number of asset objects unloaded after import = 2

========================================================================
Received Import Request.
  Time since last request: 0.000107 seconds.
  path: Assets/Часы/8/R_1226c6794f944e29aaaa980c18d5680d_Ink_Mat_Roughness.png
  artifactKey: Guid(e3cc82b93e43cb54fb387c0478793e7a) Importer(815301076,1909f56bfc062723c751e8b465ee728b)
Start importing Assets/Часы/8/R_1226c6794f944e29aaaa980c18d5680d_Ink_Mat_Roughness.png using Guid(e3cc82b93e43cb54fb387c0478793e7a) Importer(815301076,1909f56bfc062723c751e8b465ee728b) (PreviewImporter) -> (artifact id: '7cdada574dfc3b76ef557c071d71781d') in 0.026557 seconds
Number of updated asset objects reloaded before import = 0Number of asset objects unloaded after import = 2

========================================================================
Received Import Request.
  Time since last request: 15.308563 seconds.
  path: Assets/Часы/8/Materials
  artifactKey: Guid(1337977a42bc8ec4b9b3b8efbbfd7ee8) Importer(2089858483,192608db42251d675da83286b1cce702)
Start importing Assets/Часы/8/Materials using Guid(1337977a42bc8ec4b9b3b8efbbfd7ee8) Importer(2089858483,192608db42251d675da83286b1cce702) (ScriptedImporter) -> (artifact id: '6afc93e36dd38afbcb050b5d4efa9b7b') in 0.0243945 seconds
Number of updated asset objects reloaded before import = 0Number of asset objects unloaded after import = 1

========================================================================
Received Import Request.
  Time since last request: 2.198133 seconds.
  path: Assets/Часы/8/Materials/RGB_32181cb74da9433b9293757cd6732653_Main_Body_Mat_Base_Color.mat
  artifactKey: Guid(a8709b0141b03ab4682caf239f066be8) Importer(2089858483,192608db42251d675da83286b1cce702)
Start importing Assets/Часы/8/Materials/RGB_32181cb74da9433b9293757cd6732653_Main_Body_Mat_Base_Color.mat using Guid(a8709b0141b03ab4682caf239f066be8) Importer(2089858483,192608db42251d675da83286b1cce702) (ScriptedImporter) -> (artifact id: '0612a90ee3137a5255e07b10a31f32d9') in 0.0210641 seconds
Number of updated asset objects reloaded before import = 0Number of asset objects unloaded after import = 2

========================================================================
Received Import Request.
  Time since last request: 2.026799 seconds.
  path: Assets/Часы/8/Materials/RGB_44d6a81e23304265b1b014a75777c610_Top_Typewriter_Mat_Base_Color.mat
  artifactKey: Guid(f678169ddaf053344ab6625ef9f0adb7) Importer(2089858483,192608db42251d675da83286b1cce702)
Start importing Assets/Часы/8/Materials/RGB_44d6a81e23304265b1b014a75777c610_Top_Typewriter_Mat_Base_Color.mat using Guid(f678169ddaf053344ab6625ef9f0adb7) Importer(2089858483,192608db42251d675da83286b1cce702) (ScriptedImporter) -> (artifact id: '92277ebd24c6a317374d86fdd83b8d17') in 0.0302517 seconds
Number of updated asset objects reloaded before import = 0Number of asset objects unloaded after import = 2

========================================================================
Received Import Request.
  Time since last request: 332.896539 seconds.
  path: Assets/Часы/9/N_77d7b68e62fa49338ec1c26b3a4d8382_Clock_Normal.png
  artifactKey: Guid(f420e7cc00496c1439723fa8850360bc) Importer(815301076,1909f56bfc062723c751e8b465ee728b)
Start importing Assets/Часы/9/N_77d7b68e62fa49338ec1c26b3a4d8382_Clock_Normal.png using Guid(f420e7cc00496c1439723fa8850360bc) Importer(815301076,1909f56bfc062723c751e8b465ee728b) (PreviewImporter) -> (artifact id: '3c3ee8b893d8680e8919d280166f1faa') in 0.0324983 seconds
Number of updated asset objects reloaded before import = 0Number of asset objects unloaded after import = 2

========================================================================
Received Import Request.
  Time since last request: 0.000041 seconds.
  path: Assets/Часы/9/R_442af0f7587b4f62b2e978ab084b896c_Clock_AO.png
  artifactKey: Guid(95dd354359efe4641be164d83e80552c) Importer(815301076,1909f56bfc062723c751e8b465ee728b)
Start importing Assets/Часы/9/R_442af0f7587b4f62b2e978ab084b896c_Clock_AO.png using Guid(95dd354359efe4641be164d83e80552c) Importer(815301076,1909f56bfc062723c751e8b465ee728b) (PreviewImporter) -> (artifact id: '00308f58ce0c13d302241e838c3c5976') in 0.0420346 seconds
Number of updated asset objects reloaded before import = 0Number of asset objects unloaded after import = 2

========================================================================
Received Import Request.
  Time since last request: 0.000024 seconds.
  path: Assets/Часы/9/RGB_072f975a132749e8b16e0579f1ca7ab8_Clock_BaseColor.png
  artifactKey: Guid(9be24cebe3d290d4aa8a5a2eccbf3379) Importer(815301076,1909f56bfc062723c751e8b465ee728b)
Start importing Assets/Часы/9/RGB_072f975a132749e8b16e0579f1ca7ab8_Clock_BaseColor.png using Guid(9be24cebe3d290d4aa8a5a2eccbf3379) Importer(815301076,1909f56bfc062723c751e8b465ee728b) (PreviewImporter) -> (artifact id: '7765d45963d6d88de7cca291ec8aa33d') in 0.0377072 seconds
Number of updated asset objects reloaded before import = 0Number of asset objects unloaded after import = 2

========================================================================
Received Import Request.
  Time since last request: 22.940353 seconds.
  path: Assets/Часы/10/A_69ee47ff2112430bb9bcfd3b6278d7c5_cuckoo_clock_albedo.png
  artifactKey: Guid(55cf779119ec1924aaa22bfadfaa5d3a) Importer(815301076,1909f56bfc062723c751e8b465ee728b)
Start importing Assets/Часы/10/A_69ee47ff2112430bb9bcfd3b6278d7c5_cuckoo_clock_albedo.png using Guid(55cf779119ec1924aaa22bfadfaa5d3a) Importer(815301076,1909f56bfc062723c751e8b465ee728b) (PreviewImporter) -> (artifact id: '18c96a8d9a92e47a801eac8c5ee06ff4') in 0.0245988 seconds
Number of updated asset objects reloaded before import = 0Number of asset objects unloaded after import = 2

========================================================================
Received Import Request.
  Time since last request: 0.000021 seconds.
  path: Assets/Часы/10/RGB_92bf49b1285d4a5fbad71aceabd4cc20_cuckoo_clock_specular.png
  artifactKey: Guid(09d27ccb5ab1f0243a18fb5a4bd1a243) Importer(815301076,1909f56bfc062723c751e8b465ee728b)
Start importing Assets/Часы/10/RGB_92bf49b1285d4a5fbad71aceabd4cc20_cuckoo_clock_specular.png using Guid(09d27ccb5ab1f0243a18fb5a4bd1a243) Importer(815301076,1909f56bfc062723c751e8b465ee728b) (PreviewImporter) -> (artifact id: '55f8b83f0d4a3a4978d344b27dbb8474') in 0.0237182 seconds
Number of updated asset objects reloaded before import = 0Number of asset objects unloaded after import = 2

========================================================================
Received Import Request.
  Time since last request: 0.000020 seconds.
  path: Assets/Часы/10/thumbnail.jpg
  artifactKey: Guid(e95d302c811873e4282665c756cd26f1) Importer(815301076,1909f56bfc062723c751e8b465ee728b)
Start importing Assets/Часы/10/thumbnail.jpg using Guid(e95d302c811873e4282665c756cd26f1) Importer(815301076,1909f56bfc062723c751e8b465ee728b) (PreviewImporter) -> (artifact id: '38221cd0743ebc78b66da819276f40dc') in 0.022708 seconds
Number of updated asset objects reloaded before import = 0Number of asset objects unloaded after import = 2

========================================================================
Received Import Request.
  Time since last request: 15.003325 seconds.
  path: Assets/Часы/10/Materials
  artifactKey: Guid(aba734fe631b96b41b5d56a85f1ff664) Importer(2089858483,192608db42251d675da83286b1cce702)
Start importing Assets/Часы/10/Materials using Guid(aba734fe631b96b41b5d56a85f1ff664) Importer(2089858483,192608db42251d675da83286b1cce702) (ScriptedImporter) -> (artifact id: '6e8876b52c1b632eba51d916d3bf21d4') in 0.0426868 seconds
Number of updated asset objects reloaded before import = 0Number of asset objects unloaded after import = 1

========================================================================
Received Import Request.
  Time since last request: 4.969414 seconds.
  path: Assets/Часы/10/Materials/RGB_92bf49b1285d4a5fbad71aceabd4cc20_cuckoo_clock_specular.mat
  artifactKey: Guid(9c7a9ec9ff22e25408c5ebbab2876c33) Importer(2089858483,192608db42251d675da83286b1cce702)
Start importing Assets/Часы/10/Materials/RGB_92bf49b1285d4a5fbad71aceabd4cc20_cuckoo_clock_specular.mat using Guid(9c7a9ec9ff22e25408c5ebbab2876c33) Importer(2089858483,192608db42251d675da83286b1cce702) (ScriptedImporter) -> (artifact id: '269a52b67784ee727a3b6260ef587c88') in 0.0254606 seconds
Number of updated asset objects reloaded before import = 0Number of asset objects unloaded after import = 2

========================================================================
Received Import Request.
  Time since last request: 61.069429 seconds.
  path: Assets/Часы/11/A_08221c09298f4b16aa74350327f8cd1a_NixieMat_Diffuse_Op.tga.png
  artifactKey: Guid(23e0454a8b2e52e468cf94d9b5d1d0e9) Importer(815301076,1909f56bfc062723c751e8b465ee728b)
Start importing Assets/Часы/11/A_08221c09298f4b16aa74350327f8cd1a_NixieMat_Diffuse_Op.tga.png using Guid(23e0454a8b2e52e468cf94d9b5d1d0e9) Importer(815301076,1909f56bfc062723c751e8b465ee728b) (PreviewImporter) -> (artifact id: 'acf363e900843b4ce26ed9d9d6c2cbd2') in 0.0277821 seconds
Number of updated asset objects reloaded before import = 0Number of asset objects unloaded after import = 2

========================================================================
Received Import Request.
  Time since last request: 0.002557 seconds.
  path: Assets/Часы/11/R_53827d60934443ca9ff9a6b18e4456b7_NixieMat_Mixed_AO.png
  artifactKey: Guid(4fbb27be9c5bce24484372a2b0263675) Importer(815301076,1909f56bfc062723c751e8b465ee728b)
Start importing Assets/Часы/11/R_53827d60934443ca9ff9a6b18e4456b7_NixieMat_Mixed_AO.png using Guid(4fbb27be9c5bce24484372a2b0263675) Importer(815301076,1909f56bfc062723c751e8b465ee728b) (PreviewImporter) -> (artifact id: '87099538f83be204e4f4d5cb5ae5ad78') in 0.0290301 seconds
Number of updated asset objects reloaded before import = 0Number of asset objects unloaded after import = 2

========================================================================
Received Import Request.
  Time since last request: 0.000024 seconds.
  path: Assets/Часы/11/R_aa784b65233a4684b4b48ab11020464d_NixieMat_Roughness.png
  artifactKey: Guid(ec4e63ccd8a9f2941a2115af5b0ef926) Importer(815301076,1909f56bfc062723c751e8b465ee728b)
Start importing Assets/Часы/11/R_aa784b65233a4684b4b48ab11020464d_NixieMat_Roughness.png using Guid(ec4e63ccd8a9f2941a2115af5b0ef926) Importer(815301076,1909f56bfc062723c751e8b465ee728b) (PreviewImporter) -> (artifact id: 'ac779af93ab2b534446d693f5ef149e0') in 0.021632 seconds
Number of updated asset objects reloaded before import = 0Number of asset objects unloaded after import = 2

========================================================================
Received Import Request.
  Time since last request: 0.000025 seconds.
  path: Assets/Часы/11/RGB_89e06ddab0d14ac7a7be86ca51cb5b5f_NixieMat_Emissive2.png
  artifactKey: Guid(54105419d17947547893ddc365fbb649) Importer(815301076,1909f56bfc062723c751e8b465ee728b)
Start importing Assets/Часы/11/RGB_89e06ddab0d14ac7a7be86ca51cb5b5f_NixieMat_Emissive2.png using Guid(54105419d17947547893ddc365fbb649) Importer(815301076,1909f56bfc062723c751e8b465ee728b) (PreviewImporter) -> (artifact id: '64213fe9450a6060f8ce6697bd1d50da') in 0.0210031 seconds
Number of updated asset objects reloaded before import = 0Number of asset objects unloaded after import = 2

========================================================================
Received Import Request.
  Time since last request: 0.000022 seconds.
  path: Assets/Часы/11/RGB_60fa71a5840e467c98a4a3c2ba1e992b_NixieMat_Base_color.png
  artifactKey: Guid(630644e892a8ea44598cdd91d3430268) Importer(815301076,1909f56bfc062723c751e8b465ee728b)
Start importing Assets/Часы/11/RGB_60fa71a5840e467c98a4a3c2ba1e992b_NixieMat_Base_color.png using Guid(630644e892a8ea44598cdd91d3430268) Importer(815301076,1909f56bfc062723c751e8b465ee728b) (PreviewImporter) -> (artifact id: '362ff3e41e6393a231abbadd388b8ae8') in 0.0308438 seconds
Number of updated asset objects reloaded before import = 0Number of asset objects unloaded after import = 2

========================================================================
Received Import Request.
  Time since last request: 17.947602 seconds.
  path: Assets/Часы/11/Materials
  artifactKey: Guid(e6303a9224261354bb31931911009512) Importer(2089858483,192608db42251d675da83286b1cce702)
Start importing Assets/Часы/11/Materials using Guid(e6303a9224261354bb31931911009512) Importer(2089858483,192608db42251d675da83286b1cce702) (ScriptedImporter) -> (artifact id: 'd5a736309f472498e3eb9e2af836f4e8') in 0.0292721 seconds
Number of updated asset objects reloaded before import = 0Number of asset objects unloaded after import = 1

========================================================================
Received Import Request.
  Time since last request: 2.233293 seconds.
  path: Assets/Часы/11/Materials/RGB_89e06ddab0d14ac7a7be86ca51cb5b5f_NixieMat_Emissive2.mat
  artifactKey: Guid(6e8083c768d22514083b7e465d41db3e) Importer(2089858483,192608db42251d675da83286b1cce702)
Start importing Assets/Часы/11/Materials/RGB_89e06ddab0d14ac7a7be86ca51cb5b5f_NixieMat_Emissive2.mat using Guid(6e8083c768d22514083b7e465d41db3e) Importer(2089858483,192608db42251d675da83286b1cce702) (ScriptedImporter) -> (artifact id: 'd506389d3d30acacf330eeef96f5572c') in 0.0268611 seconds
Number of updated asset objects reloaded before import = 0Number of asset objects unloaded after import = 2

========================================================================
Received Import Request.
  Time since last request: 10.701305 seconds.
  path: Assets/Часы/11/Materials/RGB_7f4effde61414cefb539a6297eac2582_NixieMat_Diffuse_Op.tga.mat
  artifactKey: Guid(f0ca0eb70e7e2e541a1b32936e25d0c6) Importer(2089858483,192608db42251d675da83286b1cce702)
Start importing Assets/Часы/11/Materials/RGB_7f4effde61414cefb539a6297eac2582_NixieMat_Diffuse_Op.tga.mat using Guid(f0ca0eb70e7e2e541a1b32936e25d0c6) Importer(2089858483,192608db42251d675da83286b1cce702) (ScriptedImporter) -> (artifact id: 'd6e4418ebe8685390e115dfbd45ef7ad') in 0.0325976 seconds
Number of updated asset objects reloaded before import = 0Number of asset objects unloaded after import = 2

========================================================================
Received Import Request.
  Time since last request: 87.542151 seconds.
  path: Assets/Часы/12/A_56ed48380c414605b0f2aaa6f3ef0fad_watchbraceletbox01_glass_Mat_Refraction.png
  artifactKey: Guid(43db8ae75ed3bb246b664057b7bac9ad) Importer(815301076,1909f56bfc062723c751e8b465ee728b)
Start importing Assets/Часы/12/A_56ed48380c414605b0f2aaa6f3ef0fad_watchbraceletbox01_glass_Mat_Refraction.png using Guid(43db8ae75ed3bb246b664057b7bac9ad) Importer(815301076,1909f56bfc062723c751e8b465ee728b) (PreviewImporter) -> (artifact id: 'e5fa51f0d7498aaaf3eb61b67cbb29d7') in 0.032345 seconds
Number of updated asset objects reloaded before import = 0Number of asset objects unloaded after import = 2

========================================================================
Received Import Request.
  Time since last request: 0.000053 seconds.
  path: Assets/Часы/12/N_9a391af1d3ab4acaaddb6504c21948cf_watchbraceletbox01_bracelet_Mat_Normal.png
  artifactKey: Guid(b0aa1f14132580147be45f14558a7ab1) Importer(815301076,1909f56bfc062723c751e8b465ee728b)
Start importing Assets/Часы/12/N_9a391af1d3ab4acaaddb6504c21948cf_watchbraceletbox01_bracelet_Mat_Normal.png using Guid(b0aa1f14132580147be45f14558a7ab1) Importer(815301076,1909f56bfc062723c751e8b465ee728b) (PreviewImporter) -> (artifact id: '2e9c035e25afa8548462b464b89a0146') in 0.00935 seconds
Number of updated asset objects reloaded before import = 0Number of asset objects unloaded after import = 2

========================================================================
Received Import Request.
  Time since last request: 0.000026 seconds.
  path: Assets/Часы/12/N_1076361b38cc4cb199a2e3f1022b47fe_watchbraceletbox01_pillow_Mat_Normal.png
  artifactKey: Guid(57b2ae8947ca11c4985ecd3e3ec36fb8) Importer(815301076,1909f56bfc062723c751e8b465ee728b)
Start importing Assets/Часы/12/N_1076361b38cc4cb199a2e3f1022b47fe_watchbraceletbox01_pillow_Mat_Normal.png using Guid(57b2ae8947ca11c4985ecd3e3ec36fb8) Importer(815301076,1909f56bfc062723c751e8b465ee728b) (PreviewImporter) -> (artifact id: 'c009e547508f3404aa2ec39606a1c881') in 0.0277348 seconds
Number of updated asset objects reloaded before import = 0Number of asset objects unloaded after import = 2

========================================================================
Received Import Request.
  Time since last request: 0.000022 seconds.
  path: Assets/Часы/12/R_0d0eca0e93ff49fe891776d948cd9654_watchbraceletbox01_box_Mat_Glossiness.png
  artifactKey: Guid(a9ba99f685bc8e1488e30c8242a52819) Importer(815301076,1909f56bfc062723c751e8b465ee728b)
Start importing Assets/Часы/12/R_0d0eca0e93ff49fe891776d948cd9654_watchbraceletbox01_box_Mat_Glossiness.png using Guid(a9ba99f685bc8e1488e30c8242a52819) Importer(815301076,1909f56bfc062723c751e8b465ee728b) (PreviewImporter) -> (artifact id: '1ff5127da74041de110eb231bc3f15be') in 0.0262366 seconds
Number of updated asset objects reloaded before import = 0Number of asset objects unloaded after import = 2

========================================================================
Received Import Request.
  Time since last request: 0.000022 seconds.
  path: Assets/Часы/12/R_b0bf6ac6f5bd41a6981e08fa54abde70_watchbraceletbox01_body_Mat_Glossiness.png
  artifactKey: Guid(71333c4e511622e438b1253638098e49) Importer(815301076,1909f56bfc062723c751e8b465ee728b)
Start importing Assets/Часы/12/R_b0bf6ac6f5bd41a6981e08fa54abde70_watchbraceletbox01_body_Mat_Glossiness.png using Guid(71333c4e511622e438b1253638098e49) Importer(815301076,1909f56bfc062723c751e8b465ee728b) (PreviewImporter) -> (artifact id: 'cc4ffc9f74681513e719f82aa91e2bd8') in 0.0231885 seconds
Number of updated asset objects reloaded before import = 0Number of asset objects unloaded after import = 2

========================================================================
Received Import Request.
  Time since last request: 0.000043 seconds.
  path: Assets/Часы/12/RGB_65a2a751d4ed40b9a948b30e36db6891_watchbraceletbox01_metal_Mat_Diffuse.png
  artifactKey: Guid(ab190e2536a7854498fa4cccc64ee460) Importer(815301076,1909f56bfc062723c751e8b465ee728b)
Start importing Assets/Часы/12/RGB_65a2a751d4ed40b9a948b30e36db6891_watchbraceletbox01_metal_Mat_Diffuse.png using Guid(ab190e2536a7854498fa4cccc64ee460) Importer(815301076,1909f56bfc062723c751e8b465ee728b) (PreviewImporter) -> (artifact id: '7d6cd8c4c878a8070bc8ca876e0bae08') in 0.027186 seconds
Number of updated asset objects reloaded before import = 0Number of asset objects unloaded after import = 2

========================================================================
Received Import Request.
  Time since last request: 0.000024 seconds.
  path: Assets/Часы/12/RGB_c6017821cd464d61a25e6aa5a2b8eb4a_watchbraceletbox01_glass_Mat_Diffuse.png
  artifactKey: Guid(0ca4d846e1cc573408d3aa02f111c20f) Importer(815301076,1909f56bfc062723c751e8b465ee728b)
Start importing Assets/Часы/12/RGB_c6017821cd464d61a25e6aa5a2b8eb4a_watchbraceletbox01_glass_Mat_Diffuse.png using Guid(0ca4d846e1cc573408d3aa02f111c20f) Importer(815301076,1909f56bfc062723c751e8b465ee728b) (PreviewImporter) -> (artifact id: 'ada444d071b9d6d9d95770a7fb5c0e27') in 0.0065002 seconds
Number of updated asset objects reloaded before import = 0Number of asset objects unloaded after import = 2

========================================================================
Received Import Request.
  Time since last request: 0.000021 seconds.
  path: Assets/Часы/12/RGB_fbdec774735e428694a2641326249031_watchbraceletbox01_body_Mat_Diffuse.png
  artifactKey: Guid(9b5f5597e127e9e468f6cb948b7d826b) Importer(815301076,1909f56bfc062723c751e8b465ee728b)
Start importing Assets/Часы/12/RGB_fbdec774735e428694a2641326249031_watchbraceletbox01_body_Mat_Diffuse.png using Guid(9b5f5597e127e9e468f6cb948b7d826b) Importer(815301076,1909f56bfc062723c751e8b465ee728b) (PreviewImporter) -> (artifact id: 'e959734dda18f14799f76553e8335eb9') in 0.0313974 seconds
Number of updated asset objects reloaded before import = 0Number of asset objects unloaded after import = 2

========================================================================
Received Import Request.
  Time since last request: 0.000022 seconds.
  path: Assets/Часы/12/RGB_f80052ec3b1b438da9156f40a6d61eaf_watchbraceletbox01_box_Mat_Specular.png
  artifactKey: Guid(9b1e1fa0c7b70c343a290f51f6c19649) Importer(815301076,1909f56bfc062723c751e8b465ee728b)
Start importing Assets/Часы/12/RGB_f80052ec3b1b438da9156f40a6d61eaf_watchbraceletbox01_box_Mat_Specular.png using Guid(9b1e1fa0c7b70c343a290f51f6c19649) Importer(815301076,1909f56bfc062723c751e8b465ee728b) (PreviewImporter) -> (artifact id: 'c177dd658bce655e5f8f8beebb4f2d5f') in 0.0108693 seconds
Number of updated asset objects reloaded before import = 0Number of asset objects unloaded after import = 2

========================================================================
Received Import Request.
  Time since last request: 0.000020 seconds.
  path: Assets/Часы/12/RGB_3b5abdda99ce448382c3426768f92c25_watchbraceletbox01_metal_Mat_Specular.png
  artifactKey: Guid(27c4dd985794c674cacc9264adf4c082) Importer(815301076,1909f56bfc062723c751e8b465ee728b)
Start importing Assets/Часы/12/RGB_3b5abdda99ce448382c3426768f92c25_watchbraceletbox01_metal_Mat_Specular.png using Guid(27c4dd985794c674cacc9264adf4c082) Importer(815301076,1909f56bfc062723c751e8b465ee728b) (PreviewImporter) -> (artifact id: '074349129584bb2e1b3aa070842a6633') in 0.0222115 seconds
Number of updated asset objects reloaded before import = 0Number of asset objects unloaded after import = 2

========================================================================
Received Import Request.
  Time since last request: 0.000023 seconds.
  path: Assets/Часы/12/thumbnail.jpg
  artifactKey: Guid(6277534f264586345b3be215f482f7ce) Importer(815301076,1909f56bfc062723c751e8b465ee728b)
Start importing Assets/Часы/12/thumbnail.jpg using Guid(6277534f264586345b3be215f482f7ce) Importer(815301076,1909f56bfc062723c751e8b465ee728b) (PreviewImporter) -> (artifact id: '66928ee6e53cf739d14c81df3d485809') in 0.0233057 seconds
Number of updated asset objects reloaded before import = 0Number of asset objects unloaded after import = 2

========================================================================
Received Import Request.
  Time since last request: 0.000019 seconds.
  path: Assets/Часы/12/RGB_39dc74af8f07479f95860e531758af6e_watchbraceletbox01_box_Mat_Diffuse.png
  artifactKey: Guid(4ee3ead730bb43e47a3215dd1fc94e4e) Importer(815301076,1909f56bfc062723c751e8b465ee728b)
Start importing Assets/Часы/12/RGB_39dc74af8f07479f95860e531758af6e_watchbraceletbox01_box_Mat_Diffuse.png using Guid(4ee3ead730bb43e47a3215dd1fc94e4e) Importer(815301076,1909f56bfc062723c751e8b465ee728b) (PreviewImporter) -> (artifact id: '6ad6855833ce7fbf04983e1abb7b2aa8') in 0.0260538 seconds
Number of updated asset objects reloaded before import = 0Number of asset objects unloaded after import = 2

========================================================================
Received Import Request.
  Time since last request: 0.000021 seconds.
  path: Assets/Часы/12/RGB_85458dcdef2e4f1e830a9033b9cd9e58_watchbraceletbox01_bracelet_Mat_Diffuse.png
  artifactKey: Guid(b234d9f7ac69ed14c82898904ab1f905) Importer(815301076,1909f56bfc062723c751e8b465ee728b)
Start importing Assets/Часы/12/RGB_85458dcdef2e4f1e830a9033b9cd9e58_watchbraceletbox01_bracelet_Mat_Diffuse.png using Guid(b234d9f7ac69ed14c82898904ab1f905) Importer(815301076,1909f56bfc062723c751e8b465ee728b) (PreviewImporter) -> (artifact id: '35c70eae2aca9cb0d11953b61aa4ae54') in 0.0075759 seconds
Number of updated asset objects reloaded before import = 0Number of asset objects unloaded after import = 2

========================================================================
Received Import Request.
  Time since last request: 12.115285 seconds.
  path: Assets/Часы/12/Materials
  artifactKey: Guid(f7a3478fe9c3ec546af9304ef7a5e054) Importer(2089858483,192608db42251d675da83286b1cce702)
Start importing Assets/Часы/12/Materials using Guid(f7a3478fe9c3ec546af9304ef7a5e054) Importer(2089858483,192608db42251d675da83286b1cce702) (ScriptedImporter) -> (artifact id: 'b744412a6f05f081c62454453b1d8e94') in 0.0278121 seconds
Number of updated asset objects reloaded before import = 0Number of asset objects unloaded after import = 1

========================================================================
Received Import Request.
  Time since last request: 13.512254 seconds.
  path: Assets/Часы/12/Materials/RGB_fbdec774735e428694a2641326249031_watchbraceletbox01_body_Mat_Diffuse.mat
  artifactKey: Guid(ea7d5dfa3b0d8f64a83714308fec3f82) Importer(2089858483,192608db42251d675da83286b1cce702)
Start importing Assets/Часы/12/Materials/RGB_fbdec774735e428694a2641326249031_watchbraceletbox01_body_Mat_Diffuse.mat using Guid(ea7d5dfa3b0d8f64a83714308fec3f82) Importer(2089858483,192608db42251d675da83286b1cce702) (ScriptedImporter) -> (artifact id: 'a02d3b657d70942953624970c9228c37') in 0.0284277 seconds
Number of updated asset objects reloaded before import = 0Number of asset objects unloaded after import = 2

========================================================================
Received Import Request.
  Time since last request: 21.923923 seconds.
  path: Assets/Часы/12/Materials/RGB_e754eec722f140b1ae9ff397dea4e786_watchbraceletbox01_glass_Mat_Specular.mat
  artifactKey: Guid(91e351c07b37b924889503da38984d5e) Importer(2089858483,192608db42251d675da83286b1cce702)
Start importing Assets/Часы/12/Materials/RGB_e754eec722f140b1ae9ff397dea4e786_watchbraceletbox01_glass_Mat_Specular.mat using Guid(91e351c07b37b924889503da38984d5e) Importer(2089858483,192608db42251d675da83286b1cce702) (ScriptedImporter) -> (artifact id: 'e89cc238e20d3e8d01bc6989387a0093') in 0.0293208 seconds
Number of updated asset objects reloaded before import = 0Number of asset objects unloaded after import = 2

========================================================================
Received Import Request.
  Time since last request: 77.901451 seconds.
  path: Assets/Часы/13/N_8bb9998ed3e74e9f83d3683a54fd6b17_Watch_Normal.png
  artifactKey: Guid(5108fe8385da637479daacd12772a29b) Importer(815301076,1909f56bfc062723c751e8b465ee728b)
Start importing Assets/Часы/13/N_8bb9998ed3e74e9f83d3683a54fd6b17_Watch_Normal.png using Guid(5108fe8385da637479daacd12772a29b) Importer(815301076,1909f56bfc062723c751e8b465ee728b) (PreviewImporter) -> (artifact id: '032f44029bd7eae5f62fc6b37cdc4f9f') in 0.028293 seconds
Number of updated asset objects reloaded before import = 0Number of asset objects unloaded after import = 2

========================================================================
Received Import Request.
  Time since last request: 0.005339 seconds.
  path: Assets/Часы/13/R_e2632c9222ec4b68864423fa015137e1_Watch_AO_03.png
  artifactKey: Guid(a3e64057f67f81042b91df5378eebb55) Importer(815301076,1909f56bfc062723c751e8b465ee728b)
Start importing Assets/Часы/13/R_e2632c9222ec4b68864423fa015137e1_Watch_AO_03.png using Guid(a3e64057f67f81042b91df5378eebb55) Importer(815301076,1909f56bfc062723c751e8b465ee728b) (PreviewImporter) -> (artifact id: '20b97db72735b9a6dd278d1f231210ed') in 0.0275965 seconds
Number of updated asset objects reloaded before import = 0Number of asset objects unloaded after import = 2

========================================================================
Received Import Request.
  Time since last request: 0.000026 seconds.
  path: Assets/Часы/13/R_8178d7ddb6414c89b8ee8e0303470395_Watch_Opacity.png
  artifactKey: Guid(979af0d93eea0b647872f4fb2748ce33) Importer(815301076,1909f56bfc062723c751e8b465ee728b)
Start importing Assets/Часы/13/R_8178d7ddb6414c89b8ee8e0303470395_Watch_Opacity.png using Guid(979af0d93eea0b647872f4fb2748ce33) Importer(815301076,1909f56bfc062723c751e8b465ee728b) (PreviewImporter) -> (artifact id: '757cecf6e009a4589a637649d0d1200e') in 0.0249243 seconds
Number of updated asset objects reloaded before import = 0Number of asset objects unloaded after import = 2

========================================================================
Received Import Request.
  Time since last request: 0.000021 seconds.
  path: Assets/Часы/13/thumbnail.jpg
  artifactKey: Guid(45091c7a5b39fdc4d9d240d3162b6ab0) Importer(815301076,1909f56bfc062723c751e8b465ee728b)
Start importing Assets/Часы/13/thumbnail.jpg using Guid(45091c7a5b39fdc4d9d240d3162b6ab0) Importer(815301076,1909f56bfc062723c751e8b465ee728b) (PreviewImporter) -> (artifact id: 'eed45d7633c4771b375422655fbd9de8') in 0.0195251 seconds
Number of updated asset objects reloaded before import = 0Number of asset objects unloaded after import = 2

========================================================================
Received Import Request.
  Time since last request: 11.436854 seconds.
  path: Assets/Часы/14/A_22415a03517840b6ae7fea5060e4665a_watch_Metallic.png
  artifactKey: Guid(5930ea587dcd0b24299413e29f1045dc) Importer(815301076,1909f56bfc062723c751e8b465ee728b)
Start importing Assets/Часы/14/A_22415a03517840b6ae7fea5060e4665a_watch_Metallic.png using Guid(5930ea587dcd0b24299413e29f1045dc) Importer(815301076,1909f56bfc062723c751e8b465ee728b) (PreviewImporter) -> (artifact id: '22f1b9499f4cde2ac0018c1df333f646') in 0.0281291 seconds
Number of updated asset objects reloaded before import = 0Number of asset objects unloaded after import = 2

========================================================================
Received Import Request.
  Time since last request: 0.000022 seconds.
  path: Assets/Часы/14/thumbnail.jpg
  artifactKey: Guid(185b8d414926c454d85f978a528868fd) Importer(815301076,1909f56bfc062723c751e8b465ee728b)
Start importing Assets/Часы/14/thumbnail.jpg using Guid(185b8d414926c454d85f978a528868fd) Importer(815301076,1909f56bfc062723c751e8b465ee728b) (PreviewImporter) -> (artifact id: '09ebee41167619e19fa57cb2a4d2f656') in 0.0260824 seconds
Number of updated asset objects reloaded before import = 0Number of asset objects unloaded after import = 2

Editor requested this worker to shutdown with reason: Scaling down because of idle timeout
AssetImportWorker is now disconnected from the server
Process exiting
Exiting without the bug reporter. Application will terminate with return code 0