[Licensing::Module] Trying to connect to existing licensing client channel...
Built from '6000.2/respin/6000.2.8f1-e4064264ae96' branch; Version is '6000.2.8f1 (c9992ac36c34) revision 13211946'; Using compiler version '194234433'; Build Type 'Release'
[Licensing::IpcConnector] Successfully connected to: "LicenseClient-HOME" at "2025-12-14T12:15:12.523661Z"
OS: 'Windows 11  (10.0.26100) 64bit Professional' Language: 'ru' Physical Memory: 16116 MB
BatchMode: 1, IsHumanControllingUs: 0, StartBugReporterOnCrash: 0, Is64bit: 1
Date: 2025-12-14T12:15:12Z

COMMAND LINE ARGUMENTS:
C:\Program Files\Unity\Hub\Editor\6000.2.8f1\Editor\Unity.exe
-adb2
-batchMode
-noUpm
-name
AssetImportWorker25
-projectPath
C:/Users/HOME/Documents/GitHub/Project1/Valdhés su Villa
-logFile
Logs/AssetImportWorker25.log
-srvPort
55375
-licensingIpc
LicenseClient-HOME
-job-worker-count
5
-background-job-worker-count
8
-gc-helper-count
1
-name
AssetImport
Successfully changed project path to: C:/Users/HOME/Documents/GitHub/Project1/Valdhés su Villa
C:/Users/HOME/Documents/GitHub/Project1/Valdhés su Villa
[UnityMemory] Configuration Parameters - Can be set up in boot.config
    "memorysetup-allocator-temp-initial-block-size-main=262144"
    "memorysetup-allocator-temp-initial-block-size-worker=262144"
    "memorysetup-bucket-allocator-granularity=16"
    "memorysetup-bucket-allocator-bucket-count=8"
    "memorysetup-bucket-allocator-block-size=33554432"
    "memorysetup-bucket-allocator-block-count=8"
    "memorysetup-main-allocator-block-size=16777216"
    "memorysetup-thread-allocator-block-size=16777216"
    "memorysetup-gfx-main-allocator-block-size=16777216"
    "memorysetup-gfx-thread-allocator-block-size=16777216"
    "memorysetup-cache-allocator-block-size=4194304"
    "memorysetup-typetree-allocator-block-size=2097152"
    "memorysetup-profiler-bucket-allocator-granularity=16"
    "memorysetup-profiler-bucket-allocator-bucket-count=8"
    "memorysetup-profiler-bucket-allocator-block-size=33554432"
    "memorysetup-profiler-bucket-allocator-block-count=8"
    "memorysetup-profiler-allocator-block-size=16777216"
    "memorysetup-profiler-editor-allocator-block-size=1048576"
    "memorysetup-temp-allocator-size-main=16777216"
    "memorysetup-job-temp-allocator-block-size=2097152"
    "memorysetup-job-temp-allocator-block-size-background=1048576"
    "memorysetup-job-temp-allocator-reduction-small-platforms=262144"
    "memorysetup-temp-allocator-size-background-worker=32768"
    "memorysetup-temp-allocator-size-job-worker=262144"
    "memorysetup-temp-allocator-size-preload-manager=33554432"
    "memorysetup-temp-allocator-size-nav-mesh-worker=65536"
    "memorysetup-temp-allocator-size-audio-worker=65536"
    "memorysetup-temp-allocator-size-cloud-worker=32768"
    "memorysetup-temp-allocator-size-gi-baking-worker=262144"
    "memorysetup-temp-allocator-size-gi-baking-worker=262144"
    "memorysetup-temp-allocator-size-gi-baking-worker=262144"
    "memorysetup-temp-allocator-size-gi-baking-worker=262144"
    "memorysetup-temp-allocator-size-gi-baking-worker=262144"
    "memorysetup-temp-allocator-size-gfx=262144"
Player connection [20644]  Target information:

Player connection [20644]  * "[IP] 192.168.0.65 [Port] 0 [Flags] 2 [Guid] 4049506721 [EditorId] 4049506721 [Version] 1048832 [Id] WindowsEditor(7,DESKTOP-MOMKQ24) [Debug] 1 [PackageName] WindowsEditor [ProjectName] Editor" 

Player connection [20644] Host joined multi-casting on [225.0.0.222:54997]...
Player connection [20644] Host joined alternative multi-casting on [225.0.0.222:34997]...
JobSystem: Creating JobQueue using job-worker-count value 5
Input System module state changed to: Initialized.
[Physics::Module] Initialized fallback backend.
[Physics::Module] Id: 0xdecafbad
[Licensing::Client] Code 10 while verifying Licensing Client signature (process Id: 2024, path: "C:/юнити/Unity Hub/UnityLicensingClient_V1/Unity.Licensing.Client.exe")
[Licensing::Module] LicensingClient has failed validation; ignoring
[Licensing::Client] Handshaking with LicensingClient:
  Version:                 1.17.3+a4e98f1
  Session Id:              a8a629ddd42844c8909518209135a16a
  Correlation Id:          0a1fab51d25f0c83ef44513c723fc9eb
  External correlation Id: 4890570758428730768
  Machine Id:              p2zqx2RjvcmlaFMCS3B3Azs/qVA=
[Licensing::Module] Successfully connected to LicensingClient on channel: "LicenseClient-HOME" (connect: 0.00s, validation: 0.00s, handshake: 0.04s)
[Licensing::IpcConnector] Successfully connected to: "LicenseClient-HOME-notifications" at "2025-12-14T12:15:12.5692596Z"
[Licensing::Module] Licensing Background thread has ended after 0.05s
Library Redirect Path: Library/
[Physics::Module] Selected backend.
[Physics::Module] Name: PhysX
[Physics::Module] Id: 0xf2b8ea05
[Physics::Module] SDK Version: 4.1.2
[Physics::Module] Integration Version: 1.0.0
[Physics::Module] Threading Mode: Multi-Threaded
Refreshing native plugins compatible for Editor in 0.51 ms, found 0 plugins.
Preloading 0 native plugins for Editor in 0.00 ms.
Initialize engine version: 6000.2.8f1 (c9992ac36c34)
[Subsystems] Discovering subsystems at path C:/Program Files/Unity/Hub/Editor/6000.2.8f1/Editor/Data/Resources/UnitySubsystems
[Subsystems] Discovering subsystems at path C:/Users/HOME/Documents/GitHub/Project1/Valdhés su Villa/Assets
GfxDevice: creating device client; kGfxThreadingModeNonThreaded
Direct3D:
    Version:  Direct3D 11.0 [level 11.1]
    Renderer: NVIDIA GeForce RTX 4050 Laptop GPU (ID=0x28a1)
    Vendor:   NVIDIA
    VRAM:     5921 MB
    Driver:   32.0.15.7283
Initialize mono
Mono path[0] = 'C:/Program Files/Unity/Hub/Editor/6000.2.8f1/Editor/Data/Managed'
Mono path[1] = 'C:/Program Files/Unity/Hub/Editor/6000.2.8f1/Editor/Data/MonoBleedingEdge/lib/mono/unityjit-win32'
Mono config path = 'C:/Program Files/Unity/Hub/Editor/6000.2.8f1/Editor/Data/MonoBleedingEdge/etc'
Using monoOptions --debugger-agent=transport=dt_socket,embedding=1,server=y,suspend=n,address=127.0.0.1:56104
Begin MonoManager ReloadAssembly
Registering precompiled unity dll's ...
Register platform support module: C:/Program Files/Unity/Hub/Editor/6000.2.8f1/Editor/Data/PlaybackEngines/WindowsStandaloneSupport/UnityEditor.WindowsStandalone.Extensions.dll
Registered in 0.001234 seconds.
- Loaded All Assemblies, in  0.295 seconds
Native extension for WindowsStandalone target not found
Mono: successfully reloaded assembly
- Finished resetting the current domain, in  0.286 seconds
Domain Reload Profiling: 581ms
	BeginReloadAssembly (103ms)
		ExecutionOrderSort (0ms)
		DisableScriptedObjects (0ms)
		BackupInstance (0ms)
		ReleaseScriptingObjects (0ms)
		CreateAndSetChildDomain (1ms)
	RebuildCommonClasses (28ms)
	RebuildNativeTypeToScriptingClass (9ms)
	initialDomainReloadingComplete (37ms)
	LoadAllAssembliesAndSetupDomain (118ms)
		LoadAssemblies (101ms)
		RebuildTransferFunctionScriptingTraits (0ms)
		AnalyzeDomain (116ms)
			TypeCache.Refresh (115ms)
				TypeCache.ScanAssembly (104ms)
			BuildScriptInfoCaches (0ms)
			ResolveRequiredComponents (0ms)
	FinalizeReload (287ms)
		ReleaseScriptCaches (0ms)
		RebuildScriptCaches (0ms)
		SetupLoadedEditorAssemblies (244ms)
			LogAssemblyErrors (0ms)
			InitializePlatformSupportModulesInManaged (39ms)
			SetLoadedEditorAssemblies (3ms)
			BeforeProcessingInitializeOnLoad (57ms)
			ProcessInitializeOnLoadAttributes (105ms)
			ProcessInitializeOnLoadMethodAttributes (39ms)
			AfterProcessingInitializeOnLoad (0ms)
			EditorAssembliesLoaded (0ms)
		ExecutionOrderSort2 (0ms)
		AwakeInstancesAfterBackupRestoration (0ms)
========================================================================
Worker process is ready to serve import requests
Import Worker Mode flag is 0x00
Begin MonoManager ReloadAssembly
[Licensing::Client] Successfully resolved entitlement details
[Licensing::Module] License group:
  Id: 10171542316351-UnityPersXXXX
  Product: Unity Personal
  Type: Assigned
  Expiration: Unlimited
- Loaded All Assemblies, in  0.200 seconds
Refreshing native plugins compatible for Editor in 0.36 ms, found 0 plugins.
Native extension for WindowsStandalone target not found
Mono: successfully reloaded assembly
- Finished resetting the current domain, in  0.305 seconds
Domain Reload Profiling: 503ms
	BeginReloadAssembly (141ms)
		ExecutionOrderSort (0ms)
		DisableScriptedObjects (5ms)
		BackupInstance (0ms)
		ReleaseScriptingObjects (0ms)
		CreateAndSetChildDomain (24ms)
	RebuildCommonClasses (27ms)
	RebuildNativeTypeToScriptingClass (9ms)
	initialDomainReloadingComplete (14ms)
	LoadAllAssembliesAndSetupDomain (7ms)
		LoadAssemblies (77ms)
		RebuildTransferFunctionScriptingTraits (0ms)
		AnalyzeDomain (5ms)
			TypeCache.Refresh (3ms)
				TypeCache.ScanAssembly (0ms)
			BuildScriptInfoCaches (0ms)
			ResolveRequiredComponents (0ms)
	FinalizeReload (305ms)
		ReleaseScriptCaches (0ms)
		RebuildScriptCaches (0ms)
		SetupLoadedEditorAssemblies (226ms)
			LogAssemblyErrors (0ms)
			InitializePlatformSupportModulesInManaged (1ms)
			SetLoadedEditorAssemblies (3ms)
			BeforeProcessingInitializeOnLoad (105ms)
			ProcessInitializeOnLoadAttributes (98ms)
			ProcessInitializeOnLoadMethodAttributes (15ms)
			AfterProcessingInitializeOnLoad (3ms)
			EditorAssembliesLoaded (0ms)
		ExecutionOrderSort2 (0ms)
		AwakeInstancesAfterBackupRestoration (5ms)
WARNING: Shader Unsupported: 'Hidden/Universal Render Pipeline/Terrain/Lit (Base Pass)' - All subshaders removed
WARNING: Shader Did you use #pragma only_renderers and omit this platform?
WARNING: Shader If subshaders removal was intentional, you may have forgotten turning Fallback off?
WARNING: Shader Unsupported: 'Hidden/Universal Render Pipeline/Terrain/Lit (Base Pass)' - All subshaders removed
WARNING: Shader Did you use #pragma only_renderers and omit this platform?
WARNING: Shader If subshaders removal was intentional, you may have forgotten turning Fallback off?
WARNING: Shader Unsupported: 'Universal Render Pipeline/Terrain/Lit' - All subshaders removed
WARNING: Shader Did you use #pragma only_renderers and omit this platform?
WARNING: Shader If subshaders removal was intentional, you may have forgotten turning Fallback off?
WARNING: Shader Unsupported: 'Universal Render Pipeline/Terrain/Lit' - All subshaders removed
WARNING: Shader Did you use #pragma only_renderers and omit this platform?
WARNING: Shader If subshaders removal was intentional, you may have forgotten turning Fallback off?
Launched and connected shader compiler UnityShaderCompiler.exe after 0.03 seconds
Refreshing native plugins compatible for Editor in 0.40 ms, found 0 plugins.
Preloading 0 native plugins for Editor in 0.00 ms.
Unloading 34 Unused Serialized files (Serialized files now loaded: 0)
Unloading 6116 unused Assets / (7.2 MB). Loaded Objects now: 6722.
Memory consumption went from 121.3 MB to 114.2 MB.
Total: 11.157800 ms (FindLiveObjects: 0.691100 ms CreateObjectMapping: 0.786100 ms MarkObjects: 5.446100 ms  DeleteObjects: 4.231200 ms)

========================================================================
Received Import Request.
  Time since last request: 15890.873309 seconds.
  path: Assets/Часы/18/textures
  artifactKey: Guid(e7c6ede2575b76443b92b917b1f3ae62) Importer(2089858483,192608db42251d675da83286b1cce702)
Start importing Assets/Часы/18/textures using Guid(e7c6ede2575b76443b92b917b1f3ae62) Importer(2089858483,192608db42251d675da83286b1cce702) (ScriptedImporter) -> (artifact id: 'e9a32779c93b13d4cd6cc85ec476d1b6') in 0.0953189 seconds
Number of updated asset objects reloaded before import = 0Number of asset objects unloaded after import = 1

========================================================================
Received Import Request.
  Time since last request: 0.000035 seconds.
  path: Assets/Часы/18/textures/ClockCase_Roughness.png
  artifactKey: Guid(65ca7854cbf9ae246a277ce34d26fd69) Importer(2089858483,192608db42251d675da83286b1cce702)
Start importing Assets/Часы/18/textures/ClockCase_Roughness.png using Guid(65ca7854cbf9ae246a277ce34d26fd69) Importer(2089858483,192608db42251d675da83286b1cce702) (ScriptedImporter) -> (artifact id: 'deb56d42c76db2c39e7d1724f4757722') in 0.1313872 seconds
Number of updated asset objects reloaded before import = 0Number of asset objects unloaded after import = 1

========================================================================
Received Import Request.
  Time since last request: 0.000035 seconds.
  path: Assets/Часы/18/textures/ClockCase_Metallic.png
  artifactKey: Guid(f3fd36211eede2e4e93a51dd917b3234) Importer(2089858483,192608db42251d675da83286b1cce702)
Start importing Assets/Часы/18/textures/ClockCase_Metallic.png using Guid(f3fd36211eede2e4e93a51dd917b3234) Importer(2089858483,192608db42251d675da83286b1cce702) (ScriptedImporter) -> (artifact id: '88ef3706b2cca5a79339a584e0373977') in 0.0341763 seconds
Number of updated asset objects reloaded before import = 0Number of asset objects unloaded after import = 1

========================================================================
Received Import Request.
  Time since last request: 0.000089 seconds.
  path: Assets/Часы/18/textures/ClockCase_Normal.png
  artifactKey: Guid(240b914393658134ea52510c3586e6b8) Importer(2089858483,192608db42251d675da83286b1cce702)
Start importing Assets/Часы/18/textures/ClockCase_Normal.png using Guid(240b914393658134ea52510c3586e6b8) Importer(2089858483,192608db42251d675da83286b1cce702) (ScriptedImporter) -> (artifact id: 'c1072ae1132d5eea03c61421392d57bb') in 0.0346333 seconds
Number of updated asset objects reloaded before import = 0Number of asset objects unloaded after import = 1

========================================================================
Received Import Request.
  Time since last request: 0.000097 seconds.
  path: Assets/Часы/18/textures/ClockCase_AO.png
  artifactKey: Guid(8a4817f26ede77b489497e994f7dbe50) Importer(2089858483,192608db42251d675da83286b1cce702)
Start importing Assets/Часы/18/textures/ClockCase_AO.png using Guid(8a4817f26ede77b489497e994f7dbe50) Importer(2089858483,192608db42251d675da83286b1cce702) (ScriptedImporter) -> (artifact id: '2009d6cd756e69f77da63ae8a0479c9b') in 0.0301175 seconds
Number of updated asset objects reloaded before import = 0Number of asset objects unloaded after import = 1

========================================================================
Received Import Request.
  Time since last request: 0.000104 seconds.
  path: Assets/Часы/18/source/TallClock.fbx
  artifactKey: Guid(57c99a0853dad8e4fabe34d58bcb7d8b) Importer(2089858483,192608db42251d675da83286b1cce702)
Start importing Assets/Часы/18/source/TallClock.fbx using Guid(57c99a0853dad8e4fabe34d58bcb7d8b) Importer(2089858483,192608db42251d675da83286b1cce702) (ScriptedImporter) -> (artifact id: '9be475cbdc58eeb30ddee9ceb16fab1c') in 0.0806929 seconds
Number of updated asset objects reloaded before import = 0Number of asset objects unloaded after import = 28

========================================================================
Received Import Request.
  Time since last request: 4.927558 seconds.
  path: Assets/Часы/18/source/TallClock.obj
  artifactKey: Guid(1ee48d398a4e4f44981da62aee38965b) Importer(815301076,1909f56bfc062723c751e8b465ee728b)
Start importing Assets/Часы/18/source/TallClock.obj using Guid(1ee48d398a4e4f44981da62aee38965b) Importer(815301076,1909f56bfc062723c751e8b465ee728b) (PreviewImporter) -> (artifact id: '9d1fd42e1384eaaff7dd15cffc93856d') in 0.1782307 seconds
Number of updated asset objects reloaded before import = 0Number of asset objects unloaded after import = 28

========================================================================
Received Import Request.
  Time since last request: 28.986473 seconds.
  path: Assets/Часы/18/textures/ClockCase_BaseColor.png
  artifactKey: Guid(2b926dab4e086a344b20020725563627) Importer(815301076,1909f56bfc062723c751e8b465ee728b)
Start importing Assets/Часы/18/textures/ClockCase_BaseColor.png using Guid(2b926dab4e086a344b20020725563627) Importer(815301076,1909f56bfc062723c751e8b465ee728b) (PreviewImporter) -> (artifact id: '2c29628ed7611cd7fa65b66c4f822399') in 0.0420178 seconds
Number of updated asset objects reloaded before import = 0Number of asset objects unloaded after import = 2

========================================================================
Received Import Request.
  Time since last request: 0.000023 seconds.
  path: Assets/Часы/18/textures/MoonDial_BaseColor.png
  artifactKey: Guid(e4bef6ba8980f4847ae200e718b4a06d) Importer(815301076,1909f56bfc062723c751e8b465ee728b)
Start importing Assets/Часы/18/textures/MoonDial_BaseColor.png using Guid(e4bef6ba8980f4847ae200e718b4a06d) Importer(815301076,1909f56bfc062723c751e8b465ee728b) (PreviewImporter) -> (artifact id: '2f349c675de61b62b6c4f82a9b5a6529') in 0.0223899 seconds
Number of updated asset objects reloaded before import = 0Number of asset objects unloaded after import = 2

========================================================================
Received Import Request.
  Time since last request: 0.000018 seconds.
  path: Assets/Часы/18/textures/Clockface_BaseColor.png
  artifactKey: Guid(979bd0d320918154e854fecc53f9a15c) Importer(815301076,1909f56bfc062723c751e8b465ee728b)
Start importing Assets/Часы/18/textures/Clockface_BaseColor.png using Guid(979bd0d320918154e854fecc53f9a15c) Importer(815301076,1909f56bfc062723c751e8b465ee728b) (PreviewImporter) -> (artifact id: 'bf46c4482c384b9c95a228df7a90c99a') in 0.0222021 seconds
Number of updated asset objects reloaded before import = 0Number of asset objects unloaded after import = 2

========================================================================
Received Import Request.
  Time since last request: 0.000026 seconds.
  path: Assets/Часы/18/textures/Clockface_Roughness.png
  artifactKey: Guid(7a20a377a5fc9f04f894cadd53826581) Importer(815301076,1909f56bfc062723c751e8b465ee728b)
Start importing Assets/Часы/18/textures/Clockface_Roughness.png using Guid(7a20a377a5fc9f04f894cadd53826581) Importer(815301076,1909f56bfc062723c751e8b465ee728b) (PreviewImporter) -> (artifact id: '47c74fb171cc51170d483141b8c4a158') in 0.0255143 seconds
Number of updated asset objects reloaded before import = 0Number of asset objects unloaded after import = 2

========================================================================
Received Import Request.
  Time since last request: 6.503195 seconds.
  path: Assets/Часы/18/Materials/MoonDial_BaseColor.mat
  artifactKey: Guid(8768e1654c4723c4b800bda105705cdd) Importer(2089858483,192608db42251d675da83286b1cce702)
Start importing Assets/Часы/18/Materials/MoonDial_BaseColor.mat using Guid(8768e1654c4723c4b800bda105705cdd) Importer(2089858483,192608db42251d675da83286b1cce702) (ScriptedImporter) -> (artifact id: '2d23526a1d6b5cae077c879b0ac529f0') in 0.0295332 seconds
Number of updated asset objects reloaded before import = 0Number of asset objects unloaded after import = 2

========================================================================
Received Import Request.
  Time since last request: 159.226464 seconds.
  path: Assets/Часы/18/Materials/Clockface_BaseColor.mat
  artifactKey: Guid(1c73881f4c1c0e64b98b227df463ce64) Importer(815301076,1909f56bfc062723c751e8b465ee728b)
Start importing Assets/Часы/18/Materials/Clockface_BaseColor.mat using Guid(1c73881f4c1c0e64b98b227df463ce64) Importer(815301076,1909f56bfc062723c751e8b465ee728b) (PreviewImporter) -> (artifact id: 'af8402ac302f720d395a3523aaf8120f') in 0.0322544 seconds
Number of updated asset objects reloaded before import = 0Number of asset objects unloaded after import = 2

========================================================================
Received Import Request.
  Time since last request: 8.023178 seconds.
  path: Assets/Часы/16/Materials/KiplingerProp02_Clock_Mat_BaseColor.mat
  artifactKey: Guid(692e048848345ce459123ef930a62b53) Importer(815301076,1909f56bfc062723c751e8b465ee728b)
Start importing Assets/Часы/16/Materials/KiplingerProp02_Clock_Mat_BaseColor.mat using Guid(692e048848345ce459123ef930a62b53) Importer(815301076,1909f56bfc062723c751e8b465ee728b) (PreviewImporter) -> (artifact id: 'a1316756ca0be40987f5f4279539f79a') in 0.0315522 seconds
Number of updated asset objects reloaded before import = 0Number of asset objects unloaded after import = 2

========================================================================
Received Import Request.
  Time since last request: 0.000022 seconds.
  path: Assets/Часы/16/Materials/KiplingerProp02_Clock_Mat_Roughness.mat
  artifactKey: Guid(45c9b5e1aed70ab45ac0730e75ef3311) Importer(815301076,1909f56bfc062723c751e8b465ee728b)
Start importing Assets/Часы/16/Materials/KiplingerProp02_Clock_Mat_Roughness.mat using Guid(45c9b5e1aed70ab45ac0730e75ef3311) Importer(815301076,1909f56bfc062723c751e8b465ee728b) (PreviewImporter) -> (artifact id: '3065a37cc8d1ef2d19fbb54fe541f2aa') in 0.0350115 seconds
Number of updated asset objects reloaded before import = 0Number of asset objects unloaded after import = 2

========================================================================
Received Import Request.
  Time since last request: 30.694921 seconds.
  path: Assets/Часы/9/Materials/R_a2c27e7b90934f5397e2c024526f63d7_Clock_Roughness.mat
  artifactKey: Guid(a0dcbc644d4e0a44aa4c1d8831dfa951) Importer(815301076,1909f56bfc062723c751e8b465ee728b)
Start importing Assets/Часы/9/Materials/R_a2c27e7b90934f5397e2c024526f63d7_Clock_Roughness.mat using Guid(a0dcbc644d4e0a44aa4c1d8831dfa951) Importer(815301076,1909f56bfc062723c751e8b465ee728b) (PreviewImporter) -> (artifact id: '05eeaacfe87bb71b7de8429983938b3b') in 0.0333784 seconds
Number of updated asset objects reloaded before import = 0Number of asset objects unloaded after import = 2

========================================================================
Received Import Request.
  Time since last request: 0.000023 seconds.
  path: Assets/Часы/11/Materials/RGB_60fa71a5840e467c98a4a3c2ba1e992b_NixieMat_Base_color.mat
  artifactKey: Guid(4cab7cadcbcbbde40aca3bf087a88cb0) Importer(815301076,1909f56bfc062723c751e8b465ee728b)
Start importing Assets/Часы/11/Materials/RGB_60fa71a5840e467c98a4a3c2ba1e992b_NixieMat_Base_color.mat using Guid(4cab7cadcbcbbde40aca3bf087a88cb0) Importer(815301076,1909f56bfc062723c751e8b465ee728b) (PreviewImporter) -> (artifact id: 'ea5f822819fae6a70ab1b1e9ed14a592') in 0.0276739 seconds
Number of updated asset objects reloaded before import = 0Number of asset objects unloaded after import = 2

========================================================================
Received Import Request.
  Time since last request: 0.475213 seconds.
  path: Assets/Часы/9/Materials/RGB_072f975a132749e8b16e0579f1ca7ab8_Clock_BaseColor.mat
  artifactKey: Guid(53dae80e4b1103e40ae666bed0833e39) Importer(815301076,1909f56bfc062723c751e8b465ee728b)
Start importing Assets/Часы/9/Materials/RGB_072f975a132749e8b16e0579f1ca7ab8_Clock_BaseColor.mat using Guid(53dae80e4b1103e40ae666bed0833e39) Importer(815301076,1909f56bfc062723c751e8b465ee728b) (PreviewImporter) -> (artifact id: '76b1a94f6aacfdf77da8820272920fd4') in 0.0309545 seconds
Number of updated asset objects reloaded before import = 0Number of asset objects unloaded after import = 2

========================================================================
Received Import Request.
  Time since last request: 0.000020 seconds.
  path: Assets/Часы/12/Materials/RGB_fbdec774735e428694a2641326249031_watchbraceletbox01_body_Mat_Diffuse.mat
  artifactKey: Guid(ea7d5dfa3b0d8f64a83714308fec3f82) Importer(815301076,1909f56bfc062723c751e8b465ee728b)
Start importing Assets/Часы/12/Materials/RGB_fbdec774735e428694a2641326249031_watchbraceletbox01_body_Mat_Diffuse.mat using Guid(ea7d5dfa3b0d8f64a83714308fec3f82) Importer(815301076,1909f56bfc062723c751e8b465ee728b) (PreviewImporter) -> (artifact id: '0d9a83f9b355f3505d84b4ed925abf97') in 0.0361709 seconds
Number of updated asset objects reloaded before import = 0Number of asset objects unloaded after import = 2

========================================================================
Received Import Request.
  Time since last request: 0.000022 seconds.
  path: Assets/Часы/8/Materials/RGB_32181cb74da9433b9293757cd6732653_Main_Body_Mat_Base_Color.mat
  artifactKey: Guid(a8709b0141b03ab4682caf239f066be8) Importer(815301076,1909f56bfc062723c751e8b465ee728b)
Start importing Assets/Часы/8/Materials/RGB_32181cb74da9433b9293757cd6732653_Main_Body_Mat_Base_Color.mat using Guid(a8709b0141b03ab4682caf239f066be8) Importer(815301076,1909f56bfc062723c751e8b465ee728b) (PreviewImporter) -> (artifact id: '7b52b93cba1ed7cd3c79fba8d3eec506') in 0.0331116 seconds
Number of updated asset objects reloaded before import = 0Number of asset objects unloaded after import = 2

========================================================================
Received Import Request.
  Time since last request: 0.000041 seconds.
  path: Assets/Часы/10/Materials/RGB_92bf49b1285d4a5fbad71aceabd4cc20_cuckoo_clock_specular.mat
  artifactKey: Guid(9c7a9ec9ff22e25408c5ebbab2876c33) Importer(815301076,1909f56bfc062723c751e8b465ee728b)
Start importing Assets/Часы/10/Materials/RGB_92bf49b1285d4a5fbad71aceabd4cc20_cuckoo_clock_specular.mat using Guid(9c7a9ec9ff22e25408c5ebbab2876c33) Importer(815301076,1909f56bfc062723c751e8b465ee728b) (PreviewImporter) -> (artifact id: '56783517fe97c1874a7b78b5ce25c5f5') in 0.0335735 seconds
Number of updated asset objects reloaded before import = 0Number of asset objects unloaded after import = 2

========================================================================
Received Import Request.
  Time since last request: 0.000021 seconds.
  path: Assets/Часы/15/Materials/RGB_f86404e535e44ffa997c70d5726b6559_wall_clock_steampunk_1001_BaseColor.mat
  artifactKey: Guid(a6e806d12b98e974b980d0f70cea0162) Importer(815301076,1909f56bfc062723c751e8b465ee728b)
Start importing Assets/Часы/15/Materials/RGB_f86404e535e44ffa997c70d5726b6559_wall_clock_steampunk_1001_BaseColor.mat using Guid(a6e806d12b98e974b980d0f70cea0162) Importer(815301076,1909f56bfc062723c751e8b465ee728b) (PreviewImporter) -> (artifact id: '823f4dc29181760eddae42c8cb4e9a5a') in 0.0264855 seconds
Number of updated asset objects reloaded before import = 0Number of asset objects unloaded after import = 2

========================================================================
Received Import Request.
  Time since last request: 1.390736 seconds.
  path: Assets/Часы/13/Materials/thumbnail.mat
  artifactKey: Guid(9fb73816caa1823498c95405bd6afd53) Importer(815301076,1909f56bfc062723c751e8b465ee728b)
Start importing Assets/Часы/13/Materials/thumbnail.mat using Guid(9fb73816caa1823498c95405bd6afd53) Importer(815301076,1909f56bfc062723c751e8b465ee728b) (PreviewImporter) -> (artifact id: 'f8dbf5401f749d2ec72f68b171cb50ce') in 0.0246769 seconds
Number of updated asset objects reloaded before import = 0Number of asset objects unloaded after import = 2

