[Licensing::Module] Trying to connect to existing licensing client channel...
Built from '6000.2/respin/6000.2.8f1-e4064264ae96' branch; Version is '6000.2.8f1 (c9992ac36c34) revision 13211946'; Using compiler version '194234433'; Build Type 'Release'
[Licensing::IpcConnector] Successfully connected to: "LicenseClient-HOME" at "2025-12-14T11:08:02.0828966Z"
OS: 'Windows 11  (10.0.26100) 64bit Professional' Language: 'ru' Physical Memory: 16116 MB
BatchMode: 1, IsHumanControllingUs: 0, StartBugReporterOnCrash: 0, Is64bit: 1
Date: 2025-12-14T11:08:02Z

COMMAND LINE ARGUMENTS:
C:\Program Files\Unity\Hub\Editor\6000.2.8f1\Editor\Unity.exe
-adb2
-batchMode
-noUpm
-name
AssetImportWorker12
-projectPath
C:/Users/HOME/Documents/GitHub/Project1/Valdhés su Villa
-logFile
Logs/AssetImportWorker12.log
-srvPort
55375
-licensingIpc
LicenseClient-HOME
-job-worker-count
5
-background-job-worker-count
8
-gc-helper-count
1
-name
AssetImport
Successfully changed project path to: C:/Users/HOME/Documents/GitHub/Project1/Valdhés su Villa
C:/Users/HOME/Documents/GitHub/Project1/Valdhés su Villa
[UnityMemory] Configuration Parameters - Can be set up in boot.config
    "memorysetup-allocator-temp-initial-block-size-main=262144"
    "memorysetup-allocator-temp-initial-block-size-worker=262144"
    "memorysetup-bucket-allocator-granularity=16"
    "memorysetup-bucket-allocator-bucket-count=8"
    "memorysetup-bucket-allocator-block-size=33554432"
    "memorysetup-bucket-allocator-block-count=8"
    "memorysetup-main-allocator-block-size=16777216"
    "memorysetup-thread-allocator-block-size=16777216"
    "memorysetup-gfx-main-allocator-block-size=16777216"
    "memorysetup-gfx-thread-allocator-block-size=16777216"
    "memorysetup-cache-allocator-block-size=4194304"
    "memorysetup-typetree-allocator-block-size=2097152"
    "memorysetup-profiler-bucket-allocator-granularity=16"
    "memorysetup-profiler-bucket-allocator-bucket-count=8"
    "memorysetup-profiler-bucket-allocator-block-size=33554432"
    "memorysetup-profiler-bucket-allocator-block-count=8"
    "memorysetup-profiler-allocator-block-size=16777216"
    "memorysetup-profiler-editor-allocator-block-size=1048576"
    "memorysetup-temp-allocator-size-main=16777216"
    "memorysetup-job-temp-allocator-block-size=2097152"
    "memorysetup-job-temp-allocator-block-size-background=1048576"
    "memorysetup-job-temp-allocator-reduction-small-platforms=262144"
    "memorysetup-temp-allocator-size-background-worker=32768"
    "memorysetup-temp-allocator-size-job-worker=262144"
    "memorysetup-temp-allocator-size-preload-manager=33554432"
    "memorysetup-temp-allocator-size-nav-mesh-worker=65536"
    "memorysetup-temp-allocator-size-audio-worker=65536"
    "memorysetup-temp-allocator-size-cloud-worker=32768"
    "memorysetup-temp-allocator-size-gi-baking-worker=262144"
    "memorysetup-temp-allocator-size-gi-baking-worker=262144"
    "memorysetup-temp-allocator-size-gi-baking-worker=262144"
    "memorysetup-temp-allocator-size-gi-baking-worker=262144"
    "memorysetup-temp-allocator-size-gi-baking-worker=262144"
    "memorysetup-temp-allocator-size-gfx=262144"
Player connection [25084]  Target information:

Player connection [25084]  * "[IP] 192.168.0.65 [Port] 0 [Flags] 2 [Guid] 2113939392 [EditorId] 2113939392 [Version] 1048832 [Id] WindowsEditor(7,DESKTOP-MOMKQ24) [Debug] 1 [PackageName] WindowsEditor [ProjectName] Editor" 

Player connection [25084] Host joined multi-casting on [225.0.0.222:54997]...
Player connection [25084] Host joined alternative multi-casting on [225.0.0.222:34997]...
JobSystem: Creating JobQueue using job-worker-count value 5
Input System module state changed to: Initialized.
[Physics::Module] Initialized fallback backend.
[Physics::Module] Id: 0xdecafbad
[Licensing::Client] Code 10 while verifying Licensing Client signature (process Id: 2024, path: "C:/юнити/Unity Hub/UnityLicensingClient_V1/Unity.Licensing.Client.exe")
[Licensing::Module] LicensingClient has failed validation; ignoring
[Licensing::Client] Handshaking with LicensingClient:
  Version:                 1.17.3+a4e98f1
  Session Id:              1469dc06ae9c48a28d0e2cb1ca30c590
  Correlation Id:          0a1fab51d25f0c83ef44513c723fc9eb
  External correlation Id: 1697928550146627805
  Machine Id:              p2zqx2RjvcmlaFMCS3B3Azs/qVA=
[Licensing::Module] Successfully connected to LicensingClient on channel: "LicenseClient-HOME" (connect: 0.00s, validation: 0.00s, handshake: 0.05s)
[Licensing::IpcConnector] Successfully connected to: "LicenseClient-HOME-notifications" at "2025-12-14T11:08:02.1347113Z"
[Licensing::Module] Licensing Background thread has ended after 0.05s
Library Redirect Path: Library/
[Physics::Module] Selected backend.
[Physics::Module] Name: PhysX
[Physics::Module] Id: 0xf2b8ea05
[Physics::Module] SDK Version: 4.1.2
[Physics::Module] Integration Version: 1.0.0
[Physics::Module] Threading Mode: Multi-Threaded
Refreshing native plugins compatible for Editor in 0.34 ms, found 0 plugins.
Preloading 0 native plugins for Editor in 0.00 ms.
Initialize engine version: 6000.2.8f1 (c9992ac36c34)
[Subsystems] Discovering subsystems at path C:/Program Files/Unity/Hub/Editor/6000.2.8f1/Editor/Data/Resources/UnitySubsystems
[Subsystems] Discovering subsystems at path C:/Users/HOME/Documents/GitHub/Project1/Valdhés su Villa/Assets
GfxDevice: creating device client; kGfxThreadingModeNonThreaded
Direct3D:
    Version:  Direct3D 11.0 [level 11.1]
    Renderer: NVIDIA GeForce RTX 4050 Laptop GPU (ID=0x28a1)
    Vendor:   NVIDIA
    VRAM:     5921 MB
    Driver:   32.0.15.7283
Initialize mono
Mono path[0] = 'C:/Program Files/Unity/Hub/Editor/6000.2.8f1/Editor/Data/Managed'
Mono path[1] = 'C:/Program Files/Unity/Hub/Editor/6000.2.8f1/Editor/Data/MonoBleedingEdge/lib/mono/unityjit-win32'
Mono config path = 'C:/Program Files/Unity/Hub/Editor/6000.2.8f1/Editor/Data/MonoBleedingEdge/etc'
Using monoOptions --debugger-agent=transport=dt_socket,embedding=1,server=y,suspend=n,address=127.0.0.1:56400
Begin MonoManager ReloadAssembly
Registering precompiled unity dll's ...
Register platform support module: C:/Program Files/Unity/Hub/Editor/6000.2.8f1/Editor/Data/PlaybackEngines/WindowsStandaloneSupport/UnityEditor.WindowsStandalone.Extensions.dll
Registered in 0.001140 seconds.
- Loaded All Assemblies, in  0.303 seconds
Native extension for WindowsStandalone target not found
Mono: successfully reloaded assembly
- Finished resetting the current domain, in  0.289 seconds
Domain Reload Profiling: 590ms
	BeginReloadAssembly (101ms)
		ExecutionOrderSort (0ms)
		DisableScriptedObjects (0ms)
		BackupInstance (0ms)
		ReleaseScriptingObjects (0ms)
		CreateAndSetChildDomain (1ms)
	RebuildCommonClasses (30ms)
	RebuildNativeTypeToScriptingClass (9ms)
	initialDomainReloadingComplete (41ms)
	LoadAllAssembliesAndSetupDomain (120ms)
		LoadAssemblies (100ms)
		RebuildTransferFunctionScriptingTraits (0ms)
		AnalyzeDomain (117ms)
			TypeCache.Refresh (116ms)
				TypeCache.ScanAssembly (106ms)
			BuildScriptInfoCaches (0ms)
			ResolveRequiredComponents (0ms)
	FinalizeReload (289ms)
		ReleaseScriptCaches (0ms)
		RebuildScriptCaches (0ms)
		SetupLoadedEditorAssemblies (245ms)
			LogAssemblyErrors (0ms)
			InitializePlatformSupportModulesInManaged (43ms)
			SetLoadedEditorAssemblies (3ms)
			BeforeProcessingInitializeOnLoad (52ms)
			ProcessInitializeOnLoadAttributes (101ms)
			ProcessInitializeOnLoadMethodAttributes (46ms)
			AfterProcessingInitializeOnLoad (0ms)
			EditorAssembliesLoaded (0ms)
		ExecutionOrderSort2 (0ms)
		AwakeInstancesAfterBackupRestoration (0ms)
========================================================================
Worker process is ready to serve import requests
Import Worker Mode flag is 0x00
Begin MonoManager ReloadAssembly
[Licensing::Client] Successfully resolved entitlement details
[Licensing::Module] License group:
  Id: 10171542316351-UnityPersXXXX
  Product: Unity Personal
  Type: Assigned
  Expiration: Unlimited
- Loaded All Assemblies, in  0.208 seconds
Refreshing native plugins compatible for Editor in 0.37 ms, found 0 plugins.
Native extension for WindowsStandalone target not found
Mono: successfully reloaded assembly
- Finished resetting the current domain, in  0.294 seconds
Domain Reload Profiling: 502ms
	BeginReloadAssembly (147ms)
		ExecutionOrderSort (0ms)
		DisableScriptedObjects (7ms)
		BackupInstance (0ms)
		ReleaseScriptingObjects (0ms)
		CreateAndSetChildDomain (23ms)
	RebuildCommonClasses (29ms)
	RebuildNativeTypeToScriptingClass (9ms)
	initialDomainReloadingComplete (15ms)
	LoadAllAssembliesAndSetupDomain (7ms)
		LoadAssemblies (81ms)
		RebuildTransferFunctionScriptingTraits (0ms)
		AnalyzeDomain (5ms)
			TypeCache.Refresh (3ms)
				TypeCache.ScanAssembly (0ms)
			BuildScriptInfoCaches (0ms)
			ResolveRequiredComponents (0ms)
	FinalizeReload (295ms)
		ReleaseScriptCaches (0ms)
		RebuildScriptCaches (0ms)
		SetupLoadedEditorAssemblies (212ms)
			LogAssemblyErrors (0ms)
			InitializePlatformSupportModulesInManaged (2ms)
			SetLoadedEditorAssemblies (3ms)
			BeforeProcessingInitializeOnLoad (93ms)
			ProcessInitializeOnLoadAttributes (95ms)
			ProcessInitializeOnLoadMethodAttributes (15ms)
			AfterProcessingInitializeOnLoad (3ms)
			EditorAssembliesLoaded (0ms)
		ExecutionOrderSort2 (0ms)
		AwakeInstancesAfterBackupRestoration (7ms)
WARNING: Shader Unsupported: 'Hidden/Universal Render Pipeline/Terrain/Lit (Base Pass)' - All subshaders removed
WARNING: Shader Did you use #pragma only_renderers and omit this platform?
WARNING: Shader If subshaders removal was intentional, you may have forgotten turning Fallback off?
WARNING: Shader Unsupported: 'Hidden/Universal Render Pipeline/Terrain/Lit (Base Pass)' - All subshaders removed
WARNING: Shader Did you use #pragma only_renderers and omit this platform?
WARNING: Shader If subshaders removal was intentional, you may have forgotten turning Fallback off?
WARNING: Shader Unsupported: 'Universal Render Pipeline/Terrain/Lit' - All subshaders removed
WARNING: Shader Did you use #pragma only_renderers and omit this platform?
WARNING: Shader If subshaders removal was intentional, you may have forgotten turning Fallback off?
WARNING: Shader Unsupported: 'Universal Render Pipeline/Terrain/Lit' - All subshaders removed
WARNING: Shader Did you use #pragma only_renderers and omit this platform?
WARNING: Shader If subshaders removal was intentional, you may have forgotten turning Fallback off?
Launched and connected shader compiler UnityShaderCompiler.exe after 0.01 seconds
Refreshing native plugins compatible for Editor in 0.37 ms, found 0 plugins.
Preloading 0 native plugins for Editor in 0.00 ms.
Unloading 34 Unused Serialized files (Serialized files now loaded: 0)
Unloading 6116 unused Assets / (6.3 MB). Loaded Objects now: 6722.
Memory consumption went from 121.4 MB to 115.1 MB.
Total: 9.906300 ms (FindLiveObjects: 0.813600 ms CreateObjectMapping: 0.812600 ms MarkObjects: 4.309000 ms  DeleteObjects: 3.966800 ms)

========================================================================
Received Import Request.
  Time since last request: 11779.963613 seconds.
  path: Assets/Часы/4/R_463bab5917004cc086bdf5dff28f8ffa_ShowcaseRoughness-channels-G.png
  artifactKey: Guid(e5b0b4c065d3db14b8752b7b06fd944d) Importer(815301076,1909f56bfc062723c751e8b465ee728b)
Start importing Assets/Часы/4/R_463bab5917004cc086bdf5dff28f8ffa_ShowcaseRoughness-channels-G.png using Guid(e5b0b4c065d3db14b8752b7b06fd944d) Importer(815301076,1909f56bfc062723c751e8b465ee728b) (PreviewImporter) -> (artifact id: 'dff79af4a1d791bef003f3adfc6eb3cd') in 0.0955535 seconds
Number of updated asset objects reloaded before import = 0Number of asset objects unloaded after import = 2

========================================================================
Received Import Request.
  Time since last request: 32.676445 seconds.
  path: Assets/Часы/4/Materials/RGB_1a5b2dd59586463d9815b5d1ca685652_ShowcaseRGB.mat
  artifactKey: Guid(aed15b9acb2b4ab4f9ee8fff6b63d4ba) Importer(2089858483,192608db42251d675da83286b1cce702)
Start importing Assets/Часы/4/Materials/RGB_1a5b2dd59586463d9815b5d1ca685652_ShowcaseRGB.mat using Guid(aed15b9acb2b4ab4f9ee8fff6b63d4ba) Importer(2089858483,192608db42251d675da83286b1cce702) (ScriptedImporter) -> (artifact id: 'd8e897b953ed6244c0be2d797bc09fd3') in 0.1685497 seconds
Number of updated asset objects reloaded before import = 0Number of asset objects unloaded after import = 2

========================================================================
Received Import Request.
  Time since last request: 14.033800 seconds.
  path: Assets/Часы/0/Materials/A_452bee2b21c9417c81114b6730758744_TEX_SFT_FancyCoffeeTable_Glass_opacity.mat
  artifactKey: Guid(a66859400ecd4e94293adc66aaeedad1) Importer(815301076,1909f56bfc062723c751e8b465ee728b)
Start importing Assets/Часы/0/Materials/A_452bee2b21c9417c81114b6730758744_TEX_SFT_FancyCoffeeTable_Glass_opacity.mat using Guid(a66859400ecd4e94293adc66aaeedad1) Importer(815301076,1909f56bfc062723c751e8b465ee728b) (PreviewImporter) -> (artifact id: 'ed049d4639b65a2959872d2518315ead') in 0.2159252 seconds
Number of updated asset objects reloaded before import = 0Number of asset objects unloaded after import = 2

========================================================================
Received Import Request.
  Time since last request: 58.432714 seconds.
  path: Assets/Часы/5/A_50a6bfbe6d02464fb4e56642904c4648_grandfather_clock_Mat_Opacity.png
  artifactKey: Guid(737fac6ae67fed04aa146528952a1d0a) Importer(815301076,1909f56bfc062723c751e8b465ee728b)
Start importing Assets/Часы/5/A_50a6bfbe6d02464fb4e56642904c4648_grandfather_clock_Mat_Opacity.png using Guid(737fac6ae67fed04aa146528952a1d0a) Importer(815301076,1909f56bfc062723c751e8b465ee728b) (PreviewImporter) -> (artifact id: '3ab7984dce46b03ff4ac85e83309ece2') in 0.026794 seconds
Number of updated asset objects reloaded before import = 0Number of asset objects unloaded after import = 2

========================================================================
Received Import Request.
  Time since last request: 0.029466 seconds.
  path: Assets/Часы/5/A_45093b4502b34b7793c1c2675fd95143_grandfather_clock_glass_Mat_Metallic.png
  artifactKey: Guid(c92631c9f45ae5e47a13f5f561762cf0) Importer(815301076,1909f56bfc062723c751e8b465ee728b)
Start importing Assets/Часы/5/A_45093b4502b34b7793c1c2675fd95143_grandfather_clock_glass_Mat_Metallic.png using Guid(c92631c9f45ae5e47a13f5f561762cf0) Importer(815301076,1909f56bfc062723c751e8b465ee728b) (PreviewImporter) -> (artifact id: 'f28313e699b154dd3e3be2743fb3f309') in 0.0620489 seconds
Number of updated asset objects reloaded before import = 0Number of asset objects unloaded after import = 2

========================================================================
Received Import Request.
  Time since last request: 0.000034 seconds.
  path: Assets/Часы/5/RGB_e3a773f6687a4c3a9f896e4c7c86a3b0_grandfather_clock_glass_Mat_BaseColor.png
  artifactKey: Guid(1340134c4d826b04593209d2e388cbdf) Importer(815301076,1909f56bfc062723c751e8b465ee728b)
Start importing Assets/Часы/5/RGB_e3a773f6687a4c3a9f896e4c7c86a3b0_grandfather_clock_glass_Mat_BaseColor.png using Guid(1340134c4d826b04593209d2e388cbdf) Importer(815301076,1909f56bfc062723c751e8b465ee728b) (PreviewImporter) -> (artifact id: '92cc91d034535ac9d80a3d7a1e188b76') in 0.0843324 seconds
Number of updated asset objects reloaded before import = 0Number of asset objects unloaded after import = 2

========================================================================
Received Import Request.
  Time since last request: 0.000027 seconds.
  path: Assets/Часы/5/A_a33b410b840a4613a95bf9cff7fbd4f8_grandfather_clock_Mat_Metallic.png
  artifactKey: Guid(150ccc83f1d0c394cb5866c1065bd285) Importer(815301076,1909f56bfc062723c751e8b465ee728b)
Start importing Assets/Часы/5/A_a33b410b840a4613a95bf9cff7fbd4f8_grandfather_clock_Mat_Metallic.png using Guid(150ccc83f1d0c394cb5866c1065bd285) Importer(815301076,1909f56bfc062723c751e8b465ee728b) (PreviewImporter) -> (artifact id: 'd061f3904c87e308a36cd3ad4b875592') in 0.0336726 seconds
Number of updated asset objects reloaded before import = 0Number of asset objects unloaded after import = 2

========================================================================
Received Import Request.
  Time since last request: 0.000018 seconds.
  path: Assets/Часы/5/thumbnail.jpg
  artifactKey: Guid(3b51c4481012a724cb93cc4b256d505b) Importer(815301076,1909f56bfc062723c751e8b465ee728b)
Start importing Assets/Часы/5/thumbnail.jpg using Guid(3b51c4481012a724cb93cc4b256d505b) Importer(815301076,1909f56bfc062723c751e8b465ee728b) (PreviewImporter) -> (artifact id: '0c1d74e0b3ac09f577be1466aee6fc13') in 0.0322792 seconds
Number of updated asset objects reloaded before import = 0Number of asset objects unloaded after import = 2

========================================================================
Received Import Request.
  Time since last request: 0.000014 seconds.
  path: Assets/Часы/5/R_2c7cfc99963c46adae9896fef0033545_grandfather_clock_Mat_AO.png
  artifactKey: Guid(3494448d1d6789642af6bdfd8c9a7f93) Importer(815301076,1909f56bfc062723c751e8b465ee728b)
Start importing Assets/Часы/5/R_2c7cfc99963c46adae9896fef0033545_grandfather_clock_Mat_AO.png using Guid(3494448d1d6789642af6bdfd8c9a7f93) Importer(815301076,1909f56bfc062723c751e8b465ee728b) (PreviewImporter) -> (artifact id: 'd62cf116f19051a5da2cdbac44eb4d27') in 0.035633 seconds
Number of updated asset objects reloaded before import = 0Number of asset objects unloaded after import = 2

========================================================================
Received Import Request.
  Time since last request: 0.000020 seconds.
  path: Assets/Часы/5/RGB_d3a159e9b79d478abba671037ef2eda5_grandfather_clock_Mat_BaseColor.png
  artifactKey: Guid(20ecdb24aca04a44991af9748e864aaa) Importer(815301076,1909f56bfc062723c751e8b465ee728b)
Start importing Assets/Часы/5/RGB_d3a159e9b79d478abba671037ef2eda5_grandfather_clock_Mat_BaseColor.png using Guid(20ecdb24aca04a44991af9748e864aaa) Importer(815301076,1909f56bfc062723c751e8b465ee728b) (PreviewImporter) -> (artifact id: 'e6e8a6ce5b60331b122d1d29bcb6344c') in 0.0341338 seconds
Number of updated asset objects reloaded before import = 0Number of asset objects unloaded after import = 2

========================================================================
Received Import Request.
  Time since last request: 24.147876 seconds.
  path: Assets/Часы/5/Materials/RGB_d3a159e9b79d478abba671037ef2eda5_grandfather_clock_Mat_BaseColor.mat
  artifactKey: Guid(08cf172bdd7ced749b6ef90ee78af1ef) Importer(2089858483,192608db42251d675da83286b1cce702)
Start importing Assets/Часы/5/Materials/RGB_d3a159e9b79d478abba671037ef2eda5_grandfather_clock_Mat_BaseColor.mat using Guid(08cf172bdd7ced749b6ef90ee78af1ef) Importer(2089858483,192608db42251d675da83286b1cce702) (ScriptedImporter) -> (artifact id: '836d4949d6123bf8794e01ce36d82032') in 0.0365334 seconds
Number of updated asset objects reloaded before import = 0Number of asset objects unloaded after import = 2

Editor requested this worker to shutdown with reason: Scaling down because of idle timeout
AssetImportWorker is now disconnected from the server
Process exiting
Exiting without the bug reporter. Application will terminate with return code 0