[Licensing::Module] Trying to connect to existing licensing client channel...
Built from '6000.2/respin/6000.2.8f1-e4064264ae96' branch; Version is '6000.2.8f1 (c9992ac36c34) revision 13211946'; Using compiler version '194234433'; Build Type 'Release'
[Licensing::IpcConnector] Successfully connected to: "LicenseClient-HOME" at "2025-12-13T09:06:06.2841496Z"
OS: 'Windows 11  (10.0.26100) 64bit Professional' Language: 'ru' Physical Memory: 16116 MB
BatchMode: 1, IsHumanControllingUs: 0, StartBugReporterOnCrash: 0, Is64bit: 1
Date: 2025-12-13T09:06:06Z

COMMAND LINE ARGUMENTS:
C:\Program Files\Unity\Hub\Editor\6000.2.8f1\Editor\Unity.exe
-adb2
-batchMode
-noUpm
-name
AssetImportWorker0
-projectPath
C:/Users/HOME/Documents/GitHub/Project1/Valdhés su Villa
-logFile
Logs/AssetImportWorker0.log
-srvPort
61230
-licensingIpc
LicenseClient-HOME
-job-worker-count
5
-background-job-worker-count
8
-gc-helper-count
1
-name
AssetImport
Successfully changed project path to: C:/Users/HOME/Documents/GitHub/Project1/Valdhés su Villa
C:/Users/HOME/Documents/GitHub/Project1/Valdhés su Villa
[UnityMemory] Configuration Parameters - Can be set up in boot.config
    "memorysetup-allocator-temp-initial-block-size-main=262144"
    "memorysetup-allocator-temp-initial-block-size-worker=262144"
    "memorysetup-bucket-allocator-granularity=16"
    "memorysetup-bucket-allocator-bucket-count=8"
    "memorysetup-bucket-allocator-block-size=33554432"
    "memorysetup-bucket-allocator-block-count=8"
    "memorysetup-main-allocator-block-size=16777216"
    "memorysetup-thread-allocator-block-size=16777216"
    "memorysetup-gfx-main-allocator-block-size=16777216"
    "memorysetup-gfx-thread-allocator-block-size=16777216"
    "memorysetup-cache-allocator-block-size=4194304"
    "memorysetup-typetree-allocator-block-size=2097152"
    "memorysetup-profiler-bucket-allocator-granularity=16"
    "memorysetup-profiler-bucket-allocator-bucket-count=8"
    "memorysetup-profiler-bucket-allocator-block-size=33554432"
    "memorysetup-profiler-bucket-allocator-block-count=8"
    "memorysetup-profiler-allocator-block-size=16777216"
    "memorysetup-profiler-editor-allocator-block-size=1048576"
    "memorysetup-temp-allocator-size-main=16777216"
    "memorysetup-job-temp-allocator-block-size=2097152"
    "memorysetup-job-temp-allocator-block-size-background=1048576"
    "memorysetup-job-temp-allocator-reduction-small-platforms=262144"
    "memorysetup-temp-allocator-size-background-worker=32768"
    "memorysetup-temp-allocator-size-job-worker=262144"
    "memorysetup-temp-allocator-size-preload-manager=33554432"
    "memorysetup-temp-allocator-size-nav-mesh-worker=65536"
    "memorysetup-temp-allocator-size-audio-worker=65536"
    "memorysetup-temp-allocator-size-cloud-worker=32768"
    "memorysetup-temp-allocator-size-gi-baking-worker=262144"
    "memorysetup-temp-allocator-size-gi-baking-worker=262144"
    "memorysetup-temp-allocator-size-gi-baking-worker=262144"
    "memorysetup-temp-allocator-size-gi-baking-worker=262144"
    "memorysetup-temp-allocator-size-gi-baking-worker=262144"
    "memorysetup-temp-allocator-size-gfx=262144"
Player connection [2492]  Target information:

Player connection [2492]  * "[IP] 192.168.0.65 [Port] 0 [Flags] 2 [Guid] 3799273008 [EditorId] 3799273008 [Version] 1048832 [Id] WindowsEditor(7,DESKTOP-MOMKQ24) [Debug] 1 [PackageName] WindowsEditor [ProjectName] Editor" 

Player connection [2492] Host joined multi-casting on [225.0.0.222:54997]...
Player connection [2492] Host joined alternative multi-casting on [225.0.0.222:34997]...
JobSystem: Creating JobQueue using job-worker-count value 5
Input System module state changed to: Initialized.
[Physics::Module] Initialized fallback backend.
[Physics::Module] Id: 0xdecafbad
[Licensing::Client] Code 10 while verifying Licensing Client signature (process Id: 15320, path: "C:/юнити/Unity Hub/UnityLicensingClient_V1/Unity.Licensing.Client.exe")
[Licensing::Module] LicensingClient has failed validation; ignoring
[Licensing::Client] Handshaking with LicensingClient:
  Version:                 1.17.3+a4e98f1
  Session Id:              c65ba5b51d3948428b2ce81bb2882796
  Correlation Id:          c6f11f3c2366f4163499aa8ce56d00cd
  External correlation Id: 6014677907883964983
  Machine Id:              p2zqx2RjvcmlaFMCS3B3Azs/qVA=
[Licensing::Module] Successfully connected to LicensingClient on channel: "LicenseClient-HOME" (connect: 0.00s, validation: 0.00s, handshake: 0.06s)
[Licensing::IpcConnector] Successfully connected to: "LicenseClient-HOME-notifications" at "2025-12-13T09:06:06.3418041Z"
[Licensing::Module] Licensing Background thread has ended after 0.06s
Library Redirect Path: Library/
[Physics::Module] Selected backend.
[Physics::Module] Name: PhysX
[Physics::Module] Id: 0xf2b8ea05
[Physics::Module] SDK Version: 4.1.2
[Physics::Module] Integration Version: 1.0.0
[Physics::Module] Threading Mode: Multi-Threaded
Refreshing native plugins compatible for Editor in 0.32 ms, found 0 plugins.
Preloading 0 native plugins for Editor in 0.00 ms.
Initialize engine version: 6000.2.8f1 (c9992ac36c34)
[Subsystems] Discovering subsystems at path C:/Program Files/Unity/Hub/Editor/6000.2.8f1/Editor/Data/Resources/UnitySubsystems
[Subsystems] Discovering subsystems at path C:/Users/HOME/Documents/GitHub/Project1/Valdhés su Villa/Assets
GfxDevice: creating device client; kGfxThreadingModeNonThreaded
Direct3D:
    Version:  Direct3D 11.0 [level 11.1]
    Renderer: NVIDIA GeForce RTX 4050 Laptop GPU (ID=0x28a1)
    Vendor:   NVIDIA
    VRAM:     5921 MB
    Driver:   32.0.15.7283
Initialize mono
Mono path[0] = 'C:/Program Files/Unity/Hub/Editor/6000.2.8f1/Editor/Data/Managed'
Mono path[1] = 'C:/Program Files/Unity/Hub/Editor/6000.2.8f1/Editor/Data/MonoBleedingEdge/lib/mono/unityjit-win32'
Mono config path = 'C:/Program Files/Unity/Hub/Editor/6000.2.8f1/Editor/Data/MonoBleedingEdge/etc'
Using monoOptions --debugger-agent=transport=dt_socket,embedding=1,server=y,suspend=n,address=127.0.0.1:56848
Begin MonoManager ReloadAssembly
Registering precompiled unity dll's ...
Register platform support module: C:/Program Files/Unity/Hub/Editor/6000.2.8f1/Editor/Data/PlaybackEngines/WindowsStandaloneSupport/UnityEditor.WindowsStandalone.Extensions.dll
Registered in 0.001392 seconds.
- Loaded All Assemblies, in  0.394 seconds
Native extension for WindowsStandalone target not found
Mono: successfully reloaded assembly
- Finished resetting the current domain, in  0.382 seconds
Domain Reload Profiling: 775ms
	BeginReloadAssembly (138ms)
		ExecutionOrderSort (0ms)
		DisableScriptedObjects (0ms)
		BackupInstance (0ms)
		ReleaseScriptingObjects (0ms)
		CreateAndSetChildDomain (1ms)
	RebuildCommonClasses (36ms)
	RebuildNativeTypeToScriptingClass (11ms)
	initialDomainReloadingComplete (45ms)
	LoadAllAssembliesAndSetupDomain (163ms)
		LoadAssemblies (135ms)
		RebuildTransferFunctionScriptingTraits (0ms)
		AnalyzeDomain (160ms)
			TypeCache.Refresh (158ms)
				TypeCache.ScanAssembly (146ms)
			BuildScriptInfoCaches (0ms)
			ResolveRequiredComponents (1ms)
	FinalizeReload (383ms)
		ReleaseScriptCaches (0ms)
		RebuildScriptCaches (0ms)
		SetupLoadedEditorAssemblies (349ms)
			LogAssemblyErrors (0ms)
			InitializePlatformSupportModulesInManaged (51ms)
			SetLoadedEditorAssemblies (4ms)
			BeforeProcessingInitializeOnLoad (81ms)
			ProcessInitializeOnLoadAttributes (163ms)
			ProcessInitializeOnLoadMethodAttributes (50ms)
			AfterProcessingInitializeOnLoad (0ms)
			EditorAssembliesLoaded (0ms)
		ExecutionOrderSort2 (0ms)
		AwakeInstancesAfterBackupRestoration (0ms)
========================================================================
Worker process is ready to serve import requests
Import Worker Mode flag is 0x00
Begin MonoManager ReloadAssembly
[Licensing::Client] Successfully resolved entitlement details
[Licensing::Module] License group:
  Id: 10171542316351-UnityPersXXXX
  Product: Unity Personal
  Type: Assigned
  Expiration: Unlimited
- Loaded All Assemblies, in  0.253 seconds
Refreshing native plugins compatible for Editor in 0.36 ms, found 0 plugins.
Native extension for WindowsStandalone target not found
Mono: successfully reloaded assembly
- Finished resetting the current domain, in  0.390 seconds
Domain Reload Profiling: 641ms
	BeginReloadAssembly (178ms)
		ExecutionOrderSort (0ms)
		DisableScriptedObjects (7ms)
		BackupInstance (0ms)
		ReleaseScriptingObjects (0ms)
		CreateAndSetChildDomain (31ms)
	RebuildCommonClasses (35ms)
	RebuildNativeTypeToScriptingClass (13ms)
	initialDomainReloadingComplete (16ms)
	LoadAllAssembliesAndSetupDomain (8ms)
		LoadAssemblies (98ms)
		RebuildTransferFunctionScriptingTraits (0ms)
		AnalyzeDomain (6ms)
			TypeCache.Refresh (3ms)
				TypeCache.ScanAssembly (0ms)
			BuildScriptInfoCaches (0ms)
			ResolveRequiredComponents (0ms)
	FinalizeReload (390ms)
		ReleaseScriptCaches (0ms)
		RebuildScriptCaches (0ms)
		SetupLoadedEditorAssemblies (299ms)
			LogAssemblyErrors (0ms)
			InitializePlatformSupportModulesInManaged (2ms)
			SetLoadedEditorAssemblies (3ms)
			BeforeProcessingInitializeOnLoad (142ms)
			ProcessInitializeOnLoadAttributes (131ms)
			ProcessInitializeOnLoadMethodAttributes (19ms)
			AfterProcessingInitializeOnLoad (3ms)
			EditorAssembliesLoaded (0ms)
		ExecutionOrderSort2 (0ms)
		AwakeInstancesAfterBackupRestoration (6ms)
WARNING: Shader Unsupported: 'Hidden/Universal Render Pipeline/Terrain/Lit (Base Pass)' - All subshaders removed
WARNING: Shader Did you use #pragma only_renderers and omit this platform?
WARNING: Shader If subshaders removal was intentional, you may have forgotten turning Fallback off?
WARNING: Shader Unsupported: 'Hidden/Universal Render Pipeline/Terrain/Lit (Base Pass)' - All subshaders removed
WARNING: Shader Did you use #pragma only_renderers and omit this platform?
WARNING: Shader If subshaders removal was intentional, you may have forgotten turning Fallback off?
WARNING: Shader Unsupported: 'Universal Render Pipeline/Terrain/Lit' - All subshaders removed
WARNING: Shader Did you use #pragma only_renderers and omit this platform?
WARNING: Shader If subshaders removal was intentional, you may have forgotten turning Fallback off?
WARNING: Shader Unsupported: 'Universal Render Pipeline/Terrain/Lit' - All subshaders removed
WARNING: Shader Did you use #pragma only_renderers and omit this platform?
WARNING: Shader If subshaders removal was intentional, you may have forgotten turning Fallback off?
Launched and connected shader compiler UnityShaderCompiler.exe after 0.01 seconds
Refreshing native plugins compatible for Editor in 0.41 ms, found 0 plugins.
Preloading 0 native plugins for Editor in 0.00 ms.
Unloading 34 Unused Serialized files (Serialized files now loaded: 0)
Unloading 6112 unused Assets / (7.0 MB). Loaded Objects now: 6715.
Memory consumption went from 120.2 MB to 113.2 MB.
Total: 11.436700 ms (FindLiveObjects: 0.777500 ms CreateObjectMapping: 1.037300 ms MarkObjects: 5.368900 ms  DeleteObjects: 4.249400 ms)

========================================================================
Received Import Request.
  Time since last request: 1864.142701 seconds.
  path: Assets/PolyOne/Cobwebs Pack/Model/SM_Cobwebs_06.fbx
  artifactKey: Guid(9b077db4ed4ab9b4aa193de9c4efa04e) Importer(815301076,1909f56bfc062723c751e8b465ee728b)
Start importing Assets/PolyOne/Cobwebs Pack/Model/SM_Cobwebs_06.fbx using Guid(9b077db4ed4ab9b4aa193de9c4efa04e) Importer(815301076,1909f56bfc062723c751e8b465ee728b) (PreviewImporter) -> (artifact id: 'aad369bdccbdda58fe177dcb464dc0bf') in 0.3018073 seconds
Number of updated asset objects reloaded before import = 0Number of asset objects unloaded after import = 8

========================================================================
Received Import Request.
  Time since last request: 0.000042 seconds.
  path: Assets/PolyOne/Cobwebs Pack/Model/SM_Cobwebs_15.fbx
  artifactKey: Guid(b9860d84586af854e81672850dceb406) Importer(815301076,1909f56bfc062723c751e8b465ee728b)
Start importing Assets/PolyOne/Cobwebs Pack/Model/SM_Cobwebs_15.fbx using Guid(b9860d84586af854e81672850dceb406) Importer(815301076,1909f56bfc062723c751e8b465ee728b) (PreviewImporter) -> (artifact id: '6ab9a856e44b79d19817b389e41ca138') in 0.0350411 seconds
Number of updated asset objects reloaded before import = 0Number of asset objects unloaded after import = 8

========================================================================
Received Import Request.
  Time since last request: 0.000039 seconds.
  path: Assets/Phoenix3D/P3D_Wallpaper_Carpet_and_CurtainFabric_Materials_Pack/Models/Other_Decoration.fbx
  artifactKey: Guid(ce0102d0fe66bee4c808a39b623bd445) Importer(815301076,1909f56bfc062723c751e8b465ee728b)
Start importing Assets/Phoenix3D/P3D_Wallpaper_Carpet_and_CurtainFabric_Materials_Pack/Models/Other_Decoration.fbx using Guid(ce0102d0fe66bee4c808a39b623bd445) Importer(815301076,1909f56bfc062723c751e8b465ee728b) (PreviewImporter) -> (artifact id: '5c8a819fdc6ef772c3f7592afd1787d4') in 0.1197003 seconds
Number of updated asset objects reloaded before import = 0Number of asset objects unloaded after import = 29

========================================================================
Received Import Request.
  Time since last request: 0.000027 seconds.
  path: Assets/PolyOne/Cobwebs Pack/Model/SM_Cobwebs_12.fbx
  artifactKey: Guid(76d233050ee6a8643acf480416909ea2) Importer(815301076,1909f56bfc062723c751e8b465ee728b)
Start importing Assets/PolyOne/Cobwebs Pack/Model/SM_Cobwebs_12.fbx using Guid(76d233050ee6a8643acf480416909ea2) Importer(815301076,1909f56bfc062723c751e8b465ee728b) (PreviewImporter) -> (artifact id: '57793dd17eccec0b41f3e37a9010a1b4') in 0.0340851 seconds
Number of updated asset objects reloaded before import = 0Number of asset objects unloaded after import = 8

========================================================================
Received Import Request.
  Time since last request: 0.000026 seconds.
  path: Assets/GVOZDY/Cardboard Boxes with Tape/Geometry/SM_box_2.fbx
  artifactKey: Guid(677dcc66220ab2f42b093c7a51dc01cc) Importer(815301076,1909f56bfc062723c751e8b465ee728b)
Start importing Assets/GVOZDY/Cardboard Boxes with Tape/Geometry/SM_box_2.fbx using Guid(677dcc66220ab2f42b093c7a51dc01cc) Importer(815301076,1909f56bfc062723c751e8b465ee728b) (PreviewImporter) -> (artifact id: '7ffe4bed70be858ee02965ac46f851e7') in 0.0349904 seconds
Number of updated asset objects reloaded before import = 0Number of asset objects unloaded after import = 8

========================================================================
Received Import Request.
  Time since last request: 0.000027 seconds.
  path: Assets/Phoenix3D/P3D_Wallpaper_Carpet_and_CurtainFabric_Materials_Pack/Models/Kitchen_Decoration.fbx
  artifactKey: Guid(718e6fe994a190f4da893119bdfd6427) Importer(815301076,1909f56bfc062723c751e8b465ee728b)
Start importing Assets/Phoenix3D/P3D_Wallpaper_Carpet_and_CurtainFabric_Materials_Pack/Models/Kitchen_Decoration.fbx using Guid(718e6fe994a190f4da893119bdfd6427) Importer(815301076,1909f56bfc062723c751e8b465ee728b) (PreviewImporter) -> (artifact id: '84d65aa32f624322db8c402c50ce868c') in 0.2966385 seconds
Number of updated asset objects reloaded before import = 0Number of asset objects unloaded after import = 96

========================================================================
Received Import Request.
  Time since last request: 0.000039 seconds.
  path: Assets/Scenes/Materials/Materials/6b05494dd64c1045738232d42853b4ec.mat
  artifactKey: Guid(d9adf4212c1949341a1db8e77a744675) Importer(815301076,1909f56bfc062723c751e8b465ee728b)
Start importing Assets/Scenes/Materials/Materials/6b05494dd64c1045738232d42853b4ec.mat using Guid(d9adf4212c1949341a1db8e77a744675) Importer(815301076,1909f56bfc062723c751e8b465ee728b) (PreviewImporter) -> (artifact id: '4fbcf7165ea6386f1f5ef28d31e71946') in 0.0245797 seconds
Number of updated asset objects reloaded before import = 0Number of asset objects unloaded after import = 2

========================================================================
Received Import Request.
  Time since last request: 0.000022 seconds.
  path: Assets/PolyOne/Cobwebs Pack/Model/SM_Cobwebs_13.fbx
  artifactKey: Guid(aa69a8420dc0c334ebeb762ec4bbd116) Importer(815301076,1909f56bfc062723c751e8b465ee728b)
Start importing Assets/PolyOne/Cobwebs Pack/Model/SM_Cobwebs_13.fbx using Guid(aa69a8420dc0c334ebeb762ec4bbd116) Importer(815301076,1909f56bfc062723c751e8b465ee728b) (PreviewImporter) -> (artifact id: '7867b848e83893b1603daa8848b68434') in 0.0357838 seconds
Number of updated asset objects reloaded before import = 0Number of asset objects unloaded after import = 8

========================================================================
Received Import Request.
  Time since last request: 0.000023 seconds.
  path: Assets/SourceFiles/Models/Stairs_650_400_300_Mesh.fbx
  artifactKey: Guid(7e0223e1d3e1733499accfa5ebffb67e) Importer(815301076,1909f56bfc062723c751e8b465ee728b)
Start importing Assets/SourceFiles/Models/Stairs_650_400_300_Mesh.fbx using Guid(7e0223e1d3e1733499accfa5ebffb67e) Importer(815301076,1909f56bfc062723c751e8b465ee728b) (PreviewImporter) -> (artifact id: 'a47f95537ebc9e1ee196431dc5a72370') in 0.0646785 seconds
Number of updated asset objects reloaded before import = 0Number of asset objects unloaded after import = 16

========================================================================
Received Import Request.
  Time since last request: 0.000027 seconds.
  path: Assets/4K Tiled Ground Textures p2/Textures/concrete/Materials/concrete_10.mat
  artifactKey: Guid(978904251c531c04c89610d16af52245) Importer(815301076,1909f56bfc062723c751e8b465ee728b)
Start importing Assets/4K Tiled Ground Textures p2/Textures/concrete/Materials/concrete_10.mat using Guid(978904251c531c04c89610d16af52245) Importer(815301076,1909f56bfc062723c751e8b465ee728b) (PreviewImporter) -> (artifact id: '01f03581a395c26bdb21f14cb2239bc3') in 0.1472549 seconds
Number of updated asset objects reloaded before import = 0Number of asset objects unloaded after import = 2

========================================================================
Received Import Request.
  Time since last request: 0.000036 seconds.
  path: Assets/Scenes/Materials/Materials/7e8c2829a4c4d6cd36273b5398676365.mat
  artifactKey: Guid(c9a658a512395e64cb9b2956663eba97) Importer(815301076,1909f56bfc062723c751e8b465ee728b)
Start importing Assets/Scenes/Materials/Materials/7e8c2829a4c4d6cd36273b5398676365.mat using Guid(c9a658a512395e64cb9b2956663eba97) Importer(815301076,1909f56bfc062723c751e8b465ee728b) (PreviewImporter) -> (artifact id: '05bbbb339fab50af1e1afe1790ea668b') in 0.0104357 seconds
Number of updated asset objects reloaded before import = 0Number of asset objects unloaded after import = 1

========================================================================
Received Import Request.
  Time since last request: 0.000036 seconds.
  path: Assets/Scenes/Materials/Materials/12a9a94f32e4ccbd343fe1baafdb25e4.mat
  artifactKey: Guid(084000c6735bfef43a1d76b34d402748) Importer(815301076,1909f56bfc062723c751e8b465ee728b)
Start importing Assets/Scenes/Materials/Materials/12a9a94f32e4ccbd343fe1baafdb25e4.mat using Guid(084000c6735bfef43a1d76b34d402748) Importer(815301076,1909f56bfc062723c751e8b465ee728b) (PreviewImporter) -> (artifact id: '78a3a281843d76343714a19fa6990883') in 0.008251 seconds
Number of updated asset objects reloaded before import = 0Number of asset objects unloaded after import = 1

========================================================================
Received Import Request.
  Time since last request: 0.000026 seconds.
  path: Assets/PolyOne/Cobwebs Pack/Model/SM_Cobwebs_02.fbx
  artifactKey: Guid(eab332fc6f46a20449332b695d373c19) Importer(815301076,1909f56bfc062723c751e8b465ee728b)
Start importing Assets/PolyOne/Cobwebs Pack/Model/SM_Cobwebs_02.fbx using Guid(eab332fc6f46a20449332b695d373c19) Importer(815301076,1909f56bfc062723c751e8b465ee728b) (PreviewImporter) -> (artifact id: 'eb3b24e0605c9a1b1c03a15e2333f64c') in 0.0326859 seconds
Number of updated asset objects reloaded before import = 0Number of asset objects unloaded after import = 8

========================================================================
Received Import Request.
  Time since last request: 26.275390 seconds.
  path: Assets/Pictures/Stand/Mesh/Materials/Cylinder001Mat.mat
  artifactKey: Guid(fdb7cff96ffe44940a73a6252da45980) Importer(815301076,1909f56bfc062723c751e8b465ee728b)
Start importing Assets/Pictures/Stand/Mesh/Materials/Cylinder001Mat.mat using Guid(fdb7cff96ffe44940a73a6252da45980) Importer(815301076,1909f56bfc062723c751e8b465ee728b) (PreviewImporter) -> (artifact id: '4428e58103272001f65cc9f324f09b8a') in 0.0323111 seconds
Number of updated asset objects reloaded before import = 0Number of asset objects unloaded after import = 1

========================================================================
Received Import Request.
  Time since last request: 3.165755 seconds.
  path: Packages/com.unity.searcher/Editor/Resources/FlatSkin/Font/Roboto-Bold.ttf
  artifactKey: Guid(3750c318f40cab44a97d3a81beaefeb3) Importer(815301076,1909f56bfc062723c751e8b465ee728b)
Start importing Packages/com.unity.searcher/Editor/Resources/FlatSkin/Font/Roboto-Bold.ttf using Guid(3750c318f40cab44a97d3a81beaefeb3) Importer(815301076,1909f56bfc062723c751e8b465ee728b) (PreviewImporter) -> (artifact id: 'f2a71ae6dbd06e7e365d1a23f3303761') in 0.0738218 seconds
Number of updated asset objects reloaded before import = 0Number of asset objects unloaded after import = 4

========================================================================
Received Import Request.
  Time since last request: 0.000027 seconds.
  path: Packages/com.unity.searcher/Editor/Resources/FlatSkin/Font/Roboto-Light.ttf
  artifactKey: Guid(2a29e27936eb547458f646f71125b264) Importer(815301076,1909f56bfc062723c751e8b465ee728b)
Start importing Packages/com.unity.searcher/Editor/Resources/FlatSkin/Font/Roboto-Light.ttf using Guid(2a29e27936eb547458f646f71125b264) Importer(815301076,1909f56bfc062723c751e8b465ee728b) (PreviewImporter) -> (artifact id: 'dd7d32794f8e2f5c224edb9f751be501') in 0.0122818 seconds
Number of updated asset objects reloaded before import = 0Number of asset objects unloaded after import = 4

========================================================================
Received Import Request.
  Time since last request: 3.525833 seconds.
  path: Assets/Pegasus Studios/Elegant Interior Decor 3D Models Pack/Resources/Textures/Door/door wood_normal.png
  artifactKey: Guid(d7159b4b6f908fe49be2fa977fc84ef5) Importer(815301076,1909f56bfc062723c751e8b465ee728b)
Start importing Assets/Pegasus Studios/Elegant Interior Decor 3D Models Pack/Resources/Textures/Door/door wood_normal.png using Guid(d7159b4b6f908fe49be2fa977fc84ef5) Importer(815301076,1909f56bfc062723c751e8b465ee728b) (PreviewImporter) -> (artifact id: '98c3ca91eda84b7cfa3334e779a66f92') in 0.0428245 seconds
Number of updated asset objects reloaded before import = 0Number of asset objects unloaded after import = 2

========================================================================
Received Import Request.
  Time since last request: 15.812442 seconds.
  path: Packages/com.unity.searcher/Editor/Resources/FlatSkin/Font/Roboto-MediumItalic.ttf
  artifactKey: Guid(d93c1bc57fdf1ac4dad1bf04fac05464) Importer(815301076,1909f56bfc062723c751e8b465ee728b)
Start importing Packages/com.unity.searcher/Editor/Resources/FlatSkin/Font/Roboto-MediumItalic.ttf using Guid(d93c1bc57fdf1ac4dad1bf04fac05464) Importer(815301076,1909f56bfc062723c751e8b465ee728b) (PreviewImporter) -> (artifact id: 'f340a7f6e22e240cb74d498957ebe2e0') in 0.0156985 seconds
Number of updated asset objects reloaded before import = 0Number of asset objects unloaded after import = 4

========================================================================
Received Import Request.
  Time since last request: 0.000018 seconds.
  path: Assets/Scenes/ZNS3D/Vintage Living Room Game Pack/Meshes/wall_with_one_window.fbx
  artifactKey: Guid(11e9c01b9f792814582f0b68e3a6aa60) Importer(815301076,1909f56bfc062723c751e8b465ee728b)
Start importing Assets/Scenes/ZNS3D/Vintage Living Room Game Pack/Meshes/wall_with_one_window.fbx using Guid(11e9c01b9f792814582f0b68e3a6aa60) Importer(815301076,1909f56bfc062723c751e8b465ee728b) (PreviewImporter) -> (artifact id: '52175691407655c77ccd0fdd1a13715c') in 0.1483396 seconds
Number of updated asset objects reloaded before import = 0Number of asset objects unloaded after import = 27

========================================================================
Received Import Request.
  Time since last request: 0.000023 seconds.
  path: Packages/com.unity.render-pipelines.universal/Editor/SceneTemplates/Standard/Materials/Ground.mat
  artifactKey: Guid(761d8e1f988ed2345a28312145c79c6e) Importer(815301076,1909f56bfc062723c751e8b465ee728b)
Start importing Packages/com.unity.render-pipelines.universal/Editor/SceneTemplates/Standard/Materials/Ground.mat using Guid(761d8e1f988ed2345a28312145c79c6e) Importer(815301076,1909f56bfc062723c751e8b465ee728b) (PreviewImporter) -> (artifact id: 'd7da6d43ff6a812bfb831600f6f9329e') in 0.0087661 seconds
Number of updated asset objects reloaded before import = 0Number of asset objects unloaded after import = 1

========================================================================
Received Import Request.
  Time since last request: 0.000026 seconds.
  path: Assets/JJ_InteriorDoorPack_V1/Textures/Frames/Materials/intDoor_metalFrame_mat_intDoor_metalFrame_white_AlbedoTransparency.mat
  artifactKey: Guid(88f2dda86a17f7640a96122ff70914e0) Importer(815301076,1909f56bfc062723c751e8b465ee728b)
Start importing Assets/JJ_InteriorDoorPack_V1/Textures/Frames/Materials/intDoor_metalFrame_mat_intDoor_metalFrame_white_AlbedoTransparency.mat using Guid(88f2dda86a17f7640a96122ff70914e0) Importer(815301076,1909f56bfc062723c751e8b465ee728b) (PreviewImporter) -> (artifact id: 'd4c2ea1b7deee2455acae2276eb20bb2') in 0.0308234 seconds
Number of updated asset objects reloaded before import = 0Number of asset objects unloaded after import = 2

========================================================================
Received Import Request.
  Time since last request: 0.000017 seconds.
  path: Assets/Scenes/Materials/Ground in TEST.mat
  artifactKey: Guid(231272c85eb1a4241bdb65a3a96cd19e) Importer(815301076,1909f56bfc062723c751e8b465ee728b)
Start importing Assets/Scenes/Materials/Ground in TEST.mat using Guid(231272c85eb1a4241bdb65a3a96cd19e) Importer(815301076,1909f56bfc062723c751e8b465ee728b) (PreviewImporter) -> (artifact id: 'ff5833c570e30d146030d83e2e4699a7') in 0.0079614 seconds
Number of updated asset objects reloaded before import = 0Number of asset objects unloaded after import = 1

========================================================================
Received Import Request.
  Time since last request: 0.000021 seconds.
  path: Assets/JJ_InteriorDoorPack_V1/Textures/Knobs/Materials/intDoor_knob01_mat_doorKnob_MetallicSmoothness.mat
  artifactKey: Guid(fde0b01d1e75f14449209295e3f8cd21) Importer(815301076,1909f56bfc062723c751e8b465ee728b)
Start importing Assets/JJ_InteriorDoorPack_V1/Textures/Knobs/Materials/intDoor_knob01_mat_doorKnob_MetallicSmoothness.mat using Guid(fde0b01d1e75f14449209295e3f8cd21) Importer(815301076,1909f56bfc062723c751e8b465ee728b) (PreviewImporter) -> (artifact id: '6fb3d30705afd5298482796c62a7435a') in 0.0283818 seconds
Number of updated asset objects reloaded before import = 0Number of asset objects unloaded after import = 2

========================================================================
Received Import Request.
  Time since last request: 6.757964 seconds.
  path: Assets/Tree_Packs/URP_Tree_Pack/Models/URP_Tree_3/Materials/Leaf.mat
  artifactKey: Guid(6a3720bc3012dca4fbea486b3c6854dd) Importer(815301076,1909f56bfc062723c751e8b465ee728b)
Start importing Assets/Tree_Packs/URP_Tree_Pack/Models/URP_Tree_3/Materials/Leaf.mat using Guid(6a3720bc3012dca4fbea486b3c6854dd) Importer(815301076,1909f56bfc062723c751e8b465ee728b) (PreviewImporter) -> (artifact id: '7f417b6734113fcdd87b7a370aaa19ce') in 0.015346 seconds
Number of updated asset objects reloaded before import = 0Number of asset objects unloaded after import = 2

========================================================================
Received Import Request.
  Time since last request: 0.000018 seconds.
  path: Assets/Tree_Packs/URP_Tree_Pack/Models/URP_Tree_2/Materials/Leaf.mat
  artifactKey: Guid(7b70eedbfdda69340a0654a023bbfa72) Importer(815301076,1909f56bfc062723c751e8b465ee728b)
Start importing Assets/Tree_Packs/URP_Tree_Pack/Models/URP_Tree_2/Materials/Leaf.mat using Guid(7b70eedbfdda69340a0654a023bbfa72) Importer(815301076,1909f56bfc062723c751e8b465ee728b) (PreviewImporter) -> (artifact id: 'fc09b99b7b182b9347c9780ecc258f24') in 0.0391022 seconds
Number of updated asset objects reloaded before import = 0Number of asset objects unloaded after import = 2

========================================================================
Received Import Request.
  Time since last request: 0.000019 seconds.
  path: Assets/Scenes/ZNS3D/Vintage Living Room Game Pack/Meshes/antique_light.fbx
  artifactKey: Guid(7e34fc9651579a149b2f69b873065c30) Importer(815301076,1909f56bfc062723c751e8b465ee728b)
Start importing Assets/Scenes/ZNS3D/Vintage Living Room Game Pack/Meshes/antique_light.fbx using Guid(7e34fc9651579a149b2f69b873065c30) Importer(815301076,1909f56bfc062723c751e8b465ee728b) (PreviewImporter) -> (artifact id: 'efdfa7f2c5afe6c5538bb2061c4320bb') in 0.1466425 seconds
Number of updated asset objects reloaded before import = 0Number of asset objects unloaded after import = 41

========================================================================
Received Import Request.
  Time since last request: 14.226532 seconds.
  path: Assets/GVOZDY/Cardboard Boxes with Tape/Materials/M_box_1_greytape.mat
  artifactKey: Guid(dd1390992085262429b65a58fc068d2a) Importer(815301076,1909f56bfc062723c751e8b465ee728b)
Start importing Assets/GVOZDY/Cardboard Boxes with Tape/Materials/M_box_1_greytape.mat using Guid(dd1390992085262429b65a58fc068d2a) Importer(815301076,1909f56bfc062723c751e8b465ee728b) (PreviewImporter) -> (artifact id: 'db71873a3894eff58106544c9f29fa13') in 0.2997917 seconds
Number of updated asset objects reloaded before import = 0Number of asset objects unloaded after import = 5

========================================================================
Received Import Request.
  Time since last request: 0.000022 seconds.
  path: Assets/Забор/XTNFZLSRMZB4DAPUNN2X3AC0X.obj
  artifactKey: Guid(867a06f1646d8824a9366ed32560381b) Importer(815301076,1909f56bfc062723c751e8b465ee728b)
Start importing Assets/Забор/XTNFZLSRMZB4DAPUNN2X3AC0X.obj using Guid(867a06f1646d8824a9366ed32560381b) Importer(815301076,1909f56bfc062723c751e8b465ee728b) (PreviewImporter) -> (artifact id: 'a7f51a238afbdbe0f0a4d11a4ca81c56') in 0.0674666 seconds
Number of updated asset objects reloaded before import = 0Number of asset objects unloaded after import = 25

========================================================================
Received Import Request.
  Time since last request: 0.000026 seconds.
  path: Assets/Дом/LPPLVW4GUP37SDTPKFJIHRGRE.obj
  artifactKey: Guid(037efff92dad4de4f80169ec1e81c32f) Importer(815301076,1909f56bfc062723c751e8b465ee728b)
Start importing Assets/Дом/LPPLVW4GUP37SDTPKFJIHRGRE.obj using Guid(037efff92dad4de4f80169ec1e81c32f) Importer(815301076,1909f56bfc062723c751e8b465ee728b) (PreviewImporter) -> (artifact id: '0b8b36a245d511e85e67c725799c10c1') in 0.1121268 seconds
Number of updated asset objects reloaded before import = 0Number of asset objects unloaded after import = 47

========================================================================
Received Import Request.
  Time since last request: 0.000023 seconds.
  path: Assets/asset_store/key_lock/material/m_lock_01.mat
  artifactKey: Guid(60ff8b2bfdc13c146841ffc7970a3aeb) Importer(815301076,1909f56bfc062723c751e8b465ee728b)
Start importing Assets/asset_store/key_lock/material/m_lock_01.mat using Guid(60ff8b2bfdc13c146841ffc7970a3aeb) Importer(815301076,1909f56bfc062723c751e8b465ee728b) (PreviewImporter) -> (artifact id: 'c5a4e9698dc23a860cc712332511f897') in 0.0993986 seconds
Number of updated asset objects reloaded before import = 0Number of asset objects unloaded after import = 5

========================================================================
Received Import Request.
  Time since last request: 24.997343 seconds.
  path: Assets/Scenes/ZNS3D/Vintage Living Room Game Pack/Meshes/ceiling_small.fbx
  artifactKey: Guid(12add6c454ec1314592235850b7760ed) Importer(815301076,1909f56bfc062723c751e8b465ee728b)
Start importing Assets/Scenes/ZNS3D/Vintage Living Room Game Pack/Meshes/ceiling_small.fbx using Guid(12add6c454ec1314592235850b7760ed) Importer(815301076,1909f56bfc062723c751e8b465ee728b) (PreviewImporter) -> (artifact id: 'b24f47389b6b34a2b673566a249b778a') in 0.0532737 seconds
Number of updated asset objects reloaded before import = 0Number of asset objects unloaded after import = 8

========================================================================
Received Import Request.
  Time since last request: 0.046721 seconds.
  path: Assets/Scenes/ZNS3D/Vintage Living Room Game Pack/Meshes/light_desk.fbx
  artifactKey: Guid(60acb1fb42043d346bc65a46466d3598) Importer(815301076,1909f56bfc062723c751e8b465ee728b)
Start importing Assets/Scenes/ZNS3D/Vintage Living Room Game Pack/Meshes/light_desk.fbx using Guid(60acb1fb42043d346bc65a46466d3598) Importer(815301076,1909f56bfc062723c751e8b465ee728b) (PreviewImporter) -> (artifact id: 'ba619b0043b83ab5d9e2613468b6cc7b') in 0.1076779 seconds
Number of updated asset objects reloaded before import = 0Number of asset objects unloaded after import = 10

========================================================================
Received Import Request.
  Time since last request: 0.000016 seconds.
  path: Assets/Scenes/ZNS3D/Vintage Living Room Game Pack/Meshes/carpet_1.fbx
  artifactKey: Guid(098c0ef3b2013ca44a4c45d2ab223a00) Importer(815301076,1909f56bfc062723c751e8b465ee728b)
Start importing Assets/Scenes/ZNS3D/Vintage Living Room Game Pack/Meshes/carpet_1.fbx using Guid(098c0ef3b2013ca44a4c45d2ab223a00) Importer(815301076,1909f56bfc062723c751e8b465ee728b) (PreviewImporter) -> (artifact id: '4455a96397b0575339d361091ba0e729') in 0.0790325 seconds
Number of updated asset objects reloaded before import = 0Number of asset objects unloaded after import = 10

========================================================================
Received Import Request.
  Time since last request: 0.000022 seconds.
  path: Assets/Scenes/ZNS3D/Vintage Living Room Game Pack/Meshes/vase_3.fbx
  artifactKey: Guid(9dfe8949ad56ab7439a5db5d2745db7c) Importer(815301076,1909f56bfc062723c751e8b465ee728b)
Start importing Assets/Scenes/ZNS3D/Vintage Living Room Game Pack/Meshes/vase_3.fbx using Guid(9dfe8949ad56ab7439a5db5d2745db7c) Importer(815301076,1909f56bfc062723c751e8b465ee728b) (PreviewImporter) -> (artifact id: '742aaf9c72819e231c58ed3e54d2461c') in 0.0663726 seconds
Number of updated asset objects reloaded before import = 0Number of asset objects unloaded after import = 10

========================================================================
Received Import Request.
  Time since last request: 0.000023 seconds.
  path: Assets/Scenes/ZNS3D/Vintage Living Room Game Pack/Meshes/photo_4.fbx
  artifactKey: Guid(946f28e792e2584498b0f9e2de74a1cc) Importer(815301076,1909f56bfc062723c751e8b465ee728b)
Start importing Assets/Scenes/ZNS3D/Vintage Living Room Game Pack/Meshes/photo_4.fbx using Guid(946f28e792e2584498b0f9e2de74a1cc) Importer(815301076,1909f56bfc062723c751e8b465ee728b) (PreviewImporter) -> (artifact id: '804d1c88eccd7d7ce05a160c36367ace') in 0.0613362 seconds
Number of updated asset objects reloaded before import = 0Number of asset objects unloaded after import = 10

========================================================================
Received Import Request.
  Time since last request: 0.000018 seconds.
  path: Assets/Scenes/ZNS3D/Vintage Living Room Game Pack/Meshes/carpet_2.fbx
  artifactKey: Guid(478f573ecb19d01439759221cab656fe) Importer(815301076,1909f56bfc062723c751e8b465ee728b)
Start importing Assets/Scenes/ZNS3D/Vintage Living Room Game Pack/Meshes/carpet_2.fbx using Guid(478f573ecb19d01439759221cab656fe) Importer(815301076,1909f56bfc062723c751e8b465ee728b) (PreviewImporter) -> (artifact id: '65bb128132e25afc753cf0d1511f2920') in 0.055576 seconds
Number of updated asset objects reloaded before import = 0Number of asset objects unloaded after import = 10

========================================================================
Received Import Request.
  Time since last request: 2.736601 seconds.
  path: Assets/Scenes/ZNS3D/Vintage Living Room Game Pack/Meshes/painting_3.fbx
  artifactKey: Guid(108eeed35e1c3b44fa626e5ab8046bca) Importer(815301076,1909f56bfc062723c751e8b465ee728b)
Start importing Assets/Scenes/ZNS3D/Vintage Living Room Game Pack/Meshes/painting_3.fbx using Guid(108eeed35e1c3b44fa626e5ab8046bca) Importer(815301076,1909f56bfc062723c751e8b465ee728b) (PreviewImporter) -> (artifact id: '8f59ab7f318103fabba99f9d0bcb8770') in 0.0452577 seconds
Number of updated asset objects reloaded before import = 0Number of asset objects unloaded after import = 10

========================================================================
Received Import Request.
  Time since last request: 0.000020 seconds.
  path: Assets/Scenes/ZNS3D/Vintage Living Room Game Pack/Meshes/painting_2.fbx
  artifactKey: Guid(054e41663f1d7364d8a122a1c1992b36) Importer(815301076,1909f56bfc062723c751e8b465ee728b)
Start importing Assets/Scenes/ZNS3D/Vintage Living Room Game Pack/Meshes/painting_2.fbx using Guid(054e41663f1d7364d8a122a1c1992b36) Importer(815301076,1909f56bfc062723c751e8b465ee728b) (PreviewImporter) -> (artifact id: '049ab3e1730095dc0b917e086b1c722f') in 0.0491133 seconds
Number of updated asset objects reloaded before import = 0Number of asset objects unloaded after import = 10

========================================================================
Received Import Request.
  Time since last request: 0.000027 seconds.
  path: Assets/Scenes/ZNS3D/Vintage Living Room Game Pack/Meshes/book_6.fbx
  artifactKey: Guid(d8f5e1916fdecca4280e9f2d4c34fd9e) Importer(815301076,1909f56bfc062723c751e8b465ee728b)
Start importing Assets/Scenes/ZNS3D/Vintage Living Room Game Pack/Meshes/book_6.fbx using Guid(d8f5e1916fdecca4280e9f2d4c34fd9e) Importer(815301076,1909f56bfc062723c751e8b465ee728b) (PreviewImporter) -> (artifact id: 'e29a6cc556db562e879a8b3c93480b1b') in 0.0508724 seconds
Number of updated asset objects reloaded before import = 0Number of asset objects unloaded after import = 10

========================================================================
Received Import Request.
  Time since last request: 0.000018 seconds.
  path: Assets/Scenes/ZNS3D/Vintage Living Room Game Pack/Meshes/book_1.fbx
  artifactKey: Guid(2ad6937aba70eed459e499a19d6b3c76) Importer(815301076,1909f56bfc062723c751e8b465ee728b)
Start importing Assets/Scenes/ZNS3D/Vintage Living Room Game Pack/Meshes/book_1.fbx using Guid(2ad6937aba70eed459e499a19d6b3c76) Importer(815301076,1909f56bfc062723c751e8b465ee728b) (PreviewImporter) -> (artifact id: '74032a84def0fc4d58ab7f4758b86f44') in 0.0398424 seconds
Number of updated asset objects reloaded before import = 0Number of asset objects unloaded after import = 10

========================================================================
Received Import Request.
  Time since last request: 0.000019 seconds.
  path: Assets/Scenes/ZNS3D/Vintage Living Room Game Pack/Meshes/book_8.fbx
  artifactKey: Guid(ce30244396c49274893778e768a2a204) Importer(815301076,1909f56bfc062723c751e8b465ee728b)
Start importing Assets/Scenes/ZNS3D/Vintage Living Room Game Pack/Meshes/book_8.fbx using Guid(ce30244396c49274893778e768a2a204) Importer(815301076,1909f56bfc062723c751e8b465ee728b) (PreviewImporter) -> (artifact id: '5b0493b87203fbdc5a3db7618cdf81ab') in 0.0383892 seconds
Number of updated asset objects reloaded before import = 0Number of asset objects unloaded after import = 10

========================================================================
Received Import Request.
  Time since last request: 0.644900 seconds.
  path: Assets/Scenes/ZNS3D/Vintage Living Room Game Pack/Meshes/curtain_2.fbx
  artifactKey: Guid(7c3b83889b7df884785dc243960ac365) Importer(815301076,1909f56bfc062723c751e8b465ee728b)
Start importing Assets/Scenes/ZNS3D/Vintage Living Room Game Pack/Meshes/curtain_2.fbx using Guid(7c3b83889b7df884785dc243960ac365) Importer(815301076,1909f56bfc062723c751e8b465ee728b) (PreviewImporter) -> (artifact id: '96db7015aa40db4bfa6ab89ba3941292') in 0.0413658 seconds
Number of updated asset objects reloaded before import = 0Number of asset objects unloaded after import = 10

========================================================================
Received Import Request.
  Time since last request: 0.000020 seconds.
  path: Assets/Scenes/ZNS3D/Vintage Living Room Game Pack/Meshes/tv_desk.fbx
  artifactKey: Guid(cd7dc6a740da35a4fb04d3a4f6b803ef) Importer(815301076,1909f56bfc062723c751e8b465ee728b)
Start importing Assets/Scenes/ZNS3D/Vintage Living Room Game Pack/Meshes/tv_desk.fbx using Guid(cd7dc6a740da35a4fb04d3a4f6b803ef) Importer(815301076,1909f56bfc062723c751e8b465ee728b) (PreviewImporter) -> (artifact id: '3f33ccd26730495b1a010937ef7e0d19') in 0.0518256 seconds
Number of updated asset objects reloaded before import = 0Number of asset objects unloaded after import = 17

========================================================================
Received Import Request.
  Time since last request: 0.000027 seconds.
  path: Assets/Scenes/ZNS3D/Vintage Living Room Game Pack/Meshes/sofa_big.fbx
  artifactKey: Guid(dff72c261e91dc945b3157de4717a59b) Importer(815301076,1909f56bfc062723c751e8b465ee728b)
Start importing Assets/Scenes/ZNS3D/Vintage Living Room Game Pack/Meshes/sofa_big.fbx using Guid(dff72c261e91dc945b3157de4717a59b) Importer(815301076,1909f56bfc062723c751e8b465ee728b) (PreviewImporter) -> (artifact id: 'b982b5702448c7eb6f23ee6cd0d8e2f6') in 0.0709877 seconds
Number of updated asset objects reloaded before import = 0Number of asset objects unloaded after import = 27

========================================================================
Received Import Request.
  Time since last request: 0.000016 seconds.
  path: Assets/JJ_InteriorDoorPack_V1/Materials/Knobs/mat_doorKnob_brass.mat
  artifactKey: Guid(f5ff2560e39df5b4db5703fd2fcabd3f) Importer(815301076,1909f56bfc062723c751e8b465ee728b)
Start importing Assets/JJ_InteriorDoorPack_V1/Materials/Knobs/mat_doorKnob_brass.mat using Guid(f5ff2560e39df5b4db5703fd2fcabd3f) Importer(815301076,1909f56bfc062723c751e8b465ee728b) (PreviewImporter) -> (artifact id: '9e25f5b06c6d0f6d350dac48d498a336') in 0.0546249 seconds
Number of updated asset objects reloaded before import = 0Number of asset objects unloaded after import = 4

========================================================================
Received Import Request.
  Time since last request: 0.000025 seconds.
  path: Assets/JJ_InteriorDoorPack_V1/Materials/mat_door1.mat
  artifactKey: Guid(ed7456f7ea3eb8c44823541593c9eb3e) Importer(815301076,1909f56bfc062723c751e8b465ee728b)
Start importing Assets/JJ_InteriorDoorPack_V1/Materials/mat_door1.mat using Guid(ed7456f7ea3eb8c44823541593c9eb3e) Importer(815301076,1909f56bfc062723c751e8b465ee728b) (PreviewImporter) -> (artifact id: '047a53953008d81b674c1e9cb8f5ef8e') in 0.0941422 seconds
Number of updated asset objects reloaded before import = 0Number of asset objects unloaded after import = 4

========================================================================
Received Import Request.
  Time since last request: 0.086195 seconds.
  path: Assets/Scenes/ZNS3D/Vintage Living Room Game Pack/Meshes/tea_table.fbx
  artifactKey: Guid(28e5386a8cb06564da7c6d88ce9ff816) Importer(815301076,1909f56bfc062723c751e8b465ee728b)
Start importing Assets/Scenes/ZNS3D/Vintage Living Room Game Pack/Meshes/tea_table.fbx using Guid(28e5386a8cb06564da7c6d88ce9ff816) Importer(815301076,1909f56bfc062723c751e8b465ee728b) (PreviewImporter) -> (artifact id: 'ff0a653fa5043a6027308ca83130b03f') in 0.0453052 seconds
Number of updated asset objects reloaded before import = 0Number of asset objects unloaded after import = 10

========================================================================
Received Import Request.
  Time since last request: 0.000035 seconds.
  path: Assets/Scenes/ZNS3D/Vintage Living Room Game Pack/Meshes/wall_default.fbx
  artifactKey: Guid(f5d3267a62a1656429251807c38d9395) Importer(815301076,1909f56bfc062723c751e8b465ee728b)
Start importing Assets/Scenes/ZNS3D/Vintage Living Room Game Pack/Meshes/wall_default.fbx using Guid(f5d3267a62a1656429251807c38d9395) Importer(815301076,1909f56bfc062723c751e8b465ee728b) (PreviewImporter) -> (artifact id: 'eeaa0c822c171859bb67f474f37aff0b') in 0.032596 seconds
Number of updated asset objects reloaded before import = 0Number of asset objects unloaded after import = 8

========================================================================
Received Import Request.
  Time since last request: 0.000020 seconds.
  path: Assets/Scenes/ZNS3D/Vintage Living Room Game Pack/Meshes/wall_with_big_door.fbx
  artifactKey: Guid(1d709fa2c0bfeb1409d6ba2b4f5361f3) Importer(815301076,1909f56bfc062723c751e8b465ee728b)
Start importing Assets/Scenes/ZNS3D/Vintage Living Room Game Pack/Meshes/wall_with_big_door.fbx using Guid(1d709fa2c0bfeb1409d6ba2b4f5361f3) Importer(815301076,1909f56bfc062723c751e8b465ee728b) (PreviewImporter) -> (artifact id: '9d8849f4c05452b0c3228168a0ccc352') in 0.06187 seconds
Number of updated asset objects reloaded before import = 0Number of asset objects unloaded after import = 26

========================================================================
Received Import Request.
  Time since last request: 0.000022 seconds.
  path: Assets/Scenes/ZNS3D/Vintage Living Room Game Pack/Meshes/wall_corner.fbx
  artifactKey: Guid(fe1eee9b20be2db46af7b2617e16cc32) Importer(815301076,1909f56bfc062723c751e8b465ee728b)
Start importing Assets/Scenes/ZNS3D/Vintage Living Room Game Pack/Meshes/wall_corner.fbx using Guid(fe1eee9b20be2db46af7b2617e16cc32) Importer(815301076,1909f56bfc062723c751e8b465ee728b) (PreviewImporter) -> (artifact id: '76e7af2969b1c69b0e6172d99e12b850') in 0.036643 seconds
Number of updated asset objects reloaded before import = 0Number of asset objects unloaded after import = 8

========================================================================
Received Import Request.
  Time since last request: 0.494337 seconds.
  path: Assets/Materials/Material_Grass.mat
  artifactKey: Guid(3f67efe581643214ea62e132b9a1ab3f) Importer(815301076,1909f56bfc062723c751e8b465ee728b)
Start importing Assets/Materials/Material_Grass.mat using Guid(3f67efe581643214ea62e132b9a1ab3f) Importer(815301076,1909f56bfc062723c751e8b465ee728b) (PreviewImporter) -> (artifact id: '735a7285488f7c20c45c0f0e84182e2a') in 0.0067918 seconds
Number of updated asset objects reloaded before import = 0Number of asset objects unloaded after import = 3

========================================================================
Received Import Request.
  Time since last request: 0.000020 seconds.
  path: Assets/Scenes/Materials/New Material.mat
  artifactKey: Guid(7de18603b1da9794ba2f40d4f96f3e6d) Importer(815301076,1909f56bfc062723c751e8b465ee728b)
Start importing Assets/Scenes/Materials/New Material.mat using Guid(7de18603b1da9794ba2f40d4f96f3e6d) Importer(815301076,1909f56bfc062723c751e8b465ee728b) (PreviewImporter) -> (artifact id: 'f4720d1bd877a5fdae628c3d0a3be83b') in 0.0075648 seconds
Number of updated asset objects reloaded before import = 0Number of asset objects unloaded after import = 1

========================================================================
Received Import Request.
  Time since last request: 0.030179 seconds.
  path: Assets/Scenes/Materials/New Material 1.mat
  artifactKey: Guid(3d56b373653580249883c5006a1dc7f7) Importer(815301076,1909f56bfc062723c751e8b465ee728b)
Start importing Assets/Scenes/Materials/New Material 1.mat using Guid(3d56b373653580249883c5006a1dc7f7) Importer(815301076,1909f56bfc062723c751e8b465ee728b) (PreviewImporter) -> (artifact id: '9d821ceae9ecde52d22678aef1868722') in 0.0058722 seconds
Number of updated asset objects reloaded before import = 0Number of asset objects unloaded after import = 1

========================================================================
Received Import Request.
  Time since last request: 0.006937 seconds.
  path: Assets/Scenes/Materials/New Material 3.mat
  artifactKey: Guid(ebf2d985c473cc040b361ba132e7f111) Importer(815301076,1909f56bfc062723c751e8b465ee728b)
Start importing Assets/Scenes/Materials/New Material 3.mat using Guid(ebf2d985c473cc040b361ba132e7f111) Importer(815301076,1909f56bfc062723c751e8b465ee728b) (PreviewImporter) -> (artifact id: 'e7f5042da4c566e446ca706b1ed2aedb') in 0.0068486 seconds
Number of updated asset objects reloaded before import = 0Number of asset objects unloaded after import = 1

========================================================================
Received Import Request.
  Time since last request: 0.004379 seconds.
  path: Assets/Scenes/Materials/New Material 5.mat
  artifactKey: Guid(4c659cd53d8dd28499a2fc1af75c6cb5) Importer(815301076,1909f56bfc062723c751e8b465ee728b)
Start importing Assets/Scenes/Materials/New Material 5.mat using Guid(4c659cd53d8dd28499a2fc1af75c6cb5) Importer(815301076,1909f56bfc062723c751e8b465ee728b) (PreviewImporter) -> (artifact id: '2325ae098293b7959e4bd13003c75923') in 0.0059774 seconds
Number of updated asset objects reloaded before import = 0Number of asset objects unloaded after import = 1

========================================================================
Received Import Request.
  Time since last request: 0.005895 seconds.
  path: Assets/Scenes/Materials/New Material 7.mat
  artifactKey: Guid(0f6871e9daae53542984ddc1ab3eb9f7) Importer(815301076,1909f56bfc062723c751e8b465ee728b)
Start importing Assets/Scenes/Materials/New Material 7.mat using Guid(0f6871e9daae53542984ddc1ab3eb9f7) Importer(815301076,1909f56bfc062723c751e8b465ee728b) (PreviewImporter) -> (artifact id: '0c4f2d91c0ffc09d8a18d6755d0b1a2c') in 0.0053914 seconds
Number of updated asset objects reloaded before import = 0Number of asset objects unloaded after import = 1

========================================================================
Received Import Request.
  Time since last request: 0.007713 seconds.
  path: Assets/Scenes/Materials/New Material 9.mat
  artifactKey: Guid(aac821dc3d9062b4e88dbbac307ab5ae) Importer(815301076,1909f56bfc062723c751e8b465ee728b)
Start importing Assets/Scenes/Materials/New Material 9.mat using Guid(aac821dc3d9062b4e88dbbac307ab5ae) Importer(815301076,1909f56bfc062723c751e8b465ee728b) (PreviewImporter) -> (artifact id: '9cf23f213cd1b4f3dcaf9056e814a808') in 0.0063857 seconds
Number of updated asset objects reloaded before import = 0Number of asset objects unloaded after import = 1

========================================================================
Received Import Request.
  Time since last request: 0.006573 seconds.
  path: Assets/Scenes/Materials/New Material 11.mat
  artifactKey: Guid(f6dce69d663ebcf4eb72060b7d58a4c0) Importer(815301076,1909f56bfc062723c751e8b465ee728b)
Start importing Assets/Scenes/Materials/New Material 11.mat using Guid(f6dce69d663ebcf4eb72060b7d58a4c0) Importer(815301076,1909f56bfc062723c751e8b465ee728b) (PreviewImporter) -> (artifact id: '837a31c2f306607852e70e28d9a65cf3') in 0.0060511 seconds
Number of updated asset objects reloaded before import = 0Number of asset objects unloaded after import = 1

========================================================================
Received Import Request.
  Time since last request: 0.005837 seconds.
  path: Assets/Scenes/Materials/New Material 13.mat
  artifactKey: Guid(39e986b7521a0f64e940f68920f8f26f) Importer(815301076,1909f56bfc062723c751e8b465ee728b)
Start importing Assets/Scenes/Materials/New Material 13.mat using Guid(39e986b7521a0f64e940f68920f8f26f) Importer(815301076,1909f56bfc062723c751e8b465ee728b) (PreviewImporter) -> (artifact id: 'ac34d9d623ed5d878ff107e80d7626a3') in 0.0108956 seconds
Number of updated asset objects reloaded before import = 0Number of asset objects unloaded after import = 1

========================================================================
Received Import Request.
  Time since last request: 2.386802 seconds.
  path: Assets/SourceFiles/Textures/Repeating Tiles/Tile_Grass_normal.png
  artifactKey: Guid(9a038231c9ed1ca4f97935e6c4257a48) Importer(815301076,1909f56bfc062723c751e8b465ee728b)
Start importing Assets/SourceFiles/Textures/Repeating Tiles/Tile_Grass_normal.png using Guid(9a038231c9ed1ca4f97935e6c4257a48) Importer(815301076,1909f56bfc062723c751e8b465ee728b) (PreviewImporter) -> (artifact id: '3a919ca59ff6eb0877c35048ee8dcfc5') in 0.0279616 seconds
Number of updated asset objects reloaded before import = 0Number of asset objects unloaded after import = 2

========================================================================
Received Import Request.
  Time since last request: 4.474475 seconds.
  path: Assets/SourceFiles/Textures/Repeating Tiles/SandWavey_Normal.tif
  artifactKey: Guid(2421a29b648cc4e45a27416c73e64106) Importer(815301076,1909f56bfc062723c751e8b465ee728b)
Start importing Assets/SourceFiles/Textures/Repeating Tiles/SandWavey_Normal.tif using Guid(2421a29b648cc4e45a27416c73e64106) Importer(815301076,1909f56bfc062723c751e8b465ee728b) (PreviewImporter) -> (artifact id: '759d0f90bf966a436f36b173be8a4bc4') in 0.0336122 seconds
Number of updated asset objects reloaded before import = 0Number of asset objects unloaded after import = 2

========================================================================
Received Import Request.
  Time since last request: 8.513972 seconds.
  path: Assets/danthaigames/DS Furniture Pack 01/Assets/FBX/BigPictureFrame.fbx
  artifactKey: Guid(57f72f30bafe1a546a4847fb826f1340) Importer(815301076,1909f56bfc062723c751e8b465ee728b)
Start importing Assets/danthaigames/DS Furniture Pack 01/Assets/FBX/BigPictureFrame.fbx using Guid(57f72f30bafe1a546a4847fb826f1340) Importer(815301076,1909f56bfc062723c751e8b465ee728b) (PreviewImporter) -> (artifact id: '8b98b97d4787a48b74a614c978890cae') in 0.0427456 seconds
Number of updated asset objects reloaded before import = 0Number of asset objects unloaded after import = 8

========================================================================
Received Import Request.
  Time since last request: 0.000017 seconds.
  path: Assets/Часы/9/model.obj
  artifactKey: Guid(ec3b2fa1f52020d4caf43b4ca3635f38) Importer(815301076,1909f56bfc062723c751e8b465ee728b)
Start importing Assets/Часы/9/model.obj using Guid(ec3b2fa1f52020d4caf43b4ca3635f38) Importer(815301076,1909f56bfc062723c751e8b465ee728b) (PreviewImporter) -> (artifact id: 'bd8859847c2575f2aa924650294a8f96') in 0.0851448 seconds
Number of updated asset objects reloaded before import = 0Number of asset objects unloaded after import = 34

========================================================================
Received Import Request.
  Time since last request: 0.000090 seconds.
  path: Assets/SpaceZeta_StreetLamps/Base Meshes/StreetLamp2_ShortDouble.fbx
  artifactKey: Guid(7c254f7259153db43b84ee9acf8f2e96) Importer(815301076,1909f56bfc062723c751e8b465ee728b)
Start importing Assets/SpaceZeta_StreetLamps/Base Meshes/StreetLamp2_ShortDouble.fbx using Guid(7c254f7259153db43b84ee9acf8f2e96) Importer(815301076,1909f56bfc062723c751e8b465ee728b) (PreviewImporter) -> (artifact id: '1b167d0496698a3244d2304f639da2b5') in 0.0334047 seconds
Number of updated asset objects reloaded before import = 0Number of asset objects unloaded after import = 8

========================================================================
Received Import Request.
  Time since last request: 48.835320 seconds.
  path: Assets/3Dfrk/Frames with pictures/Materials/Paint_01.mat
  artifactKey: Guid(97923140cb419a1448fee6c0cbe7872e) Importer(815301076,1909f56bfc062723c751e8b465ee728b)
Start importing Assets/3Dfrk/Frames with pictures/Materials/Paint_01.mat using Guid(97923140cb419a1448fee6c0cbe7872e) Importer(815301076,1909f56bfc062723c751e8b465ee728b) (PreviewImporter) -> (artifact id: 'b61f09b9c81c3a62c6507aeff725c839') in 0.0895474 seconds
Number of updated asset objects reloaded before import = 0Number of asset objects unloaded after import = 2

========================================================================
Received Import Request.
  Time since last request: 0.000025 seconds.
  path: Assets/3Dfrk/Frames with pictures/Materials/Paint_06.mat
  artifactKey: Guid(ddc8c45e4ad44ac4b97855d23d3ecdd2) Importer(815301076,1909f56bfc062723c751e8b465ee728b)
Start importing Assets/3Dfrk/Frames with pictures/Materials/Paint_06.mat using Guid(ddc8c45e4ad44ac4b97855d23d3ecdd2) Importer(815301076,1909f56bfc062723c751e8b465ee728b) (PreviewImporter) -> (artifact id: '195af0daf74302595a94a0f20f70d245') in 0.0491536 seconds
Number of updated asset objects reloaded before import = 0Number of asset objects unloaded after import = 2

========================================================================
Received Import Request.
  Time since last request: 0.000051 seconds.
  path: Assets/3Dfrk/Frames with pictures/Materials/Paint_07.mat
  artifactKey: Guid(66b8d2bec15e0104b999d5c7dfb45fdc) Importer(815301076,1909f56bfc062723c751e8b465ee728b)
Start importing Assets/3Dfrk/Frames with pictures/Materials/Paint_07.mat using Guid(66b8d2bec15e0104b999d5c7dfb45fdc) Importer(815301076,1909f56bfc062723c751e8b465ee728b) (PreviewImporter) -> (artifact id: '83a17ee662f1da43aace3d1fd6616263') in 0.058033 seconds
Number of updated asset objects reloaded before import = 0Number of asset objects unloaded after import = 2

========================================================================
Received Import Request.
  Time since last request: 0.000024 seconds.
  path: Assets/3Dfrk/Frames with pictures/Materials/Paint_3.mat
  artifactKey: Guid(7fd5267455a13f94596a279c5dc4538f) Importer(815301076,1909f56bfc062723c751e8b465ee728b)
Start importing Assets/3Dfrk/Frames with pictures/Materials/Paint_3.mat using Guid(7fd5267455a13f94596a279c5dc4538f) Importer(815301076,1909f56bfc062723c751e8b465ee728b) (PreviewImporter) -> (artifact id: '33cc406c9ad246da067bc7fe8eaab4f5') in 0.0094788 seconds
Number of updated asset objects reloaded before import = 0Number of asset objects unloaded after import = 2

========================================================================
Received Import Request.
  Time since last request: 0.445951 seconds.
  path: Assets/3Dfrk/Frames with pictures/Materials/Paint_09.mat
  artifactKey: Guid(20f382ca5b67580458b454c14e57251e) Importer(815301076,1909f56bfc062723c751e8b465ee728b)
Start importing Assets/3Dfrk/Frames with pictures/Materials/Paint_09.mat using Guid(20f382ca5b67580458b454c14e57251e) Importer(815301076,1909f56bfc062723c751e8b465ee728b) (PreviewImporter) -> (artifact id: 'd85a341b158d3a7bd6b0fa3988eac52a') in 0.0451634 seconds
Number of updated asset objects reloaded before import = 0Number of asset objects unloaded after import = 2

========================================================================
Received Import Request.
  Time since last request: 0.000019 seconds.
  path: Packages/com.unity.render-pipelines.universal/Runtime/Materials/ParticlesUnlit.mat
  artifactKey: Guid(e823cd5b5d27c0f4b8256e7c12ee3e6d) Importer(815301076,1909f56bfc062723c751e8b465ee728b)
Start importing Packages/com.unity.render-pipelines.universal/Runtime/Materials/ParticlesUnlit.mat using Guid(e823cd5b5d27c0f4b8256e7c12ee3e6d) Importer(815301076,1909f56bfc062723c751e8b465ee728b) (PreviewImporter) -> (artifact id: '2ac3c34319b7acacffbb90296127dd02') in 0.0273897 seconds
Number of updated asset objects reloaded before import = 0Number of asset objects unloaded after import = 1

========================================================================
Received Import Request.
  Time since last request: 0.000060 seconds.
  path: Assets/UnityTechnologies/Basic Asset Pack Interior/Materials/PatternSpotGreenBlue.mat
  artifactKey: Guid(c973da09dfcff7f4b9b2ef6c7074636d) Importer(815301076,1909f56bfc062723c751e8b465ee728b)
Start importing Assets/UnityTechnologies/Basic Asset Pack Interior/Materials/PatternSpotGreenBlue.mat using Guid(c973da09dfcff7f4b9b2ef6c7074636d) Importer(815301076,1909f56bfc062723c751e8b465ee728b) (PreviewImporter) -> (artifact id: '457b5d1adb8d7952f66de3616af68eed') in 0.0281049 seconds
Number of updated asset objects reloaded before import = 0Number of asset objects unloaded after import = 2

========================================================================
Received Import Request.
  Time since last request: 0.000020 seconds.
  path: Assets/UnityTechnologies/Basic Asset Pack Interior/Materials/PatternStripeGreenBlue.mat
  artifactKey: Guid(4dbfe01969382b44c98a833441d8d1ab) Importer(815301076,1909f56bfc062723c751e8b465ee728b)
Start importing Assets/UnityTechnologies/Basic Asset Pack Interior/Materials/PatternStripeGreenBlue.mat using Guid(4dbfe01969382b44c98a833441d8d1ab) Importer(815301076,1909f56bfc062723c751e8b465ee728b) (PreviewImporter) -> (artifact id: '67494d1ea072a9dfdfd886fc1cfe872f') in 0.0144876 seconds
Number of updated asset objects reloaded before import = 0Number of asset objects unloaded after import = 2

========================================================================
Received Import Request.
  Time since last request: 0.000015 seconds.
  path: Assets/UnityTechnologies/Basic Asset Pack Interior/Materials/PatternSpotGreenBig.mat
  artifactKey: Guid(11ec10ab08ff11a40a2ed07f256a01a5) Importer(815301076,1909f56bfc062723c751e8b465ee728b)
Start importing Assets/UnityTechnologies/Basic Asset Pack Interior/Materials/PatternSpotGreenBig.mat using Guid(11ec10ab08ff11a40a2ed07f256a01a5) Importer(815301076,1909f56bfc062723c751e8b465ee728b) (PreviewImporter) -> (artifact id: 'e992a57528799a56caec20375f658a2c') in 0.0263474 seconds
Number of updated asset objects reloaded before import = 0Number of asset objects unloaded after import = 2

========================================================================
Received Import Request.
  Time since last request: 29.524837 seconds.
  path: Assets/UnityTechnologies/Basic Asset Pack Interior/Materials/PatternStripePurple.mat
  artifactKey: Guid(7785b59e0c564f34e8f6c6373c14b3c5) Importer(815301076,1909f56bfc062723c751e8b465ee728b)
Start importing Assets/UnityTechnologies/Basic Asset Pack Interior/Materials/PatternStripePurple.mat using Guid(7785b59e0c564f34e8f6c6373c14b3c5) Importer(815301076,1909f56bfc062723c751e8b465ee728b) (PreviewImporter) -> (artifact id: '8fa5e5bed26726ebe5a1b66e40292749') in 0.0254449 seconds
Number of updated asset objects reloaded before import = 0Number of asset objects unloaded after import = 2

========================================================================
Received Import Request.
  Time since last request: 0.000017 seconds.
  path: Assets/Pegasus Studios/Elegant Interior Decor 3D Models Pack/Resources/Materials/Polished Wood.mat
  artifactKey: Guid(1878dda277c71f74f9c87e17bd81cfeb) Importer(815301076,1909f56bfc062723c751e8b465ee728b)
Start importing Assets/Pegasus Studios/Elegant Interior Decor 3D Models Pack/Resources/Materials/Polished Wood.mat using Guid(1878dda277c71f74f9c87e17bd81cfeb) Importer(815301076,1909f56bfc062723c751e8b465ee728b) (PreviewImporter) -> (artifact id: '003c685dc432998f68169e3aad821794') in 0.0060417 seconds
Number of updated asset objects reloaded before import = 0Number of asset objects unloaded after import = 1

========================================================================
Received Import Request.
  Time since last request: 0.299010 seconds.
  path: Assets/Часы/6/Materials/RGB_7849cbd80cc242b49f4a29f629607cfc_lambert3SG_Base_color.mat
  artifactKey: Guid(8292da236d980184597f48ff7440e430) Importer(815301076,1909f56bfc062723c751e8b465ee728b)
Start importing Assets/Часы/6/Materials/RGB_7849cbd80cc242b49f4a29f629607cfc_lambert3SG_Base_color.mat using Guid(8292da236d980184597f48ff7440e430) Importer(815301076,1909f56bfc062723c751e8b465ee728b) (PreviewImporter) -> (artifact id: 'f299ffd2b6c6556a8831a0157512876a') in 0.0104762 seconds
Number of updated asset objects reloaded before import = 0Number of asset objects unloaded after import = 2

========================================================================
Received Import Request.
  Time since last request: 0.000017 seconds.
  path: Packages/com.unity.render-pipelines.universal/Runtime/Materials/SimpleLit.mat
  artifactKey: Guid(6a1143ee683302f4aa628c052723efc1) Importer(815301076,1909f56bfc062723c751e8b465ee728b)
Start importing Packages/com.unity.render-pipelines.universal/Runtime/Materials/SimpleLit.mat using Guid(6a1143ee683302f4aa628c052723efc1) Importer(815301076,1909f56bfc062723c751e8b465ee728b) (PreviewImporter) -> (artifact id: 'd4b5c75ee6fd0ece5b0281e130041bf0') in 0.0060438 seconds
Number of updated asset objects reloaded before import = 0Number of asset objects unloaded after import = 1

========================================================================
Received Import Request.
  Time since last request: 0.000211 seconds.
  path: Assets/Skyboxes/SkySunset.mat
  artifactKey: Guid(d99cafe839075664b961c501e1560b60) Importer(815301076,1909f56bfc062723c751e8b465ee728b)
Start importing Assets/Skyboxes/SkySunset.mat using Guid(d99cafe839075664b961c501e1560b60) Importer(815301076,1909f56bfc062723c751e8b465ee728b) (PreviewImporter) -> (artifact id: '213aa9d820dc7f99b4a0f98cf6c63b41') in 0.0507405 seconds
Number of updated asset objects reloaded before import = 0Number of asset objects unloaded after import = 2

========================================================================
Received Import Request.
  Time since last request: 88.789572 seconds.
  path: Assets/UnityTechnologies/Basic Asset Pack Interior/Materials/SmallProps_Light.mat
  artifactKey: Guid(12416da89ffd6164b8e8c7fa410c8a54) Importer(815301076,1909f56bfc062723c751e8b465ee728b)
Start importing Assets/UnityTechnologies/Basic Asset Pack Interior/Materials/SmallProps_Light.mat using Guid(12416da89ffd6164b8e8c7fa410c8a54) Importer(815301076,1909f56bfc062723c751e8b465ee728b) (PreviewImporter) -> (artifact id: '2ddd7b77f297cf9148beccb2bb5c8e59') in 0.018119 seconds
Number of updated asset objects reloaded before import = 0Number of asset objects unloaded after import = 2

========================================================================
Received Import Request.
  Time since last request: 0.000132 seconds.
  path: Packages/com.unity.render-pipelines.universal/Runtime/Materials/SpatialMappingOcclusion.mat
  artifactKey: Guid(b51db210fe78df745a372851b3db949e) Importer(815301076,1909f56bfc062723c751e8b465ee728b)
Start importing Packages/com.unity.render-pipelines.universal/Runtime/Materials/SpatialMappingOcclusion.mat using Guid(b51db210fe78df745a372851b3db949e) Importer(815301076,1909f56bfc062723c751e8b465ee728b) (PreviewImporter) -> (artifact id: '385440c777ea93bb3a794aaa769cee51') in 0.006222 seconds
Number of updated asset objects reloaded before import = 0Number of asset objects unloaded after import = 1

========================================================================
Received Import Request.
  Time since last request: 0.000223 seconds.
  path: Packages/com.unity.render-pipelines.universal/Runtime/Materials/Sprite-Lit-Default.mat
  artifactKey: Guid(a97c105638bdf8b4a8650670310a4cd3) Importer(815301076,1909f56bfc062723c751e8b465ee728b)
Start importing Packages/com.unity.render-pipelines.universal/Runtime/Materials/Sprite-Lit-Default.mat using Guid(a97c105638bdf8b4a8650670310a4cd3) Importer(815301076,1909f56bfc062723c751e8b465ee728b) (PreviewImporter) -> (artifact id: 'b84bab51700f0bdbb3e4fca0f7f7d9f9') in 0.0062593 seconds
Number of updated asset objects reloaded before import = 0Number of asset objects unloaded after import = 1

========================================================================
Received Import Request.
  Time since last request: 0.000128 seconds.
  path: Packages/com.unity.render-pipelines.universal/Runtime/Materials/SpriteMask-Default.mat
  artifactKey: Guid(15d0c3709176029428a0da2f8cecf0b5) Importer(815301076,1909f56bfc062723c751e8b465ee728b)
Start importing Packages/com.unity.render-pipelines.universal/Runtime/Materials/SpriteMask-Default.mat using Guid(15d0c3709176029428a0da2f8cecf0b5) Importer(815301076,1909f56bfc062723c751e8b465ee728b) (PreviewImporter) -> (artifact id: 'e1af10427be80fd4b24ffb21c78e03c4') in 0.0085441 seconds
Number of updated asset objects reloaded before import = 0Number of asset objects unloaded after import = 1

========================================================================
Received Import Request.
  Time since last request: 0.000036 seconds.
  path: Assets/danthaigames/DS Furniture Pack 01/Assets/FBX/CoffeeTable.fbx
  artifactKey: Guid(25e8746c1fb076b4c8babfd257ba35b8) Importer(815301076,1909f56bfc062723c751e8b465ee728b)
Start importing Assets/danthaigames/DS Furniture Pack 01/Assets/FBX/CoffeeTable.fbx using Guid(25e8746c1fb076b4c8babfd257ba35b8) Importer(815301076,1909f56bfc062723c751e8b465ee728b) (PreviewImporter) -> (artifact id: '7a523feb2aa0df0f18357454b7e0ff44') in 0.0285378 seconds
Number of updated asset objects reloaded before import = 0Number of asset objects unloaded after import = 9

========================================================================
Received Import Request.
  Time since last request: 0.000018 seconds.
  path: Assets/GVOZDY/Cardboard Boxes with Tape/Materials/T_box1_grey_AlbedoTransparency.mat
  artifactKey: Guid(6129179eefda5ad4b9c955552b4939b4) Importer(815301076,1909f56bfc062723c751e8b465ee728b)
Start importing Assets/GVOZDY/Cardboard Boxes with Tape/Materials/T_box1_grey_AlbedoTransparency.mat using Guid(6129179eefda5ad4b9c955552b4939b4) Importer(815301076,1909f56bfc062723c751e8b465ee728b) (PreviewImporter) -> (artifact id: '1ad83adf9f19f865a1b788faedac5c19') in 0.0087124 seconds
Number of updated asset objects reloaded before import = 0Number of asset objects unloaded after import = 2

========================================================================
Received Import Request.
  Time since last request: 54.292875 seconds.
  path: Assets/50 Fabric Materials_VOL01/Materials/T_HS_fabric_50_AlbedoTransparency 11.mat
  artifactKey: Guid(e9f9be8dd914bba4496c61a94cd3d1b2) Importer(815301076,1909f56bfc062723c751e8b465ee728b)
Start importing Assets/50 Fabric Materials_VOL01/Materials/T_HS_fabric_50_AlbedoTransparency 11.mat using Guid(e9f9be8dd914bba4496c61a94cd3d1b2) Importer(815301076,1909f56bfc062723c751e8b465ee728b) (PreviewImporter) -> (artifact id: 'c56b4bd45e59ac66393300211061ed5c') in 0.0175826 seconds
Number of updated asset objects reloaded before import = 0Number of asset objects unloaded after import = 2

========================================================================
Received Import Request.
  Time since last request: 0.000030 seconds.
  path: Assets/50 Fabric Materials_VOL01/Materials/T_HS_fabric_50_AlbedoTransparency 18.mat
  artifactKey: Guid(315e19ec7474e7a4c93f89a48a6f4ddc) Importer(815301076,1909f56bfc062723c751e8b465ee728b)
Start importing Assets/50 Fabric Materials_VOL01/Materials/T_HS_fabric_50_AlbedoTransparency 18.mat using Guid(315e19ec7474e7a4c93f89a48a6f4ddc) Importer(815301076,1909f56bfc062723c751e8b465ee728b) (PreviewImporter) -> (artifact id: '277040253d711e0bb6f8f3b5486f97eb') in 0.011949 seconds
Number of updated asset objects reloaded before import = 0Number of asset objects unloaded after import = 2

========================================================================
Received Import Request.
  Time since last request: 0.000018 seconds.
  path: Assets/50 Fabric Materials_VOL01/Materials/T_HS_fabric_50_AlbedoTransparency 20.mat
  artifactKey: Guid(9ae91c213d10a2740afde484b47e4c4d) Importer(815301076,1909f56bfc062723c751e8b465ee728b)
Start importing Assets/50 Fabric Materials_VOL01/Materials/T_HS_fabric_50_AlbedoTransparency 20.mat using Guid(9ae91c213d10a2740afde484b47e4c4d) Importer(815301076,1909f56bfc062723c751e8b465ee728b) (PreviewImporter) -> (artifact id: '9a82a984fe24eb09bfb29eddb3195be2') in 0.009336 seconds
Number of updated asset objects reloaded before import = 0Number of asset objects unloaded after import = 2

========================================================================
Received Import Request.
  Time since last request: 0.000014 seconds.
  path: Assets/50 Fabric Materials_VOL01/Materials/T_HS_fabric_50_AlbedoTransparency 17.mat
  artifactKey: Guid(a17312945f86662409be4aababf4c028) Importer(815301076,1909f56bfc062723c751e8b465ee728b)
Start importing Assets/50 Fabric Materials_VOL01/Materials/T_HS_fabric_50_AlbedoTransparency 17.mat using Guid(a17312945f86662409be4aababf4c028) Importer(815301076,1909f56bfc062723c751e8b465ee728b) (PreviewImporter) -> (artifact id: 'e78e40724063148a52bc22996ea2f628') in 0.008792 seconds
Number of updated asset objects reloaded before import = 0Number of asset objects unloaded after import = 2

========================================================================
Received Import Request.
  Time since last request: 0.000018 seconds.
  path: Assets/50 Fabric Materials_VOL01/Materials/T_HS_fabric_50_AlbedoTransparency 19.mat
  artifactKey: Guid(486d084d783eaf94784d850e20f6af68) Importer(815301076,1909f56bfc062723c751e8b465ee728b)
Start importing Assets/50 Fabric Materials_VOL01/Materials/T_HS_fabric_50_AlbedoTransparency 19.mat using Guid(486d084d783eaf94784d850e20f6af68) Importer(815301076,1909f56bfc062723c751e8b465ee728b) (PreviewImporter) -> (artifact id: 'e52e9a10d9bb275db86d883bef8ad030') in 0.0087888 seconds
Number of updated asset objects reloaded before import = 0Number of asset objects unloaded after import = 2

========================================================================
Received Import Request.
  Time since last request: 0.000017 seconds.
  path: Assets/50 Fabric Materials_VOL01/Materials/T_HS_fabric_50_AlbedoTransparency 15.mat
  artifactKey: Guid(7174f32a02a90434b9f9728ec5418b88) Importer(815301076,1909f56bfc062723c751e8b465ee728b)
Start importing Assets/50 Fabric Materials_VOL01/Materials/T_HS_fabric_50_AlbedoTransparency 15.mat using Guid(7174f32a02a90434b9f9728ec5418b88) Importer(815301076,1909f56bfc062723c751e8b465ee728b) (PreviewImporter) -> (artifact id: '75a6568c5dff049d2afa7a5084220b3d') in 0.0091274 seconds
Number of updated asset objects reloaded before import = 0Number of asset objects unloaded after import = 2

========================================================================
Received Import Request.
  Time since last request: 0.000109 seconds.
  path: Assets/JJ_InteriorDoorPack_V1/Materials/T_mat_intDoor3_white_AT.mat
  artifactKey: Guid(4574c82cfe9d18f488b3650b621a1390) Importer(815301076,1909f56bfc062723c751e8b465ee728b)
Start importing Assets/JJ_InteriorDoorPack_V1/Materials/T_mat_intDoor3_white_AT.mat using Guid(4574c82cfe9d18f488b3650b621a1390) Importer(815301076,1909f56bfc062723c751e8b465ee728b) (PreviewImporter) -> (artifact id: 'c12c62a49604053961cfd7da89a27e65') in 0.0075673 seconds
Number of updated asset objects reloaded before import = 0Number of asset objects unloaded after import = 2

========================================================================
Received Import Request.
  Time since last request: 23.150366 seconds.
  path: Assets/UnityTechnologies/Basic Asset Pack Interior/Materials/TrimSheetBlues.mat
  artifactKey: Guid(e4fdbc2bd3766404e99488c6115482f3) Importer(815301076,1909f56bfc062723c751e8b465ee728b)
Start importing Assets/UnityTechnologies/Basic Asset Pack Interior/Materials/TrimSheetBlues.mat using Guid(e4fdbc2bd3766404e99488c6115482f3) Importer(815301076,1909f56bfc062723c751e8b465ee728b) (PreviewImporter) -> (artifact id: 'e400b57b4a9d7e4ac82c9a16b6010c35') in 0.0264548 seconds
Number of updated asset objects reloaded before import = 0Number of asset objects unloaded after import = 2

========================================================================
Received Import Request.
  Time since last request: 0.000019 seconds.
  path: Assets/UnityTechnologies/Basic Asset Pack Interior/Materials/TrimSheetPurple.mat
  artifactKey: Guid(1129d8d1a7b3fa340bd265a35536bafe) Importer(815301076,1909f56bfc062723c751e8b465ee728b)
Start importing Assets/UnityTechnologies/Basic Asset Pack Interior/Materials/TrimSheetPurple.mat using Guid(1129d8d1a7b3fa340bd265a35536bafe) Importer(815301076,1909f56bfc062723c751e8b465ee728b) (PreviewImporter) -> (artifact id: '5bc603c233d5efeff1750c313e79b693') in 0.0238369 seconds
Number of updated asset objects reloaded before import = 0Number of asset objects unloaded after import = 2

========================================================================
Received Import Request.
  Time since last request: 52.377280 seconds.
  path: Assets/UnityTechnologies/Basic Asset Pack Interior/Materials/WallGreenDarker.mat
  artifactKey: Guid(fda5f98a2190baf4eba512ae9655e2ff) Importer(815301076,1909f56bfc062723c751e8b465ee728b)
Start importing Assets/UnityTechnologies/Basic Asset Pack Interior/Materials/WallGreenDarker.mat using Guid(fda5f98a2190baf4eba512ae9655e2ff) Importer(815301076,1909f56bfc062723c751e8b465ee728b) (PreviewImporter) -> (artifact id: 'dc0374a2e312869e17db8886b835f497') in 0.0291894 seconds
Number of updated asset objects reloaded before import = 0Number of asset objects unloaded after import = 2

========================================================================
Received Import Request.
  Time since last request: 0.000016 seconds.
  path: Assets/UnityTechnologies/Basic Asset Pack Interior/Materials/WallPurple.mat
  artifactKey: Guid(991a2f3f1e99b1649b5c043cf6efe0d0) Importer(815301076,1909f56bfc062723c751e8b465ee728b)
Start importing Assets/UnityTechnologies/Basic Asset Pack Interior/Materials/WallPurple.mat using Guid(991a2f3f1e99b1649b5c043cf6efe0d0) Importer(815301076,1909f56bfc062723c751e8b465ee728b) (PreviewImporter) -> (artifact id: '1ec092aefb36b520ff459185aea68b1a') in 0.0296632 seconds
Number of updated asset objects reloaded before import = 0Number of asset objects unloaded after import = 2

========================================================================
Received Import Request.
  Time since last request: 0.000018 seconds.
  path: Assets/MC old wood free sample/texture/Materials/wood 0911-01A_DIFFUSE.mat
  artifactKey: Guid(c61501f05ea43e240abe41c9dea0182d) Importer(815301076,1909f56bfc062723c751e8b465ee728b)
Start importing Assets/MC old wood free sample/texture/Materials/wood 0911-01A_DIFFUSE.mat using Guid(c61501f05ea43e240abe41c9dea0182d) Importer(815301076,1909f56bfc062723c751e8b465ee728b) (PreviewImporter) -> (artifact id: 'aa05a2c30be1c39320a55d088fd5a414') in 0.0080139 seconds
Number of updated asset objects reloaded before import = 0Number of asset objects unloaded after import = 2

========================================================================
Received Import Request.
  Time since last request: 0.000027 seconds.
  path: Assets/MC old wood free sample/material/wood 0911-01A.mat
  artifactKey: Guid(82e5bc0145c52f64a814cf00291a7b12) Importer(815301076,1909f56bfc062723c751e8b465ee728b)
Start importing Assets/MC old wood free sample/material/wood 0911-01A.mat using Guid(82e5bc0145c52f64a814cf00291a7b12) Importer(815301076,1909f56bfc062723c751e8b465ee728b) (PreviewImporter) -> (artifact id: '1af6c5722d589a46260b5b28a065c870') in 0.2811395 seconds
Number of updated asset objects reloaded before import = 0Number of asset objects unloaded after import = 5

========================================================================
Received Import Request.
  Time since last request: 22.623888 seconds.
  path: Assets/MC old wood free sample/texture/Materials/wood 0911-01A_SPEC.mat
  artifactKey: Guid(bd10a31101398af42afc87d13381ce4f) Importer(815301076,1909f56bfc062723c751e8b465ee728b)
Start importing Assets/MC old wood free sample/texture/Materials/wood 0911-01A_SPEC.mat using Guid(bd10a31101398af42afc87d13381ce4f) Importer(815301076,1909f56bfc062723c751e8b465ee728b) (PreviewImporter) -> (artifact id: '1679cf0cea73ed7370fb4f66593ad593') in 0.0108908 seconds
Number of updated asset objects reloaded before import = 0Number of asset objects unloaded after import = 2

Editor requested this worker to shutdown with reason: Scaling down because of idle timeout
AssetImportWorker is now disconnected from the server
Process exiting
Exiting without the bug reporter. Application will terminate with return code 0